[+    0.56] ==== host: device up
[+    4.03] ==== host: login
[+    4.15] ==== host: system
[+    4.64] [8D[J[00:07:59.995,000] [1;31m<err> eth_w5500: W5500 receive state inconsistent (header 65535, 65535 buffered): socket reopened[0m
[+    4.64] [1;32muart:~$ [m[8D[J[1;32muart:~$ [m[8D[J[00:08:02.454,000] [1;31m<err> eth_w5500: W5500 receive state inconsistent (header 65535, 65535 buffered): socket reopened[0m
[+    4.69] ==== host: J-Link reset
[+    4.84] [1;32muart:~$ [m[8D[J[1;32muart:~$ [mI: Detected ESP-PSRAM64H (ID D 5D 46 A1 21)
[+    4.84] I: PSRAM initialised in QPI mode, 8192 KB
[+    4.95] *** Using Zephyr OS build v4.4.0-12983-gb6a5e6e8aa90 ***
[+    4.95] I: Starting bootloader
[+    4.95] [m
[+    4.95] [1;32muart:~$ [mI: ICACHE alias: 0x02000000 -> 0x90000000 (4MB)
[+    4.95] I: 0x90000000..0x9000001F:
[+    4.95] I: 3d b8 f3 96 0 0 0 0 0 4 0 0 54 ad 14 0
[+    4.95] I: 0 0 0 0 0 0 0 0 0 0 0 0 0 0 0 0
[+    4.95] I: Alias[0x02000000..0x0200001F]:
[+    4.95] I: 3d b8 f3 96 0 0 0 0 0 4 0 0 54 ad 14 0
[+    4.95] I: 0 0 0 0 0 0 0 0 0 0 0 0 0 0 0 0
[+    4.95] I: PSRAM 0x70000000..0x7000001F:
[+    4.95] I: 5c ab 11 2 78 c9 1 70 bc 93 11 2 ec e 0 70
[+    4.95] I: 20 93 11 2 a4 93 11 2 0 0 0 0 e4 c4 13 2
[+    4.95] I: PSRAM write/read: PASS
[+    4.95] I: Primary image: magic=unset, swap_type=0x1, copy_done=0x3, image_ok=0x3
[+    4.95] I: Scratch: magic=unset, swap_type=0x1, copy_done=0x3, image_ok=0x3
[+    4.95] I: Boot source: primary slot
[+    4.95] I: Image index: 0, Swap type: none
[+   13.45] I: Bootloader chainload address offset: 0x0
[+   13.45] I: Image version: v0.0.0
[+   13.45] I: Jumping to the first image slot
[+   15.27] [m
[+   15.27] [1;32muart:~$ [m[8D[J[00:00:01.671,000] [1;33m<wrn> esp_hosted_mcu_core: coprocessor firmware version unknown, expected v3.0.0[0m
[+   15.27] [1;32muart:~$ [m[8D[J[1;32muart:~$ [m[8D[J[00:00:01.671,000] [1;31m<err> mb85rsxx: invalid device ID: 00 00 00 00[0m
[+   15.37] [1;32muart:~$ [m[8D[J[1;32muart:~$ [m[8D[J[00:00:01.671,000] [1;31m<err> mb85rsxx: Failed to initialize device, RDID check failed (err -5)[0m
[+   15.37] [1;32muart:~$ [m[8D[J[00:00:01.671,000] [0m<inf> eth_w5500: ETH_W5500: interrupt mode[0m
[+   15.37] [1;32muart:~$ [m[8D[J[00:00:01.680,000] [0m<inf> eth_w5500: W5500 Initialized[0m
[+   15.37] [1;32muart:~$ [m[8D[J[1;32muart:~$ [m[8D[J[1;32muart:~$ [m[8D[J[00:00:01.681,000] [0m<inf> spi_nor: SPI_FLASH: SFDP v 1.5 AP ff with 1 PH[0m
[+   15.37] [1;32muart:~$ [m[8D[J[1;32muart:~$ [m[8D[J[00:00:01.681,000] [0m<inf> spi_nor: PH0: ff00 rev 1.5: 16 DW @ 80[0m
[+   15.37] [1;32muart:~$ [m[8D[J[1;32muart:~$ [m[8D[J[00:00:01.681,000] [0m<inf> spi_nor: SPI_FLASH: 16 MiBy flash[0m
[+   15.37] [1;32muart:~$ [m[8D[J[1;32muart:~$ [m[8D[J[00:00:01.788,000] [1;31m<err> esp_hosted_mcu: coprocessor WifiInit failed[0m
[+   15.48] [1;32muart:~$ [m[8D[J[1;32muart:~$ [m[8D[J[00:00:01.791,000] [1;31m<err> net_if: Iface 0x20002fe0 device not ready[0m
[+   15.48] [1;32muart:~$ [m[8D[J[1;32muart:~$ [m[8D[J[00:00:01.792,000] [1;31m<err> net_ethernet: Invalid MAC address for iface 1 (0x20002ea8)[0m
[+   15.48] [1;32muart:~$ [m[8D[J[1;32muart:~$ [m[8D[J[00:00:01.793,000] [0m<inf> littlefs: LittleFS version 2.11, disk version 2.1[0m
[+   15.48] [1;32muart:~$ [m[8D[J[1;32muart:~$ [m[8D[J[00:00:01.794,000] [0m<inf> littlefs: FS at SPI_FLASH:0xa00000 is 1280 0x1000-byte blocks with 1024 cycle[0m
[+   15.48] [1;32muart:~$ [m[8D[J[1;32muart:~$ [m[8D[J[00:00:01.794,000] [0m<inf> littlefs: partition sizes: rd 256 ; pr 256 ; ca 2048 ; la 256[0m
[+   16.44] [1;32muart:~$ [m[8D[J[1;32muart:~$ [m[8D[J*** Booting Zephyr OS build v4.4.0-12983-gb6a5e6e8aa90 ***
[+   24.68] [1;32muart:~$ [m[8D[J[1;32muart:~$ [m[8D[J[00:00:02.035,000] [0m<inf> shell_telnet: Telnet shell backend initialized[0m
[+   24.78] [1;32muart:~$ [m[8D[J[1;32muart:~$ [m[8D[J[00:00:02.036,000] [0m<inf> main_app: Start main app (build: Sep 14 2026 02:01:36) version 8[0m
[+   24.78] [1;32muart:~$ [m[8D[J[1;32muart:~$ [m[8D[J[00:00:02.037,000] [0m<inf> main_app: PSRAM @0x7025d690: write/read 1024 words OK[0m
[+   24.78] [1;32muart:~$ [m[8D[J[1;32muart:~$ [m[8D[J[00:00:02.942,000] [0m<inf> settings_registry: 10 keys registered, 0 rejected[0m
[+   24.78] [1;32muart:~$ [m[8D[J[1;32muart:~$ [m[8D[J[00:00:02.942,000] [0m<inf> io: Start io init[0m
[+   24.78] [1;32muart:~$ [m[8D[J[1;32muart:~$ [m[8D[J[00:00:02.949,000] [0m<inf> net_init: EEPROM MAC: 80:34:28:10:6a:1d[0m
[+   24.78] [1;32muart:~$ [m[8D[J[1;32muart:~$ [m[8D[J[00:00:02.950,000] [0m<inf> eth_w5500: ETH_W5500 MAC set to 80:34:28:10:6a:1d[0m
[+   24.88] [1;32muart:~$ [m[8D[J[1;32muart:~$ [m[8D[J[00:00:02.950,000] [0m<inf> net_init: Network interface up with MAC 80:34:28:10:6a:1d[0m
[+   24.88] [1;32muart:~$ [m[8D[J[1;32muart:~$ [m[8D[J[00:00:02.958,000] [0m<inf> io: Start io outputs task[0m
[+   24.88] [1;32muart:~$ [m[8D[J[1;32muart:~$ [m[8D[J[00:00:03.292,000] [0m<inf> eth_w5500: ETH_W5500: Link speed 100 Mb, full duplex[0m
[+   24.88] [1;32muart:~$ [m[8D[J[1;32muart:~$ [m[8D[J[00:00:03.511,000] [0m<inf> matter: IPv6 address added, starting Matter[0m
[+   24.88] [1;32muart:~$ [m[8D[J[1;32muart:~$ [m[8D[J[00:00:04.738,000] [0m<inf> matter: IPv6 address added, starting Matter[0m
[+   24.98] [1;32muart:~$ [m[8D[J[1;32muart:~$ [m[8D[J[00:00:04.738,000] [0m<inf> matter: Matter start work already submitted[0m
[+   24.98] [1;32muart:~$ [m[8D[J[1;32muart:~$ [m[8D[J[00:00:06.302,000] [1;31m<err> eth_w5500: W5500 receive state inconsistent (header 65535, 65535 buffered): socket reopened[0m
[+   24.98] [1;32muart:~$ [m[8D[J[1;32muart:~$ [m[8D[J[00:00:06.503,000] [1;31m<err> eth_w5500: W5500 receive state inconsistent (header 65535, 65535 buffered): socket reopened[0m
[+   24.98] [1;32muart:~$ [m[8D[J[1;32muart:~$ [m[8D[J[00:00:08.728,000] [0m<inf> device_config_store: configuration loaded, revision 8[0m
[+   24.98] [1;32muart:~$ [m[8D[J[1;32muart:~$ [m[8D[J[00:00:08.728,000] [0m<inf> network_service: network configuration revision 8: clean (5769 ms)[0m
[+   25.08] [1;32muart:~$ [m[8D[J[1;32muart:~$ [m[8D[J[00:00:08.729,000] [0m<inf> net_adapter: Ethernet found, Wi-Fi coprocessor missing[0m
[+   25.08] [1;32muart:~$ [m[8D[J[1;32muart:~$ [m[8D[J[00:00:09.156,000] [1;31m<err> eth_w5500: W5500 receive state inconsistent (header 65535, 65535 buffered): socket reopened[0m
[+   25.08] [1;32muart:~$ [m[8D[J[1;32muart:~$ [m[8D[J[00:00:09.357,000] [1;31m<err> eth_w5500: W5500 receive state inconsistent (header 65535, 65535 buffered): socket reopened[0m
[+   25.08] [1;32muart:~$ [m[8D[J[1;32muart:~$ [m[8D[J[00:00:09.458,000] [0m<inf> network_service: boot 1 of 5 in a row shorter than 30 s[0m
[+   25.19] [1;32muart:~$ [m[8D[J[1;32muart:~$ [m[8D[J[00:00:09.459,000] [0m<inf> network_service: worker stack: 4872 of 8192 bytes never used[0m
[+   25.19] [1;32muart:~$ [m[8D[J[1;32muart:~$ [m[8D[J[00:00:11.169,000] [0m<inf> web_server: web interface cedar-2037394c3543501200210047, firmware 4582fe45da06-dirty, frontend 0.1.0+4582fe45da06-dirty, boot_ff283222cb7c585e[0m
[+   25.19] [1;32muart:~$ [m[8D[J[1;32muart:~$ [m[8D[J[00:00:11.178,000] [0m<inf> net_adapter: ethernet: DHCP[0m
[+   26.25] [1;32muart:~$ [m[8D[J[1;32muart:~$ [m[8D[J[00:00:11.754,000] [0m<inf> matter: Init CHIP stack[0m
[+   27.83] ==== host: up again
[+   30.72] ==== host: login
[+   30.88] ==== host: cursor of the previous boot
[+   31.79] ==== host: earliest records of this boot
[+   31.85] [1;32muart:~$ [m[8D[J[1;32muart:~$ [mcoproc logs
[+   31.85] stm32: records 40, used 3440 of 262144 B, appended 40, overwritten 0, lost backend 0, lost uart 0
[+   31.85] esp32: records 3093, used 184552 of 262144 B, appended 3093, overwritten 0, lost backend 0, lost uart 2
[+   31.85] lock: append hold max 1730902 us, append wait max 1085 us, read hold max 197 us
[+   31.85] next seq 3134
[+   31.95] [1;32muart:~$ [m[8D[J[00:00:14.222,000] [0m<inf> net_dhcpv4: Received: 192.168.88.13[0m
[+   31.95] [1;32muart:~$ [m[8D[J[1;32muart:~$ [m[8D[J[00:00:14.228,000] [0m<inf> network_manager: default route via ethernet[0m
