[+    0.44] ==== host: device up
[+    3.21] ==== host: login
[+    3.33] ==== host: system
[+    3.74] kernel uptime
[+    3.74] Uptime: 22898 ms
[+    8.61] [1;32muart:~$ [mkernel uptime
[+    8.61] Uptime: 27860 ms
[+   14.56] [1;32muart:~$ [m[8D[J[00:00:32.734,000] [1;31m<err> eth_w5500: W5500 receive state inconsistent (header 65535, 65535 buffered): socket reopened[0m
[+   17.20] [1;32muart:~$ [m[8D[J[1;32muart:~$ [mkernel uptime
[+   17.20] Uptime: 36363 ms
[+   17.20] [1;32muart:~$ [m[8D[J[00:00:35.241,000] [1;31m<err> eth_w5500: W5500 receive state inconsistent (header 65535, 65535 buffered): socket reopened[0m
[+   17.20] [1;32muart:~$ [m[8D[J[1;32muart:~$ [m[8D[J[00:00:35.443,000] [1;31m<err> eth_w5500: W5500 receive state inconsistent (header 65535, 65535 buffered): socket reopened[0m
[+   17.20] [1;32muart:~$ [m[8D[J[1;32muart:~$ [m[8D[J[00:00:35.644,000] [1;31m<err> eth_w5500: W5500 receive state inconsistent (header 65535, 65535 buffered): socket reopened[0m
[+   18.69] [1;32muart:~$ [m[8D[J[1;32muart:~$ [mkernel uptime
[+   18.69] Uptime: 37869 ms
[+   19.95] [1;32muart:~$ [m[8D[J[00:00:38.164,000] [0m<inf> chip: [SVR]Initializing session resumption storage...[0m
[+   19.95] [1;32muart:~$ [m[8D[J[1;32muart:~$ [m[8D[J[00:00:38.166,000] [0m<inf> chip: [SVR]Server initializing...[0m
[+   20.05] [1;32muart:~$ [m[8D[J[1;32muart:~$ [m[8D[J[00:00:38.167,000] [0m<dbg> chip.LogV: [FP]Initializing FabricTable from persistent storage[0m
[+   23.67] [1;32muart:~$ [m[8D[J[1;32muart:~$ [mkernl uptime
[+   23.67] [1;31mkernl: command not found
[+   27.74] [m[1;32muart:~$ [m[8D[J[00:00:41.156,000] [1;31m<err> eth_w5500: W5500 receive state inconsistent (header 65535, 65535 buffered): socket reopened[0m
[+   27.74] [1;32muart:~$ [m[8D[J[1;32muart:~$ [m[8D[J[00:00:41.357,000] [1;31m<err> eth_w5500: W5500 receive state inconsistent (header 65535, 65535 buffered): socket reopened[0m
[+   28.38] [1;32muart:~$ [m[8D[J[1;32muart:~$ [m[8D[J[00:00:46.955,000] [0m<inf> chip: [TS]Last Known Good Time: 2023-10-14T01:16:48[0m
[+   28.38] [1;32muart:~$ [m[8D[J[1;32muart:~$ [m[8D[J[00:00:47.032,000] [1;31m<err> eth_w5500: W5500 receive state inconsistent (header 65535, 65535 buffered): socket reopened[0m
[+   28.38] [1;32muart:~$ [m[8D[J[1;32muart:~$ [m[8D[J[00:00:47.234,000] [1;31m<err> eth_w5500: W5500 receive state inconsistent (header 65535, 65535 buffered): socket reopened[0m
[+   28.48] [1;32muart:~$ [m[8D[J[1;32muart:~$ [m[8D[J[00:00:47.557,000] [0m<inf> chip: [DMG]AccessControl: initializing[0m
[+   28.48] [1;32muart:~$ [m[8D[J[1;32muart:~$ [m[8D[J[00:00:47.558,000] [0m<inf> chip: [DMG]Examples::AccessControlDelegate::Init[0m
[+   28.48] [1;32muart:~$ [m[8D[J[1;32muart:~$ [m[8D[J[00:00:47.559,000] [0m<inf> chip: [DMG]AccessControl: setting[0m
[+   28.48] [1;32muart:~$ [m[8D[J[1;32muart:~$ [m[8D[J[00:00:47.560,000] [0m<inf> chip: [DMG]DefaultAclStorage: initializing[0m
[+   28.48] [1;32muart:~$ [m[8D[J[1;32muart:~$ [m[8D[J[00:00:47.561,000] [0m<inf> chip: [DMG]DefaultAclStorage: 0 entries loaded[0m
[+   28.59] [1;32muart:~$ [m[8D[J[1;32muart:~$ [m[8D[J[00:00:47.562,000] [0m<inf> chip: [SVR]WARNING: mTestEventTriggerDelegate is null[0m
[+   28.70] [1;32muart:~$ [m[8D[J[1;32muart:~$ [mkernel uptime
[+   28.70] Uptime: 47879 ms
[+   28.70] [1;32muart:~$ [m[8D[J[00:00:47.563,000] [0m<dbg> chip.LogV: [IN]UDP::Init bind&listen port=5540[0m
[+   29.77] [1;32muart:~$ [m[8D[J[1;32muart:~$ [m[8D[J[00:00:47.921,000] [0m<dbg> chip.LogV: [IN]UDP::Init bound to port=5540[0m
[+   29.77] [1;32muart:~$ [m[8D[J[1;32muart:~$ [m[8D[J[00:00:47.921,000] [0m<dbg> chip.LogV: [IN]TransportMgr initialized[0m
[+   31.55] [1;32muart:~$ [m[8D[J[1;32muart:~$ [m[8D[J[00:00:49.769,000] [0m<inf> chip: [ZCL]Using ZAP configuration...[0m
[+   31.55] [1;32muart:~$ [m[8D[J[1;32muart:~$ [m[8D[J[00:00:49.952,000] [0m<dbg> chip.LogV: [DMG]Failed to read stored attribute (1, 0x0000_0006, 0x0000_0000: a0[0m
[+   31.66] [1;32muart:~$ [m[8D[J[1;32muart:~$ [m[8D[J[00:00:50.066,000] [1;31m<err> eth_w5500: W5500 receive state inconsistent (header 65535, 65535 buffered): socket reopened[0m
[+   31.66] [1;32muart:~$ [m[8D[J[1;32muart:~$ [m[8D[J[00:00:50.326,000] [0m<dbg> chip.LogV: [DMG]Failed to read stored attribute (1, 0x0000_0006, 0x0000_4003: a0[0m
[+   31.66] [1;32muart:~$ [m[8D[J[1;32muart:~$ [m[8D[J[00:00:50.506,000] [0m<dbg> chip.LogV: [DMG]Failed to read stored attribute (2, 0x0000_0006, 0x0000_0000: a0[0m
[+   31.66] [1;32muart:~$ [m[8D[J[1;32muart:~$ [m[8D[J[00:00:50.685,000] [0m<dbg> chip.LogV: [DMG]Failed to read stored attribute (2, 0x0000_0006, 0x0000_4003: a0[0m
[+   32.39] [1;32muart:~$ [m[8D[J[1;32muart:~$ [m[8D[J[00:00:51.004,000] [0m<dbg> chip.LogV: [DMG]Failed to read stored attribute (3, 0x0000_0006, 0x0000_0000: a0[0m
[+   32.39] [1;32muart:~$ [m[8D[J[1;32muart:~$ [m[8D[J[00:00:51.183,000] [0m<dbg> chip.LogV: [DMG]Failed to read stored attribute (3, 0x0000_0006, 0x0000_4003: a0[0m
[+   32.39] [1;32muart:~$ [m[8D[J[1;32muart:~$ [m[8D[J[00:00:51.365,000] [0m<dbg> chip.LogV: [DMG]Failed to read stored attribute (4, 0x0000_0006, 0x0000_0000: a0[0m
[+   32.49] [1;32muart:~$ [m[8D[J[1;32muart:~$ [m[8D[J[00:00:51.545,000] [0m<dbg> chip.LogV: [DMG]Failed to read stored attribute (4, 0x0000_0006, 0x0000_4003: a0[0m
[+   32.49] [1;32muart:~$ [m[8D[J[1;32muart:~$ [m[8D[J[00:00:51.551,000] [0m<dbg> chip.LogV: [DL]Boot reason: 1[0m
[+   32.49] [1;32muart:~$ [m[8D[J[1;32muart:~$ [m[8D[J[00:00:51.556,000] [0m<inf> chip: [ZCL]Boot reason: 1[0m
[+   32.49] [1;32muart:~$ [m[8D[J[1;32muart:~$ [m[8D[J[00:00:51.558,000] [0m<inf> chip: [ZCL]Endpoint 1 On/off already set to new value[0m
[+   32.49] [1;32muart:~$ [m[8D[J[1;32muart:~$ [m[8D[J[00:00:51.562,000] [0m<inf> chip: [ZCL]Boot reason: 1[0m
[+   32.59] [1;32muart:~$ [m[8D[J[1;32muart:~$ [m[8D[J[00:00:51.564,000] [0m<inf> chip: [ZCL]Endpoint 2 On/off already set to new value[0m
[+   32.59] [1;32muart:~$ [m[8D[J[1;32muart:~$ [m[8D[J[00:00:51.567,000] [0m<inf> chip: [ZCL]Boot reason: 1[0m
[+   33.01] [1;32muart:~$ [m[8D[J[1;32muart:~$ [m[8D[J[00:00:51.774,000] [0m<inf> chip: [ZCL]Endpoint 3 On/off already set to new value[0m
[+   33.01] [1;32muart:~$ [m[8D[J[1;32muart:~$ [m[8D[J[00:00:51.780,000] [0m<inf> chip: [ZCL]Boot reason: 1[0m
[+   33.01] [1;32muart:~$ [m[8D[J[1;32muart:~$ [m[8D[J[00:00:51.781,000] [0m<inf> chip: [ZCL]Endpoint 4 On/off already set to new value[0m
[+   33.11] [1;32muart:~$ [m[8D[J[1;32muart:~$ [m[8D[J[00:00:51.799,000] [0m<dbg> chip.LogV: [EVL]LogEvent event number: 0x00000000000E0000 priority: 2, endpoint id:  0x0 cluster id: 0x0000_0033 event id: 0x3 Sys timestamp: 0x000000000000353C[0m
[+   33.11] [1;32muart:~$ [m[8D[J[1;32muart:~$ [m[8D[J[00:00:52.162,000] [0m<inf> chip: [DMG]AccessControlCluster: initializing[0m
[+   33.11] [1;32muart:~$ [m[8D[J[1;32muart:~$ [m[8D[J[00:00:52.164,000] [0m<inf> chip: [DIS]Updating services using commissioning mode 0[0m
[+   33.11] [1;32muart:~$ [m[8D[J[1;32muart:~$ [m[8D[J[00:00:52.175,000] [0m<inf> chip: [DIS]CHIP minimal mDNS started advertising.[0m
[+   33.11] [1;32muart:~$ [m[8D[J[1;32muart:~$ [m[8D[J[00:00:52.181,000] [0m<inf> chip: [IN]CASE Server enabling CASE session setups[0m
[+   33.21] [1;32muart:~$ [m[8D[J[1;32muart:~$ [m[8D[J[00:00:52.183,000] [0m<dbg> chip.LogV: [IN]SecureSession[0x70001730]: Allocated Type:2 LSID:43687[0m
[+   33.21] [1;32muart:~$ [m[8D[J[1;32muart:~$ [m[8D[J[00:00:52.185,000] [0m<dbg> chip.LogV: [SC]Allocated SecureSession (0x70001730) - waiting for Sigma1 msg[0m
[+   33.21] [1;32muart:~$ [m[8D[J[1;32muart:~$ [m[8D[J[00:00:52.403,000] [0m<inf> chip: [SVR]Joining Multicast groups[0m
[+   33.21] [1;32muart:~$ [m[8D[J[1;32muart:~$ [m[8D[J[00:00:52.404,000] [0m<dbg> chip.LogV: [ZCL]Emitting StartUp event[0m
[+   33.31] [1;32muart:~$ [m[8D[J[1;32muart:~$ [m[8D[J[00:00:52.408,000] [0m<dbg> chip.LogV: [EVL]LogEvent event number: 0x00000000000E0001 priority: 2, endpoint id:  0x0 cluster id: 0x0000_0028 event id: 0x0 Sys timestamp: 0x000000000000379E[0m
[+   33.31] [1;32muart:~$ [m[8D[J[1;32muart:~$ [m[8D[J[00:00:52.409,000] [0m<inf> chip: [SVR]Server initialization complete[0m
[+   33.31] [1;32muart:~$ [m[8D[J[1;32muart:~$ [m[8D[J[00:00:52.411,000] [0m<inf> chip: [SVR]Server Listening...[0m
[+   33.31] [1;32muart:~$ [m[8D[J[1;32muart:~$ [m[8D[J[00:00:52.411,000] [0m<inf> matter: Matter stack initialized[0m
[+   33.41] [1;32muart:~$ [m[8D[J[1;32muart:~$ [m[8D[J[00:00:52.412,000] [0m<inf> matter: Matter event loop started[0m
[+   33.41] [1;32muart:~$ [m[8D[J[1;32muart:~$ [m[8D[J[00:00:52.413,000] [0m<inf> matter_event_loop: Init io_to_matter_stream[0m
[+   33.41] [1;32muart:~$ [m[8D[J[1;32muart:~$ [m[8D[J[00:00:52.414,000] [0m<inf> matter_event_loop: Start io_to_matter_stream[0m
[+   33.41] [1;32muart:~$ [m[8D[J[1;32muart:~$ [m[8D[J[00:00:52.415,000] [0m<inf> chip: [DL]CHIP task running[0m
[+   34.48] [1;32muart:~$ [m[8D[J[1;32muart:~$ [m[8D[J[00:00:52.631,000] [0m<inf> chip: [DIS]Updating services using commissioning mode 0[0m
[+   34.48] [1;32muart:~$ [m[8D[J[1;32muart:~$ [m[8D[J[00:00:52.641,000] [0m<inf> chip: [DIS]CHIP minimal mDNS started advertising.[0m
[+   34.48] [1;32muart:~$ [m[8D[J[1;32muart:~$ [m[8D[J[00:00:52.724,000] [1;31m<err> eth_w5500: W5500 receive state inconsistent (header 65535, 65535 buffered): socket reopened[0m
[+   34.48] [1;32muart:~$ [m[8D[J[1;32muart:~$ [m[8D[J[00:00:52.926,000] [1;31m<err> eth_w5500: W5500 receive state inconsistent (header 65535, 65535 buffered): socket reopened[0m
[+   34.58] [1;32muart:~$ [m[8D[J[1;32muart:~$ [m[8D[J[00:00:53.127,000] [1;31m<err> eth_w5500: W5500 receive state inconsistent (header 65535, 65535 buffered): socket reopened[0m
[+   34.58] [1;32muart:~$ [m[8D[J[1;32muart:~$ [m[8D[J[00:00:53.465,000] [1;33m<wrn> matter_service_chip: generating the onboarding codes took 817 ms on the Matter thread[0m
[+   34.58] [1;32muart:~$ [m[8D[J[1;32muart:~$ [m[8D[J[00:00:53.469,000] [1;31m<err> chip: [DL]Long dispatch time: 821 ms, for event type 2[0m
[+   36.19] [1;32muart:~$ [m[8D[J[1;32muart:~$ [mkernel uptime
[+   36.19] Uptime: 55396 ms
[+   37.46] [1;32muart:~$ [m[8D[J[00:00:55.597,000] [1;31m<err> eth_w5500: W5500 receive state inconsistent (header 65535, 65535 buffered): socket reopened[0m
[+   38.64] [1;32muart:~$ [m[8D[J[1;32muart:~$ [mkernel uptime
[+   38.75] Uptime: 57903 ms
[+   43.76] [1;32muart:~$ [mkernel uptime
[+   43.76] Uptime: 62911 ms
[+   48.73] [1;32muart:~$ [mkernel uptime
[+   48.73] Uptime: 67915 ms
[+   53.76] [1;32muart:~$ [mkernel uptime
[+   53.76] Uptime: 72922 ms
[+   58.25] [1;32muart:~$ [m[8D[J[00:01:16.397,000] [1;31m<err> eth_w5500: W5500 receive state inconsistent (header 65535, 65535 buffered): socket reopened[0m
[+   58.79] [1;32muart:~$ [m[8D[J[1;32muart:~$ [mkernel uptime
[+   58.79] Uptime: 77951 ms
[+   60.81] [1;32muart:~$ [m[8D[J[00:01:19.027,000] [1;31m<err> eth_w5500: W5500 receive state inconsistent (header 65535, 65535 buffered): socket reopened[0m
[+   60.91] [1;32muart:~$ [m[8D[J[1;32muart:~$ [m[8D[J[00:01:19.229,000] [1;31m<err> eth_w5500: W5500 receive state inconsistent (header 65535, 65535 buffered): socket reopened[0m
[+   64.37] ==== host: a page a minute
[+   64.54] [1;32muart:~$ [m[8D[J[1;32muart:~$ [mkernel uptime
[+   64.54] Uptime: 83710 ms
[+   66.79] [1;32muart:~$ [m[8D[J[00:01:24.969,000] [1;31m<err> eth_w5500: W5500 receive state inconsistent (header 65535, 65535 buffered): socket reopened[0m
[+   66.79] [1;32muart:~$ [m[8D[J[1;32muart:~$ [m[8D[J[00:01:25.170,000] [1;31m<err> eth_w5500: W5500 receive state inconsistent (header 65535, 65535 buffered): socket reopened[0m
[+   69.03] [1;32muart:~$ [m[8D[J[1;32muart:~$ [mkernel uptime
[+   69.03] Uptime: 88281 ms
[+   69.67] [1;32muart:~$ [m[8D[J[00:01:27.815,000] [1;31m<err> eth_w5500: W5500 receive state inconsistent (header 65535, 65535 buffered): socket reopened[0m
[+   69.67] [1;32muart:~$ [m[8D[J[1;32muart:~$ [m[8D[J[00:01:28.016,000] [1;31m<err> eth_w5500: W5500 receive state inconsistent (header 65535, 65535 buffered): socket reopened[0m
[+   72.57] [1;32muart:~$ [m[8D[J[1;32muart:~$ [m[8D[J[00:01:30.701,000] [1;31m<err> eth_w5500: W5500 receive state inconsistent (header 65535, 65535 buffered): socket reopened[0m
[+   72.57] [1;32muart:~$ [m[8D[J[1;32muart:~$ [m[8D[J[00:01:30.902,000] [1;31m<err> eth_w5500: W5500 receive state inconsistent (header 65535, 65535 buffered): socket reopened[0m
[+   73.76] [1;32muart:~$ [m[8D[J[1;32muart:~$ [mkernel uptime
[+   73.76] Uptime: 92960 ms
[+   78.76] [1;32muart:~$ [mkernel uptime
[+   78.76] Uptime: 97976 ms
[+   81.32] [1;32muart:~$ [m[8D[J[00:01:39.471,000] [1;31m<err> eth_w5500: W5500 receive state inconsistent (header 65535, 65535 buffered): socket reopened[0m
[+   81.32] [1;32muart:~$ [m[8D[J[1;32muart:~$ [m[8D[J[00:01:39.672,000] [1;31m<err> eth_w5500: W5500 receive state inconsistent (header 65535, 65535 buffered): socket reopened[0m
[+   83.78] [1;32muart:~$ [m[8D[J[1;32muart:~$ [mkernel uptime
[+   83.78] Uptime: 102975 ms
[+   84.52] [1;32muart:~$ [m[8D[J[00:01:42.678,000] [1;31m<err> eth_w5500: W5500 receive state inconsistent (header 65535, 65535 buffered): socket reopened[0m
[+   88.79] [1;32muart:~$ [m[8D[J[1;32muart:~$ [mkernel uptime
[+   88.79] Uptime: 107984 ms
[+   93.77] [1;32muart:~$ [mkernel uptime
[+   93.77] Uptime: 113001 ms
[+   98.75] [1;32muart:~$ [mkernel uptime
[+   98.75] Uptime: 117989 ms
[+  102.04] [1;32muart:~$ [m[8D[J[00:02:00.175,000] [1;31m<err> eth_w5500: W5500 receive state inconsistent (header 65535, 65535 buffered): socket reopened[0m
[+  104.68] [1;32muart:~$ [m[8D[J[1;32muart:~$ [m[8D[J[00:02:02.868,000] [1;31m<err> eth_w5500: W5500 receive state inconsistent (header 65535, 65535 buffered): socket reopened[0m
[+  104.68] [1;32muart:~$ [m[8D[J[1;32muart:~$ [m[8D[J[00:02:03.070,000] [1;31m<err> eth_w5500: W5500 receive state inconsistent (header 65535, 65535 buffered): socket reopened[0m
[+  107.34] [1;32muart:~$ [m[8D[J[1;32muart:~$ [mkernel uptime
[+  107.34] Uptime: 126513 ms
[+  107.34] [1;32muart:~$ [m[8D[J[00:02:05.389,000] [1;31m<err> eth_w5500: W5500 receive state inconsistent (header 65535, 65535 buffered): socket reopened[0m
[+  107.34] [1;32muart:~$ [m[8D[J[1;32muart:~$ [m[8D[J[00:02:05.590,000] [1;31m<err> eth_w5500: W5500 receive state inconsistent (header 65535, 65535 buffered): socket reopened[0m
[+  107.34] [1;32muart:~$ [m[8D[J[1;32muart:~$ [m[8D[J[00:02:05.792,000] [1;31m<err> eth_w5500: W5500 receive state inconsistent (header 65535, 65535 buffered): socket reopened[0m
[+  107.44] [1;32muart:~$ [m[8D[J[1;32muart:~$ [m[8D[J[00:02:05.993,000] [1;31m<err> eth_w5500: W5500 receive state inconsistent (header 65535, 65535 buffered): socket reopened[0m
[+  108.82] [1;32muart:~$ [m[8D[J[1;32muart:~$ [mkernel uptime
[+  108.82] Uptime: 128000 ms
[+  113.62] [1;32muart:~$ [m[8D[J[00:02:11.782,000] [1;31m<err> eth_w5500: W5500 receive state inconsistent (header 65535, 65535 buffered): socket reopened[0m
[+  113.84] [1;32muart:~$ [m[8D[J[1;32muart:~$ [mkernel uptime
[+  113.84] Uptime: 133011 ms
[+  118.84] [1;32muart:~$ [mkernel uptime
[+  118.84] Uptime: 138018 ms
[+  119.27] [1;32muart:~$ [m[8D[J[00:02:17.473,000] [1;31m<err> eth_w5500: W5500 receive state inconsistent (header 65535, 65535 buffered): socket reopened[0m
[+  125.18] ==== host: a page a minute
[+  125.32] [1;32muart:~$ [m[8D[J[1;32muart:~$ [m[8D[J[00:02:22.888,000] [1;31m<err> eth_w5500: W5500 receive state inconsistent (header 65535, 65535 buffered): socket reopened[0m
[+  125.32] [1;32muart:~$ [m[8D[J[1;32muart:~$ [m[8D[J[00:02:23.089,000] [1;31m<err> eth_w5500: W5500 receive state inconsistent (header 65535, 65535 buffered): socket reopened[0m
[+  125.43] [1;32muart:~$ [m[8D[J[1;32muart:~$ [m[8D[J[00:02:23.290,000] [1;31m<err> eth_w5500: W5500 receive state inconsistent (header 65535, 65535 buffered): socket reopened[0m
[+  125.43] [1;32muart:~$ [m[8D[J[1;32muart:~$ [m[8D[J[00:02:23.492,000] [1;31m<err> eth_w5500: W5500 receive state inconsistent (header 65535, 65535 buffered): socket reopened[0m
[+  126.28] [1;32muart:~$ [m[8D[J[1;32muart:~$ [mkernel uptime
[+  126.28] Uptime: 145532 ms
[+  127.66] [1;32muart:~$ [m[8D[J[00:02:25.870,000] [1;31m<err> eth_w5500: W5500 receive state inconsistent (header 65535, 65535 buffered): socket reopened[0m
[+  128.82] [1;32muart:~$ [m[8D[J[1;32muart:~$ [mkernel uptime
[+  128.82] Uptime: 148036 ms
[+  133.59] [1;32muart:~$ [m[8D[J[00:02:31.791,000] [1;31m<err> eth_w5500: W5500 receive state inconsistent (header 65535, 65535 buffered): socket reopened[0m
[+  133.59] [1;32muart:~$ [m[8D[J[1;32muart:~$ [m[8D[J[00:02:31.992,000] [1;31m<err> eth_w5500: W5500 receive state inconsistent (header 65535, 65535 buffered): socket reopened[0m
[+  133.69] [1;32muart:~$ [m[8D[J[1;32muart:~$ [m[8D[J[00:02:32.193,000] [1;31m<err> eth_w5500: W5500 receive state inconsistent (header 65535, 65535 buffered): socket reopened[0m
[+  133.80] [1;32muart:~$ [m[8D[J[1;32muart:~$ [mkernel uptime
[+  133.80] Uptime: 153033 ms
[+  138.93] [1;32muart:~$ [mkernel uptime
[+  138.93] Uptime: 158202 ms
[+  139.69] [1;32muart:~$ [m[8D[J[00:02:37.908,000] [1;31m<err> eth_w5500: W5500 receive state inconsistent (header 65535, 65535 buffered): socket reopened[0m
[+  143.81] [1;32muart:~$ [m[8D[J[1;32muart:~$ [mkernel uptime
[+  143.81] Uptime: 163039 ms
[+  148.79] [1;32muart:~$ [mkernel uptime
[+  148.79] Uptime: 168057 ms
[+  153.80] [1;32muart:~$ [mkernel uptime
[+  153.80] Uptime: 173069 ms
[+  159.42] [1;32muart:~$ [mkernel uptime
[+  159.42] Uptime: 178624 ms
[+  159.74] [1;32muart:~$ [m[8D[J[00:02:57.940,000] [1;31m<err> eth_w5500: W5500 receive state inconsistent (header 65535, 65535 buffered): socket reopened[0m
[+  159.74] [1;32muart:~$ [m[8D[J[1;32muart:~$ [m[8D[J[00:02:58.141,000] [1;31m<err> eth_w5500: W5500 receive state inconsistent (header 65535, 65535 buffered): socket reopened[0m
[+  159.74] [1;32muart:~$ [m[8D[J[1;32muart:~$ [m[8D[J[00:02:58.343,000] [1;31m<err> eth_w5500: W5500 receive state inconsistent (header 65535, 65535 buffered): socket reopened[0m
[+  163.81] [1;32muart:~$ [m[8D[J[1;32muart:~$ [mkernel uptime
[+  163.81] Uptime: 183076 ms
[+  165.71] [1;32muart:~$ [m[8D[J[00:03:03.921,000] [1;31m<err> eth_w5500: W5500 receive state inconsistent (header 65535, 65535 buffered): socket reopened[0m
[+  165.71] [1;32muart:~$ [m[8D[J[1;32muart:~$ [m[8D[J[00:03:04.122,000] [1;31m<err> eth_w5500: W5500 receive state inconsistent (header 65535, 65535 buffered): socket reopened[0m
[+  168.91] [1;32muart:~$ [m[8D[J[1;32muart:~$ [mkernel uptime
[+  168.91] Uptime: 188087 ms
[+  174.37] [1;32muart:~$ [m[8D[J[00:03:12.610,000] [1;31m<err> eth_w5500: W5500 receive state inconsistent (header 65535, 65535 buffered): socket reopened[0m
[+  174.48] [1;32muart:~$ [m[8D[J[1;32muart:~$ [m[8D[J[00:03:12.811,000] [1;31m<err> eth_w5500: W5500 receive state inconsistent (header 65535, 65535 buffered): socket reopened[0m
[+  174.48] [1;32muart:~$ [m[8D[J[1;32muart:~$ [m[8D[J[00:03:13.013,000] [1;31m<err> eth_w5500: W5500 receive state inconsistent (header 65535, 65535 buffered): socket reopened[0m
[+  177.33] [1;32muart:~$ [m[8D[J[1;32muart:~$ [mkernel uptime
[+  177.44] Uptime: 196606 ms
[+  177.44] [1;32muart:~$ [m[8D[J[00:03:15.478,000] [1;31m<err> eth_w5500: W5500 receive state inconsistent (header 65535, 65535 buffered): socket reopened[0m
[+  177.44] [1;32muart:~$ [m[8D[J[1;32muart:~$ [m[8D[J[00:03:15.679,000] [1;31m<err> eth_w5500: W5500 receive state inconsistent (header 65535, 65535 buffered): socket reopened[0m
[+  177.44] [1;32muart:~$ [m[8D[J[1;32muart:~$ [m[8D[J[00:03:15.881,000] [1;31m<err> eth_w5500: W5500 receive state inconsistent (header 65535, 65535 buffered): socket reopened[0m
[+  178.83] [1;32muart:~$ [m[8D[J[1;32muart:~$ [mkernel uptime
[+  178.83] Uptime: 198098 ms
[+  180.22] [1;32muart:~$ [m[8D[J[00:03:18.457,000] [1;31m<err> eth_w5500: W5500 receive state inconsistent (header 65535, 65535 buffered): socket reopened[0m
[+  180.33] [1;32muart:~$ [m[8D[J[1;32muart:~$ [m[8D[J[00:03:18.658,000] [1;31m<err> eth_w5500: W5500 receive state inconsistent (header 65535, 65535 buffered): socket reopened[0m
[+  180.33] [1;32muart:~$ [m[8D[J[1;32muart:~$ [m[8D[J[00:03:18.860,000] [1;31m<err> eth_w5500: W5500 receive state inconsistent (header 65535, 65535 buffered): socket reopened[0m
[+  183.87] [1;32muart:~$ [m[8D[J[1;32muart:~$ [mkernel uptime
[+  183.87] Uptime: 203108 ms
[+  186.98] ==== host: a page a minute
[+  187.14] [1;32muart:~$ [m[8D[J[00:03:24.469,000] [1;31m<err> eth_w5500: W5500 receive state inconsistent (header 65535, 65535 buffered): socket reopened[0m
[+  187.14] [1;32muart:~$ [m[8D[J[1;32muart:~$ [m[8D[J[00:03:24.670,000] [1;31m<err> eth_w5500: W5500 receive state inconsistent (header 65535, 65535 buffered): socket reopened[0m
[+  188.69] ==== host: samples
[+  188.72] [1;32muart:~$ [m[8D[J[1;32muart:~$ [mcoproc logs
[+  188.72] stm32: records 153, used 15380 of 262144 B, appended 153, overwritten 0, lost backend 0, lost uart 0
[+  188.83] esp32: records 4380, used 262144 of 262144 B, appended 78536, overwritten 74156, lost backend 0, lost uart 8
[+  188.83] lock: append hold max 1730902 us, append wait max 133059 us, read hold max 314 us
[+  188.83] next seq 78690
