[+    0.44] ==== host: device up
[+    2.62] [8D[J[00:00:58.429,000] [1;31m<err> eth_w5500: W5500 receive state inconsistent (header 65535, 65535 buffered): socket reopened[0m
[+    2.72] [1;32muart:~$ [m[8D[J[1;32muart:~$ [m[8D[J[00:00:58.630,000] [1;31m<err> eth_w5500: W5500 receive state inconsistent (header 65535, 65535 buffered): socket reopened[0m
[+    3.14] ==== host: login
[+    3.24] ==== host: system
[+    3.91] [1;32muart:~$ [m[8D[J[1;32muart:~$ [m[8D[J[00:01:01.334,000] [1;31m<err> eth_w5500: W5500 receive state inconsistent (header 65535, 65535 buffered): socket reopened[0m
[+    4.01] ==== host: telnet: coproc burst 3000 120
[+    4.01] [1;32muart:~$ [m[8D[J[1;32muart:~$ [m[8D[J[00:01:01.535,000] [1;31m<err> eth_w5500: W5500 receive state inconsistent (header 65535, 65535 buffered): socket reopened[0m
[+    4.12] [1;32muart:~$ [m[8D[J[1;32muart:~$ [mcoproc reset
[+    4.55] coproc reset: 0
[+    4.55] [1;32muart:~$ [m[8D[J[00:01:02.902,000] [0m<inf> coprocessor_service: burst 2599 of 3000 bbbbbbbbbbbbbbbbbbbbbbbbbbbbbbbbbbbbbbbbbbbbbbbbbbbbbbbbbbbbbbbbbbbbbbbbbbbbbbbbbbbbbbbbbbbbbbbbbbbbbbbbbbbbbbbbbbbbbbbb[0m
[+    4.56] ==== host: C6 reset through EN
[+   12.21] [1;32muart:~$ [m[8D[J[1;32muart:~$ [m[8D[J[1;31m[1;31m--- 2598 messages dropped ---
[+   12.21] [0m[m[00:01:02.902,000] [0m<inf> coprocessor_service: burst 2600 of 3000 bbbbbbbbbbbbbbbbbbbbbbbbbbbbbbbbbbbbbbbbbbbbbbbbbbbbbbbbbbbbbbbbbbbbbbbbbbbbbbbbbbbbbbbbbbbbbbbbbbbbbbbbbbbbbbbbbbbbbbbb[0m
[+   12.21] [1;32muart:~$ [m[8D[J[1;32muart:~$ [m[8D[J[00:01:02.902,000] [0m<inf> coprocessor_service: burst 2601 of 3000 bbbbbbbbbbbbbbbbbbbbbbbbbbbbbbbbbbbbbbbbbbbbbbbbbbbbbbbbbbbbbbbbbbbbbbbbbbbbbbbbbbbbbbbbbbbbbbbbbbbbbbbbbbbbbbbbbbbbbbbb[0m
[+   12.32] [1;32muart:~$ [m[8D[J[1;32muart:~$ [m[8D[J[00:01:02.902,000] [0m<inf> coprocessor_service: burst 2602 of 3000 bbbbbbbbbbbbbbbbbbbbbbbbbbbbbbbbbbbbbbbbbbbbbbbbbbbbbbbbbbbbbbbbbbbbbbbbbbbbbbbbbbbbbbbbbbbbbbbbbbbbbbbbbbbbbbbbbbbbbbbb[0m
[+   12.42] [1;32muart:~$ [m[8D[J[1;32muart:~$ [m[8D[J[00:01:02.902,000] [0m<inf> coprocessor_service: burst 2603 of 3000 bbbbbbbbbbbbbbbbbbbbbbbbbbbbbbbbbbbbbbbbbbbbbbbbbbbbbbbbbbbbbbbbbbbbbbbbbbbbbbbbbbbbbbbbbbbbbbbbbbbbbbbbbbbbbbbbbbbbbbbb[0m
[+   12.52] [1;32muart:~$ [m[8D[J[1;32muart:~$ [m[8D[J[00:01:02.902,000] [0m<inf> coprocessor_service: burst 2604 of 3000 bbbbbbbbbbbbbbbbbbbbbbbbbbbbbbbbbbbbbbbbbbbbbbbbbbbbbbbbbbbbbbbbbbbbbbbbbbbbbbbbbbbbbbbbbbbbbbbbbbbbbbbbbbbbbbbbbbbbbbbb[0m
[+   12.52] [1;32muart:~$ [m[8D[J[1;32muart:~$ [m[8D[J[00:01:02.902,000] [0m<inf> coprocessor_service: burst 2605 of 3000 bbbbbbbbbbbbbbbbbbbbbbbbbbbbbbbbbbbbbbbbbbbbbbbbbbbbbbbbbbbbbbbbbbbbbbbbbbbbbbbbbbbbbbbbbbbbbbbbbbbbbbbbbbbbbbbbbbbbbbbb[0m
[+   12.63] [1;32muart:~$ [m[8D[J[1;32muart:~$ [m[8D[J[00:01:02.903,000] [0m<inf> coprocessor_service: burst 2606 of 3000 bbbbbbbbbbbbbbbbbbbbbbbbbbbbbbbbbbbbbbbbbbbbbbbbbbbbbbbbbbbbbbbbbbbbbbbbbbbbbbbbbbbbbbbbbbbbbbbbbbbbbbbbbbbbbbbbbbbbbbbb[0m
[+   12.73] [1;32muart:~$ [m[8D[J[1;32muart:~$ [m[8D[J[00:01:02.903,000] [0m<inf> coprocessor_service: burst 2607 of 3000 bbbbbbbbbbbbbbbbbbbbbbbbbbbbbbbbbbbbbbbbbbbbbbbbbbbbbbbbbbbbbbbbbbbbbbbbbbbbbbbbbbbbbbbbbbbbbbbbbbbbbbbbbbbbbbbbbbbbbbbb[0m
[+   19.65] [1;32muart:~$ [m[8D[J[1;32muart:~$ [m[8D[J[00:01:02.903,000] [0m<inf> coprocessor_service: burst 2608 of 3000 bbbbbbbbbbbbbbbbbbbbbbbbbbbbbbbbbbbbbbbbbbbbbbbbbbbbbbbbbbbbbbbbbbbbbbbbbbbbbbbbbbbbbbbbbbbbbbbbbbbbbbbbbbbbbbbbbbbbbbbb[0m
[+   19.86] [1;32muart:~$ [m[8D[J[1;32muart:~$ [m[8D[J[00:01:02.903,000] [0m<inf> coprocessor_service: burst 2609 of 3000 bbbbbbbbbbbbbbbbbbbbbbbbbbbbbbbbbbbbbbbbbbbbbbbbbbbbbbbbbbbbbbbbbbbbbbbbbbbbbbbbbbbbbbbbbbbbbbbbbbbbbbbbbbbbbbbbbbbbbbbb[0m
[+   19.86] [1;32muart:~$ [m[8D[J[1;32muart:~$ [m[8D[J[00:01:02.903,000] [0m<inf> coprocessor_service: burst 2610 of 3000 bbbbbbbbbbbbbbbbbbbbbbbbbbbbbbbbbbbbbbbbbbbbbbbbbbbbbbbbbbbbbbbbbbbbbbbbbbbbbbbbbbbbbbbbbbbbbbbbbbbbbbbbbbbbbbbbbbbbbbbb[0m
[+   19.96] [1;32muart:~$ [m[8D[J[1;32muart:~$ [m[8D[J[00:01:02.903,000] [0m<inf> coprocessor_service: burst 2611 of 3000 bbbbbbbbbbbbbbbbbbbbbbbbbbbbbbbbbbbbbbbbbbbbbbbbbbbbbbbbbbbbbbbbbbbbbbbbbbbbbbbbbbbbbbbbbbbbbbbbbbbbbbbbbbbbbbbbbbbbbbbb[0m
[+   20.07] [1;32muart:~$ [m[8D[J[1;32muart:~$ [m[8D[J[00:01:02.903,000] [0m<inf> coprocessor_service: burst 2612 of 3000 bbbbbbbbbbbbbbbbbbbbbbbbbbbbbbbbbbbbbbbbbbbbbbbbbbbbbbbbbbbbbbbbbbbbbbbbbbbbbbbbbbbbbbbbbbbbbbbbbbbbbbbbbbbbbbbbbbbbbbbb[0m
[+   20.07] [1;32muart:~$ [m[8D[J[1;32muart:~$ [m[8D[J[00:01:02.904,000] [0m<inf> coprocessor_service: burst 2613 of 3000 bbbbbbbbbbbbbbbbbbbbbbbbbbbbbbbbbbbbbbbbbbbbbbbbbbbbbbbbbbbbbbbbbbbbbbbbbbbbbbbbbbbbbbbbbbbbbbbbbbbbbbbbbbbbbbbbbbbbbbbb[0m
[+   20.17] [1;32muart:~$ [m[8D[J[1;32muart:~$ [m[8D[J[00:01:02.904,000] [0m<inf> coprocessor_service: burst 2614 of 3000 bbbbbbbbbbbbbbbbbbbbbbbbbbbbbbbbbbbbbbbbbbbbbbbbbbbbbbbbbbbbbbbbbbbbbbbbbbbbbbbbbbbbbbbbbbbbbbbbbbbbbbbbbbbbbbbbbbbbbbbb[0m
[+   20.27] [1;32muart:~$ [m[8D[J[1;32muart:~$ [m[8D[J[00:01:02.904,000] [0m<inf> coprocessor_service: burst 2615 of 3000 bbbbbbbbbbbbbbbbbbbbbbbbbbbbbbbbbbbbbbbbbbbbbbbbbbbbbbbbbbbbbbbbbbbbbbbbbbbbbbbbbbbbbbbbbbbbbbbbbbbbbbbbbbbbbbbbbbbbbbbb[0m
[+   20.38] [1;32muart:~$ [m[8D[J[1;32muart:~$ [m[8D[J[00:01:02.904,000] [0m<inf> coprocessor_service: burst 2616 of 3000 bbbbbbbbbbbbbbbbbbbbbbbbbbbbbbbbbbbbbbbbbbbbbbbbbbbbbbbbbbbbbbbbbbbbbbbbbbbbbbbbbbbbbbbbbbbbbbbbbbbbbbbbbbbbbbbbbbbbbbbb[0m
[+   27.33] [1;32muart:~$ [m[8D[J[1;32muart:~$ [m[8D[J[00:01:02.904,000] [0m<inf> coprocessor_service: burst 2617 of 3000 bbbbbbbbbbbbbbbbbbbbbbbbbbbbbbbbbbbbbbbbbbbbbbbbbbbbbbbbbbbbbbbbbbbbbbbbbbbbbbbbbbbbbbbbbbbbbbbbbbbbbbbbbbbbbbbbbbbbbbbb[0m
[+   27.33] [1;32muart:~$ [m[8D[J[1;32muart:~$ [m[8D[J[00:01:02.904,000] [0m<inf> coprocessor_service: burst 2618 of 3000 bbbbbbbbbbbbbbbbbbbbbbbbbbbbbbbbbbbbbbbbbbbbbbbbbbbbbbbbbbbbbbbbbbbbbbbbbbbbbbbbbbbbbbbbbbbbbbbbbbbbbbbbbbbbbbbbbbbbbbbb[0m
[+   27.44] [1;32muart:~$ [m[8D[J[1;32muart:~$ [m[8D[J[00:01:02.904,000] [0m<inf> coprocessor_service: burst 2619 of 3000 bbbbbbbbbbbbbbbbbbbbbbbbbbbbbbbbbbbbbbbbbbbbbbbbbbbbbbbbbbbbbbbbbbbbbbbbbbbbbbbbbbbbbbbbbbbbbbbbbbbbbbbbbbbbbbbbbbbbbbbb[0m
[+   27.54] [1;32muart:~$ [m[8D[J[1;32muart:~$ [m[8D[J[00:01:02.905,000] [0m<inf> coprocessor_service: burst 2620 of 3000 bbbbbbbbbbbbbbbbbbbbbbbbbbbbbbbbbbbbbbbbbbbbbbbbbbbbbbbbbbbbbbbbbbbbbbbbbbbbbbbbbbbbbbbbbbbbbbbbbbbbbbbbbbbbbbbbbbbbbbbb[0m
[+   27.64] [1;32muart:~$ [m[8D[J[1;32muart:~$ [m[8D[J[00:01:02.905,000] [0m<inf> coprocessor_service: burst 2621 of 3000 bbbbbbbbbbbbbbbbbbbbbbbbbbbbbbbbbbbbbbbbbbbbbbbbbbbbbbbbbbbbbbbbbbbbbbbbbbbbbbbbbbbbbbbbbbbbbbbbbbbbbbbbbbbbbbbbbbbbbbbb[0m
[+   27.64] [1;32muart:~$ [m[8D[J[1;32muart:~$ [m[8D[J[00:01:02.905,000] [0m<inf> coprocessor_service: burst 2622 of 3000 bbbbbbbbbbbbbbbbbbbbbbbbbbbbbbbbbbbbbbbbbbbbbbbbbbbbbbbbbbbbbbbbbbbbbbbbbbbbbbbbbbbbbbbbbbbbbbbbbbbbbbbbbbbbbbbbbbbbbbbb[0m
[+   27.74] [1;32muart:~$ [m[8D[J[1;32muart:~$ [m[8D[J[00:01:02.905,000] [0m<inf> coprocessor_service: burst 2623 of 3000 bbbbbbbbbbbbbbbbbbbbbbbbbbbbbbbbbbbbbbbbbbbbbbbbbbbbbbbbbbbbbbbbbbbbbbbbbbbbbbbbbbbbbbbbbbbbbbbbbbbbbbbbbbbbbbbbbbbbbbbb[0m
[+   27.85] [1;32muart:~$ [m[8D[J[1;32muart:~$ [m[8D[J[00:01:02.905,000] [0m<inf> coprocessor_service: burst 2624 of 3000 bbbbbbbbbbbbbbbbbbbbbbbbbbbbbbbbbbbbbbbbbbbbbbbbbbbbbbbbbbbbbbbbbbbbbbbbbbbbbbbbbbbbbbbbbbbbbbbbbbbbbbbbbbbbbbbbbbbbbbbb[0m
[+   27.95] [1;32muart:~$ [m[8D[J[1;32muart:~$ [m[8D[J[00:01:02.905,000] [0m<inf> coprocessor_service: burst 2625 of 3000 bbbbbbbbbbbbbbbbbbbbbbbbbbbbbbbbbbbbbbbbbbbbbbbbbbbbbbbbbbbbbbbbbbbbbbbbbbbbbbbbbbbbbbbbbbbbbbbbbbbbbbbbbbbbbbbbbbbbbbbb[0m
[+   27.95] [1;32muart:~$ [m[8D[J[1;32muart:~$ [m[8D[J[00:01:02.905,000] [0m<inf> coprocessor_service: burst 2626 of 3000 bbbbbbbbbbbbbbbbbbbbbbbbbbbbbbbbbbbbbbbbbbbbbbbbbbbbbbbbbbbbbbbbbbbbbbbbbbbbbbbbbbbbbbbbbbbbbbbbbbbbbbbbbbbbbbbbbbbbbbbb[0m
[+   28.05] [1;32muart:~$ [m[8D[J[1;32muart:~$ [m[8D[J[00:01:02.905,000] [0m<inf> coprocessor_service: burst 2627 of 3000 bbbbbbbbbbbbbbbbbbbbbbbbbbbbbbbbbbbbbbbbbbbbbbbbbbbbbbbbbbbbbbbbbbbbbbbbbbbbbbbbbbbbbbbbbbbbbbbbbbbbbbbbbbbbbbbbbbbbbbbb[0m
[+   28.16] [1;32muart:~$ [m[8D[J[1;32muart:~$ [m[8D[J[00:01:02.906,000] [0m<inf> coprocessor_service: burst 2628 of 3000 bbbbbbbbbbbbbbbbbbbbbbbbbbbbbbbbbbbbbbbbbbbbbbbbbbbbbbbbbbbbbbbbbbbbbbbbbbbbbbbbbbbbbbbbbbbbbbbbbbbbbbbbbbbbbbbbbbbbbbbb[0m
[+   28.16] [1;32muart:~$ [m[8D[J[1;32muart:~$ [m[8D[J[00:01:02.906,000] [0m<inf> coprocessor_service: burst 2629 of 3000 bbbbbbbbbbbbbbbbbbbbbbbbbbbbbbbbbbbbbbbbbbbbbbbbbbbbbbbbbbbbbbbbbbbbbbbbbbbbbbbbbbbbbbbbbbbbbbbbbbbbbbbbbbbbbbbbbbbbbbbb[0m
[+   28.26] [1;32muart:~$ [m[8D[J[1;32muart:~$ [m[8D[J[00:01:02.906,000] [0m<inf> coprocessor_service: burst 2630 of 3000 bbbbbbbbbbbbbbbbbbbbbbbbbbbbbbbbbbbbbbbbbbbbbbbbbbbbbbbbbbbbbbbbbbbbbbbbbbbbbbbbbbbbbbbbbbbbbbbbbbbbbbbbbbbbbbbbbbbbbbbb[0m
[+   28.33] ==== host: read live
[+   28.36] [1;32muart:~$ [m[8D[J[1;32muart:~$ [m[8D[J[00:01:02.906,000] [0m<inf> coprocessor_service: burst 2631 of 3000 bbbbbbbbbbbbbbbbbbbbbbbbbbbbbbbbbbbbbbbbbbbbbbbbbbbbbbbbbbbbbbbbbbbbbbbbbbbbbbbbbbbbbbbbbbbbbbbbbbbbbbbbbbbbbbbbbbbbbbbb[0m
[+   28.99] [1;32muart:~$ [m[8D[J[1;32muart:~$ [mcoproc logs
[+   28.99] stm32: records 147, used 16952 of 262144 B, appended 147, overwritten 0, lost backend 2598, lost uart 0
[+   28.99] esp32: records 4377, used 262112 of 262144 B, appended 26773, overwritten 22396, lost backend 0, lost uart 5
[+   28.99] lock: append hold max 32813 us, append wait max 11884 us, read hold max 440 us
[+   28.99] next seq 26921
[+   28.99] ==== host: the STM32 burst, source=stm32
[+   29.08] ==== host: sources
[+   29.20] [1;32muart:~$ [m[8D[J[00:01:02.906,000] [0m<inf> coprocessor_service: burst 2632 of 3000 bbbbbbbbbbbbbbbbbbbbbbbbbbbbbbbbbbbbbbbbbbbbbbbbbbbbbbbbbbbbbbbbbbbbbbbbbbbbbbbbbbbbbbbbbbbbbbbbbbbbbbbbbbbbbbbbbbbbbbbb[0m
[+   29.20] [1;32muart:~$ [mcoproc logs
[+   29.20] stm32: records 147, used 16952 of 262144 B, appended 147, overwritten 0, lost backend 2598, lost uart 0
[+   29.20] esp32: records 4377, used 262104 of 262144 B, appended 27052, overwritten 22675, lost backend 0, lost uart 5
[+   29.20] lock: append hold max 32813 us, append wait max 11884 us, read hold max 440 us
[+   29.20] next seq 27200
[+   29.20] [1;32muart:~$ [m[8D[J[00:01:02.906,000] [0m<inf> coprocessor_service: burst 2633 of 3000 bbbbbbbbbbbbbbbbbbbbbbbbbbbbbbbbbbbbbbbbbbbbbbbbbbbbbbbbbbbbbbbbbbbbbbbbbbbbbbbbbbbbbbbbbbbbbbbbbbbbbbbbbbbbbbbbbbbbbbbb[0m
[+   29.30] [1;32muart:~$ [m[8D[J[1;32muart:~$ [m[8D[J[00:01:02.906,000] [0m<inf> coprocessor_service: burst 2634 of 3000 bbbbbbbbbbbbbbbbbbbbbbbbbbbbbbbbbbbbbbbbbbbbbbbbbbbbbbbbbbbbbbbbbbbbbbbbbbbbbbbbbbbbbbbbbbbbbbbbbbbbbbbbbbbbbbbbbbbbbbbb[0m
[+   29.30] [1;32muart:~$ [m[8D[J[1;32muart:~$ [m[8D[J[00:01:02.907,000] [0m<inf> coprocessor_service: burst 2635 of 3000 bbbbbbbbbbbbbbbbbbbbbbbbbbbbbbbbbbbbbbbbbbbbbbbbbbbbbbbbbbbbbbbbbbbbbbbbbbbbbbbbbbbbbbbbbbbbbbbbbbbbbbbbbbbbbbbbbbbbbbbb[0m
[+   29.30] [1;32muart:~$ [m[8D[J[1;32muart:~$ [m[8D[J[00:01:02.907,000] [0m<inf> coprocessor_service: burst 2636 of 3000 bbbbbbbbbbbbbbbbbbbbbbbbbbbbbbbbbbbbbbbbbbbbbbbbbbbbbbbbbbbbbbbbbbbbbbbbbbbbbbbbbbbbbbbbbbbbbbbbbbbbbbbbbbbbbbbbbbbbbbbb[0m
[+   29.40] [1;32muart:~$ [m[8D[J[1;32muart:~$ [m[8D[J[00:01:02.907,000] [0m<inf> coprocessor_service: burst 2637 of 3000 bbbbbbbbbbbbbbbbbbbbbbbbbbbbbbbbbbbbbbbbbbbbbbbbbbbbbbbbbbbbbbbbbbbbbbbbbbbbbbbbbbbbbbbbbbbbbbbbbbbbbbbbbbbbbbbbbbbbbbbb[0m
[+   29.40] [1;32muart:~$ [m[8D[J[1;32muart:~$ [m[8D[J[00:01:02.907,000] [0m<inf> coprocessor_service: burst 2638 of 3000 bbbbbbbbbbbbbbbbbbbbbbbbbbbbbbbbbbbbbbbbbbbbbbbbbbbbbbbbbbbbbbbbbbbbbbbbbbbbbbbbbbbbbbbbbbbbbbbbbbbbbbbbbbbbbbbbbbbbbbbb[0m
[+   29.40] [1;32muart:~$ [m[8D[J[1;32muart:~$ [m[8D[J[00:01:02.907,000] [0m<inf> coprocessor_service: burst 2639 of 3000 bbbbbbbbbbbbbbbbbbbbbbbbbbbbbbbbbbbbbbbbbbbbbbbbbbbbbbbbbbbbbbbbbbbbbbbbbbbbbbbbbbbbbbbbbbbbbbbbbbbbbbbbbbbbbbbbbbbbbbbb[0m
[+   29.50] [1;32muart:~$ [m[8D[J[1;32muart:~$ [m[8D[J[00:01:02.907,000] [0m<inf> coprocessor_service: burst 2640 of 3000 bbbbbbbbbbbbbbbbbbbbbbbbbbbbbbbbbbbbbbbbbbbbbbbbbbbbbbbbbbbbbbbbbbbbbbbbbbbbbbbbbbbbbbbbbbbbbbbbbbbbbbbbbbbbbbbbbbbbbbbb[0m
[+   29.50] [1;32muart:~$ [m[8D[J[1;32muart:~$ [m[8D[J[00:01:02.907,000] [0m<inf> coprocessor_service: burst 2641 of 3000 bbbbbbbbbbbbbbbbbbbbbbbbbbbbbbbbbbbbbbbbbbbbbbbbbbbbbbbbbbbbbbbbbbbbbbbbbbbbbbbbbbbbbbbbbbbbbbbbbbbbbbbbbbbbbbbbbbbbbbbb[0m
[+   29.50] [1;32muart:~$ [m[8D[J[1;32muart:~$ [m[8D[J[00:01:02.908,000] [0m<inf> coprocessor_service: burst 2642 of 3000 bbbbbbbbbbbbbbbbbbbbbbbbbbbbbbbbbbbbbbbbbbbbbbbbbbbbbbbbbbbbbbbbbbbbbbbbbbbbbbbbbbbbbbbbbbbbbbbbbbbbbbbbbbbbbbbbbbbbbbbb[0m
[+   29.61] [1;32muart:~$ [m[8D[J[1;32muart:~$ [m[8D[J[00:01:02.908,000] [0m<inf> coprocessor_service: burst 2643 of 3000 bbbbbbbbbbbbbbbbbbbbbbbbbbbbbbbbbbbbbbbbbbbbbbbbbbbbbbbbbbbbbbbbbbbbbbbbbbbbbbbbbbbbbbbbbbbbbbbbbbbbbbbbbbbbbbbbbbbbbbbb[0m
[+   29.61] [1;32muart:~$ [m[8D[J[1;32muart:~$ [m[8D[J[00:01:02.908,000] [0m<inf> coprocessor_service: burst 2644 of 3000 bbbbbbbbbbbbbbbbbbbbbbbbbbbbbbbbbbbbbbbbbbbbbbbbbbbbbbbbbbbbbbbbbbbbbbbbbbbbbbbbbbbbbbbbbbbbbbbbbbbbbbbbbbbbbbbbbbbbbbbb[0m
[+   29.61] [1;32muart:~$ [m[8D[J[1;32muart:~$ [m[8D[J[00:01:02.908,000] [0m<inf> coprocessor_service: burst 2645 of 3000 bbbbbbbbbbbbbbbbbbbbbbbbbbbbbbbbbbbbbbbbbbbbbbbbbbbbbbbbbbbbbbbbbbbbbbbbbbbbbbbbbbbbbbbbbbbbbbbbbbbbbbbbbbbbbbbbbbbbbbbb[0m
[+   29.71] [1;32muart:~$ [m[8D[J[1;32muart:~$ [m[8D[J[00:01:02.908,000] [0m<inf> coprocessor_service: burst 2646 of 3000 bbbbbbbbbbbbbbbbbbbbbbbbbbbbbbbbbbbbbbbbbbbbbbbbbbbbbbbbbbbbbbbbbbbbbbbbbbbbbbbbbbbbbbbbbbbbbbbbbbbbbbbbbbbbbbbbbbbbbbbb[0m
[+   29.71] [1;32muart:~$ [m[8D[J[1;32muart:~$ [m[8D[J[00:01:02.908,000] [0m<inf> coprocessor_service: burst 2647 of 3000 bbbbbbbbbbbbbbbbbbbbbbbbbbbbbbbbbbbbbbbbbbbbbbbbbbbbbbbbbbbbbbbbbbbbbbbbbbbbbbbbbbbbbbbbbbbbbbbbbbbbbbbbbbbbbbbbbbbbbbbb[0m
[+   29.71] [1;32muart:~$ [m[8D[J[1;32muart:~$ [m[8D[J[00:01:02.908,000] [0m<inf> coprocessor_service: burst 2648 of 3000 bbbbbbbbbbbbbbbbbbbbbbbbbbbbbbbbbbbbbbbbbbbbbbbbbbbbbbbbbbbbbbbbbbbbbbbbbbbbbbbbbbbbbbbbbbbbbbbbbbbbbbbbbbbbbbbbbbbbbbbb[0m
