[+    0.13] ogs
[+    0.13] stm32: records 529, used 89256 of 262144 B, appended 529, overwritten 0, lost backend 2598, lost uart 0
[+    0.13] esp32: records 4378, used 262132 of 262144 B, appended 39960, overwritten 35582, lost backend 0, lost uart 7
[+    0.13] lock: append hold max 32813 us, append wait max 11884 us, read hold max 502 us
[+    0.13] next seq 40490
[+    0.13] [1;32muart:~$ [m[8D[J[00:02:29.330,000] [1;31m<err> eth_w5500: W5500 receive state inconsistent (header 65535, 65535 buffered): socket reopened[0m
[+    0.13] [1;32muart:~$ [m[8D[J[1;32muart:~$ [m[8D[J[00:02:29.532,000] [1;31m<err> eth_w5500: W5500 receive state inconsistent (header 65535, 65535 buffered): socket reopened[0m
[+    0.23] [1;32muart:~$ [m[8D[J[1;32muart:~$ [m[8D[J[00:02:29.734,000] [1;31m<err> eth_w5500: W5500 receive state inconsistent (header 65535, 65535 buffered): socket reopened[0m
[+    0.23] [1;32muart:~$ [m[8D[J[1;32muart:~$ [m[8D[J[00:02:32.040,000] [1;31m<err> eth_w5500: W5500 receive state inconsistent (header 65535, 65535 buffered): socket reopened[0m
[+    0.23] [1;32muart:~$ [m[8D[J[1;32muart:~$ [m[8D[J[00:02:32.261,000] [1;31m<err> eth_w5500: W5500 receive state inconsistent (header 65535, 65535 buffered): socket reopened[0m
[+    0.23] [1;32muart:~$ [m[8D[J[1;32muart:~$ [m[8D[J[00:02:32.463,000] [1;31m<err> eth_w5500: W5500 receive state inconsistent (header 65535, 65535 buffered): socket reopened[0m
[+    0.33] [1;32muart:~$ [m[8D[J[1;32muart:~$ [m[8D[J[00:02:32.664,000] [1;31m<err> eth_w5500: W5500 receive state inconsistent (header 65535, 65535 buffered): socket reopened[0m
[+    0.33] [1;32muart:~$ [m[8D[J[1;32muart:~$ [m[8D[J[00:02:34.954,000] [1;31m<err> eth_w5500: W5500 receive state inconsistent (header 65535, 65535 buffered): socket reopened[0m
[+    0.33] [1;32muart:~$ [m[8D[J[1;32muart:~$ [m[8D[J[00:02:35.156,000] [1;31m<err> eth_w5500: W5500 receive state inconsistent (header 65535, 65535 buffered): socket reopened[0m
[+    0.33] [1;32muart:~$ [m[8D[J[1;32muart:~$ [m[8D[J[00:02:35.358,000] [1;31m<err> eth_w5500: W5500 receive state inconsistent (header 65535, 65535 buffered): socket reopened[0m
[+    0.43] ==== host: device up
[+    0.54] [1;32muart:~$ [m[8D[J[1;32muart:~$ [m[8D[J[00:02:35.559,000] [1;31m<err> eth_w5500: W5500 receive state inconsistent (header 65535, 65535 buffered): socket reopened[0m
[+    0.64] [1;32muart:~$ [m[8D[J[1;32muart:~$ [m[8D[J[00:02:37.868,000] [1;31m<err> eth_w5500: W5500 receive state inconsistent (header 65535, 65535 buffered): socket reopened[0m
[+    0.64] [1;32muart:~$ [m[8D[J[1;32muart:~$ [m[8D[J[00:02:38.070,000] [1;31m<err> eth_w5500: W5500 receive state inconsistent (header 65535, 65535 buffered): socket reopened[0m
[+    0.64] [1;32muart:~$ [m[8D[J[1;32muart:~$ [m[8D[J[00:02:38.272,000] [1;31m<err> eth_w5500: W5500 receive state inconsistent (header 65535, 65535 buffered): socket reopened[0m
[+    0.64] [1;32muart:~$ [m[8D[J[1;32muart:~$ [m[8D[J[00:02:38.473,000] [1;31m<err> eth_w5500: W5500 receive state inconsistent (header 65535, 65535 buffered): socket reopened[0m
[+    0.75] [1;32muart:~$ [m[8D[J[1;32muart:~$ [m[8D[J[00:02:40.780,000] [1;31m<err> eth_w5500: W5500 receive state inconsistent (header 65535, 65535 buffered): socket reopened[0m
[+    0.75] [1;32muart:~$ [m[8D[J[1;32muart:~$ [m[8D[J[00:02:40.981,000] [1;31m<err> eth_w5500: W5500 receive state inconsistent (header 65535, 65535 buffered): socket reopened[0m
[+    0.75] [1;32muart:~$ [m[8D[J[1;32muart:~$ [m[8D[J[00:02:41.183,000] [1;31m<err> eth_w5500: W5500 receive state inconsistent (header 65535, 65535 buffered): socket reopened[0m
[+    0.75] [1;32muart:~$ [m[8D[J[1;32muart:~$ [m[8D[J[00:02:41.385,000] [1;31m<err> eth_w5500: W5500 receive state inconsistent (header 65535, 65535 buffered): socket reopened[0m
[+    2.73] ==== host: login
[+    2.84] ==== host: system
[+    3.17] [1;32muart:~$ [m[8D[J[1;32muart:~$ [mcoproc reset
[+    3.28] coproc reset: 0
[+    3.33] ==== host: reset
[+    8.44] [1;32muart:~$ [mcoproc reset
[+    8.55] coproc reset: 0
[+    8.56] ==== host: reset
[+   13.63] [1;32muart:~$ [mcoproc reset
[+   13.74] coproc reset: 0
[+   13.75] ==== host: reset
[+   17.98] [1;32muart:~$ [m[8D[J[00:03:08.849,000] [1;31m<err> eth_w5500: W5500 receive state inconsistent (header 65535, 65535 buffered): socket reopened[0m
[+   17.98] [1;32muart:~$ [m[8D[J[1;32muart:~$ [m[8D[J[00:03:09.050,000] [1;31m<err> eth_w5500: W5500 receive state inconsistent (header 65535, 65535 buffered): socket reopened[0m
[+   18.85] [1;32muart:~$ [m[8D[J[1;32muart:~$ [mcoproc reset
[+   18.95] coproc reset: 0
[+   18.99] ==== host: reset
[+   23.31] [1;32muart:~$ [m[8D[J[00:03:14.191,000] [1;31m<err> eth_w5500: W5500 receive state inconsistent (header 65535, 65535 buffered): socket reopened[0m
[+   24.04] [1;32muart:~$ [m[8D[J[1;32muart:~$ [mcoproc reset
[+   24.15] coproc reset: 0
[+   24.16] ==== host: reset
[+   39.71] ==== host: after
[+   39.81] [1;32muart:~$ [mcproc logs
[+   39.81] [1;31mcproc: command not found
[+   40.22] [m[1;32muart:~$ [m[8D[J[00:03:31.125,000] [1;31m<err> eth_w5500: W5500 receive state inconsistent (header 65535, 65535 buffered): socket reopened[0m
[+   42.80] [1;32muart:~$ [m[8D[J[1;32muart:~$ [mcoproc logs
[+   42.80] stm32: records 552, used 92108 of 262144 B, appended 552, overwritten 0, lost backend 2598, lost uart 0
[+   42.80] esp32: records 4377, used 262112 of 262144 B, appended 39965, overwritten 35588, lost backend 0, lost uart 7
[+   42.80] lock: append hold max 32813 us, append wait max 11884 us, read hold max 502 us
[+   42.80] next seq 40518
