[+    0.44] ==== host: device up
[+    2.53] ==== host: login
[+    2.65] ==== host: system
[+    3.16] ==== host: J-Link reset
[+    3.29] I: Detected ESP-PSRAM64H (ID D 5D 46 A1 21)
[+    3.40] I: PSRAM initialised in QPI mode, 8192 KB
[+    3.40] *** Using Zephyr OS build v4.4.0-12983-gb6a5e6e8aa90 ***
[+    3.40] I: Starting bootloader
[+    3.40] [m
[+    3.40] [1;32muart:~$ [mI: ICACHE alias: 0x02000000 -> 0x90000000 (4MB)
[+    3.40] I: 0x90000000..0x9000001F:
[+    3.40] I: 3d b8 f3 96 0 0 0 0 0 4 0 0 14 b0 14 0
[+    3.40] I: 0 0 0 0 0 0 0 0 0 0 0 0 0 0 0 0
[+    3.40] I: Alias[0x02000000..0x0200001F]:
[+    3.40] I: 3d b8 f3 96 0 0 0 0 0 4 0 0 14 b0 14 0
[+    3.40] I: 0 0 0 0 0 0 0 0 0 0 0 0 0 0 0 0
[+    3.40] I: PSRAM 0x70000000..0x7000001F:
[+    3.40] I: 8 ae 11 2 78 c9 1 70 68 96 11 2 ec e 0 70
[+    3.40] I: cc 95 11 2 50 96 11 2 0 0 0 0 90 c7 13 2
[+    3.40] I: PSRAM write/read: PASS
[+    3.40] I: Primary image: magic=unset, swap_type=0x1, copy_done=0x3, image_ok=0x3
[+    3.40] I: Scratch: magic=unset, swap_type=0x1, copy_done=0x3, image_ok=0x3
[+    3.40] I: Boot source: primary slot
[+    3.40] I: Image index: 0, Swap type: none
[+   11.89] I: Bootloader chainload address offset: 0x0
[+   11.89] I: Image version: v0.0.0
[+   11.89] I: Jumping to the first image slot
[+   13.72] [m
[+   13.72] [1;32muart:~$ [m[8D[J[00:00:01.655,000] [1;33m<wrn> esp_hosted_mcu_core: coprocessor firmware version unknown, expected v3.0.0[0m
[+   13.82] [1;32muart:~$ [m[8D[J[1;32muart:~$ [m[8D[J[00:00:01.655,000] [1;31m<err> mb85rsxx: invalid device ID: 00 00 00 00[0m
[+   13.82] [1;32muart:~$ [m[8D[J[1;32muart:~$ [m[8D[J[00:00:01.655,000] [1;31m<err> mb85rsxx: Failed to initialize device, RDID check failed (err -5)[0m
[+   13.82] [1;32muart:~$ [m[8D[J[1;32muart:~$ [m[8D[J[00:00:01.655,000] [0m<inf> eth_w5500: ETH_W5500: interrupt mode[0m
[+   13.82] [1;32muart:~$ [m[8D[J[1;32muart:~$ [m[8D[J[00:00:01.664,000] [0m<inf> eth_w5500: W5500 Initialized[0m
[+   13.82] [1;32muart:~$ [m[8D[J[1;32muart:~$ [m[8D[J[00:00:01.664,000] [0m<inf> spi_nor: SPI_FLASH: SFDP v 1.5 AP ff with 1 PH[0m
[+   13.82] [1;32muart:~$ [m[8D[J[1;32muart:~$ [m[8D[J[00:00:01.665,000] [0m<inf> spi_nor: PH0: ff00 rev 1.5: 16 DW @ 80[0m
[+   13.82] [1;32muart:~$ [m[8D[J[1;32muart:~$ [m[8D[J[00:00:01.665,000] [0m<inf> spi_nor: SPI_FLASH: 16 MiBy flash[0m
[+   13.92] [1;32muart:~$ [m[8D[J[1;32muart:~$ [m[8D[J[00:00:01.767,000] [1;31m<err> esp_hosted_mcu: coprocessor WifiInit failed[0m
[+   13.92] [1;32muart:~$ [m[8D[J[1;32muart:~$ [m[8D[J[00:00:01.771,000] [1;31m<err> net_if: Iface 0x20002fe0 device not ready[0m
[+   13.92] [1;32muart:~$ [m[8D[J[1;32muart:~$ [m[8D[J[00:00:01.772,000] [1;31m<err> net_ethernet: Invalid MAC address for iface 1 (0x20002ea8)[0m
[+   13.92] [1;32muart:~$ [m[8D[J[1;32muart:~$ [m[8D[J[00:00:01.772,000] [0m<inf> littlefs: LittleFS version 2.11, disk version 2.1[0m
[+   13.92] [1;32muart:~$ [m[8D[J[1;32muart:~$ [m[8D[J[00:00:01.773,000] [0m<inf> littlefs: FS at SPI_FLASH:0xa00000 is 1280 0x1000-byte blocks with 1024 cycle[0m
[+   14.02] [1;32muart:~$ [m[8D[J[1;32muart:~$ [m[8D[J[00:00:01.773,000] [0m<inf> littlefs: partition sizes: rd 256 ; pr 256 ; ca 2048 ; la 256[0m
[+   14.02] [1;32muart:~$ [m[8D[J[1;32muart:~$ [m[8D[J*** Booting Zephyr OS build v4.4.0-12983-gb6a5e6e8aa90 ***
[+   15.84] [1;32muart:~$ [m[8D[J[1;32muart:~$ [m[8D[J[00:00:02.067,000] [0m<inf> shell_telnet: Telnet shell backend initialized[0m
[+   15.84] [1;32muart:~$ [m[8D[J[1;32muart:~$ [m[8D[J[00:00:02.068,000] [0m<inf> main_app: Start main app (build: Sep 14 2026 02:01:36) version 8[0m
[+   15.84] [1;32muart:~$ [m[8D[J[1;32muart:~$ [m[8D[J[00:00:02.068,000] [0m<inf> main_app: PSRAM @0x7025d690: write/read 1024 words OK[0m
[+   15.84] [1;32muart:~$ [m[8D[J[1;32muart:~$ [m[8D[J[00:00:02.187,000] [0m<inf> settings_registry: 10 keys registered, 0 rejected[0m
[+   15.84] [1;32muart:~$ [m[8D[J[1;32muart:~$ [m[8D[J[00:00:02.187,000] [0m<inf> io: Start io init[0m
[+   15.94] [1;32muart:~$ [m[8D[J[1;32muart:~$ [m[8D[J[00:00:02.193,000] [0m<inf> net_init: EEPROM MAC: 80:34:28:10:6a:1d[0m
[+   15.94] [1;32muart:~$ [m[8D[J[1;32muart:~$ [m[8D[J[00:00:02.193,000] [0m<inf> eth_w5500: ETH_W5500 MAC set to 80:34:28:10:6a:1d[0m
[+   15.94] [1;32muart:~$ [m[8D[J[1;32muart:~$ [m[8D[J[00:00:02.193,000] [0m<inf> net_init: Network interface up with MAC 80:34:28:10:6a:1d[0m
[+   15.94] [1;32muart:~$ [m[8D[J[1;32muart:~$ [m[8D[J[00:00:02.196,000] [0m<inf> io: Start io outputs task[0m
[+   15.94] [1;32muart:~$ [m[8D[J[1;32muart:~$ [m[8D[J[00:00:02.877,000] [0m<inf> device_config_store: configuration loaded, revision 8[0m
[+   16.05] [1;32muart:~$ [m[8D[J[1;32muart:~$ [m[8D[J[00:00:02.877,000] [0m<inf> network_service: network configuration revision 8: clean (680 ms)[0m
[+   16.05] [1;32muart:~$ [m[8D[J[1;32muart:~$ [m[8D[J[00:00:02.878,000] [0m<inf> net_adapter: Ethernet found, Wi-Fi coprocessor missing[0m
[+   16.05] [1;32muart:~$ [m[8D[J[1;32muart:~$ [m[8D[J[00:00:03.120,000] [0m<inf> network_service: boot 1 of 5 in a row shorter than 30 s[0m
[+   16.05] [1;32muart:~$ [m[8D[J[1;32muart:~$ [m[8D[J[00:00:03.121,000] [0m<inf> network_service: worker stack: 4920 of 8192 bytes never used[0m
[+   16.05] [1;32muart:~$ [m[8D[J[1;32muart:~$ [m[8D[J[00:00:03.192,000] [0m<inf> eth_w5500: ETH_W5500: Link speed 100 Mb, full duplex[0m
[+   16.15] [1;32muart:~$ [m[8D[J[1;32muart:~$ [m[8D[J[00:00:03.193,000] [1;31m<err> eth_w5500: W5500 receive state inconsistent (header 65535, 65535 buffered): socket reopened[0m
[+   16.15] [1;32muart:~$ [m[8D[J[1;32muart:~$ [m[8D[J[00:00:03.394,000] [1;31m<err> eth_w5500: W5500 receive state inconsistent (header 65535, 65535 buffered): socket reopened[0m
[+   16.15] [1;32muart:~$ [m[8D[J[1;32muart:~$ [m[8D[J[00:00:03.595,000] [1;31m<err> eth_w5500: W5500 receive state inconsistent (header 65535, 65535 buffered): socket reopened[0m
[+   16.15] [1;32muart:~$ [m[8D[J[1;32muart:~$ [m[8D[J[00:00:03.637,000] [0m<inf> matter: IPv6 address added, starting Matter[0m
[+   16.25] [1;32muart:~$ [m[8D[J[1;32muart:~$ [m[8D[J[00:00:03.803,000] [0m<inf> web_server: web interface cedar-2037394c3543501200210047, firmware 4582fe45da06-dirty, frontend 0.1.0+4582fe45da06-dirty, boot_98c13f5fb65389e4[0m
[+   16.25] [1;32muart:~$ [m[8D[J[1;32muart:~$ [m[8D[J[00:00:03.811,000] [0m<inf> net_adapter: ethernet: DHCP[0m
[+   17.28] ==== host: up again
[+   17.44] [1;32muart:~$ [m[8D[J[1;32muart:~$ [m[8D[J[00:00:04.294,000] [0m<inf> matter: Init CHIP stack[0m
[+   17.44] [1;32muart:~$ [m[8D[J[1;32muart:~$ [m[8D[J[00:00:04.715,000] [0m<inf> matter: IPv6 address added, starting Matter[0m
[+   17.44] [1;32muart:~$ [m[8D[J[1;32muart:~$ [m[8D[J[00:00:04.715,000] [0m<inf> matter: Matter start work already submitted[0m
[+   17.44] [1;32muart:~$ [m[8D[J[1;32muart:~$ [m[8D[J[00:00:04.855,000] [0m<inf> net_dhcpv4: Received: 192.168.88.13[0m
[+   17.55] [1;32muart:~$ [m[8D[J[1;32muart:~$ [m[8D[J[00:00:04.860,000] [0m<inf> network_manager: default route via ethernet[0m
[+   19.39] ==== host: login
[+   19.54] ==== host: cursor of the previous boot
[+   20.06] ==== host: earliest STM32 records of this boot
[+   20.10] [1;32muart:~$ [m[8D[J[1;32muart:~$ [mcoproc logs
[+   20.20] stm32: records 41, used 3460 of 262144 B, appended 41, overwritten 0, lost backend 0, lost uart 0
[+   20.20] esp32: records 2083, used 124692 of 262144 B, appended 2083, overwritten 0, lost backend 0, lost uart 2
[+   20.20] lock: append hold max 3125 us, append wait max 697406 us, read hold max 342 us
[+   20.20] next seq 2125
