[+    0.43] ==== host: device up
[+    2.47] ==== host: login
[+    2.58] ==== host: system
[+    2.71] kernel thread stacks
[+    2.71] 0x20005f68 web_auth_kdf                     (real size 4096):	unused 2472	usage 1624 / 4096 (39 %)
[+    2.71] 0x70004bf8 web_v1_jobs                      (real size 4096):	unused 3896	usage  200 / 4096 ( 4 %)
[+    2.71] 0x7001cfa8 matter_boot_thread               (real size 8192):	unused 6936	usage 1256 / 8192 (15 %)
[+    2.71] 0x20006490 network                          (real size 8192):	unused 4920	usage 3272 / 8192 (39 %)
[+    2.71] 0x200066b8 coprocessor                      (real size 2048):	unused 1416	usage  632 / 2048 (30 %)
[+    2.71] 0x7000a820 io_outputs_task                  (real size 1024):	unused  760	usage  264 / 1024 (25 %)
[+    2.71] 0x7019c350 reg_notify_wq                    (real size 2048):	unused 1848	usage  200 / 2048 ( 9 %)
[+    2.71] 0x20004df8 input                            (real size 1024):	unused  824	usage  200 / 1024 (19 %)
[+    2.81] 0x70007d08 http_server_tid                  (real size 6144):	unused 3576	usage 2568 / 6144 (41 %)
[+    2.81] 0x20003fb0 shell_telnet                     (real size 4096):	unused 3344	usage  752 / 4096 (18 %)
[+    2.81] 0x70004d30 conn_mgr_monitor                 (real size  512):	unused  208	usage  304 /  512 (59 %)
[+    2.81] 0x700217b8 net_socket_service               (real size 2048):	unused 1192	usage  856 / 2048 (41 %)
[+    2.81] 0x20000a10 eth_w5500                        (real size 1024):	unused  504	usage  520 / 1024 (50 %)
[+    2.81] 0x7001fa88 tx_q[0]                          (real size 2048):	unused 1424	usage  624 / 2048 (30 %)
[+    2.81] 0x7001f980 rx_q[0]                          (real size 2560):	unused 1392	usage 1168 / 2560 (45 %)
[+    2.81] 0x7001f7a0 net_mgmt                         (real size 2048):	unused 1456	usage  592 / 2048 (28 %)
[+    2.81] 0x70022368 tcp_work                         (real size 1024):	unused  696	usage  328 / 1024 (32 %)
[+    2.81] 0x20004d18 usbd                             (real size 1024):	unused  416	usage  608 / 1024 (59 %)
[+    2.91] 0x20003c10 shell_uart                       (real size 4096):	unused 3016	usage 1080 / 4096 (26 %)
[+    2.91] 0x701a6020                                  (real size 4096):	unused 3728	usage  368 / 4096 ( 8 %)
[+    2.91] 0x701a6100 esp_hosted_tx                    (real size 4096):	unused 3880	usage  216 / 4096 ( 5 %)
[+    2.91] 0x20005428 otgfs@42040000                   (real size  512):	unused  240	usage  272 /  512 (53 %)
[+    2.91] 0x7001b6d8 logging                          (real size 2048):	unused 1456	usage  592 / 2048 (28 %)
[+    2.91] 0x20006248 sysworkq                         (real size 4096):	unused 3328	usage  768 / 4096 (18 %)
[+    2.91] 0x20006048 idle                             (real size  320):	unused  216	usage  104 /  320 (32 %)
[+    2.91] 0x20006128 main                             (real size 2048):	unused  600	usage 1448 / 2048 (70 %)
[+    2.91] 0x2000c420 IRQ 00                           (real size 2048):	unused 1736	usage  312 / 2048 (15 %)
[+    3.01] [1;32muart:~$ [m[8D[J[00:00:08.803,000] [1;31m<err> eth_w5500: W5500 receive state inconsistent (header 65535, 65535 buffered): socket reopened[0m
[+    3.01] [1;32muart:~$ [m[8D[J[1;32muart:~$ [m[8D[J[00:00:09.003,000] [1;31m<err> eth_w5500: W5500 receive state inconsistent (header 65535, 65535 buffered): socket reopened[0m
[+    3.11] [1;32muart:~$ [m[8D[J[1;32muart:~$ [m[8D[J[00:00:09.204,000] [1;31m<err> eth_w5500: W5500 receive state inconsistent (header 65535, 65535 buffered): socket reopened[0m
[+    3.11] [1;32muart:~$ [m[8D[J[1;32muart:~$ [m[8D[J[00:00:09.405,000] [1;31m<err> eth_w5500: W5500 receive state inconsistent (header 65535, 65535 buffered): socket reopened[0m
[+    5.46] [1;32muart:~$ [m[8D[J[1;32muart:~$ [m[8D[J[00:00:13.497,000] [0m<inf> chip: [SVR]Initializing session resumption storage...[0m
[+    5.46] [1;32muart:~$ [m[8D[J[1;32muart:~$ [m[8D[J[00:00:13.500,000] [0m<inf> chip: [SVR]Server initializing...[0m
[+    5.46] [1;32muart:~$ [m[8D[J[1;32muart:~$ [m[8D[J[00:00:13.501,000] [0m<dbg> chip.LogV: [FP]Initializing FabricTable from persistent storage[0m
[+    5.46] [1;32muart:~$ [m[8D[J[1;32muart:~$ [m[8D[J[00:00:14.241,000] [0m<inf> chip: [TS]Last Known Good Time: 2023-10-14T01:16:48[0m
[+    5.77] [1;32muart:~$ [m[8D[J[1;32muart:~$ [mkernel heap
[+    5.77] kernel - Kernel commands
[+    5.77] Subcommands:
[+    5.88]   cycles     : Kernel cycles.
[+    5.88]   log_level  : <module name> <severity (0-4)>
[+    5.88]   reboot     : Reboot.
[+    5.88]   sleep      : ms
[+    5.88]   thread     : Kernel threads.
[+    5.88]   uptime     : Kernel uptime. Can be called with the -p or --pretty options
[+    5.88]   version    : Kernel version.
[+    6.83] ==== host: stacks
[+    6.84] [1;32muart:~$ [m[8D[J[00:00:14.907,000] [1;33m<wrn> net_if: iface 1 pkt 0x7017b764 send failure status -5[0m
[+    6.84] [1;32muart:~$ [m[8D[J[1;32muart:~$ [mcoproc logs
[+    6.94] stm32: records 50, used 4368 of 262144 B, appended 50, overwritten 0, lost backend 0, lost uart 0
[+    6.94] esp32: records 4380, used 262136 of 262144 B, appended 5562, overwritten 1182, lost backend 0, lost uart 3
[+    6.94] lock: append hold max 3125 us, append wait max 697406 us, read hold max 342 us
[+    6.94] next seq 5613
