[+    0.62] ==== host: device up
[+    2.67] ==== host: login
[+    2.78] ==== host: system
[+    2.88] ==== host: status before
[+    3.10] coproc dtr off
[+    3.10] dtr follow off
[+    3.20] [1;32muart:~$ [m[8D[J[00:02:17.335,000] [1;31m<err> eth_w5500: W5500 receive state inconsistent (header 65535, 65535 buffered): socket reopened[0m
[+    3.20] [1;32muart:~$ [m[8D[J[1;32muart:~$ [mcoproc mode bridge
[+    3.31] coproc mode bridge: 0 in 100 ms
[+    3.59] ==== host: shell: console -> usb_bridge
[+    8.64] ==== host: host reads the CDC for 5 s
[+   26.88] [1;32muart:~$ [mkernel uptime
[+   27.53] Uptime: 163780 ms
[+   29.79] [1;32muart:~$ [m[8D[J[00:02:24.658,000] [1;31m<err> eth_w5500: W5500 receive state inconsistent (header 65535, 65535 buffered): socket reopened[0m
[+   33.99] [1;32muart:~$ [m[8D[J[1;32muart:~$ [m[8D[J[00:02:24.859,000] [1;31m<err> eth_w5500: W5500 receive state inconsistent (header 65535, 65535 buffered): socket reopened[0m
[+   34.61] [1;32muart:~$ [mkernel uptime
[+   34.61] Uptime: 171558 ms
[+   37.56] [1;32muart:~$ [m[8D[J[00:02:25.061,000] [1;31m<err> eth_w5500: W5500 receive state inconsistent (header 65535, 65535 buffered): socket reopened[0m
[+   41.39] [1;32muart:~$ [m[8D[J[1;32muart:~$ [m[8D[J[00:02:25.263,000] [1;31m<err> eth_w5500: W5500 receive state inconsistent (header 65535, 65535 buffered): socket reopened[0m
[+   42.11] [1;32muart:~$ [mkernel uptime
[+   42.11] Uptime: 178998 ms
[+   44.97] [1;32muart:~$ [m[8D[J[00:02:27.574,000] [1;31m<err> eth_w5500: W5500 receive state inconsistent (header 65535, 65535 buffered): socket reopened[0m
[+   49.18] [1;32muart:~$ [m[8D[J[1;32muart:~$ [m[8D[J[00:02:27.775,000] [1;31m<err> eth_w5500: W5500 receive state inconsistent (header 65535, 65535 buffered): socket reopened[0m
[+   49.48] [1;32muart:~$ [mkernel uptime
[+   49.48] Uptime: 186435 ms
[+   52.43] [1;32muart:~$ [m[8D[J[00:02:27.977,000] [1;31m<err> eth_w5500: W5500 receive state inconsistent (header 65535, 65535 buffered): socket reopened[0m
[+   56.64] [1;32muart:~$ [m[8D[J[1;32muart:~$ [m[8D[J[00:02:28.179,000] [1;31m<err> eth_w5500: W5500 receive state inconsistent (header 65535, 65535 buffered): socket reopened[0m
[+   57.28] [1;32muart:~$ [mkernel uptime
[+   57.89] Uptime: 194209 ms
[+   76.44] [1;32muart:~$ [mkernel uptime
[+   76.44] Uptime: 213334 ms
[+   79.32] [1;32muart:~$ [m[8D[J[00:02:30.490,000] [1;31m<err> eth_w5500: W5500 receive state inconsistent (header 65535, 65535 buffered): socket reopened[0m
[+   83.52] [1;32muart:~$ [m[8D[J[1;32muart:~$ [m[8D[J[00:02:30.692,000] [1;31m<err> eth_w5500: W5500 receive state inconsistent (header 65535, 65535 buffered): socket reopened[0m
[+   84.16] [1;32muart:~$ [mkernel upime
[+   84.16] kernel - Kernel commands
[+   84.48] Subcommands:
[+   84.48]   cycles     : Kernel cycles.
[+   85.74]   log_level  : <module name> <severity (0-4)>
[+   85.74]   reboot     : Reboot.
[+   86.49]   sleep      : ms
[+   86.49]   thread     : Kernel threads.
[+   87.46]   uptime     : Kernel uptime. Can be called with the -p or --pretty options
[+   88.10]   version    : Kernel version.
[+   90.97] [1;32muart:~$ [m[8D[J[00:02:30.894,000] [1;31m<err> eth_w5500: W5500 receive state inconsistent (header 65535, 65535 buffered): socket reopened[0m
[+   91.62] [1;32muart:~$ [mkernel uptime
[+   92.26] Uptime: 228572 ms
[+   95.21] [1;32muart:~$ [m[8D[J[00:02:31.095,000] [1;31m<err> eth_w5500: W5500 receive state inconsistent (header 65535, 65535 buffered): socket reopened[0m
[+  102.01] [1;32muart:~$ [m[8D[J[1;32muart:~$ [mkernel uptime
[+  102.63] Uptime: 238949 ms
[+  104.92] [1;32muart:~$ [m[8D[J[00:02:33.410,000] [1;31m<err> eth_w5500: W5500 receive state inconsistent (header 65535, 65535 buffered): socket reopened[0m
[+  108.34] [1;32muart:~$ [m[8D[J[1;32muart:~$ [m[8D[J[00:02:33.612,000] [1;31m<err> eth_w5500: W5500 receive state inconsistent (header 65535, 65535 buffered): socket reopened[0m
[+  108.34] [1;32muart:~$ [mkernel uptime
[+  108.34] Uptime: 245261 ms
[+  108.34] [1;32muart:~$ [m[8D[J[00:02:33.813,000] [1;31m<err> eth_w5500: W5500 receive state inconsistent (header 65535, 65535 buffered): socket reopened[0m
[+  108.34] [1;32muart:~$ [m[8D[J[1;32muart:~$ [m[8D[J[00:02:34.015,000] [1;31m<err> eth_w5500: W5500 receive state inconsistent (header 65535, 65535 buffered): socket reopened[0m
[+  108.44] [1;32muart:~$ [m[8D[J[1;32muart:~$ [m[8D[J[00:02:36.329,000] [1;31m<err> eth_w5500: W5500 receive state inconsistent (header 65535, 65535 buffered): socket reopened[0m
[+  108.44] [1;32muart:~$ [m[8D[J[1;32muart:~$ [m[8D[J[00:02:36.530,000] [1;31m<err> eth_w5500: W5500 receive state inconsistent (header 65535, 65535 buffered): socket reopened[0m
[+  108.44] [1;32muart:~$ [m[8D[J[1;32muart:~$ [m[8D[J[00:02:36.732,000] [1;31m<err> eth_w5500: W5500 receive state inconsistent (header 65535, 65535 buffered): socket reopened[0m
[+  108.44] [1;32muart:~$ [m[8D[J[1;32muart:~$ [m[8D[J[00:02:36.934,000] [1;31m<err> eth_w5500: W5500 receive state inconsistent (header 65535, 65535 buffered): socket reopened[0m
[+  108.54] [1;32muart:~$ [m[8D[J[1;32muart:~$ [m[8D[J[00:02:39.247,000] [1;31m<err> eth_w5500: W5500 receive state inconsistent (header 65535, 65535 buffered): socket reopened[0m
[+  108.54] [1;32muart:~$ [m[8D[J[1;32muart:~$ [m[8D[J[00:02:39.449,000] [1;31m<err> eth_w5500: W5500 receive state inconsistent (header 65535, 65535 buffered): socket reopened[0m
[+  108.54] [1;32muart:~$ [m[8D[J[1;32muart:~$ [m[8D[J[00:02:39.650,000] [1;31m<err> eth_w5500: W5500 receive state inconsistent (header 65535, 65535 buffered): socket reopened[0m
[+  108.54] [1;32muart:~$ [m[8D[J[1;32muart:~$ [m[8D[J[00:02:39.852,000] [1;31m<err> eth_w5500: W5500 receive state inconsistent (header 65535, 65535 buffered): socket reopened[0m
[+  108.64] [1;32muart:~$ [m[8D[J[1;32muart:~$ [m[8D[J[00:02:42.164,000] [1;31m<err> eth_w5500: W5500 receive state inconsistent (header 65535, 65535 buffered): socket reopened[0m
[+  108.64] [1;32muart:~$ [m[8D[J[1;32muart:~$ [m[8D[J[00:02:42.366,000] [1;31m<err> eth_w5500: W5500 receive state inconsistent (header 65535, 65535 buffered): socket reopened[0m
[+  108.64] [1;32muart:~$ [m[8D[J[1;32muart:~$ [m[8D[J[00:02:42.567,000] [1;31m<err> eth_w5500: W5500 receive state inconsistent (header 65535, 65535 buffered): socket reopened[0m
[+  108.64] [1;32muart:~$ [m[8D[J[1;32muart:~$ [m[8D[J[00:02:42.769,000] [1;31m<err> eth_w5500: W5500 receive state inconsistent (header 65535, 65535 buffered): socket reopened[0m
[+  108.74] [1;32muart:~$ [m[8D[J[1;32muart:~$ [m[8D[J[00:03:17.124,000] [1;31m<err> eth_w5500: W5500 receive state inconsistent (header 65535, 65535 buffered): socket reopened[0m
[+  108.74] [1;32muart:~$ [m[8D[J[1;32muart:~$ [m[8D[J[00:03:17.326,000] [1;31m<err> eth_w5500: W5500 receive state inconsistent (header 65535, 65535 buffered): socket reopened[0m
[+  108.74] [1;32muart:~$ [m[8D[J[1;32muart:~$ [m[8D[J[00:03:17.527,000] [1;31m<err> eth_w5500: W5500 receive state inconsistent (header 65535, 65535 buffered): socket reopened[0m
[+  108.74] [1;32muart:~$ [m[8D[J[1;32muart:~$ [m[8D[J[00:03:17.729,000] [1;31m<err> eth_w5500: W5500 receive state inconsistent (header 65535, 65535 buffered): socket reopened[0m
[+  108.84] [1;32muart:~$ [m[8D[J[1;32muart:~$ [m[8D[J[00:03:20.038,000] [1;31m<err> eth_w5500: W5500 receive state inconsistent (header 65535, 65535 buffered): socket reopened[0m
[+  108.84] [1;32muart:~$ [m[8D[J[1;32muart:~$ [m[8D[J[00:03:20.239,000] [1;31m<err> eth_w5500: W5500 receive state inconsistent (header 65535, 65535 buffered): socket reopened[0m
[+  108.84] [1;32muart:~$ [m[8D[J[1;32muart:~$ [m[8D[J[00:03:20.441,000] [1;31m<err> eth_w5500: W5500 receive state inconsistent (header 65535, 65535 buffered): socket reopened[0m
[+  108.84] [1;32muart:~$ [m[8D[J[1;32muart:~$ [m[8D[J[00:03:20.642,000] [1;31m<err> eth_w5500: W5500 receive state inconsistent (header 65535, 65535 buffered): socket reopened[0m
[+  108.94] [1;32muart:~$ [m[8D[J[1;32muart:~$ [m[8D[J[00:03:22.954,000] [1;31m<err> eth_w5500: W5500 receive state inconsistent (header 65535, 65535 buffered): socket reopened[0m
[+  108.94] [1;32muart:~$ [m[8D[J[1;32muart:~$ [m[8D[J[00:03:23.156,000] [1;31m<err> eth_w5500: W5500 receive state inconsistent (header 65535, 65535 buffered): socket reopened[0m
[+  108.94] [1;32muart:~$ [m[8D[J[1;32muart:~$ [m[8D[J[00:03:23.357,000] [1;31m<err> eth_w5500: W5500 receive state inconsistent (header 65535, 65535 buffered): socket reopened[0m
[+  108.94] [1;32muart:~$ [m[8D[J[1;32muart:~$ [m[8D[J[00:03:23.559,000] [1;31m<err> eth_w5500: W5500 receive state inconsistent (header 65535, 65535 buffered): socket reopened[0m
[+  109.04] [1;32muart:~$ [m[8D[J[1;32muart:~$ [m[8D[J[00:03:25.874,000] [1;31m<err> eth_w5500: W5500 receive state inconsistent (header 65535, 65535 buffered): socket reopened[0m
[+  109.04] [1;32muart:~$ [m[8D[J[1;32muart:~$ [m[8D[J[00:03:26.076,000] [1;31m<err> eth_w5500: W5500 receive state inconsistent (header 65535, 65535 buffered): socket reopened[0m
[+  109.04] [1;32muart:~$ [m[8D[J[1;32muart:~$ [m[8D[J[00:03:26.277,000] [1;31m<err> eth_w5500: W5500 receive state inconsistent (header 65535, 65535 buffered): socket reopened[0m
[+  109.04] [1;32muart:~$ [m[8D[J[1;32muart:~$ [m[8D[J[00:03:26.479,000] [1;31m<err> eth_w5500: W5500 receive state inconsistent (header 65535, 65535 buffered): socket reopened[0m
[+  109.14] [1;32muart:~$ [m[8D[J[1;32muart:~$ [m[8D[J[00:03:29.440,000] [1;31m<err> eth_w5500: W5500 receive state inconsistent (header 65535, 65535 buffered): socket reopened[0m
[+  109.14] [1;32muart:~$ [m[8D[J[1;32muart:~$ [m[8D[J[00:03:32.362,000] [1;31m<err> eth_w5500: W5500 receive state inconsistent (header 65535, 65535 buffered): socket reopened[0m
[+  109.14] [1;32muart:~$ [m[8D[J[1;32muart:~$ [m[8D[J[00:03:32.563,000] [1;31m<err> eth_w5500: W5500 receive state inconsistent (header 65535, 65535 buffered): socket reopened[0m
[+  109.14] [1;32muart:~$ [m[8D[J[1;32muart:~$ [m[8D[J[00:03:55.057,000] [1;31m<err> eth_w5500: W5500 receive state inconsistent (header 65535, 65535 buffered): socket reopened[0m
[+  109.25] [1;32muart:~$ [m[8D[J[1;32muart:~$ [m[8D[J[00:03:55.258,000] [1;31m<err> eth_w5500: W5500 receive state inconsistent (header 65535, 65535 buffered): socket reopened[0m
[+  109.25] [1;32muart:~$ [m[8D[J[1;32muart:~$ [m[8D[J[00:03:55.460,000] [1;31m<err> eth_w5500: W5500 receive state inconsistent (header 65535, 65535 buffered): socket reopened[0m
[+  109.25] [1;32muart:~$ [m[8D[J[1;32muart:~$ [m[8D[J[00:03:55.662,000] [1;31m<err> eth_w5500: W5500 receive state inconsistent (header 65535, 65535 buffered): socket reopened[0m
[+  109.25] [1;32muart:~$ [m[8D[J[1;32muart:~$ [m[8D[J[00:03:57.978,000] [1;31m<err> eth_w5500: W5500 receive state inconsistent (header 65535, 65535 buffered): socket reopened[0m
[+  109.35] [1;32muart:~$ [m[8D[J[1;32muart:~$ [m[8D[J[00:03:58.180,000] [1;31m<err> eth_w5500: W5500 receive state inconsistent (header 65535, 65535 buffered): socket reopened[0m
[+  109.35] [1;32muart:~$ [m[8D[J[1;32muart:~$ [m[8D[J[00:03:58.381,000] [1;31m<err> eth_w5500: W5500 receive state inconsistent (header 65535, 65535 buffered): socket reopened[0m
[+  109.35] [1;32muart:~$ [m[8D[J[1;32muart:~$ [m[8D[J[00:03:58.583,000] [1;31m<err> eth_w5500: W5500 receive state inconsistent (header 65535, 65535 buffered): socket reopened[0m
[+  113.62] [1;32muart:~$ [m[8D[J[1;32muart:~$ [mkernel uptime
[+  113.62] Uptime: 250513 ms
[+  118.91] [1;32muart:~$ [mkernel uptime
[+  118.91] Uptime: 255819 ms
[+  123.67] [1;32muart:~$ [m[8D[J[00:04:19.623,000] [1;31m<err> eth_w5500: W5500 receive state inconsistent (header 65535, 65535 buffered): socket reopened[0m
[+  123.67] [1;32muart:~$ [m[8D[J[1;32muart:~$ [m[8D[J[00:04:19.824,000] [1;31m<err> eth_w5500: W5500 receive state inconsistent (header 65535, 65535 buffered): socket reopened[0m
[+  123.98] [1;32muart:~$ [m[8D[J[1;32muart:~$ [mcoproc status
[+  123.98] uart_mode usb_bridge, generation 233, transport down, dtr follow off
[+  123.98] switches 1, rx stop failures 0, last switch error 0, resets 0 (unexpected 232)
[+  123.98] rx bytes 2952155, rx activity 2952106, console ring overflows 3 (2876 bytes lost, 0 pending)
[+  123.98] bridge dropped to host 275365, to chip 0; host bytes discarded 0
[+  123.98] lines 56460, truncated 2, replacements 231, escapes 0, idle flushes 0, overflows 3
[+  123.98] ==== host: host not reading the CDC for 60 s
[+  124.08] [1;32muart:~$ [mcoproc mode console
[+  124.08] coproc mode console: 0 in 11 ms
[+  124.19] ==== host: shell: usb_bridge -> console
[+  126.21] [1;32muart:~$ [mcoproc mode flashing
[+  126.32] coproc mode flashing: 0 in 10 ms
[+  126.51] ==== host: shell: console -> flashing (stand-in)
[+  129.43] [1;32muart:~$ [m[8D[J[00:04:25.315,000] [1;31m<err> eth_w5500: W5500 receive state inconsistent (header 65535, 65535 buffered): socket reopened[0m
[+  129.43] [1;32muart:~$ [m[8D[J[1;32muart:~$ [m[8D[J[00:04:25.516,000] [1;31m<err> eth_w5500: W5500 receive state inconsistent (header 65535, 65535 buffered): socket reopened[0m
[+  129.43] [1;32muart:~$ [m[8D[J[1;32muart:~$ [m[8D[J[00:04:25.716,000] [1;31m<err> eth_w5500: W5500 receive state inconsistent (header 65535, 65535 buffered): socket reopened[0m
[+  129.53] [1;32muart:~$ [m[8D[J[1;32muart:~$ [mcoprocmode console
[+  129.53] [1;31mcoprocmode: command not found
[+  134.62] [m[1;32muart:~$ [mcoproc mode console
[+  134.62] coproc mode console: 0 in 11 ms
[+  135.73] ==== host: shell: flashing -> console
[+  135.79] [1;32muart:~$ [m[8D[J[00:04:31.647,000] [1;31m<err> eth_w5500: W5500 receive state inconsistent (header 65535, 65535 buffered): socket reopened[0m
[+  138.80] ==== host: markers
[+  138.89] [1;32muart:~$ [m[8D[J[1;32muart:~$ [mcoproc dtr on
[+  138.89] dtr follow on
[+  139.72] ==== host: DTR high
[+  140.60] [1;32muart:~$ [m[8D[J[00:04:36.548,000] [0m<inf> coprocessor_service: USB host opened the CDC: bridge on (0)[0m
[+  141.12] ==== host: DTR low
[+  141.25] [1;32muart:~$ [m[8D[J[1;32muart:~$ [mcoproc logs
[+  141.25] stm32: records 182, used 18908 of 262144 B, appended 182, overwritten 0, lost backend 0, lost uart 0
[+  141.25] esp32: records 4379, used 262136 of 262144 B, appended 59332, overwritten 54953, lost backend 0, lost uart 4
[+  141.25] lock: append hold max 19098 us, append wait max 697406 us, read hold max 342 us
[+  141.25] next seq 59515
