# image sha256 2e2f30b52e14d4f97610f128300914946ac4a1ef1d5d7c6f881ce553fbea4ec8
I: Detected ESP-PSRAM64H (ID D 5D 46 A1 21)
I: PSRAM initialised in QPI mode, 8192 KB
*** Using Zephyr OS build v4.4.0-12983-gb6a5e6e8aa90 ***
I: Starting bootloader
[m
[1;32muart:~$ [mI: ICACHE alias: 0x02000000 -> 0x90000000 (4MB)
I: 0x90000000..0x9000001F:
I: 3d b8 f3 96 0 0 0 0 0 4 0 0 20 b1 14 0
I: 0 0 0 0 0 0 0 0 0 0 0 0 0 0 0 0
I: Alias[0x02000000..0x0200001F]:
I: 3d b8 f3 96 0 0 0 0 0 4 0 0 20 b1 14 0
I: 0 0 0 0 0 0 0 0 0 0 0 0 0 0 0 0
I: PSRAM 0x70000000..0x7000001F:
I: 8 ae 11 2 78 c9 1 70 68 96 11 2 ec e 0 70
I: cc 95 11 2 50 96 11 2 0 0 0 0 90 c7 13 2
I: PSRAM write/read: PASS
I: Primary image: magic=unset, swap_type=0x1, copy_done=0x3, image_ok=0x3
I: Scratch: magic=unset, swap_type=0x1, copy_done=0x3, image_ok=0x3
I: Boot source: primary slot
I: Image index: 0, Swap type: none
I: Bootloader chainload address offset: 0x0
I: Image version: v0.0.0
I: Jumping to the first image slot
[m
[1;32muart:~$ [m[8D[J[00:00:01.655,000] [1;33m<wrn> esp_hosted_mcu_core: coprocessor firmware version unknown, expected v3.0.0[0m
[1;32muart:~$ [m[8D[J[1;32muart:~$ [m[8D[J[00:00:01.655,000] [1;31m<err> mb85rsxx: invalid device ID: 00 00 00 00[0m
[1;32muart:~$ [m[8D[J[1;32muart:~$ [m[8D[J[00:00:01.655,000] [1;31m<err> mb85rsxx: Failed to initialize device, RDID check failed (err -5)[0m
[1;32muart:~$ [m[8D[J[1;32muart:~$ [m[8D[J[00:00:01.655,000] [0m<inf> eth_w5500: ETH_W5500: interrupt mode[0m
[1;32muart:~$ [m[8D[J[1;32muart:~$ [m[8D[J[00:00:01.664,000] [0m<inf> eth_w5500: W5500 Initialized[0m
[1;32muart:~$ [m[8D[J[1;32muart:~$ [m[8D[J[00:00:01.665,000] [0m<inf> spi_nor: SPI_FLASH: SFDP v 1.5 AP ff with 1 PH[0m
[1;32muart:~$ [m[8D[J[1;32muart:~$ [m[8D[J[00:00:01.665,000] [0m<inf> spi_nor: PH0: ff00 rev 1.5: 16 DW @ 80[0m
[1;32muart:~$ [m[8D[J[1;32muart:~$ [m[8D[J[00:00:01.665,000] [0m<inf> spi_nor: SPI_FLASH: 16 MiBy flash[0m
[1;32muart:~$ [m[8D[J[1;32muart:~$ [m[8D[J[00:00:01.768,000] [1;31m<err> esp_hosted_mcu: coprocessor WifiInit failed[0m
[1;32muart:~$ [m[8D[J[1;32muart:~$ [m[8D[J[00:00:01.771,000] [1;31m<err> net_if: Iface 0x20002fe8 device not ready[0m
[1;32muart:~$ [m[8D[J[1;32muart:~$ [m[8D[J[00:00:01.773,000] [1;31m<err> net_ethernet: Invalid MAC address for iface 1 (0x20002eb0)[0m
[1;32muart:~$ [m[8D[J[1;32muart:~$ [m[8D[J[00:00:01.773,000] [0m<inf> littlefs: LittleFS version 2.11, disk version 2.1[0m
[1;32muart:~$ [m[8D[J[1;32muart:~$ [m[8D[J[00:00:01.774,000] [0m<inf> littlefs: FS at SPI_FLASH:0xa00000 is 1280 0x1000-byte blocks with 1024 cycle[0m
[1;32muart:~$ [m[8D[J[1;32muart:~$ [m[8D[J[00:00:01.774,000] [0m<inf> littlefs: partition sizes: rd 256 ; pr 256 ; ca 2048 ; la 256[0m
[1;32muart:~$ [m[8D[J[1;32muart:~$ [m[8D[J*** Booting Zephyr OS build v4.4.0-12983-gb6a5e6e8aa90 ***
[1;32muart:~$ [m[8D[J[1;32muart:~$ [m[8D[J[00:00:02.045,000] [0m<inf> shell_telnet: Telnet shell backend initialized[0m
[1;32muart:~$ [m[8D[J[1;32muart:~$ [m[8D[J[00:00:02.046,000] [0m<inf> main_app: Start main app (build: Sep 14 2026 02:01:36) version 8[0m
[1;32muart:~$ [m[8D[J[1;32muart:~$ [m[8D[J[00:00:02.046,000] [0m<inf> main_app: PSRAM @0x7025d690: write/read 1024 words OK[0m
[1;32muart:~$ [m[8D[J[1;32muart:~$ [m[8D[J[00:00:02.204,000] [0m<inf> settings_registry: 10 keys registered, 0 rejected[0m
[1;32muart:~$ [m[8D[J[1;32muart:~$ [m[8D[J[00:00:02.204,000] [0m<inf> io: Start io init[0m
[1;32muart:~$ [m[8D[J[1;32muart:~$ [m[8D[J[00:00:02.210,000] [0m<inf> net_init: EEPROM MAC: 80:34:28:10:6a:1d[0m
[1;32muart:~$ [m[8D[J[1;32muart:~$ [m[8D[J[00:00:02.210,000] [0m<inf> eth_w5500: ETH_W5500 MAC set to 80:34:28:10:6a:1d[0m
[1;32muart:~$ [m[8D[J[1;32muart:~$ [m[8D[J[00:00:02.211,000] [0m<inf> net_init: Network interface up with MAC 80:34:28:10:6a:1d[0m
[1;32muart:~$ [m[8D[J[1;32muart:~$ [m[8D[J[00:00:02.213,000] [0m<inf> io: Start io outputs task[0m
[1;32muart:~$ [m[8D[J[1;32muart:~$ [m[8D[J[00:00:03.051,000] [0m<inf> device_config_store: configuration loaded, revision 8[0m
[1;32muart:~$ [m[8D[J[1;32muart:~$ [m[8D[J[00:00:03.052,000] [0m<inf> network_service: network configuration revision 8: clean (837 ms)[0m
[1;32muart:~$ [m[8D[J[1;32muart:~$ [m[8D[J[00:00:03.052,000] [0m<inf> net_adapter: Ethernet found, Wi-Fi coprocessor missing[0m
[1;32muart:~$ [m[8D[J[1;32muart:~$ [m[8D[J[00:00:03.273,000] [0m<inf> eth_w5500: ETH_W5500: Link speed 100 Mb, full duplex[0m
[1;32muart:~$ [m[8D[J[1;32muart:~$ [m[8D[J[00:00:03.490,000] [0m<inf> matter: IPv6 address added, starting Matter[0m
[1;32muart:~$ [m[8D[J[1;32muart:~$ [m[8D[J[00:00:03.609,000] [0m<inf> network_service: boot 1 of 5 in a row shorter than 30 s[0m
[1;32muart:~$ [m[8D[J[1;32muart:~$ [m[8D[J[00:00:03.610,000] [0m<inf> network_service: worker stack: 4936 of 8192 bytes never used[0m
[1;32muart:~$ [m[8D[J[1;32muart:~$ [m[8D[J[00:00:03.902,000] [0m<inf> web_server: web interface cedar-2037394c3543501200210047, firmware 4582fe45da06-dirty, frontend 0.1.0+4582fe45da06-dirty, boot_9d3c4116c685284c[0m
[1;32muart:~$ [m[8D[J[1;32muart:~$ [m[8D[J[00:00:03.910,000] [0m<inf> net_adapter: ethernet: DHCP[0m
[1;32muart:~$ [m[8D[J[1;32muart:~$ [m[8D[J[00:00:04.335,000] [0m<inf> matter: Init CHIP stack[0m
[1;32muart:~$ [m[8D[J[1;32muart:~$ [m[8D[J[00:00:04.617,000] [0m<inf> eth_w5500: ETH_W5500: Link speed 100 Mb, full duplex[0m
[1;32muart:~$ [m[8D[J[1;32muart:~$ [m[8D[J[00:00:04.638,000] [0m<inf> matter: IPv6 address added, starting Matter[0m
[1;32muart:~$ [m[8D[J[1;32muart:~$ [m[8D[J[00:00:04.638,000] [0m<inf> matter: Matter start work already submitted[0m
[1;32muart:~$ [m[8D[J[1;32muart:~$ [m[8D[J[00:00:04.690,000] [0m<inf> net_dhcpv4: Received: 192.168.88.13[0m
[1;32muart:~$ [m[8D[J[1;32muart:~$ [m[8D[J[00:00:04.696,000] [0m<inf> network_manager: default route via ethernet[0m
[1;32muart:~$ [m[8D[J[1;32muart:~$ [m[8D[J[00:00:08.537,000] [0m<inf> chip: [SVR]Initializing session resumption storage...[0m
[1;32muart:~$ [m[8D[J[1;32muart:~$ [m[8D[J[00:00:08.539,000] [0m<inf> chip: [SVR]Server initializing...[0m
[1;32muart:~$ [m[8D[J[1;32muart:~$ [m[8D[J[00:00:08.540,000] [0m<dbg> chip.LogV: [FP]Initializing FabricTable from persistent storage[0m
[1;32muart:~$ [m[8D[J[1;32muart:~$ [m[8D[J[00:00:09.306,000] [1;31m<err> eth_w5500: W5500 receive state inconsistent (header 65535, 65535 buffered): socket reopened[0m
[1;32muart:~$ [m[8D[J[1;32muart:~$ [m[8D[J[00:00:09.511,000] [0m<inf> chip: [TS]Last Known Good Time: 2023-10-14T01:16:48[0m
[1;32muart:~$ [m[8D[J[1;32muart:~$ [m[8D[J[00:00:11.302,000] [0m<inf> chip: [DMG]AccessControl: initializing[0m
[1;32muart:~$ [m[8D[J[1;32muart:~$ [m[8D[J[00:00:11.302,000] [0m<inf> chip: [DMG]Examples::AccessControlDelegate::Init[0m
[1;32muart:~$ [m[8D[J[1;32muart:~$ [m[8D[J[00:00:11.303,000] [0m<inf> chip: [DMG]AccessControl: setting[0m
[1;32muart:~$ [m[8D[J[1;32muart:~$ [m[8D[J[00:00:11.305,000] [0m<inf> chip: [DMG]DefaultAclStorage: initializing[0m
[1;32muart:~$ [m[8D[J[1;32muart:~$ [m[8D[J[00:00:11.305,000] [0m<inf> chip: [DMG]DefaultAclStorage: 0 entries loaded[0m
[1;32muart:~$ [m[8D[J[1;32muart:~$ [m[8D[J[00:00:11.306,000] [0m<inf> chip: [SVR]WARNING: mTestEventTriggerDelegate is null[0m
[1;32muart:~$ [m[8D[J[1;32muart:~$ [m[8D[J[00:00:11.307,000] [0m<dbg> chip.LogV: [IN]UDP::Init bind&listen port=5540[0m
[1;32muart:~$ [m[8D[J[1;32muart:~$ [m[8D[J[00:00:11.314,000] [0m<dbg> chip.LogV: [IN]UDP::Init bound to port=5540[0m
[1;32muart:~$ [m[8D[J[1;32muart:~$ [m[8D[J[00:00:11.314,000] [0m<dbg> chip.LogV: [IN]TransportMgr initialized[0m
[1;32muart:~$ [m[8D[J[1;32muart:~$ [m[8D[J[00:00:12.971,000] [0m<inf> matter: IPv6 address added, starting Matter[0m
[1;32muart:~$ [m[8D[J[1;32muart:~$ [m[8D[J[00:00:12.971,000] [0m<inf> matter: Matter start work already submitted[0m
[1;32muart:~$ [m[8D[J[1;32muart:~$ [m[8D[J[00:00:15.792,000] [0m<inf> chip: [ZCL]Using ZAP configuration...[0m
[1;32muart:~$ [m[8D[J[1;32muart:~$ [m[8D[J[00:00:16.627,000] [0m<dbg> chip.LogV: [DMG]Failed to read stored attribute (1, 0x0000_0006, 0x0000_0000: a0[0m
[1;32muart:~$ [m[8D[J[1;32muart:~$ [m[8D[J[00:00:17.527,000] [0m<dbg> chip.LogV: [DMG]Failed to read stored attribute (1, 0x0000_0006, 0x0000_4003: a0[0m
[1;32muart:~$ [m[8D[J[1;32muart:~$ [m[8D[J[00:00:18.035,000] [1;31m<err> eth_w5500: W5500 receive state inconsistent (header 65535, 65535 buffered): socket reopened[0m
[1;32muart:~$ [m[8D[J[1;32muart:~$ [m[8D[J[00:00:18.460,000] [0m<dbg> chip.LogV: [DMG]Failed to read stored attribute (2, 0x0000_0006, 0x0000_0000: a0[0m
[1;32muart:~$ [m[8D[J[1;32muart:~$ [m[8D[J[00:00:19.385,000] [0m<dbg> chip.LogV: [DMG]Failed to read stored attribute (2, 0x0000_0006, 0x0000_4003: a0[0m
[1;32muart:~$ [m[8D[J[1;32muart:~$ [m[8D[J[00:00:20.225,000] [0m<dbg> chip.LogV: [DMG]Failed to read stored attribute (3, 0x0000_0006, 0x0000_0000: a0[0m
[1;32muart:~$ [m[8D[J[1;32muart:~$ [m[8D[J[00:00:20.703,000] [1;31m<err> eth_w5500: W5500 receive state inconsistent (header 65535, 65535 buffered): socket reopened[0m
[1;32muart:~$ [m[8D[J[1;32muart:~$ [m[8D[J[00:00:20.904,000] [1;31m<err> eth_w5500: W5500 receive state inconsistent (header 65535, 65535 buffered): socket reopened[0m
[1;32muart:~$ [m[8D[J[1;32muart:~$ [m[8D[J[00:00:21.482,000] [0m<dbg> chip.LogV: [DMG]Failed to read stored attribute (3, 0x0000_0006, 0x0000_4003: a0[0m
[1;32muart:~$ [m[8D[J[1;32muart:~$ [m[8D[J[00:00:22.399,000] [0m<dbg> chip.LogV: [DMG]Failed to read stored attribute (4, 0x0000_0006, 0x0000_0000: a0[0m
[1;32muart:~$ [m[8D[J[1;32muart:~$ [m[8D[J[00:00:23.245,000] [0m<dbg> chip.LogV: [DMG]Failed to read stored attribute (4, 0x0000_0006, 0x0000_4003: a0[0m
[1;32muart:~$ [m[8D[J[1;32muart:~$ [m[8D[J[00:00:23.252,000] [0m<dbg> chip.LogV: [DL]Boot reason: 1[0m
[1;32muart:~$ [m[8D[J[1;32muart:~$ [m[8D[J[00:00:23.257,000] [0m<inf> chip: [ZCL]Boot reason: 1[0m
[1;32muart:~$ [m[8D[J[1;32muart:~$ [m[8D[J[00:00:23.258,000] [0m<inf> chip: [ZCL]Endpoint 1 On/off already set to new value[0m
[1;32muart:~$ [m[8D[J[1;32muart:~$ [m[8D[J[00:00:23.262,000] [0m<inf> chip: [ZCL]Boot reason: 1[0m
[1;32muart:~$ [m[8D[J[1;32muart:~$ [m[8D[J[00:00:23.264,000] [0m<inf> chip: [ZCL]Endpoint 2 On/off already set to new value[0m
[1;32muart:~$ [m[8D[J[1;32muart:~$ [m[8D[J[00:00:23.267,000] [0m<inf> chip: [ZCL]Boot reason: 1[0m
[1;32muart:~$ [m[8D[J[1;32muart:~$ [m[8D[J[00:00:23.267,000] [0m<inf> chip: [ZCL]Endpoint 3 On/off already set to new value[0m
[1;32muart:~$ [m[8D[J[1;32muart:~$ [m[8D[J[00:00:23.271,000] [0m<inf> chip: [ZCL]Boot reason: 1[0m
[1;32muart:~$ [m[8D[J[1;32muart:~$ [m[8D[J[00:00:23.465,000] [0m<inf> chip: [ZCL]Endpoint 4 On/off already set to new value[0m
[1;32muart:~$ [m[8D[J[1;32muart:~$ [m[8D[J[00:00:23.489,000] [0m<dbg> chip.LogV: [EVL]LogEvent event number: 0x0000000000130000 priority: 2, endpoint id:  0x0 cluster id: 0x0000_0033 event id: 0x3 Sys timestamp: 0x0000000000003A61[0m
[1;32muart:~$ [m[8D[J[1;32muart:~$ [m[8D[J[00:00:25.247,000] [0m<inf> chip: [DMG]AccessControlCluster: initializing[0m
[1;32muart:~$ [m[8D[J[1;32muart:~$ [m[8D[J[00:00:25.250,000] [0m<inf> chip: [DIS]Updating services using commissioning mode 0[0m
[1;32muart:~$ [m[8D[J[1;32muart:~$ [m[8D[J[00:00:25.262,000] [0m<inf> chip: [DIS]CHIP minimal mDNS started advertising.[0m
[1;32muart:~$ [m[8D[J[1;32muart:~$ [m[8D[J[00:00:25.268,000] [0m<inf> chip: [IN]CASE Server enabling CASE session setups[0m
[1;32muart:~$ [m[8D[J[1;32muart:~$ [m[8D[J[00:00:25.270,000] [0m<dbg> chip.LogV: [IN]SecureSession[0x70001730]: Allocated Type:2 LSID:15804[0m
[1;32muart:~$ [m[8D[J[1;32muart:~$ [m[8D[J[00:00:25.271,000] [0m<dbg> chip.LogV: [SC]Allocated SecureSession (0x70001730) - waiting for Sigma1 msg[0m
[1;32muart:~$ [m[8D[J[1;32muart:~$ [m[8D[J[00:00:25.272,000] [0m<inf> chip: [SVR]Joining Multicast groups[0m
[1;32muart:~$ [m[8D[J[1;32muart:~$ [m[8D[J[00:00:25.274,000] [0m<dbg> chip.LogV: [ZCL]Emitting StartUp event[0m
[1;32muart:~$ [m[8D[J[1;32muart:~$ [m[8D[J[00:00:25.280,000] [0m<dbg> chip.LogV: [EVL]LogEvent event number: 0x0000000000130001 priority: 2, endpoint id:  0x0 cluster id: 0x0000_0028 event id: 0x0 Sys timestamp: 0x000000000000415F[0m
[1;32muart:~$ [m[8D[J[1;32muart:~$ [m[8D[J[00:00:25.281,000] [0m<inf> chip: [SVR]Server initialization complete[0m
[1;32muart:~$ [m[8D[J[1;32muart:~$ [m[8D[J[00:00:25.500,000] [0m<inf> chip: [SVR]Server Listening...[0m
[1;32muart:~$ [m[8D[J[1;32muart:~$ [m[8D[J[00:00:25.500,000] [0m<inf> matter: Matter stack initialized[0m
[1;32muart:~$ [m[8D[J[1;32muart:~$ [m[8D[J[00:00:25.503,000] [0m<inf> matter: Matter event loop started[0m
[1;32muart:~$ [m[8D[J[1;32muart:~$ [m[8D[J[00:00:25.504,000] [0m<inf> matter_event_loop: Init io_to_matter_stream[0m
[1;32muart:~$ [m[8D[J[1;32muart:~$ [m[8D[J[00:00:25.505,000] [0m<inf> matter_event_loop: Start io_to_matter_stream[0m
[1;32muart:~$ [m[8D[J[1;32muart:~$ [m[8D[J[00:00:25.506,000] [0m<inf> chip: [DL]CHIP task running[0m
[1;32muart:~$ [m[8D[J[1;32muart:~$ [m[8D[J[00:00:25.509,000] [0m<inf> chip: [DIS]Updating services using commissioning mode 0[0m
[1;32muart:~$ [m[8D[J[1;32muart:~$ [m[8D[J[00:00:25.517,000] [0m<inf> chip: [DIS]CHIP minimal mDNS started advertising.[0m
[1;32muart:~$ [m[8D[J[1;32muart:~$ [m[8D[J[00:00:27.389,000] [1;33m<wrn> matter_service_chip: generating the onboarding codes took 1865 ms on the Matter thread[0m
[1;32muart:~$ [m[8D[J[1;32muart:~$ [m[8D[J[00:00:27.392,000] [1;31m<err> chip: [DL]Long dispatch time: 1869 ms, for event type 2[0m
[1;32muart:~$ [m[8D[J[1;32muart:~$ [m[8D[J[00:00:29.479,000] [1;31m<err> eth_w5500: W5500 receive state inconsistent (header 65535, 65535 buffered): socket reopened[0m
[1;32muart:~$ [m[8D[J[1;32muart:~$ [m[8D[J[00:00:29.680,000] [1;31m<err> eth_w5500: W5500 receive state inconsistent (header 65535, 65535 buffered): socket reopened[0m
[1;32muart:~$ [m[8D[J[1;32muart:~$ [m[8D[J[00:00:32.621,000] [1;31m<err> eth_w5500: W5500 receive state inconsistent (header 65535, 65535 buffered): socket reopened[0m
[1;32muart:~$ [m[8D[J[1;32muart:~$ [m