banner: +55.2s Starting bootloader
main: +59.1s
web: +59.2s uart:~$ [00:00:02.896,000] <inf> web_server: web interface cedar-2037394c3543501200550045, firmware d30ae91e88bf-dirty, frontend 0.1.0+d30ae91e88bf-dirty, boot_46beb08bb961b4c2
--- errors/warnings
uart:~$ [00:00:00.887,000] <err> mb85rsxx: invalid device ID: 04 7F 03 02
uart:~$ [00:00:00.887,000] <err> mb85rsxx: Failed to initialize device, RDID check failed (err -5)
uart:~$ [00:00:01.928,000] <err> net_ethernet: Invalid MAC address for iface 1 (0x20002cf8)
uart:~$ [00:00:02.586,000] <inf> settings_registry: 6 keys registered, 0 rejected
uart:~$ [00:00:02.896,000] <inf> web_server: web interface cedar-2037394c3543501200550045, firmware d30ae91e88bf-dirty, frontend 0.1.0+d30ae91e88bf-dirty, boot_46beb08bb961b4c2
uart:~$ [00:00:02.979,000] <wrn> net_dhcpv4: DHCP server provided more DNS servers than can be saved
uart:~$ [00:00:03.007,000] <wrn> net_dhcpv4: DHCP server provided more DNS servers than can be saved
uart:~$ [00:00:12.539,000] <inf> chip: [DMG]DefaultAclStorage: initializing
uart:~$ [00:00:12.539,000] <inf> chip: [DMG]DefaultAclStorage: 0 entries loaded
uart:~$ [00:00:23.001,000] <err> chip: [DIS]DNS-SD advertising not available. DNS-SD init disabled.
uart:~$ [00:00:23.001,000] <err> chip: [DIS]Failed to initialize advertiser: 2d
uart:~$ [00:00:23.002,000] <err> chip: [DIS]DNS-SD advertising not available. Removing services failed.
uart:~$ [00:00:23.002,000] <err> chip: [DIS]Failed to remove advertised services: 2d
uart:~$ [00:00:23.003,000] <err> chip: [DIS]DNS-SD advertising not available. Finalizing service update failed.
uart:~$ [00:00:23.003,000] <err> chip: [DIS]Failed to finalize service update: 2d
--- total lines 108 reopens 0
