I: Detected ESP-PSRAM64H (ID D 5D 46 A0 2F)
I: PSRAM initialised in QPI mode, 8192 KB
*** Using Zephyr OS build v4.4.0-12983-gb6a5e6e8aa90 ***
I: Starting bootloader
I: ICACHE alias: 0x02000000 -> 0x90000000 (4MB)
I: 0x90000000..0x9000001F:
I: 3d b8 f3 96 0 0 0 0 0 4 0 0 d4 ee 12 0
I: 0 0 0 0 0 0 0 0 0 0 0 0 0 0 0 0
I: Alias[0x02000000..0x0200001F]:
I: 3d b8 f3 96 0 0 0 0 0 4 0 0 d4 ee 12 0
I: 0 0 0 0 0 0 0 0 0 0 0 0 0 0 0 0
I: PSRAM 0x70000000..0x7000001F:
I: 5c 4e 10 2 e8 b6 1 70 bc 36 10 2 bc c 0 70
I: 20 36 10 2 a4 36 10 2 0 0 0 0 48 17 12 2
I: PSRAM write/read: PASS
I: Primary image: magic=good, swap_type=0x4, copy_done=0x1, image_ok=0x1
I: Scratch: magic=bad, swap_type=0x1, copy_done=0x2, image_ok=0x2
I: Boot source: none
I: Image index: 0, Swap type: none
I: Bootloader chainload address offset: 0x0
I: Image version: v0.0.0
I: Jumping to the first image slot
[m
[1;32muart:~$ [m[8D[J[00:00:00.881,000] [0m<inf> esp_hosted_mcu_core: coprocessor priv event 34[0m
[1;32muart:~$ [m[8D[J[00:00:00.886,000] [0m<inf> esp_hosted_mcu_core: coprocessor firmware v3.0.6[0m
[1;32muart:~$ [m[8D[J[00:00:00.887,000] [1;31m<err> mb85rsxx: invalid device ID: 04 7F 03 02[0m
[1;32muart:~$ [m[8D[J[00:00:00.887,000] [1;31m<err> mb85rsxx: Failed to initialize device, RDID check failed (err -5)[0m
[1;32muart:~$ [m[8D[J[00:00:00.887,000] [0m<inf> eth_w5500: ETH_W5500: interrupt mode[0m
[1;32muart:~$ [m[8D[J[00:00:00.897,000] [0m<inf> eth_w5500: W5500 Initialized[0m
[1;32muart:~$ [m[8D[J[00:00:00.898,000] [0m<inf> spi_nor: SPI_FLASH: SFDP v 1.0 AP ff with 1 PH[0m
[1;32muart:~$ [m[8D[J[00:00:00.898,000] [0m<inf> spi_nor: PH0: ff00 rev 1.0: 9 DW @ 80[0m
[1;32muart:~$ [m[8D[J[00:00:00.900,000] [0m<inf> spi_nor: SPI_FLASH: 16 MiBy flash[0m
[1;32muart:~$ [m[8D[J[00:00:01.924,000] [1;31m<err> net_ethernet: Invalid MAC address for iface 1 (0x20002cf8)[0m
[1;32muart:~$ [m[8D[J[00:00:01.925,000] [0m<inf> littlefs: LittleFS version 2.11, disk version 2.1[0m
[1;32muart:~$ [m[8D[J[00:00:01.926,000] [0m<inf> littlefs: FS at SPI_FLASH:0xa00000 is 1280 0x1000-byte blocks with 1024 cycle[0m
[1;32muart:~$ [m[8D[J[00:00:01.926,000] [0m<inf> littlefs: partition sizes: rd 256 ; pr 256 ; ca 2048 ; la 256[0m
[1;32muart:~$ [m[8D[J*** Booting Zephyr OS build v4.4.0-12983-gb6a5e6e8aa90 ***
[1;32muart:~$ [m[8D[J[00:00:02.292,000] [0m<inf> shell_telnet: Telnet shell backend initialized[0m
[1;32muart:~$ [m[8D[J[00:00:02.294,000] [0m<inf> main_app: Start main app (build: Sep 13 2026 03:27:56) version 8[0m
[1;32muart:~$ [m[8D[J[00:00:02.294,000] [0m<inf> main_app: PSRAM @0x701ca158: write/read 1024 words OK[0m
[1;32muart:~$ [m[8D[J[00:00:02.622,000] [0m<inf> settings_registry: 6 keys registered, 0 rejected[0m
[1;32muart:~$ [m[8D[J[00:00:02.622,000] [0m<inf> io: Start io init[0m
[1;32muart:~$ [m[8D[J[00:00:02.625,000] [0m<inf> net_init: EEPROM MAC: 80:34:28:10:12:73[0m
[1;32muart:~$ [m[8D[J[00:00:02.626,000] [0m<inf> eth_w5500: ETH_W5500 MAC set to 80:34:28:10:12:73[0m
[1;32muart:~$ [m[8D[J[00:00:02.626,000] [0m<inf> net_init: Network interface up with MAC 80:34:28:10:12:73[0m
[1;32muart:~$ [m[8D[J[00:00:02.923,000] [0m<inf> eth_w5500: ETH_W5500: Link speed 100 Mb, full duplex[0m
[1;32muart:~$ [m[8D[J[00:00:02.952,000] [0m<inf> matter: Net callback IPv6 got, start matter after 5 sec[0m
[1;32muart:~$ [m[8D[J[00:00:02.975,000] [1;33m<wrn> net_dhcpv4: DHCP server provided more DNS servers than can be saved[0m
[1;32muart:~$ [m[8D[J[00:00:03.003,000] [1;33m<wrn> net_dhcpv4: DHCP server provided more DNS servers than can be saved[0m
[1;32muart:~$ [m[8D[J[00:00:03.005,000] [0m<inf> net_dhcpv4: Received: 192.168.88.14[0m
[1;32muart:~$ [m[8D[J[00:00:03.031,000] [0m<inf> web_server: web interface cedar-2037394c3543501200550045, firmware d30ae91e88bf-dirty, frontend 0.1.0+d30ae91e88bf-dirty, boot_5c4c97387c4d7b39[0m
[1;32muart:~$ [m[8D[J[00:00:03.035,000] [0m<inf> io: Start io outputs task[0m
[1;32muart:~$ [m[8D[J[1;32muart:~$ [m[8D[J[1;32muart:~$ [m