I: Detected ESP-PSRAM64H (ID D 5D 46 A0 2F)
I: PSRAM initialised in QPI mode, 8192 KB
*** Using Zephyr OS build v4.4.0-12983-gb6a5e6e8aa90 ***
I: Starting bootloader
I: ICACHE alias: 0x02000000 -> 0x90000000 (4MB)
I: 0x90000000..0x9000001F:
I: 3d b8 f3 96 0 0 0 0 0 4 0 0 0 b6 11 0
I: 0 0 0 0 0 0 0 0 0 0 0 0 0 0 0 0
I: Alias[0x02000000..0x0200001F]:
I: 3d b8 f3 96 0 0 0 0 0 4 0 0 0 b6 11 0
I: 0 0 0 0 0 0 0 0 0 0 0 0 0 0 0 0
I: PSRAM 0x70000000..0x7000001F:
I: 9c 4a 10 2 e8 b6 1 70 fc 32 10 2 bc c 0 70
I: 60 32 10 2 e4 32 10 2 0 0 0 0 18 db 10 2
I: PSRAM write/read: PASS
I: Primary image: magic=good, swap_type=0x4, copy_done=0x1, image_ok=0x1
I: Scratch: magic=bad, swap_type=0x1, copy_done=0x2, image_ok=0x2
I: Boot source: none
I: Image index: 0, Swap type: none
I: Bootloader chainload address offset: 0x0
I: Image version: v0.0.0
I: Jumping to the first image slot
[m
[1;32muart:~$ [m[8D[J[00:00:00.881,000] [0m<inf> esp_hosted_mcu_core: coprocessor priv event 34[0m
[1;32muart:~$ [m[8D[J[00:00:00.886,000] [0m<inf> esp_hosted_mcu_core: coprocessor firmware v3.0.6[0m
[1;32muart:~$ [m[8D[J[00:00:00.887,000] [1;31m<err> mb85rsxx: invalid device ID: 04 7F 03 02[0m
[1;32muart:~$ [m[8D[J[00:00:00.887,000] [1;31m<err> mb85rsxx: Failed to initialize device, RDID check failed (err -5)[0m
[1;32muart:~$ [m[8D[J[00:00:00.887,000] [0m<inf> eth_w5500: ETH_W5500: interrupt mode[0m
[1;32muart:~$ [m[8D[J[00:00:00.897,000] [0m<inf> eth_w5500: W5500 Initialized[0m
[1;32muart:~$ [m[8D[J[00:00:00.898,000] [0m<inf> spi_nor: SPI_FLASH: SFDP v 1.0 AP ff with 1 PH[0m
[1;32muart:~$ [m[8D[J[00:00:00.899,000] [0m<inf> spi_nor: PH0: ff00 rev 1.0: 9 DW @ 80[0m
[1;32muart:~$ [m[8D[J[00:00:00.900,000] [0m<inf> spi_nor: SPI_FLASH: 16 MiBy flash[0m
[1;32muart:~$ [m[8D[J[00:00:01.912,000] [1;31m<err> net_ethernet: Invalid MAC address for iface 1 (0x20002cf8)[0m
[1;32muart:~$ [m[8D[J[00:00:01.913,000] [0m<inf> littlefs: LittleFS version 2.11, disk version 2.1[0m
[1;32muart:~$ [m[8D[J[00:00:01.914,000] [0m<inf> littlefs: FS at SPI_FLASH:0xa00000 is 1280 0x1000-byte blocks with 1024 cycle[0m
[1;32muart:~$ [m[8D[J[00:00:01.914,000] [0m<inf> littlefs: partition sizes: rd 256 ; pr 256 ; ca 2048 ; la 256[0m
[1;32muart:~$ [m[8D[J*** Booting Zephyr OS build v4.4.0-12983-gb6a5e6e8aa90 ***
[1;32muart:~$ [m[8D[J[00:00:02.116,000] [0m<inf> shell_telnet: Telnet shell backend initialized[0m
[1;32muart:~$ [m[8D[J[00:00:02.118,000] [0m<inf> main_app: Start main app (build: Sep 13 2026 03:15:32) version 8[0m
[1;32muart:~$ [m[8D[J[00:00:02.118,000] [0m<inf> main_app: PSRAM @0x701ca158: write/read 1024 words OK[0m
[1;32muart:~$ [m[8D[J[00:00:02.357,000] [0m<inf> settings_registry: 6 keys registered, 0 rejected[0m
[1;32muart:~$ [m[8D[J[00:00:02.357,000] [0m<inf> io: Start io init[0m
[1;32muart:~$ [m[8D[J[00:00:02.359,000] [0m<inf> net_init: EEPROM MAC: 80:34:28:10:12:73[0m
[1;32muart:~$ [m[8D[J[00:00:02.360,000] [0m<inf> eth_w5500: ETH_W5500 MAC set to 80:34:28:10:12:73[0m
[1;32muart:~$ [m[8D[J[00:00:02.361,000] [0m<inf> net_init: Network interface up with MAC 80:34:28:10:12:73[0m
[1;32muart:~$ [m[8D[J[00:00:02.623,000] [0m<inf> web_server: web interface cedar-2037394c3543501200550045, firmware d30ae91e88bf-dirty, frontend placeholder, boot_bcd2716113a95bd0[0m
[1;32muart:~$ [m[8D[J[00:00:02.628,000] [0m<inf> io: Start io outputs task[0m
[1;32muart:~$ [m[8D[J[1;32muart:~$ [m[8D[J[1;32muart:~$ [m[8D[J[00:00:03.912,000] [0m<inf> eth_w5500: ETH_W5500: Link speed 100 Mb, full duplex[0m
[1;32muart:~$ [m[8D[J[00:00:03.941,000] [0m<inf> matter: Net callback IPv6 got, start matter after 5 sec[0m
[1;32muart:~$ [m[8D[J[00:00:03.964,000] [1;33m<wrn> net_dhcpv4: DHCP server provided more DNS servers than can be saved[0m
[1;32muart:~$ [m[8D[J[00:00:04.001,000] [1;33m<wrn> net_dhcpv4: DHCP server provided more DNS servers than can be saved[0m
[1;32muart:~$ [m[8D[J[00:00:04.002,000] [0m<inf> net_dhcpv4: Received: 192.168.88.14[0m
[1;32muart:~$ [m[8D[J[1;32muart:~$ [m[8D[J[1;32muart:~$ [m[8D[J[00:00:08.945,000] [0m<inf> matter: Net callback IPv6 got, start matter after 5 sec[0m
[1;32muart:~$ [m[8D[J[00:00:08.946,000] [0m<inf> matter: Init CHIP stack[0m
[1;32muart:~$ [m[8D[J[1;32muart:~$ [m[8D[J[1;32muart:~$ [m[8D[J[00:00:11.078,000] [0m<inf> chip: [SVR]Initializing session resumption storage...[0m
[1;32muart:~$ [m[8D[J[00:00:11.079,000] [0m<inf> chip: [SVR]Server initializing...[0m
[1;32muart:~$ [m[8D[J[00:00:11.080,000] [0m<dbg> chip.LogV: [FP]Initializing FabricTable from persistent storage[0m
[1;32muart:~$ [m[8D[J[00:00:11.636,000] [0m<inf> chip: [TS]Last Known Good Time: 2023-10-14T01:16:48[0m
[1;32muart:~$ [m[8D[J[1;32muart:~$ [m[8D[J[1;32muart:~$ [m[8D[J[00:00:12.796,000] [0m<inf> chip: [DMG]AccessControl: initializing[0m
[1;32muart:~$ [m[8D[J[00:00:12.797,000] [0m<inf> chip: [DMG]Examples::AccessControlDelegate::Init[0m
[1;32muart:~$ [m[8D[J[00:00:12.797,000] [0m<inf> chip: [DMG]AccessControl: setting[0m
[1;32muart:~$ [m[8D[J[00:00:12.798,000] [0m<inf> chip: [DMG]DefaultAclStorage: initializing[0m
[1;32muart:~$ [m[8D[J[00:00:12.798,000] [0m<inf> chip: [DMG]DefaultAclStorage: 0 entries loaded[0m
[1;32muart:~$ [m[8D[J[00:00:12.798,000] [0m<inf> chip: [SVR]WARNING: mTestEventTriggerDelegate is null[0m
[1;32muart:~$ [m[8D[J[00:00:12.799,000] [0m<dbg> chip.LogV: [IN]UDP::Init bind&listen port=5540[0m
[1;32muart:~$ [m[8D[J[00:00:12.802,000] [0m<dbg> chip.LogV: [IN]UDP::Init bound to port=5540[0m
[1;32muart:~$ [m[8D[J[00:00:12.803,000] [0m<dbg> chip.LogV: [IN]TransportMgr initialized[0m
[1;32muart:~$ [m[8D[J[1;32muart:~$ [m[8D[J[1;32muart:~$ [m[8D[J[00:00:13.946,000] [0m<inf> matter: Matter start work already submitted[0m
[1;32muart:~$ [m[8D[J[1;32muart:~$ [m[8D[J[00:00:16.906,000] [0m<inf> chip: [ZCL]Using ZAP configuration...[0m
[1;32muart:~$ [m[8D[J[00:00:17.501,000] [0m<dbg> chip.LogV: [DMG]Failed to read stored attribute (1, 0x0000_0006, 0x0000_0000: a0[0m
[1;32muart:~$ [m[8D[J[1;32muart:~$ [m[8D[J[1;32muart:~$ [m[8D[J[00:00:18.096,000] [0m<dbg> chip.LogV: [DMG]Failed to read stored attribute (1, 0x0000_0006, 0x0000_4003: a0[0m
[1;32muart:~$ [m[8D[J[00:00:18.665,000] [0m<dbg> chip.LogV: [DMG]Failed to read stored attribute (2, 0x0000_0006, 0x0000_0000: a0[0m
[1;32muart:~$ [m[8D[J[1;32muart:~$ [m[8D[J[1;32muart:~$ [m[8D[J[00:00:19.272,000] [0m<dbg> chip.LogV: [DMG]Failed to read stored attribute (2, 0x0000_0006, 0x0000_4003: a0[0m
[1;32muart:~$ [m[8D[J[00:00:19.839,000] [0m<dbg> chip.LogV: [DMG]Failed to read stored attribute (3, 0x0000_0006, 0x0000_0000: a0[0m
[1;32muart:~$ [m[8D[J[1;32muart:~$ [m[8D[J[1;32muart:~$ [m[8D[J[00:00:20.438,000] [0m<dbg> chip.LogV: [DMG]Failed to read stored attribute (3, 0x0000_0006, 0x0000_4003: a0[0m
[1;32muart:~$ [m[8D[J[00:00:21.004,000] [0m<dbg> chip.LogV: [DMG]Failed to read stored attribute (4, 0x0000_0006, 0x0000_0000: a0[0m
[1;32muart:~$ [m[8D[J[1;32muart:~$ [m[8D[J[1;32muart:~$ [m[8D[J[00:00:21.604,000] [0m<dbg> chip.LogV: [DMG]Failed to read stored attribute (4, 0x0000_0006, 0x0000_4003: a0[0m
[1;32muart:~$ [m[8D[J[00:00:21.608,000] [0m<dbg> chip.LogV: [DL]Boot reason: 1[0m
[1;32muart:~$ [m[8D[J[00:00:21.611,000] [0m<inf> chip: [ZCL]Boot reason: 1[0m
[1;32muart:~$ [m[8D[J[00:00:21.611,000] [0m<inf> chip: [ZCL]Endpoint 1 On/off already set to new value[0m
[1;32muart:~$ [m[8D[J[00:00:21.613,000] [0m<inf> chip: [ZCL]Boot reason: 1[0m
[1;32muart:~$ [m[8D[J[00:00:21.614,000] [0m<inf> chip: [ZCL]Endpoint 2 On/off already set to new value[0m
[1;32muart:~$ [m[8D[J[00:00:21.616,000] [0m<inf> chip: [ZCL]Boot reason: 1[0m
[1;32muart:~$ [m[8D[J[00:00:21.617,000] [0m<inf> chip: [ZCL]Endpoint 3 On/off already set to new value[0m
[1;32muart:~$ [m[8D[J[00:00:21.619,000] [0m<inf> chip: [ZCL]Boot reason: 1[0m
[1;32muart:~$ [m[8D[J[00:00:21.620,000] [0m<inf> chip: [ZCL]Endpoint 4 On/off already set to new value[0m
[1;32muart:~$ [m[8D[J[1;32muart:~$ [m[8D[J[1;32muart:~$ [m[8D[J[00:00:21.742,000] [0m<dbg> chip.LogV: [EVL]LogEvent event number: 0x00000000002B0000 priority: 2, endpoint id:  0x0 cluster id: 0x0000_0033 event id: 0x3 Sys timestamp: 0x000000000000299C[0m
[1;32muart:~$ [m[8D[J[1;32muart:~$ [m[8D[J[00:00:22.897,000] [0m<inf> chip: [DMG]AccessControlCluster: initializing[0m
[1;32muart:~$ [m[8D[J[00:00:22.899,000] [0m<inf> chip: [DIS]Updating services using commissioning mode 0[0m
[1;32muart:~$ [m[8D[J[00:00:22.900,000] [1;31m<err> chip: [DIS]DNS-SD advertising not available. DNS-SD init disabled.[0m
[1;32muart:~$ [m[8D[J[00:00:22.901,000] [1;31m<err> chip: [DIS]Failed to initialize advertiser: 2d[0m
[1;32muart:~$ [m[8D[J[00:00:22.901,000] [1;31m<err> chip: [DIS]DNS-SD advertising not available. Removing services failed.[0m
[1;32muart:~$ [m[8D[J[00:00:22.901,000] [1;31m<err> chip: [DIS]Failed to remove advertised services: 2d[0m
[1;32muart:~$ [m[8D[J[00:00:22.902,000] [1;31m<err> chip: [DIS]DNS-SD advertising not available. Finalizing service update failed.[0m
[1;32muart:~$ [m[8D[J[00:00:22.902,000] [1;31m<err> chip: [DIS]Failed to finalize service update: 2d[0m
[1;32muart:~$ [m[8D[J[00:00:22.903,000] [0m<inf> chip: [IN]CASE Server enabling CASE session setups[0m
[1;32muart:~$ [m[8D[J[00:00:22.904,000] [0m<dbg> chip.LogV: [IN]SecureSession[0x70001500]: Allocated Type:2 LSID:54891[0m
[1;32muart:~$ [m[8D[J[00:00:22.939,000] [0m<dbg> chip.LogV: [SC]Allocated SecureSession (0x70001500) - waiting for Sigma1 msg[0m
[1;32muart:~$ [m[8D[J[00:00:22.941,000] [0m<inf> chip: [SVR]Joining Multicast groups[0m
[1;32muart:~$ [m[8D[J[00:00:22.954,000] [0m<dbg> chip.LogV: [ZCL]Emitting StartUp event[0m
[1;32muart:~$ [m[8D[J[00:00:22.981,000] [0m<dbg> chip.LogV: [EVL]LogEvent event number: 0x00000000002B0001 priority: 2, endpoint id:  0x0 cluster id: 0x0000_0028 event id: 0x0 Sys timestamp: 0x0000000000002E63[0m
[1;32muart:~$ [m[8D[J[00:00:22.984,000] [0m<inf> chip: [SVR]Server initialization complete[0m
[1;32muart:~$ [m[8D[J[00:00:22.988,000] [0m<inf> chip: [SVR]Server Listening...[0m
[1;32muart:~$ [m[8D[J[00:00:22.989,000] [0m<inf> matter: Matter stack initialized[0m
[1;32muart:~$ [m[8D[J[00:00:22.993,000] [0m<inf> matter: Matter event loop started[0m
[1;32muart:~$ [m[8D[J[00:00:22.993,000] [0m<inf> matter_event_loop: Init io_to_matter_stream[0m
[1;32muart:~$ [m[8D[J[00:00:22.995,000] [0m<inf> matter_event_loop: Start io_to_matter_stream[0m
[1;32muart:~$ [m[8D[J[00:00:23.007,000] [0m<inf> chip: [DL]CHIP task running[0m
[1;32muart:~$ [m[8D[J[1;32muart:~$ [m[8D[J[1;32muart:~$ [mweb_auth kdf 100
pbkdf2-hmac-sha256 100 iterations: 33 ms (rc 0, configured 10000)
[1;32muart:~$ [mweb_aut kdf 1000
[1;31mweb_aut: command not found
[m[1;32muart:~$ [mweb_auth kdf 3000
pbkdf2-hmac-sha256 3000 iterations: 943 ms (rc 0, configured 10000)
[1;32muart:~$ [mkernel uptime
Uptime: 209082 ms
[1;32muart:~$ [mkernel uptime
Uptime: 210179 ms
[1;32muart:~$ [mkernel uptime
Uptime: 211254 ms
[1;32muart:~$ [mkernel uptime
Uptime: 212261 ms
[1;32muart:~$ [mkernel uptime
Uptime: 213280 ms
[1;32muart:~$ [mkernel uptime
Uptime: 214297 ms
[1;32muart:~$ [mkernel uptime
Uptime: 215320 ms
[1;32muart:~$ [mkernel uptime
Uptime: 216372 ms
[1;32muart:~$ [mkernel uptime
Uptime: 217461 ms
[1;32muart:~$ [mkernel thread list
Scheduler: 147 since last call
Threads:
 0x20005d18 web_auth_kdf
	options: 0x0, priority: 14 timeout: 0
	state: pending, entry: 0x20708b5
	Total execution cycles: 653192215 (1 %)
	stack size 4096, unused 2472, usage 1624 / 4096 (39 %)

 0x7001b5b0 io_to_matter_stream
	options: 0x0, priority: 10 timeout: 0
	state: pending, entry: 0x2005279
	Total execution cycles: 96392 (0 %)
	stack size 4096, unused 3832, usage 264 / 4096 (6 %)

 0x70183b60 CHIP      
	options: 0x0, priority: 14 timeout: 4444142162
	state: pending, entry: 0x208199d
	Total execution cycles: 1075587 (0 %)
	stack size 16384, unused 15256, usage 1128 / 16384 (6 %)

 0x700049c8 web_v1_jobs
	options: 0x0, priority: 10 timeout: 0
	state: pending, entry: 0x2074be5
	Total execution cycles: 8805 (0 %)
	stack size 4096, unused 3896, usage 200 / 4096 (4 %)

 0x7000a5f0 io_outputs_task
	options: 0x0, priority: 2 timeout: 0
	state: pending, entry: 0x2003c95
	Total execution cycles: 120170 (0 %)
	stack size 1024, unused 736, usage 288 / 1024 (28 %)

 0x70198800 reg_notify_wq
	options: 0x0, priority: 10 timeout: 0
	state: pending, entry: 0x2074be5
	Total execution cycles: 20539 (0 %)
	stack size 2048, unused 1848, usage 200 / 2048 (9 %)

 0x20004ba8 input     
	options: 0x0, priority: 14 timeout: 0
	state: pending, entry: 0x201ec6d
	Total execution cycles: 4036 (0 %)
	stack size 1024, unused 824, usage 200 / 1024 (19 %)

 0x70007ad8 http_server_tid
	options: 0x0, priority: -1 timeout: 0
	state: pending, entry: 0x204b149
	Total execution cycles: 28486114 (0 %)
	stack size 6144, unused 4144, usage 2000 / 6144 (32 %)

 0x20003d60 shell_telnet
	options: 0x0, priority: 0 timeout: 0
	state: pending, entry: 0x2016c31
	Total execution cycles: 13377546 (0 %)
	stack size 4096, unused 3376, usage 720 / 4096 (17 %)

 0x70004b00 conn_mgr_monitor
	options: 0x0, priority: -1 timeout: 0
	state: pending, entry: 0x204d395
	Total execution cycles: 263533 (0 %)
	stack size 512, unused 208, usage 304 / 512 (59 %)

 0x7001ea78 net_socket_service
	options: 0x0, priority: 13 timeout: 0
	state: pending, entry: 0x2023539
	Total execution cycles: 462202 (0 %)
	stack size 2048, unused 1192, usage 856 / 2048 (41 %)

 0x20000a10 eth_w5500 
	options: 0x0, priority: -14 timeout: 134
	state: pending, entry: 0x20bb537
	Total execution cycles: 115174385 (0 %)
	stack size 1024, unused 528, usage 496 / 1024 (48 %)

 0x7001e088 tx_q[0]   
	options: 0x0, priority: -1 timeout: 65
	state: pending, entry: 0x20afc99
	Total execution cycles: 86292810 (0 %)
	stack size 2048, unused 1424, usage 624 / 2048 (30 %)

 0x7001df80 rx_q[0]   
	options: 0x0, priority: -1 timeout: 450
	state: pending, entry: 0x20afcb5
	Total execution cycles: 55906174 (0 %)
	stack size 2560, unused 1448, usage 1112 / 2560 (43 %)

 0x7001dda0 net_mgmt  
	options: 0x0, priority: -1 timeout: 0
	state: pending, entry: 0x2074be5
	Total execution cycles: 1859660 (0 %)
	stack size 2048, unused 1456, usage 592 / 2048 (28 %)

 0x7001f628 tcp_work  
	options: 0x0, priority: -14 timeout: 0
	state: pending, entry: 0x2074be5
	Total execution cycles: 2598276 (0 %)
	stack size 1024, unused 536, usage 488 / 1024 (47 %)

 0x20004ac8 usbd      
	options: 0x0, priority: -8 timeout: 0
	state: pending, entry: 0x201dba9
	Total execution cycles: 2417123 (0 %)
	stack size 1024, unused 416, usage 608 / 1024 (59 %)

*0x200039c0 shell_uart
	options: 0x0, priority: 0 timeout: 0
	state: queued, entry: 0x2016c31
	Total execution cycles: 85208121 (0 %)
	stack size 4096, unused 2992, usage 1104 / 4096 (26 %)

 0x701a2420           
	options: 0x0, priority: 4 timeout: 209
	state: pending, entry: 0x204eb3d
	Total execution cycles: 324829692 (0 %)
	stack size 4096, unused 3152, usage 944 / 4096 (23 %)

 0x701a2500 esp_hosted_tx
	options: 0x0, priority: 5 timeout: 0
	state: pending, entry: 0x204e879
	Total execution cycles: 10226 (0 %)
	stack size 4096, unused 3880, usage 216 / 4096 (5 %)

 0x200051d8 otgfs@42040000
	options: 0x1, priority: -8 timeout: 0
	state: pending, entry: 0x20b8499
	Total execution cycles: 577401 (0 %)
	stack size 512, unused 248, usage 264 / 512 (51 %)

 0x7001b4b0 logging   
	options: 0x0, priority: 13 timeout: 916
	state: pending, entry: 0x2011849
	Total execution cycles: 14883480 (0 %)
	stack size 2048, unused 1664, usage 384 / 2048 (18 %)

 0x20005ff8 sysworkq  
	options: 0x1, priority: -1 timeout: 0
	state: pending, entry: 0x2074be5
	Total execution cycles: 15505457 (0 %)
	stack size 4096, unused 3328, usage 768 / 4096 (18 %)

 0x20005df8 idle      
	options: 0x1, priority: 15 timeout: 0
	state: , entry: 0x2073a59
	Total execution cycles: 1250739605 (89 %)
	stack size 320, unused 216, usage 104 / 320 (32 %)

 0x20005ed8 main      
	options: 0x1, priority: 0 timeout: 15862
	state: sleeping, entry: 0x207347d
	Total execution cycles: 111865320 (0 %)
	stack size 2048, unused 616, usage 1432 / 2048 (69 %)

[1;32muart:~$ [m