11:48:03.495  ### capture start, console 5AE6020889
11:49:50.662  I: Detected ESP-PSRAM64H (ID D 5D 46 A1 21)
11:49:50.673  I: PSRAM initialised in QPI mode, 8192 KB
11:49:50.673  *** Using Zephyr OS build v4.4.0-12983-gb6a5e6e8aa90 ***
11:49:50.673  I: Starting bootloader
11:49:50.673  
11:49:50.684  uart:~$ I: ICACHE alias: 0x02000000 -> 0x90000000 (4MB)
11:49:50.694  I: 0x90000000..0x9000001F:
11:49:50.694  I: 3d b8 f3 96 0 0 0 0 0 4 0 0 40 d1 15 0
11:49:50.694  I: 0 0 0 0 0 0 0 0 0 0 0 0 0 0 0 0
11:49:50.694  I: Alias[0x02000000..0x0200001F]:
11:49:50.704  I: 3d b8 f3 96 0 0 0 0 0 4 0 0 40 d1 15 0
11:49:50.704  I: 0 0 0 0 0 0 0 0 0 0 0 0 0 0 0 0
11:49:50.704  I: PSRAM 0x70000000..0x7000001F:
11:49:50.715  I: 58 a0 12 2 78 10 2 70 b8 88 12 2 94 10 0 70
11:49:50.715  I: 1c 88 12 2 a0 88 12 2 0 0 0 0 f8 df 14 2
11:49:50.715  I: PSRAM write/read: PASS
11:49:50.725  I: Primary image: magic=unset, swap_type=0x1, copy_done=0x3, image_ok=0x3
11:49:50.736  I: Scratch: magic=bad, swap_type=0x0, copy_done=0x2, image_ok=0x2
11:49:50.736  I: Boot source: primary slot
11:49:50.736  I: Image index: 0, Swap type: none
11:49:59.176  I: Bootloader chainload address offset: 0x0
11:49:59.176  I: Image version: v0.0.0
11:49:59.176  I: Jumping to the first image slot
11:50:00.764  
11:50:01.800  uart:~$ [00:00:00.842,000] <inf> esp_hosted_mcu_core: coprocessor priv event 34
11:50:01.832  uart:~$ uart:~$ [00:00:00.848,000] <inf> esp_hosted_mcu_core: coprocessor firmware v3.0.6
11:50:01.886  uart:~$ uart:~$ [00:00:00.848,000] <err> mb85rsxx: invalid device ID: 00 00 00 00
11:50:01.918  uart:~$ uart:~$ [00:00:00.849,000] <err> mb85rsxx: Failed to initialize device, RDID check failed (err -5)
11:50:01.952  uart:~$ uart:~$ [00:00:00.849,000] <inf> eth_w5500: ETH_W5500: interrupt mode
11:50:01.972  uart:~$ uart:~$ [00:00:00.857,000] <inf> eth_w5500: W5500 Initialized
11:50:01.992  uart:~$ uart:~$ [00:00:00.858,000] <inf> spi_nor: SPI_FLASH: SFDP v 1.5 AP ff with 1 PH
11:50:02.013  uart:~$ uart:~$ [00:00:00.858,000] <inf> spi_nor: PH0: ff00 rev 1.5: 16 DW @ 80
11:50:02.023  uart:~$ uart:~$ [00:00:00.859,000] <inf> spi_nor: SPI_FLASH: 16 MiBy flash
11:50:02.043  uart:~$ uart:~$ [00:00:01.399,000] <err> net_ethernet: Invalid MAC address for iface 1 (0x2000c048)
11:50:02.063  uart:~$ uart:~$ [00:00:01.400,000] <inf> littlefs: LittleFS version 2.11, disk version 2.1
11:50:02.094  uart:~$ uart:~$ [00:00:01.401,000] <inf> littlefs: FS at SPI_FLASH:0xa00000 is 1280 0x1000-byte blocks with 1024 cycle
11:50:02.115  uart:~$ uart:~$ [00:00:01.401,000] <inf> littlefs: partition sizes: rd 256 ; pr 256 ; ca 2048 ; la 256
11:50:02.135  uart:~$ uart:~$ *** Booting Zephyr OS build v4.4.0-12983-gb6a5e6e8aa90 ***
11:50:02.156  uart:~$ uart:~$ [00:00:01.579,000] <inf> shell_telnet: Telnet shell backend initialized
11:50:02.176  uart:~$ uart:~$ [00:00:01.580,000] <inf> main_app: Start main app (build: Sep 15 2026 11:18:16) version 8
11:50:02.197  uart:~$ uart:~$ [00:00:01.581,000] <inf> main_app: PSRAM @0x701619a8: write/read 1024 words OK
11:50:02.207  uart:~$ uart:~$ [00:00:01.687,000] <inf> fs_zms: 4 Sectors of 4096 bytes
11:50:02.227  uart:~$ uart:~$ [00:00:01.687,000] <inf> fs_zms: alloc wra: 1, ec0
11:50:02.247  uart:~$ uart:~$ [00:00:01.687,000] <inf> fs_zms: data wra: 1, 44f
11:50:02.257  uart:~$ uart:~$ [00:00:01.886,000] <inf> settings_registry: 10 keys registered, 0 rejected
11:50:02.277  uart:~$ uart:~$ [00:00:01.886,000] <inf> io: Start io init
11:50:02.297  uart:~$ uart:~$ [00:00:01.932,000] <err> fs: failed to create directory (-17)
11:50:02.308  uart:~$ uart:~$ [00:00:02.099,000] <err> fs: file open error (-2)
11:50:02.328  uart:~$ uart:~$ [00:00:02.181,000] <err> fs: failed to unlink path (-2)
11:50:02.348  uart:~$ uart:~$ [00:00:02.264,000] <err> fs: file open error (-2)
11:50:02.358  uart:~$ uart:~$ [00:00:02.269,000] <inf> io: Start io outputs task
11:50:02.378  uart:~$ uart:~$ [00:00:02.266,000] <inf> net_init: EEPROM MAC: 80:34:28:10:6a:1d
11:50:02.398  uart:~$ uart:~$ [00:00:02.267,000] <inf> eth_w5500: ETH_W5500 MAC set to 80:34:28:10:6a:1d
11:50:02.418  uart:~$ uart:~$ [00:00:02.267,000] <inf> net_init: Network interface up with MAC 80:34:28:10:6a:1d
11:50:02.438  uart:~$ uart:~$ [00:00:02.398,000] <inf> eth_w5500: ETH_W5500: Link speed 100 Mb, full duplex
11:50:02.459  uart:~$ uart:~$ [00:00:02.416,000] <inf> matter: IPv6 address added, starting Matter
11:50:02.479  uart:~$ uart:~$ [00:00:02.531,000] <inf> device_config_store: configuration loaded, revision 1
11:50:02.499  uart:~$ uart:~$ [00:00:02.531,000] <inf> network_service: network configuration revision 1: clean (262 ms)
11:50:02.519  uart:~$ uart:~$ [00:00:02.532,000] <inf> net_adapter: Ethernet found, Wi-Fi coprocessor ready
11:50:02.539  uart:~$ uart:~$ [00:00:02.534,000] <inf> network_service: boot 1 of 5 in a row shorter than 30 s
11:50:02.560  uart:~$ uart:~$ [00:00:02.534,000] <inf> network_service: worker stack: 4968 of 8192 bytes never used
11:50:02.600  uart:~$ uart:~$ [00:00:02.538,000] <inf> web_server: web interface cedar-2037394c3543501200210047, firmware df852ea3a0fa-dirty, frontend 0.1.0+df852ea3a0fa-dirty, boot_112528efa58443ff
11:50:02.610  uart:~$ uart:~$ [00:00:02.543,000] <inf> net_adapter: ethernet: DHCP
11:50:02.630  uart:~$ uart:~$ [00:00:02.707,000] <inf> net_adapter: wifi: DHCP
11:50:02.835  uart:~$ uart:~$ [00:00:03.400,000] <inf> matter: Init CHIP stack
11:50:02.855  uart:~$ uart:~$ [00:00:03.431,000] <inf> matter: IPv6 address added, starting Matter
11:50:02.876  uart:~$ uart:~$ [00:00:03.431,000] <inf> matter: Matter start work already submitted
11:50:02.896  uart:~$ uart:~$ [00:00:03.438,000] <inf> chip: [SVR]Initializing session resumption storage...
11:50:02.917  uart:~$ uart:~$ [00:00:03.440,000] <inf> chip: [SVR]Server initializing...
11:50:02.938  uart:~$ uart:~$ [00:00:03.445,000] <inf> chip: [TS]Last Known Good Time: 2026-09-15T07:21:03
11:50:02.969  uart:~$ uart:~$ [00:00:03.498,000] <inf> chip: [FP]Fabric index 0x1 was retrieved from storage. Compressed FabricId 0x3700EC0D6DAB4145, FabricId 0x00000000D0EFFD20, NodeId 0x00000000DCF2A6E2, VendorId 0x1349
11:50:03.009  uart:~$ uart:~$ [00:00:03.548,000] <inf> chip: [FP]Fabric index 0x2 was retrieved from storage. Compressed FabricId 0x0276B5DAA1937E6D, FabricId 0x0000000039C07483, NodeId 0x00000000E08AF3D9, VendorId 0x1384
11:50:03.039  uart:~$ uart:~$ [00:00:03.593,000] <inf> chip: [FP]Fabric index 0x3 was retrieved from storage. Compressed FabricId 0x9B02575873B12C99, FabricId 0x996B8671DB167C23, NodeId 0x0F4FCD706F8B4CFB, VendorId 0x110A
11:50:03.060  uart:~$ uart:~$ [00:00:03.594,000] <inf> chip: [DMG]AccessControl: initializing
11:50:03.548  uart:~$ uart:~$ [00:00:03.833,000] <inf> chip: [DMG]Examples::AccessControlDelegate::Init
11:50:03.558  uart:~$ uart:~$ [00:00:03.834,000] <inf> chip: [DMG]AccessControl: setting
11:50:03.578  uart:~$ uart:~$ [00:00:03.834,000] <inf> chip: [DMG]DefaultAclStorage: initializing
11:50:03.598  uart:~$ uart:~$ [00:00:03.897,000] <inf> chip: [DMG]DefaultAclStorage: 3 entries loaded
11:50:03.618  uart:~$ uart:~$ [00:00:03.897,000] <inf> chip: [SVR]WARNING: mTestEventTriggerDelegate is null
11:50:03.639  uart:~$ uart:~$ [00:00:04.120,000] <inf> chip: [ZCL]Using ZAP configuration...
11:50:03.649  uart:~$ uart:~$ [00:00:04.292,000] <inf> chip: [ZCL]Boot reason: 1
11:50:03.669  uart:~$ uart:~$ [00:00:04.293,000] <inf> chip: [ZCL]Endpoint 1 On/off already set to new value
11:50:03.689  uart:~$ uart:~$ [00:00:04.295,000] <inf> chip: [ZCL]Boot reason: 1
11:50:03.709  uart:~$ uart:~$ [00:00:04.295,000] <inf> chip: [ZCL]Endpoint 2 On/off already set to new value
11:50:03.789  uart:~$ uart:~$ [00:00:04.483,000] <inf> chip: [ZCL]Boot reason: 1
11:50:03.809  uart:~$ uart:~$ [00:00:04.483,000] <inf> chip: [ZCL]Endpoint 3 On/off already set to new value
11:50:03.820  uart:~$ uart:~$ [00:00:04.485,000] <inf> chip: [ZCL]Boot reason: 1
11:50:03.840  uart:~$ uart:~$ [00:00:04.486,000] <inf> chip: [ZCL]Endpoint 4 On/off already set to new value
11:50:03.860  uart:~$ uart:~$ [00:00:04.504,000] <inf> chip: [DMG]AccessControlCluster: initializing
11:50:03.880  uart:~$ uart:~$ [00:00:04.506,000] <inf> chip: [DIS]Updating services using commissioning mode 0
11:50:03.900  uart:~$ uart:~$ [00:00:04.511,000] <inf> chip: [DIS]CHIP minimal mDNS started advertising.
11:50:03.931  uart:~$ uart:~$ [00:00:04.514,000] <inf> chip: [DIS]Advertise operational node 3700EC0D6DAB4145-00000000DCF2A6E2
11:50:03.951  uart:~$ uart:~$ [00:00:04.517,000] <inf> chip: [DIS]CHIP minimal mDNS configured as 'Operational device'; instance name: 3700EC0D6DAB4145-00000000DCF2A6E2.
11:50:03.971  uart:~$ uart:~$ [00:00:04.538,000] <inf> chip: [DIS]mDNS service published: _matter._tcp
11:50:04.154  uart:~$ uart:~$ [00:00:04.746,000] <inf> chip: [DIS]Advertise operational node 0276B5DAA1937E6D-00000000E08AF3D9
11:50:04.184  uart:~$ uart:~$ [00:00:04.749,000] <inf> chip: [DIS]CHIP minimal mDNS configured as 'Operational device'; instance name: 0276B5DAA1937E6D-00000000E08AF3D9.
11:50:04.194  uart:~$ uart:~$ [00:00:04.785,000] <inf> chip: [DIS]mDNS service published: _matter._tcp
11:50:04.224  uart:~$ uart:~$ [00:00:04.786,000] <inf> chip: [DIS]Advertise operational node 9B02575873B12C99-0F4FCD706F8B4CFB
11:50:04.255  uart:~$ uart:~$ [00:00:04.789,000] <inf> chip: [DIS]CHIP minimal mDNS configured as 'Operational device'; instance name: 9B02575873B12C99-0F4FCD706F8B4CFB.
11:50:04.265  uart:~$ uart:~$ [00:00:04.848,000] <inf> chip: [DIS]mDNS service published: _matter._tcp
11:50:04.295  uart:~$ uart:~$ [00:00:04.849,000] <inf> chip: [IN]CASE Server enabling CASE session setups
11:50:04.305  uart:~$ uart:~$ [00:00:04.850,000] <inf> chip: [SVR]Joining Multicast groups
11:50:04.325  uart:~$ uart:~$ [00:00:04.898,000] <inf> chip: [SVR]Server initialization complete
11:50:04.345  uart:~$ uart:~$ [00:00:04.898,000] <inf> chip: [SVR]Server Listening...
11:50:04.379  uart:~$ uart:~$ [00:00:05.114,000] <inf> matter: Matter stack initialized
11:50:04.399  uart:~$ uart:~$ [00:00:05.115,000] <inf> matter: Matter event loop started
11:50:04.420  uart:~$ uart:~$ [00:00:05.116,000] <inf> matter_event_loop: Init io_to_matter_stream
11:50:04.440  uart:~$ uart:~$ [00:00:05.116,000] <inf> matter_event_loop: Start io_to_matter_stream
11:50:04.461  uart:~$ uart:~$ [00:00:05.118,000] <inf> chip: [DL]CHIP task running
11:50:04.491  uart:~$ uart:~$ [00:00:05.119,000] <inf> chip: [EM]>>> [E:63813r S:0 M:102310662] (U) Msg RX from 0:7C46C82AD4EFEFDD [0000] to 0000000000000000 --- Type 0000:30 (SecureChannel:CASE_Sigma1) (B:234)
11:50:04.522  uart:~$ uart:~$ [00:00:05.120,000] <inf> chip: [IN]CASE Server received Sigma1 message . Starting handshake. EC 0x70003320
11:50:04.562  uart:~$ uart:~$ [00:00:05.121,000] <inf> chip: [EM]<<< [E:63813r S:0 M:59669075 (Ack:102310662)] (U) Msg TX from 0000000000000000 to 0:7C46C82AD4EFEFDD [0000] [UDP:[fe80::84a:18c1:cea4:c124%ETH_W5500]:52967] --- Type 0000:10 (SecureChannel:StandaloneAck) (B:26)
11:50:04.582  uart:~$ uart:~$ [00:00:05.126,000] <inf> chip: [SC]Received Sigma1 msg
11:50:04.623  uart:~$ uart:~$ [00:00:05.136,000] <inf> chip: [EM]<<< [E:63813r S:0 M:59669076 (Ack:102310662)] (U) Msg TX from 0000000000000000 to 0:7C46C82AD4EFEFDD [0000] [UDP:[fe80::84a:18c1:cea4:c124%ETH_W5500]:52967] --- Type 0000:33 (SecureChannel:CASE_Sigma2Resume) (B:100)
11:50:04.760  uart:~$ uart:~$ [00:00:05.408,000] <inf> chip: [EM]??1 [E:63813r S:0 M:59669076] (U) Msg Retransmission to 0:0000000000000000 scheduled for 343ms from now [State:Active II:500 AI:300 AT:4000]
11:50:04.781  uart:~$ uart:~$ [00:00:05.409,000] <inf> chip: [SC]Sent Sigma2Resume msg
11:50:04.812  uart:~$ uart:~$ [00:00:05.409,000] <inf> chip: [DIS]Updating services using commissioning mode 0
11:50:04.848  uart:~$ uart:~$ [00:00:05.412,000] <inf> chip: [DIS]CHIP minimal mDNS started advertising.
11:50:04.996  uart:~$ uart:~$ [00:00:05.445,000] <inf> chip: [DIS]Advertise operational node 3700EC0D6DAB4145-00000000DCF2A6E2
11:50:05.039  uart:~$ uart:~$ [00:00:05.446,000] <inf> chip: [DIS]CHIP minimal mDNS configured as 'Operational device'; instance name: 3700EC0D6DAB4145-00000000DCF2A6E2.
11:50:05.095  uart:~$ uart:~$ [00:00:05.458,000] <inf> chip: [DIS]mDNS service published: _matter._tcp
11:50:05.126  uart:~$ uart:~$ [00:00:05.458,000] <inf> chip: [DIS]Advertise operational node 0276B5DAA1937E6D-00000000E08AF3D9
11:50:05.156  uart:~$ uart:~$ [00:00:05.468,000] <inf> chip: [DIS]CHIP minimal mDNS configured as 'Operational device'; instance name: 0276B5DAA1937E6D-00000000E08AF3D9.
11:50:05.166  uart:~$ uart:~$ [00:00:05.485,000] <inf> chip: [DIS]mDNS service published: _matter._tcp
11:50:05.186  uart:~$ uart:~$ [00:00:05.652,000] <inf> matter: IPv6 address added, starting Matter
11:50:05.206  uart:~$ uart:~$ [00:00:05.652,000] <inf> matter: Matter start work already submitted
11:50:05.217  uart:~$ uart:~$ Connected
11:50:05.684  uart:~$ uart:~$ [00:00:05.988,000] <inf> chip: [DIS]Advertise operational node 9B02575873B12C99-0F4FCD706F8B4CFB
11:50:05.740  uart:~$ uart:~$ [00:00:05.989,000] <inf> chip: [DIS]CHIP minimal mDNS configured as 'Operational device'; instance name: 9B02575873B12C99-0F4FCD706F8B4CFB.
11:50:05.761  uart:~$ uart:~$ [00:00:06.010,000] <err> chip: [DIS]Failed to advertise records: 46
11:50:05.781  uart:~$ uart:~$ [00:00:06.011,000] <inf> chip: [DIS]mDNS service published: _matter._tcp
11:50:05.801  uart:~$ uart:~$ [00:00:06.011,000] <err> chip: [DL]Long dispatch time: 602 ms, for event type 32786
11:50:05.821  uart:~$ uart:~$ [00:00:06.426,000] <err> chip: [DL]Long dispatch time: 415 ms, for event type 2
11:50:05.852  uart:~$ uart:~$ [00:00:06.427,000] <inf> chip: [EM]<<1 [E:63813r S:0 M:59669076] (U) Msg Retransmission to 0:0000000000000000
11:50:05.882  uart:~$ uart:~$ [00:00:06.433,000] <inf> chip: [EM]??2 [E:63813r S:0 M:59669076] (U) Msg Retransmission to 0:0000000000000000 scheduled for 385ms from now [State:Active II:500 AI:300 AT:4000]
11:50:05.936  uart:~$ uart:~$ [00:00:06.434,000] <inf> chip: [EM]>>> [E:60725r S:0 M:66098603] (U) Msg RX from 0:071740E7127C7CAD [0000] to 0000000000000000 --- Type 0000:30 (SecureChannel:CASE_Sigma1) (B:234)
11:50:05.969  uart:~$ uart:~$ [00:00:06.435,000] <inf> chip: [IN]Already in the middle of CASE handshake, sending busy status report
11:50:06.046  uart:~$ uart:~$ [00:00:06.478,000] <inf> net_dhcpv4: Received: 192.168.88.23
11:50:06.078  uart:~$ uart:~$ [00:00:06.483,000] <inf> network_manager: default route via wifi
11:50:06.110  uart:~$ uart:~$ [00:00:06.770,000] <inf> matter: IPv6 address added, starting Matter
11:50:06.130  uart:~$ uart:~$ [00:00:06.770,000] <inf> matter: Matter start work already submitted
11:50:06.255  uart:~$ uart:~$ [00:00:06.901,000] <inf> chip: [IN]Sending status report, exchange 60725r
11:50:06.308  uart:~$ uart:~$ [00:00:06.902,000] <inf> chip: [EM]<<< [E:60725r S:0 M:59669077 (Ack:66098603)] (U) Msg TX from 0000000000000000 to 0:071740E7127C7CAD [0000] [UDP:[fe80::2318:d9da:4aed:2465%ETH_W5500]:41691] --- Type 0000:40 (SecureChannel:StatusReport) (B:36)
11:50:06.460  uart:~$ uart:~$ [00:00:06.908,000] <inf> chip: [EM]??1 [E:60725r S:0 M:59669077] (U) Msg Retransmission to 0:0000000000000000 scheduled for 332ms from now [State:Active II:500 AI:300 AT:4000]
11:50:06.492  uart:~$ uart:~$ [00:00:06.941,000] <inf> chip: [EM]<<2 [E:63813r S:0 M:59669076] (U) Msg Retransmission to 0:0000000000000000
11:50:06.544  uart:~$ uart:~$ [00:00:06.947,000] <inf> chip: [EM]??3 [E:63813r S:0 M:59669076] (U) Msg Retransmission to 0:0000000000000000 scheduled for 602ms from now [State:Active II:500 AI:300 AT:4000]
11:50:06.585  uart:~$ uart:~$ [00:00:06.949,000] <inf> chip: [EM]>>> [E:60725r S:0 M:66098603] (U) Msg RX from 0:071740E7127C7CAD [0000] to 0000000000000000 --- Type 0000:30 (SecureChannel:CASE_Sigma1) (B:234)
11:50:06.625  uart:~$ uart:~$ [00:00:06.952,000] <inf> chip: [EM]<<< [E:60725r S:0 M:59669078 (Ack:66098603)] (U) Msg TX from 0000000000000000 to 0:071740E7127C7CAD [0000] [UDP:[fe80::2318:d9da:4aed:2465%ETH_W5500]:41691] --- Type 0000:10 (SecureChannel:StandaloneAck) (B:26)
11:50:06.665  uart:~$ uart:~$ [00:00:06.975,000] <inf> chip: [EM]>>> [E:63813r S:0 M:102310663 (Ack:59669076)] (U) Msg RX from 0:7C46C82AD4EFEFDD [0000] to 0000000000000000 --- Type 0000:40 (SecureChannel:StatusReport) (B:34)
11:50:06.686  uart:~$ uart:~$ [00:00:06.976,000] <inf> chip: [SC]Success status report received. Session was established
11:50:06.706  uart:~$ uart:~$ [00:00:07.002,000] <inf> chip: [SC]SecureSession[0x700018d8, LSID:29343]: State change 'kEstablishing' --> 'kActive'
11:50:06.862  uart:~$ uart:~$ [00:00:07.482,000] <inf> chip: [IN]CASE Session established to peer: <0000000072197CCC, 1>
11:50:06.902  uart:~$ uart:~$ [00:00:07.483,000] <inf> chip: [EM]<<< [E:63813r S:0 M:59669079 (Ack:102310663)] (U) Msg TX from 0000000000000000 to 0:7C46C82AD4EFEFDD [0000] [UDP:[fe80::84a:18c1:cea4:c124%ETH_W5500]:52967] --- Type 0000:10 (SecureChannel:StandaloneAck) (B:26)
11:50:06.923  uart:~$ uart:~$ [00:00:07.489,000] <inf> chip: [EM]<<1 [E:60725r S:0 M:59669077] (U) Msg Retransmission to 0:0000000000000000
11:50:06.963  uart:~$ uart:~$ [00:00:07.494,000] <inf> chip: [EM]??2 [E:60725r S:0 M:59669077] (U) Msg Retransmission to 0:0000000000000000 scheduled for 346ms from now [State:Active II:500 AI:300 AT:4000]
11:50:06.993  uart:~$ uart:~$ [00:00:07.497,000] <inf> chip: [EM]>>> [E:63814r S:29343 M:358381] (S) Msg RX from 1:0000000072197CCC [4145] to 00000000DCF2A6E2 --- Type 0001:03 (IM:SubscribeRequest) (B:718)
11:50:07.013  uart:~$ uart:~$ [00:00:07.510,000] <inf> chip: [DMG]Final negotiated min/max parameters: Min = 0s, Max = 600s
11:50:07.065  uart:~$ uart:~$ [00:00:07.588,000] <inf> chip: [EM]<<< [E:63814r S:29343 M:210000846 (Ack:358381)] (S) Msg TX from 00000000DCF2A6E2 to 1:0000000072197CCC [4145] [UDP:[fe80::84a:18c1:cea4:c124%ETH_W5500]:52967] --- Type 0001:05 (IM:ReportData) (B:956)
11:50:07.106  uart:~$ uart:~$ [00:00:07.601,000] <inf> chip: [EM]??1 [E:63814r S:29343 M:210000846] (S) Msg Retransmission to 1:0000000072197CCC scheduled for 401ms from now [State:Active II:500 AI:300 AT:4000]
11:50:07.136  uart:~$ uart:~$ [00:00:07.603,000] <inf> chip: [EM]>>> [E:63814r S:29343 M:358381] (S) Msg RX from 1:0000000072197CCC [4145] to 00000000DCF2A6E2 --- Type 0001:03 (IM:SubscribeRequest) (B:718)
11:50:07.176  uart:~$ uart:~$ [00:00:07.608,000] <inf> chip: [EM]<<< [E:63814r S:29343 M:210000847 (Ack:358381)] (S) Msg TX from 00000000DCF2A6E2 to 1:0000000072197CCC [4145] [UDP:[fe80::84a:18c1:cea4:c124%ETH_W5500]:52967] --- Type 0000:10 (SecureChannel:StandaloneAck) (B:34)
11:50:07.240  uart:~$ uart:~$ [00:00:07.958,000] <inf> chip: [EM]<<2 [E:60725r S:0 M:59669077] (U) Msg Retransmission to 0:0000000000000000
11:50:07.281  uart:~$ uart:~$ [00:00:07.964,000] <inf> chip: [EM]??3 [E:60725r S:0 M:59669077] (U) Msg Retransmission to 0:0000000000000000 scheduled for 620ms from now [State:Active II:500 AI:300 AT:4000]
11:50:07.311  uart:~$ uart:~$ [00:00:07.965,000] <inf> chip: [EM]>>> [E:63813r S:0 M:102310663 (Ack:59669076)] (U) Msg RX from 0:7C46C82AD4EFEFDD [0000] to 0000000000000000 --- Type 0000:40 (SecureChannel:StatusReport) (B:34)
11:50:07.362  uart:~$ uart:~$ [00:00:07.966,000] <inf> chip: [EM]<<< [E:63813r S:0 M:59669080 (Ack:102310663)] (U) Msg TX from 0000000000000000 to 0:7C46C82AD4EFEFDD [0000] [UDP:[fe80::84a:18c1:cea4:c124%ETH_W5500]:52967] --- Type 0000:10 (SecureChannel:StandaloneAck) (B:26)
11:50:07.392  uart:~$ uart:~$ [00:00:07.973,000] <inf> chip: [EM]>>> [E:60725r S:0 M:66098603] (U) Msg RX from 0:071740E7127C7CAD [0000] to 0000000000000000 --- Type 0000:30 (SecureChannel:CASE_Sigma1) (B:234)
11:50:07.442  uart:~$ uart:~$ [00:00:07.974,000] <inf> chip: [EM]<<< [E:60725r S:0 M:59669081 (Ack:66098603)] (U) Msg TX from 0000000000000000 to 0:071740E7127C7CAD [0000] [UDP:[fe80::2318:d9da:4aed:2465%ETH_W5500]:41691] --- Type 0000:10 (SecureChannel:StandaloneAck) (B:26)
11:50:07.473  uart:~$ uart:~$ [00:00:07.980,000] <inf> chip: [EM]>>> [E:63813r S:0 M:102310663 (Ack:59669076)] (U) Msg RX from 0:7C46C82AD4EFEFDD [0000] to 0000000000000000 --- Type 0000:40 (SecureChannel:StatusReport) (B:34)
11:50:07.524  uart:~$ uart:~$ [00:00:07.981,000] <inf> chip: [EM]<<< [E:63813r S:0 M:59669082 (Ack:102310663)] (U) Msg TX from 0000000000000000 to 0:7C46C82AD4EFEFDD [0000] [UDP:[fe80::84a:18c1:cea4:c124%ETH_W5500]:52967] --- Type 0000:10 (SecureChannel:StandaloneAck) (B:26)
11:50:07.554  uart:~$ uart:~$ [00:00:07.989,000] <inf> chip: [EM]>>> [E:63814r S:29343 M:358381] (S) Msg RX from 1:0000000072197CCC [4145] to 00000000DCF2A6E2 --- Type 0001:03 (IM:SubscribeRequest) (B:718)
11:50:07.605  uart:~$ uart:~$ [00:00:07.991,000] <inf> chip: [EM]<<< [E:63814r S:29343 M:210000848 (Ack:358381)] (S) Msg TX from 00000000DCF2A6E2 to 1:0000000072197CCC [4145] [UDP:[fe80::84a:18c1:cea4:c124%ETH_W5500]:52967] --- Type 0000:10 (SecureChannel:StandaloneAck) (B:34)
11:50:07.673  uart:~$ uart:~$ [00:00:08.379,000] <inf> chip: [EM]<<1 [E:63814r S:29343 M:210000846] (S) Msg Retransmission to 1:0000000072197CCC
11:50:07.703  uart:~$ uart:~$ [00:00:08.392,000] <inf> chip: [EM]??2 [E:63814r S:29343 M:210000846] (S) Msg Retransmission to 1:0000000072197CCC scheduled for 391ms from now [State:Active II:500 AI:300 AT:4000]
11:50:07.743  uart:~$ uart:~$ [00:00:08.396,000] <inf> chip: [EM]>>> [E:63813r S:0 M:102310664 (Ack:59669076)] (U) Msg RX from 0:7C46C82AD4EFEFDD [0000] to 0000000000000000 --- Type 0000:10 (SecureChannel:StandaloneAck) (B:26)
11:50:07.773  uart:~$ uart:~$ [00:00:08.399,000] <inf> chip: [EM]>>> [E:63814r S:29343 M:358381] (S) Msg RX from 1:0000000072197CCC [4145] to 00000000DCF2A6E2 --- Type 0001:03 (IM:SubscribeRequest) (B:718)
11:50:07.826  uart:~$ uart:~$ [00:00:08.401,000] <inf> chip: [EM]<<< [E:63814r S:29343 M:210000849 (Ack:358381)] (S) Msg TX from 00000000DCF2A6E2 to 1:0000000072197CCC [4145] [UDP:[fe80::84a:18c1:cea4:c124%ETH_W5500]:52967] --- Type 0000:10 (SecureChannel:StandaloneAck) (B:34)
11:50:07.866  uart:~$ uart:~$ [00:00:08.407,000] <inf> chip: [EM]>>> [E:63813r S:0 M:102310663 (Ack:59669076)] (U) Msg RX from 0:7C46C82AD4EFEFDD [0000] to 0000000000000000 --- Type 0000:40 (SecureChannel:StatusReport) (B:34)
11:50:07.907  uart:~$ uart:~$ [00:00:08.408,000] <inf> chip: [EM]<<< [E:63813r S:0 M:59669083 (Ack:102310663)] (U) Msg TX from 0000000000000000 to 0:7C46C82AD4EFEFDD [0000] [UDP:[fe80::84a:18c1:cea4:c124%ETH_W5500]:52967] --- Type 0000:10 (SecureChannel:StandaloneAck) (B:26)
11:50:07.947  uart:~$ uart:~$ [00:00:08.415,000] <inf> chip: [EM]>>> [E:60725r S:0 M:66098604 (Ack:59669077)] (U) Msg RX from 0:071740E7127C7CAD [0000] to 0000000000000000 --- Type 0000:10 (SecureChannel:StandaloneAck) (B:26)
11:50:07.987  uart:~$ uart:~$ [00:00:08.417,000] <inf> chip: [EM]>>> [E:60726r S:0 M:66098605] (U) Msg RX from 0:8FA33F6C3C3DEC64 [0000] to 0000000000000000 --- Type 0000:30 (SecureChannel:CASE_Sigma1) (B:234)
11:50:08.007  uart:~$ uart:~$ [00:00:08.418,000] <inf> chip: [IN]CASE Server received Sigma1 message . Starting handshake. EC 0x70003370
11:50:08.094  uart:~$ uart:~$ [00:00:08.779,000] <inf> chip: [EM]<<< [E:60726r S:0 M:59669084 (Ack:66098605)] (U) Msg TX from 0000000000000000 to 0:8FA33F6C3C3DEC64 [0000] [UDP:[fd00:bbdd:edc4:4403:9b3b:bac9:5955:1d56]:41691] --- Type 0000:10 (SecureChannel:StandaloneAck) (B:26)
11:50:08.116  uart:~$ uart:~$ [00:00:08.784,000] <inf> chip: [SC]Received Sigma1 msg
11:50:08.178  uart:~$ uart:~$ [00:00:08.794,000] <inf> chip: [EM]<<< [E:60726r S:0 M:59669085 (Ack:66098605)] (U) Msg TX from 0000000000000000 to 0:8FA33F6C3C3DEC64 [0000] [UDP:[fd00:bbdd:edc4:4403:9b3b:bac9:5955:1d56]:41691] --- Type 0000:33 (SecureChannel:CASE_Sigma2Resume) (B:100)
11:50:08.232  uart:~$ uart:~$ [00:00:08.801,000] <inf> chip: [EM]??1 [E:60726r S:0 M:59669085] (U) Msg Retransmission to 0:0000000000000000 scheduled for 374ms from now [State:Active II:500 AI:300 AT:4000]
11:50:08.264  uart:~$ uart:~$ [00:00:08.801,000] <inf> chip: [SC]Sent Sigma2Resume msg
11:50:08.295  uart:~$ uart:~$ [00:00:08.802,000] <inf> chip: [EM]<<2 [E:63814r S:29343 M:210000846] (S) Msg Retransmission to 1:0000000072197CCC
11:50:08.325  uart:~$ uart:~$ [00:00:08.815,000] <inf> chip: [EM]??3 [E:63814r S:29343 M:210000846] (S) Msg Retransmission to 1:0000000072197CCC scheduled for 550ms from now [State:Active II:500 AI:300 AT:4000]
11:50:08.366  uart:~$ uart:~$ [00:00:08.816,000] <inf> chip: [EM]>>> [E:63813r S:0 M:102310665 (Ack:59669076)] (U) Msg RX from 0:7C46C82AD4EFEFDD [0000] to 0000000000000000 --- Type 0000:10 (SecureChannel:StandaloneAck) (B:26)
11:50:08.396  uart:~$ uart:~$ [00:00:08.821,000] <inf> chip: [EM]>>> [E:60726r S:0 M:66098605] (U) Msg RX from 0:8FA33F6C3C3DEC64 [0000] to 0000000000000000 --- Type 0000:30 (SecureChannel:CASE_Sigma1) (B:234)
11:50:08.448  uart:~$ uart:~$ [00:00:08.822,000] <inf> chip: [EM]<<< [E:60726r S:0 M:59669086 (Ack:66098605)] (U) Msg TX from 0000000000000000 to 0:8FA33F6C3C3DEC64 [0000] [UDP:[fd00:bbdd:edc4:4403:9b3b:bac9:5955:1d56]:41691] --- Type 0000:10 (SecureChannel:StandaloneAck) (B:26)
11:50:08.585  uart:~$ uart:~$ [00:00:09.223,000] <inf> chip: [EM]<<1 [E:60726r S:0 M:59669085] (U) Msg Retransmission to 0:0000000000000000
11:50:08.626  uart:~$ uart:~$ [00:00:09.230,000] <inf> chip: [EM]??2 [E:60726r S:0 M:59669085] (U) Msg Retransmission to 0:0000000000000000 scheduled for 407ms from now [State:Active II:500 AI:300 AT:4000]
11:50:08.666  uart:~$ uart:~$ [00:00:09.231,000] <inf> chip: [EM]>>> [E:63814r S:29343 M:358382 (Ack:210000846)] (S) Msg RX from 1:0000000072197CCC [4145] to 00000000DCF2A6E2 --- Type 0001:01 (IM:StatusResponse) (B:42)
11:50:08.687  uart:~$ uart:~$ [00:00:09.236,000] <inf> chip: [IM]Received status response, status is 0x00
11:50:08.728  uart:~$ uart:~$ [00:00:09.305,000] <inf> chip: [EM]<<< [E:63814r S:29343 M:210000850 (Ack:358382)] (S) Msg TX from 00000000DCF2A6E2 to 1:0000000072197CCC [4145] [UDP:[fe80::84a:18c1:cea4:c124%ETH_W5500]:52967] --- Type 0001:05 (IM:ReportData) (B:1013)
11:50:08.780  uart:~$ uart:~$ [00:00:09.318,000] <inf> chip: [EM]??1 [E:63814r S:29343 M:210000850] (S) Msg Retransmission to 1:0000000072197CCC scheduled for 369ms from now [State:Active II:500 AI:300 AT:4000]
11:50:08.905  uart:~$ uart:~$ [00:00:09.320,000] <inf> chip: [EM]>>> [E:63814r S:29343 M:358382 (Ack:210000846)] (S) Msg RX from 1:0000000072197CCC [4145] to 00000000DCF2A6E2 --- Type 0001:01 (IM:StatusResponse) (B:42)
11:50:08.981  uart:~$ uart:~$ [00:00:09.325,000] <inf> chip: [EM]<<< [E:63814r S:29343 M:210000851 (Ack:358382)] (S) Msg TX from 00000000DCF2A6E2 to 1:0000000072197CCC [4145] [UDP:[fe80::84a:18c1:cea4:c124%ETH_W5500]:52967] --- Type 0000:10 (SecureChannel:StandaloneAck) (B:34)
11:50:09.022  uart:~$ uart:~$ [00:00:09.331,000] <inf> chip: [EM]>>> [E:60726r S:0 M:66098605] (U) Msg RX from 0:8FA33F6C3C3DEC64 [0000] to 0000000000000000 --- Type 0000:30 (SecureChannel:CASE_Sigma1) (B:234)
11:50:09.086  uart:~$ uart:~$ [00:00:09.332,000] <inf> chip: [EM]<<< [E:60726r S:0 M:59669087 (Ack:66098605)] (U) Msg TX from 0000000000000000 to 0:8FA33F6C3C3DEC64 [0000] [UDP:[fd00:bbdd:edc4:4403:9b3b:bac9:5955:1d56]:41691] --- Type 0000:10 (SecureChannel:StandaloneAck) (B:26)
11:50:09.322  uart:~$ uart:~$ [00:00:09.966,000] <inf> chip: [EM]<<1 [E:63814r S:29343 M:210000850] (S) Msg Retransmission to 1:0000000072197CCC
11:50:09.505  uart:~$ uart:~$ [00:00:09.979,000] <inf> chip: [EM]??2 [E:63814r S:29343 M:210000850] (S) Msg Retransmission to 1:0000000072197CCC scheduled for 404ms from now [State:Active II:500 AI:300 AT:4000]
11:50:09.536  uart:~$ uart:~$ [00:00:09.980,000] <inf> chip: [EM]<<2 [E:60726r S:0 M:59669085] (U) Msg Retransmission to 0:0000000000000000
11:50:09.578  uart:~$ uart:~$ [00:00:09.990,000] <inf> chip: [EM]??3 [E:60726r S:0 M:59669085] (U) Msg Retransmission to 0:0000000000000000 scheduled for 578ms from now [State:Active II:500 AI:300 AT:4000]
11:50:09.645  uart:~$ uart:~$ [00:00:09.992,000] <inf> chip: [EM]>>> [E:63814r S:29343 M:358382 (Ack:210000846)] (S) Msg RX from 1:0000000072197CCC [4145] to 00000000DCF2A6E2 --- Type 0001:01 (IM:StatusResponse) (B:42)
11:50:09.709  uart:~$ uart:~$ [00:00:09.996,000] <inf> chip: [EM]<<< [E:63814r S:29343 M:210000852 (Ack:358382)] (S) Msg TX from 00000000DCF2A6E2 to 1:0000000072197CCC [4145] [UDP:[fe80::84a:18c1:cea4:c124%ETH_W5500]:52967] --- Type 0000:10 (SecureChannel:StandaloneAck) (B:34)
11:50:09.838  uart:~$ uart:~$ [00:00:10.004,000] <inf> chip: [EM]>>> [E:63814r S:29343 M:358383 (Ack:210000846)] (S) Msg RX from 1:0000000072197CCC [4145] to 00000000DCF2A6E2 --- Type 0000:10 (SecureChannel:StandaloneAck) (B:34)
11:50:09.937  uart:~$ uart:~$ [00:00:10.029,000] <inf> chip: [EM]>>> [E:63814r S:29343 M:358384 (Ack:210000846)] (S) Msg RX from 1:0000000072197CCC [4145] to 00000000DCF2A6E2 --- Type 0000:10 (SecureChannel:StandaloneAck) (B:34)
11:50:10.255  uart:~$ uart:~$ [00:00:10.034,000] <inf> chip: [EM]>>> [E:60726r S:0 M:66098606 (Ack:59669085)] (U) Msg RX from 0:8FA33F6C3C3DEC64 [0000] to 0000000000000000 --- Type 0000:40 (SecureChannel:StatusReport) (B:34)
11:50:10.309  uart:~$ uart:~$ [00:00:10.062,000] <inf> chip: [SC]Success status report received. Session was established
11:50:10.400  uart:~$ uart:~$ [00:00:11.099,000] <inf> chip: [SC]SecureSession[0x700019b0, LSID:29344]: State change 'kEstablishing' --> 'kActive'
11:50:10.421  uart:~$ uart:~$ [00:00:11.100,000] <inf> chip: [IN]CASE Session established to peer: <84E37241C1AC706C, 3>
11:50:10.461  uart:~$ uart:~$ [00:00:11.101,000] <inf> chip: [EM]<<< [E:60726r S:0 M:59669088 (Ack:66098606)] (U) Msg TX from 0000000000000000 to 0:8FA33F6C3C3DEC64 [0000] [UDP:[fd00:bbdd:edc4:4403:9b3b:bac9:5955:1d56]:41691] --- Type 0000:10 (SecureChannel:StandaloneAck) (B:26)
11:50:10.491  uart:~$ uart:~$ [00:00:11.108,000] <inf> chip: [EM]<<2 [E:63814r S:29343 M:210000850] (S) Msg Retransmission to 1:0000000072197CCC
11:50:10.521  uart:~$ uart:~$ [00:00:11.121,000] <inf> chip: [EM]??3 [E:63814r S:29343 M:210000850] (S) Msg Retransmission to 1:0000000072197CCC scheduled for 546ms from now [State:Active II:500 AI:300 AT:4000]
11:50:10.561  uart:~$ uart:~$ [00:00:11.123,000] <inf> chip: [EM]>>> [E:60727r S:29344 M:174188216] (S) Msg RX from 3:84E37241C1AC706C [2C99] to 0F4FCD706F8B4CFB --- Type 0001:08 (IM:InvokeCommandRequest) (B:62)
11:50:10.571  uart:~$ uart:~$ [00:00:11.129,000] <inf> chip: [ZCL]Toggle ep4 on/off from state 0 to 1
11:50:10.592  uart:~$ uart:~$ [00:00:11.129,000] <inf> chip: [ZCL]On Command - OffWaitTime :  0
11:50:10.612  uart:~$ uart:~$ [00:00:11.129,000] <inf> chip: [ZCL]On/Toggle Command - Stop Timer
11:50:10.632  uart:~$ uart:~$ [00:00:11.132,000] <inf> matter_event_loop: Call cluster ID: 6, Attribute ID: 0
11:50:10.760  uart:~$ uart:~$ [00:00:11.404,000] <inf> matter_event_loop: Matter OnOff changed: endpoint=4 state=1
11:50:11.152  uart:~$ uart:~$ [00:00:11.405,000] <inf> io: io event handled: evt.io_event = 6, evt.bool_data = 1, evt.event_direction = 1
11:50:11.378  uart:~$ uart:~$ [00:00:11.407,000] <inf> chip: [EM]<<< [E:60727r S:29344 M:82183138 (Ack:174188216)] (S) Msg TX from 0F4FCD706F8B4CFB to 3:84E37241C1AC706C [2C99] [UDP:[fd00:bbdd:edc4:4403:9b3b:bac9:5955:1d56]:41691] --- Type 0001:09 (IM:InvokeCommandResponse) (B:70)
11:50:11.419  uart:~$ uart:~$ [00:00:11.413,000] <inf> chip: [EM]??1 [E:60727r S:29344 M:82183138] (S) Msg Retransmission to 3:84E37241C1AC706C scheduled for 392ms from now [State:Active II:500 AI:300 AT:4000]
11:50:11.449  uart:~$ uart:~$ [00:00:11.417,000] <inf> chip: [EM]>>> [E:60728r S:29344 M:174188217] (S) Msg RX from 3:84E37241C1AC706C [2C99] to 0F4FCD706F8B4CFB --- Type 0001:03 (IM:SubscribeRequest) (B:115)
11:50:11.469  uart:~$ uart:~$ [00:00:11.428,000] <inf> chip: [DMG]Final negotiated min/max parameters: Min = 0s, Max = 30s
11:50:11.531  uart:~$ uart:~$ [00:00:11.468,000] <inf> chip: [EM]<<< [E:60728r S:29344 M:82183139 (Ack:174188217)] (S) Msg TX from 0F4FCD706F8B4CFB to 3:84E37241C1AC706C [2C99] [UDP:[fd00:bbdd:edc4:4403:9b3b:bac9:5955:1d56]:41691] --- Type 0001:05 (IM:ReportData) (B:200)
11:50:11.586  uart:~$ uart:~$ [00:00:11.475,000] <inf> chip: [EM]??1 [E:60728r S:29344 M:82183139] (S) Msg Retransmission to 3:84E37241C1AC706C scheduled for 355ms from now [State:Active II:500 AI:300 AT:4000]
11:50:11.637  uart:~$ uart:~$ [00:00:11.477,000] <inf> chip: [EM]>>> [E:63814r S:29343 M:358382 (Ack:210000846)] (S) Msg RX from 1:0000000072197CCC [4145] to 00000000DCF2A6E2 --- Type 0001:01 (IM:StatusResponse) (B:42)
11:50:11.678  uart:~$ uart:~$ [00:00:11.478,000] <inf> chip: [EM]<<< [E:63814r S:29343 M:210000853 (Ack:358382)] (S) Msg TX from 00000000DCF2A6E2 to 1:0000000072197CCC [4145] [UDP:[fe80::84a:18c1:cea4:c124%ETH_W5500]:52967] --- Type 0000:10 (SecureChannel:StandaloneAck) (B:34)
11:50:11.710  uart:~$ uart:~$ [00:00:12.023,000] <inf> net_dhcpv4: Received: 192.168.88.13
11:50:11.730  uart:~$ uart:~$ [00:00:12.101,000] <inf> network_manager: default route via ethernet
11:50:11.837  uart:~$ uart:~$ [00:00:12.541,000] <inf> chip: [EM]<<3 [E:63814r S:29343 M:210000850] (S) Msg Retransmission to 1:0000000072197CCC
11:50:11.878  uart:~$ uart:~$ [00:00:12.555,000] <inf> chip: [EM]??4 [E:63814r S:29343 M:210000850] (S) Msg Retransmission to 1:0000000072197CCC scheduled for 989ms from now [State:Active II:500 AI:300 AT:4000]
11:50:11.922  uart:~$ uart:~$ [00:00:12.555,000] <inf> chip: [EM]<<1 [E:60727r S:29344 M:82183138] (S) Msg Retransmission to 3:84E37241C1AC706C
11:50:11.988  uart:~$ uart:~$ [00:00:12.565,000] <inf> chip: [EM]??2 [E:60727r S:29344 M:82183138] (S) Msg Retransmission to 3:84E37241C1AC706C scheduled for 408ms from now [State:Active II:500 AI:300 AT:4000]
11:50:12.019  uart:~$ uart:~$ [00:00:12.565,000] <inf> chip: [EM]<<1 [E:60728r S:29344 M:82183139] (S) Msg Retransmission to 3:84E37241C1AC706C
11:50:12.049  uart:~$ uart:~$ [00:00:12.572,000] <inf> chip: [EM]??2 [E:60728r S:29344 M:82183139] (S) Msg Retransmission to 3:84E37241C1AC706C scheduled for 372ms from now [State:Active II:500 AI:300 AT:4000]
11:50:12.090  uart:~$ uart:~$ [00:00:12.573,000] <inf> chip: [EM]>>> [E:60726r S:0 M:66098606 (Ack:59669085)] (U) Msg RX from 0:8FA33F6C3C3DEC64 [0000] to 0000000000000000 --- Type 0000:40 (SecureChannel:StatusReport) (B:34)
11:50:12.131  uart:~$ uart:~$ [00:00:12.574,000] <inf> chip: [EM]<<< [E:60726r S:0 M:59669089 (Ack:66098606)] (U) Msg TX from 0000000000000000 to 0:8FA33F6C3C3DEC64 [0000] [UDP:[fd00:bbdd:edc4:4403:9b3b:bac9:5955:1d56]:41691] --- Type 0000:10 (SecureChannel:StandaloneAck) (B:26)
11:50:12.172  uart:~$ uart:~$ [00:00:12.583,000] <inf> chip: [EM]>>> [E:60727r S:29344 M:174188216] (S) Msg RX from 3:84E37241C1AC706C [2C99] to 0F4FCD706F8B4CFB --- Type 0001:08 (IM:InvokeCommandRequest) (B:62)
11:50:12.212  uart:~$ uart:~$ [00:00:12.585,000] <inf> chip: [EM]<<< [E:60727r S:29344 M:82183140 (Ack:174188216)] (S) Msg TX from 0F4FCD706F8B4CFB to 3:84E37241C1AC706C [2C99] [UDP:[fd00:bbdd:edc4:4403:9b3b:bac9:5955:1d56]:41691] --- Type 0000:10 (SecureChannel:StandaloneAck) (B:34)
11:50:12.378  uart:~$ uart:~$ [00:00:13.006,000] <inf> chip: [EM]<<2 [E:60727r S:29344 M:82183138] (S) Msg Retransmission to 3:84E37241C1AC706C
11:50:12.419  uart:~$ uart:~$ [00:00:13.012,000] <inf> chip: [EM]??3 [E:60727r S:29344 M:82183138] (S) Msg Retransmission to 3:84E37241C1AC706C scheduled for 621ms from now [State:Active II:500 AI:300 AT:4000]
11:50:12.452  uart:~$ uart:~$ [00:00:13.012,000] <inf> chip: [EM]<<2 [E:60728r S:29344 M:82183139] (S) Msg Retransmission to 3:84E37241C1AC706C
11:50:12.504  uart:~$ uart:~$ [00:00:13.041,000] <inf> chip: [EM]??3 [E:60728r S:29344 M:82183139] (S) Msg Retransmission to 3:84E37241C1AC706C scheduled for 574ms from now [State:Active II:500 AI:300 AT:4000]
11:50:12.545  uart:~$ uart:~$ [00:00:13.042,000] <inf> chip: [EM]>>> [E:60726r S:0 M:66098607 (Ack:59669085)] (U) Msg RX from 0:8FA33F6C3C3DEC64 [0000] to 0000000000000000 --- Type 0000:10 (SecureChannel:StandaloneAck) (B:26)
11:50:12.575  uart:~$ uart:~$ [00:00:13.046,000] <inf> chip: [EM]>>> [E:60728r S:29344 M:174188217] (S) Msg RX from 3:84E37241C1AC706C [2C99] to 0F4FCD706F8B4CFB --- Type 0001:03 (IM:SubscribeRequest) (B:115)
11:50:12.626  uart:~$ uart:~$ [00:00:13.047,000] <inf> chip: [EM]<<< [E:60728r S:29344 M:82183141 (Ack:174188217)] (S) Msg TX from 0F4FCD706F8B4CFB to 3:84E37241C1AC706C [2C99] [UDP:[fd00:bbdd:edc4:4403:9b3b:bac9:5955:1d56]:41691] --- Type 0000:10 (SecureChannel:StandaloneAck) (B:34)
11:50:12.656  uart:~$ uart:~$ [00:00:13.055,000] <inf> chip: [EM]>>> [E:63814r S:29343 M:358385 (Ack:210000850)] (S) Msg RX from 1:0000000072197CCC [4145] to 00000000DCF2A6E2 --- Type 0001:01 (IM:StatusResponse) (B:42)
11:50:12.676  uart:~$ uart:~$ [00:00:13.056,000] <inf> chip: [IM]Received status response, status is 0x00
11:50:12.717  uart:~$ uart:~$ [00:00:13.126,000] <inf> chip: [EM]<<< [E:63814r S:29343 M:210000854 (Ack:358385)] (S) Msg TX from 00000000DCF2A6E2 to 1:0000000072197CCC [4145] [UDP:[fe80::84a:18c1:cea4:c124%ETH_W5500]:52967] --- Type 0001:05 (IM:ReportData) (B:1191)
11:50:12.900  uart:~$ uart:~$ [00:00:13.512,000] <inf> chip: [EM]??1 [E:63814r S:29343 M:210000854] (S) Msg Retransmission to 1:0000000072197CCC scheduled for 367ms from now [State:Active II:500 AI:300 AT:4000]
11:50:12.954  uart:~$ uart:~$ [00:00:13.514,000] <inf> chip: [EM]>>> [E:60726r S:0 M:66098606 (Ack:59669085)] (U) Msg RX from 0:8FA33F6C3C3DEC64 [0000] to 0000000000000000 --- Type 0000:40 (SecureChannel:StatusReport) (B:34)
11:50:13.077  uart:~$ uart:~$ [00:00:13.514,000] <inf> chip: [EM]<<< [E:60726r S:0 M:59669090 (Ack:66098606)] (U) Msg TX from 0000000000000000 to 0:8FA33F6C3C3DEC64 [0000] [UDP:[fd00:bbdd:edc4:4403:9b3b:bac9:5955:1d56]:41691] --- Type 0000:10 (SecureChannel:StandaloneAck) (B:26)
11:50:13.118  uart:~$ uart:~$ [00:00:13.534,000] <inf> chip: [EM]>>> [E:60727r S:29344 M:174188216] (S) Msg RX from 3:84E37241C1AC706C [2C99] to 0F4FCD706F8B4CFB --- Type 0001:08 (IM:InvokeCommandRequest) (B:62)
11:50:13.158  uart:~$ uart:~$ [00:00:13.535,000] <inf> chip: [EM]<<< [E:60727r S:29344 M:82183142 (Ack:174188216)] (S) Msg TX from 0F4FCD706F8B4CFB to 3:84E37241C1AC706C [2C99] [UDP:[fd00:bbdd:edc4:4403:9b3b:bac9:5955:1d56]:41691] --- Type 0000:10 (SecureChannel:StandaloneAck) (B:34)
11:50:13.188  uart:~$ uart:~$ [00:00:13.546,000] <inf> chip: [EM]>>> [E:60728r S:29344 M:174188217] (S) Msg RX from 3:84E37241C1AC706C [2C99] to 0F4FCD706F8B4CFB --- Type 0001:03 (IM:SubscribeRequest) (B:115)
11:50:13.239  uart:~$ uart:~$ [00:00:13.547,000] <inf> chip: [EM]<<< [E:60728r S:29344 M:82183143 (Ack:174188217)] (S) Msg TX from 0F4FCD706F8B4CFB to 3:84E37241C1AC706C [2C99] [UDP:[fd00:bbdd:edc4:4403:9b3b:bac9:5955:1d56]:41691] --- Type 0000:10 (SecureChannel:StandaloneAck) (B:34)
11:50:13.269  uart:~$ uart:~$ [00:00:13.557,000] <inf> chip: [EM]>>> [E:63814r S:29343 M:358385 (Ack:210000850)] (S) Msg RX from 1:0000000072197CCC [4145] to 00000000DCF2A6E2 --- Type 0001:01 (IM:StatusResponse) (B:42)
11:50:13.320  uart:~$ uart:~$ [00:00:13.558,000] <inf> chip: [EM]<<< [E:63814r S:29343 M:210000855 (Ack:358385)] (S) Msg TX from 00000000DCF2A6E2 to 1:0000000072197CCC [4145] [UDP:[fe80::84a:18c1:cea4:c124%ETH_W5500]:52967] --- Type 0000:10 (SecureChannel:StandaloneAck) (B:34)
11:50:13.340  uart:~$ uart:~$ [00:00:13.634,000] <inf> chip: [EM]<<3 [E:60727r S:29344 M:82183138] (S) Msg Retransmission to 3:84E37241C1AC706C
11:50:13.431  uart:~$ uart:~$ [00:00:14.120,000] <inf> chip: [EM]??4 [E:60727r S:29344 M:82183138] (S) Msg Retransmission to 3:84E37241C1AC706C scheduled for 981ms from now [State:Active II:500 AI:300 AT:4000]
11:50:13.461  uart:~$ uart:~$ [00:00:14.120,000] <inf> chip: [EM]<<3 [E:60728r S:29344 M:82183139] (S) Msg Retransmission to 3:84E37241C1AC706C
11:50:13.492  uart:~$ uart:~$ [00:00:14.127,000] <inf> chip: [EM]??4 [E:60728r S:29344 M:82183139] (S) Msg Retransmission to 3:84E37241C1AC706C scheduled for 876ms from now [State:Active II:500 AI:300 AT:4000]
11:50:13.532  uart:~$ uart:~$ [00:00:14.129,000] <inf> chip: [EM]>>> [E:63814r S:29343 M:358386 (Ack:210000850)] (S) Msg RX from 1:0000000072197CCC [4145] to 00000000DCF2A6E2 --- Type 0000:10 (SecureChannel:StandaloneAck) (B:34)
11:50:13.552  uart:~$ uart:~$ [00:00:14.132,000] <inf> chip: [EM]<<1 [E:63814r S:29343 M:210000854] (S) Msg Retransmission to 1:0000000072197CCC
11:50:13.592  uart:~$ uart:~$ [00:00:14.153,000] <inf> chip: [EM]??2 [E:63814r S:29343 M:210000854] (S) Msg Retransmission to 1:0000000072197CCC scheduled for 369ms from now [State:Active II:500 AI:300 AT:4000]
11:50:13.633  uart:~$ uart:~$ [00:00:14.155,000] <inf> chip: [EM]>>> [E:60726r S:0 M:66098608 (Ack:59669085)] (U) Msg RX from 0:8FA33F6C3C3DEC64 [0000] to 0000000000000000 --- Type 0000:10 (SecureChannel:StandaloneAck) (B:26)
11:50:13.663  uart:~$ uart:~$ [00:00:14.158,000] <inf> chip: [EM]>>> [E:60727r S:29344 M:174188216] (S) Msg RX from 3:84E37241C1AC706C [2C99] to 0F4FCD706F8B4CFB --- Type 0001:08 (IM:InvokeCommandRequest) (B:62)
11:50:13.713  uart:~$ uart:~$ [00:00:14.159,000] <inf> chip: [EM]<<< [E:60727r S:29344 M:82183144 (Ack:174188216)] (S) Msg TX from 0F4FCD706F8B4CFB to 3:84E37241C1AC706C [2C99] [UDP:[fd00:bbdd:edc4:4403:9b3b:bac9:5955:1d56]:41691] --- Type 0000:10 (SecureChannel:StandaloneAck) (B:34)
11:50:13.744  uart:~$ uart:~$ [00:00:14.167,000] <inf> chip: [EM]>>> [E:63814r S:29343 M:358385 (Ack:210000850)] (S) Msg RX from 1:0000000072197CCC [4145] to 00000000DCF2A6E2 --- Type 0001:01 (IM:StatusResponse) (B:42)
11:50:13.900  uart:~$ uart:~$ [00:00:14.517,000] <inf> chip: [EM]<<< [E:63814r S:29343 M:210000856 (Ack:358385)] (S) Msg TX from 00000000DCF2A6E2 to 1:0000000072197CCC [4145] [UDP:[fe80::84a:18c1:cea4:c124%ETH_W5500]:52967] --- Type 0000:10 (SecureChannel:StandaloneAck) (B:34)
11:50:13.931  uart:~$ uart:~$ [00:00:14.537,000] <inf> chip: [EM]<<2 [E:63814r S:29343 M:210000854] (S) Msg Retransmission to 1:0000000072197CCC
11:50:13.961  uart:~$ uart:~$ [00:00:14.558,000] <inf> chip: [EM]??3 [E:63814r S:29343 M:210000854] (S) Msg Retransmission to 1:0000000072197CCC scheduled for 631ms from now [State:Active II:500 AI:300 AT:4000]
11:50:14.002  uart:~$ uart:~$ [00:00:14.559,000] <inf> chip: [EM]>>> [E:60726r S:0 M:66098606 (Ack:59669085)] (U) Msg RX from 0:8FA33F6C3C3DEC64 [0000] to 0000000000000000 --- Type 0000:40 (SecureChannel:StatusReport) (B:34)
11:50:14.053  uart:~$ uart:~$ [00:00:14.560,000] <inf> chip: [EM]<<< [E:60726r S:0 M:59669091 (Ack:66098606)] (U) Msg TX from 0000000000000000 to 0:8FA33F6C3C3DEC64 [0000] [UDP:[fd00:bbdd:edc4:4403:9b3b:bac9:5955:1d56]:41691] --- Type 0000:10 (SecureChannel:StandaloneAck) (B:26)
11:50:14.084  uart:~$ uart:~$ [00:00:14.581,000] <inf> chip: [EM]>>> [E:60728r S:29344 M:174188217] (S) Msg RX from 3:84E37241C1AC706C [2C99] to 0F4FCD706F8B4CFB --- Type 0001:03 (IM:SubscribeRequest) (B:115)
11:50:14.134  uart:~$ uart:~$ [00:00:14.582,000] <inf> chip: [EM]<<< [E:60728r S:29344 M:82183145 (Ack:174188217)] (S) Msg TX from 0F4FCD706F8B4CFB to 3:84E37241C1AC706C [2C99] [UDP:[fd00:bbdd:edc4:4403:9b3b:bac9:5955:1d56]:41691] --- Type 0000:10 (SecureChannel:StandaloneAck) (B:34)
11:50:14.187  uart:~$ uart:~$ [00:00:14.591,000] <inf> chip: [EM]>>> [E:63814r S:29343 M:358385 (Ack:210000850)] (S) Msg RX from 1:0000000072197CCC [4145] to 00000000DCF2A6E2 --- Type 0001:01 (IM:StatusResponse) (B:42)
11:50:14.261  uart:~$ uart:~$ [00:00:14.607,000] <inf> chip: [EM]<<< [E:63814r S:29343 M:210000857 (Ack:358385)] (S) Msg TX from 00000000DCF2A6E2 to 1:0000000072197CCC [4145] [UDP:[fe80::84a:18c1:cea4:c124%ETH_W5500]:52967] --- Type 0000:10 (SecureChannel:StandaloneAck) (B:34)
11:50:14.304  uart:~$ uart:~$ [00:00:14.631,000] <inf> chip: [EM]>>> [E:60727r S:29344 M:174188216] (S) Msg RX from 3:84E37241C1AC706C [2C99] to 0F4FCD706F8B4CFB --- Type 0001:08 (IM:InvokeCommandRequest) (B:62)
11:50:14.405  uart:~$ uart:~$ [00:00:15.095,000] <inf> chip: [EM]<<< [E:60727r S:29344 M:82183146 (Ack:174188216)] (S) Msg TX from 0F4FCD706F8B4CFB to 3:84E37241C1AC706C [2C99] [UDP:[fd00:bbdd:edc4:4403:9b3b:bac9:5955:1d56]:41691] --- Type 0000:10 (SecureChannel:StandaloneAck) (B:34)
11:50:14.435  uart:~$ uart:~$ [00:00:15.101,000] <inf> chip: [EM]<<4 [E:60727r S:29344 M:82183138] (S) Msg Retransmission to 3:84E37241C1AC706C
11:50:14.466  uart:~$ uart:~$ [00:00:15.107,000] <inf> chip: [EM]??5 [E:60727r S:29344 M:82183138] (S) Msg Retransmission to 3:84E37241C1AC706C scheduled for 1406ms from now [State:Active II:500 AI:300 AT:4000]
11:50:14.497  uart:~$ uart:~$ [00:00:15.107,000] <inf> chip: [EM]<<4 [E:60728r S:29344 M:82183139] (S) Msg Retransmission to 3:84E37241C1AC706C
11:50:14.527  uart:~$ uart:~$ [00:00:15.115,000] <inf> chip: [EM]??5 [E:60728r S:29344 M:82183139] (S) Msg Retransmission to 3:84E37241C1AC706C scheduled for 1475ms from now [State:Active II:500 AI:300 AT:4000]
11:50:14.568  uart:~$ uart:~$ [00:00:15.116,000] <inf> chip: [EM]>>> [E:63814r S:29343 M:358387 (Ack:210000850)] (S) Msg RX from 1:0000000072197CCC [4145] to 00000000DCF2A6E2 --- Type 0000:10 (SecureChannel:StandaloneAck) (B:34)
11:50:14.598  uart:~$ uart:~$ [00:00:15.119,000] <inf> chip: [EM]>>> [E:60728r S:29344 M:174188217] (S) Msg RX from 3:84E37241C1AC706C [2C99] to 0F4FCD706F8B4CFB --- Type 0001:03 (IM:SubscribeRequest) (B:115)
11:50:14.649  uart:~$ uart:~$ [00:00:15.121,000] <inf> chip: [EM]<<< [E:60728r S:29344 M:82183147 (Ack:174188217)] (S) Msg TX from 0F4FCD706F8B4CFB to 3:84E37241C1AC706C [2C99] [UDP:[fd00:bbdd:edc4:4403:9b3b:bac9:5955:1d56]:41691] --- Type 0000:10 (SecureChannel:StandaloneAck) (B:34)
11:50:14.679  uart:~$ uart:~$ [00:00:15.128,000] <inf> chip: [EM]>>> [E:60727r S:29344 M:174188218 (Ack:82183138)] (S) Msg RX from 3:84E37241C1AC706C [2C99] to 0F4FCD706F8B4CFB --- Type 0000:10 (SecureChannel:StandaloneAck) (B:34)
11:50:14.719  uart:~$ uart:~$ [00:00:15.131,000] <inf> chip: [EM]>>> [E:60728r S:29344 M:174188219 (Ack:82183139)] (S) Msg RX from 3:84E37241C1AC706C [2C99] to 0F4FCD706F8B4CFB --- Type 0001:01 (IM:StatusResponse) (B:42)
11:50:14.801  uart:~$ uart:~$ [00:00:15.491,000] <inf> chip: [IM]Received status response, status is 0x00
11:50:14.852  uart:~$ uart:~$ [00:00:15.493,000] <inf> chip: [EM]<<< [E:60728r S:29344 M:82183148 (Ack:174188219)] (S) Msg TX from 0F4FCD706F8B4CFB to 3:84E37241C1AC706C [2C99] [UDP:[fd00:bbdd:edc4:4403:9b3b:bac9:5955:1d56]:41691] --- Type 0001:04 (IM:SubscribeResponse) (B:48)
11:50:14.882  uart:~$ uart:~$ [00:00:15.499,000] <inf> chip: [EM]??1 [E:60728r S:29344 M:82183148] (S) Msg Retransmission to 3:84E37241C1AC706C scheduled for 391ms from now [State:Active II:500 AI:300 AT:4000]
11:50:14.913  uart:~$ uart:~$ [00:00:15.499,000] <inf> chip: [DMG]Registered a ReadHandler that will schedule a report between system Timestamp: 0x0000000000003C8B and system Timestamp 0x000000000000B1BB.
11:50:14.943  uart:~$ uart:~$ [00:00:15.500,000] <inf> chip: [EM]<<3 [E:63814r S:29343 M:210000854] (S) Msg Retransmission to 1:0000000072197CCC
11:50:14.974  uart:~$ uart:~$ [00:00:15.529,000] <inf> chip: [EM]??4 [E:63814r S:29343 M:210000854] (S) Msg Retransmission to 1:0000000072197CCC scheduled for 949ms from now [State:Active II:500 AI:300 AT:4000]
11:50:15.014  uart:~$ uart:~$ [00:00:15.531,000] <inf> chip: [EM]>>> [E:63814r S:29343 M:358385 (Ack:210000850)] (S) Msg RX from 1:0000000072197CCC [4145] to 00000000DCF2A6E2 --- Type 0001:01 (IM:StatusResponse) (B:42)
11:50:15.055  uart:~$ uart:~$ [00:00:15.533,000] <inf> chip: [EM]<<< [E:63814r S:29343 M:210000858 (Ack:358385)] (S) Msg TX from 00000000DCF2A6E2 to 1:0000000072197CCC [4145] [UDP:[fe80::84a:18c1:cea4:c124%ETH_W5500]:52967] --- Type 0000:10 (SecureChannel:StandaloneAck) (B:34)
11:50:15.096  uart:~$ uart:~$ [00:00:15.553,000] <inf> chip: [EM]>>> [E:60728r S:29344 M:174188219 (Ack:82183139)] (S) Msg RX from 3:84E37241C1AC706C [2C99] to 0F4FCD706F8B4CFB --- Type 0001:01 (IM:StatusResponse) (B:42)
11:50:15.137  uart:~$ uart:~$ [00:00:15.554,000] <inf> chip: [EM]<<< [E:60728r S:29344 M:82183149 (Ack:174188219)] (S) Msg TX from 0F4FCD706F8B4CFB to 3:84E37241C1AC706C [2C99] [UDP:[fd00:bbdd:edc4:4403:9b3b:bac9:5955:1d56]:41691] --- Type 0000:10 (SecureChannel:StandaloneAck) (B:34)
11:50:15.204  uart:~$ uart:~$ [00:00:15.919,000] <inf> chip: [EM]<<1 [E:60728r S:29344 M:82183148] (S) Msg Retransmission to 3:84E37241C1AC706C
11:50:15.244  uart:~$ uart:~$ [00:00:15.925,000] <inf> chip: [EM]??2 [E:60728r S:29344 M:82183148] (S) Msg Retransmission to 3:84E37241C1AC706C scheduled for 401ms from now [State:Active II:500 AI:300 AT:4000]
11:50:15.275  uart:~$ uart:~$ [00:00:15.927,000] <inf> chip: [EM]>>> [E:60728r S:29344 M:174188219 (Ack:82183139)] (S) Msg RX from 3:84E37241C1AC706C [2C99] to 0F4FCD706F8B4CFB --- Type 0001:01 (IM:StatusResponse) (B:42)
11:50:15.325  uart:~$ uart:~$ [00:00:15.928,000] <inf> chip: [EM]<<< [E:60728r S:29344 M:82183150 (Ack:174188219)] (S) Msg TX from 0F4FCD706F8B4CFB to 3:84E37241C1AC706C [2C99] [UDP:[fd00:bbdd:edc4:4403:9b3b:bac9:5955:1d56]:41691] --- Type 0000:10 (SecureChannel:StandaloneAck) (B:34)
11:50:15.366  uart:~$ uart:~$ [00:00:15.939,000] <inf> chip: [EM]>>> [E:63814r S:29343 M:358388 (Ack:210000850)] (S) Msg RX from 1:0000000072197CCC [4145] to 00000000DCF2A6E2 --- Type 0000:10 (SecureChannel:StandaloneAck) (B:34)
11:50:15.397  uart:~$ uart:~$ [00:00:15.941,000] <inf> chip: [EM]>>> [E:60727r S:29344 M:174188220 (Ack:82183138)] (S) Msg RX from 3:84E37241C1AC706C [2C99] to 0F4FCD706F8B4CFB --- Type 0000:10 (SecureChannel:StandaloneAck) (B:34)
11:50:15.437  uart:~$ uart:~$ [00:00:15.943,000] <inf> chip: [EM]>>> [E:60728r S:29344 M:174188221 (Ack:82183139)] (S) Msg RX from 3:84E37241C1AC706C [2C99] to 0F4FCD706F8B4CFB --- Type 0000:10 (SecureChannel:StandaloneAck) (B:34)
11:50:15.477  uart:~$ uart:~$ [00:00:15.945,000] <inf> chip: [EM]>>> [E:60728r S:29344 M:174188219 (Ack:82183139)] (S) Msg RX from 3:84E37241C1AC706C [2C99] to 0F4FCD706F8B4CFB --- Type 0001:01 (IM:StatusResponse) (B:42)
11:50:15.541  uart:~$ uart:~$ [00:00:15.947,000] <inf> chip: [EM]<<< [E:60728r S:29344 M:82183151 (Ack:174188219)] (S) Msg TX from 0F4FCD706F8B4CFB to 3:84E37241C1AC706C [2C99] [UDP:[fd00:bbdd:edc4:4403:9b3b:bac9:5955:1d56]:41691] --- Type 0000:10 (SecureChannel:StandaloneAck) (B:34)
11:50:15.620  uart:~$ uart:~$ [00:00:15.954,000] <inf> chip: [EM]>>> [E:60727r S:29344 M:174188222 (Ack:82183138)] (S) Msg RX from 3:84E37241C1AC706C [2C99] to 0F4FCD706F8B4CFB --- Type 0000:10 (SecureChannel:StandaloneAck) (B:34)
11:50:15.676  uart:~$ uart:~$ [00:00:16.397,000] <inf> chip: [EM]<<2 [E:60728r S:29344 M:82183148] (S) Msg Retransmission to 3:84E37241C1AC706C
11:50:15.717  uart:~$ uart:~$ [00:00:16.403,000] <inf> chip: [EM]??3 [E:60728r S:29344 M:82183148] (S) Msg Retransmission to 3:84E37241C1AC706C scheduled for 544ms from now [State:Active II:500 AI:300 AT:4000]
11:50:15.758  uart:~$ uart:~$ [00:00:16.408,000] <inf> chip: [EM]>>> [E:60728r S:29344 M:174188223 (Ack:82183139)] (S) Msg RX from 3:84E37241C1AC706C [2C99] to 0F4FCD706F8B4CFB --- Type 0000:10 (SecureChannel:StandaloneAck) (B:34)
11:50:15.798  uart:~$ uart:~$ [00:00:16.410,000] <inf> chip: [EM]>>> [E:60728r S:29344 M:174188219 (Ack:82183139)] (S) Msg RX from 3:84E37241C1AC706C [2C99] to 0F4FCD706F8B4CFB --- Type 0001:01 (IM:StatusResponse) (B:42)
11:50:15.850  uart:~$ uart:~$ [00:00:16.411,000] <inf> chip: [EM]<<< [E:60728r S:29344 M:82183152 (Ack:174188219)] (S) Msg TX from 0F4FCD706F8B4CFB to 3:84E37241C1AC706C [2C99] [UDP:[fd00:bbdd:edc4:4403:9b3b:bac9:5955:1d56]:41691] --- Type 0000:10 (SecureChannel:StandaloneAck) (B:34)
11:50:15.892  uart:~$ uart:~$ [00:00:16.419,000] <inf> chip: [EM]>>> [E:60727r S:29344 M:174188224 (Ack:82183138)] (S) Msg RX from 3:84E37241C1AC706C [2C99] to 0F4FCD706F8B4CFB --- Type 0000:10 (SecureChannel:StandaloneAck) (B:34)
11:50:15.934  uart:~$ uart:~$ [00:00:16.421,000] <inf> chip: [EM]>>> [E:60728r S:29344 M:174188225 (Ack:82183139)] (S) Msg RX from 3:84E37241C1AC706C [2C99] to 0F4FCD706F8B4CFB --- Type 0000:10 (SecureChannel:StandaloneAck) (B:34)
11:50:16.008  uart:~$ uart:~$ [00:00:16.424,000] <inf> chip: [EM]>>> [E:60727r S:29344 M:174188226 (Ack:82183138)] (S) Msg RX from 3:84E37241C1AC706C [2C99] to 0F4FCD706F8B4CFB --- Type 0000:10 (SecureChannel:StandaloneAck) (B:34)
11:50:16.049  uart:~$ uart:~$ [00:00:16.426,000] <inf> chip: [EM]>>> [E:60728r S:29344 M:174188227 (Ack:82183139)] (S) Msg RX from 3:84E37241C1AC706C [2C99] to 0F4FCD706F8B4CFB --- Type 0000:10 (SecureChannel:StandaloneAck) (B:34)
11:50:16.079  uart:~$ uart:~$ [00:00:16.428,000] <inf> chip: [EM]>>> [E:60728r S:29344 M:174188228 (Ack:82183148)] (S) Msg RX from 3:84E37241C1AC706C [2C99] to 0F4FCD706F8B4CFB --- Type 0000:10 (SecureChannel:StandaloneAck) (B:34)
11:50:16.592  uart:~$ uart:~$ [00:00:16.860,000] <inf> chip: [EM]<<4 [E:63814r S:29343 M:210000854] (S) Msg Retransmission to 1:0000000072197CCC
11:50:16.622  uart:~$ uart:~$ [00:00:16.875,000] <inf> chip: [EM]??5 [E:63814r S:29343 M:210000854] (S) Msg Retransmission to 1:0000000072197CCC scheduled for 1628ms from now [State:Active II:500 AI:300 AT:4000]
11:50:16.652  uart:~$ uart:~$ [00:00:16.877,000] <inf> chip: [EM]>>> [E:60729r S:29344 M:174188229] (S) Msg RX from 3:84E37241C1AC706C [2C99] to 0F4FCD706F8B4CFB --- Type 0001:02 (IM:ReadRequest) (B:48)
11:50:16.703  uart:~$ uart:~$ [00:00:17.141,000] <inf> chip: [EM]<<< [E:60729r S:29344 M:82183153 (Ack:174188229)] (S) Msg TX from 0F4FCD706F8B4CFB to 3:84E37241C1AC706C [2C99] [UDP:[fd00:bbdd:edc4:4403:9b3b:bac9:5955:1d56]:41691] --- Type 0001:05 (IM:ReportData) (B:553)
11:50:16.734  uart:~$ uart:~$ [00:00:17.150,000] <inf> chip: [EM]??1 [E:60729r S:29344 M:82183153] (S) Msg Retransmission to 3:84E37241C1AC706C scheduled for 394ms from now [State:Active II:500 AI:300 AT:4000]
11:50:16.764  uart:~$ uart:~$ [00:00:17.152,000] <inf> chip: [EM]>>> [E:60730r S:29344 M:174188230] (S) Msg RX from 3:84E37241C1AC706C [2C99] to 0F4FCD706F8B4CFB --- Type 0001:02 (IM:ReadRequest) (B:48)
11:50:16.815  uart:~$ uart:~$ [00:00:17.318,000] <inf> chip: [EM]<<< [E:60730r S:29344 M:82183154 (Ack:174188230)] (S) Msg TX from 0F4FCD706F8B4CFB to 3:84E37241C1AC706C [2C99] [UDP:[fd00:bbdd:edc4:4403:9b3b:bac9:5955:1d56]:41691] --- Type 0001:05 (IM:ReportData) (B:553)
11:50:16.845  uart:~$ uart:~$ [00:00:17.329,000] <inf> chip: [EM]??1 [E:60730r S:29344 M:82183154] (S) Msg Retransmission to 3:84E37241C1AC706C scheduled for 344ms from now [State:Active II:500 AI:300 AT:4000]
11:50:16.886  uart:~$ uart:~$ [00:00:17.331,000] <inf> chip: [EM]>>> [E:60730r S:29344 M:174188230] (S) Msg RX from 3:84E37241C1AC706C [2C99] to 0F4FCD706F8B4CFB --- Type 0001:02 (IM:ReadRequest) (B:48)
11:50:16.927  uart:~$ uart:~$ [00:00:17.332,000] <inf> chip: [EM]<<< [E:60730r S:29344 M:82183155 (Ack:174188230)] (S) Msg TX from 0F4FCD706F8B4CFB to 3:84E37241C1AC706C [2C99] [UDP:[fd00:bbdd:edc4:4403:9b3b:bac9:5955:1d56]:41691] --- Type 0000:10 (SecureChannel:StandaloneAck) (B:34)
11:50:16.996  uart:~$ uart:~$ [00:00:17.704,000] <inf> chip: [EM]<<1 [E:60729r S:29344 M:82183153] (S) Msg Retransmission to 3:84E37241C1AC706C
11:50:17.037  uart:~$ uart:~$ [00:00:17.714,000] <inf> chip: [EM]??2 [E:60729r S:29344 M:82183153] (S) Msg Retransmission to 3:84E37241C1AC706C scheduled for 358ms from now [State:Active II:500 AI:300 AT:4000]
11:50:17.068  uart:~$ uart:~$ [00:00:17.714,000] <inf> chip: [EM]<<1 [E:60730r S:29344 M:82183154] (S) Msg Retransmission to 3:84E37241C1AC706C
11:50:17.098  uart:~$ uart:~$ [00:00:17.725,000] <inf> chip: [EM]??2 [E:60730r S:29344 M:82183154] (S) Msg Retransmission to 3:84E37241C1AC706C scheduled for 382ms from now [State:Active II:500 AI:300 AT:4000]
11:50:17.128  uart:~$ uart:~$ [00:00:17.726,000] <inf> chip: [EM]>>> [E:60729r S:29344 M:174188229] (S) Msg RX from 3:84E37241C1AC706C [2C99] to 0F4FCD706F8B4CFB --- Type 0001:02 (IM:ReadRequest) (B:48)
11:50:17.179  uart:~$ uart:~$ [00:00:17.728,000] <inf> chip: [EM]<<< [E:60729r S:29344 M:82183156 (Ack:174188229)] (S) Msg TX from 0F4FCD706F8B4CFB to 3:84E37241C1AC706C [2C99] [UDP:[fd00:bbdd:edc4:4403:9b3b:bac9:5955:1d56]:41691] --- Type 0000:10 (SecureChannel:StandaloneAck) (B:34)
11:50:17.220  uart:~$ uart:~$ [00:00:17.735,000] <inf> chip: [EM]>>> [E:60728r S:29344 M:174188231 (Ack:82183148)] (S) Msg RX from 3:84E37241C1AC706C [2C99] to 0F4FCD706F8B4CFB --- Type 0000:10 (SecureChannel:StandaloneAck) (B:34)
11:50:17.251  uart:~$ uart:~$ [00:00:17.737,000] <inf> chip: [EM]>>> [E:60730r S:29344 M:174188230] (S) Msg RX from 3:84E37241C1AC706C [2C99] to 0F4FCD706F8B4CFB --- Type 0001:02 (IM:ReadRequest) (B:48)
11:50:17.291  uart:~$ uart:~$ [00:00:17.738,000] <inf> chip: [EM]<<< [E:60730r S:29344 M:82183157 (Ack:174188230)] (S) Msg TX from 0F4FCD706F8B4CFB to 3:84E37241C1AC706C [2C99] [UDP:[fd00:bbdd:edc4:4403:9b3b:bac9:5955:1d56]:41691] --- Type 0000:10 (SecureChannel:StandaloneAck) (B:34)
11:50:17.331  uart:~$ uart:~$ [00:00:17.746,000] <inf> chip: [EM]>>> [E:60729r S:29344 M:174188229] (S) Msg RX from 3:84E37241C1AC706C [2C99] to 0F4FCD706F8B4CFB --- Type 0001:02 (IM:ReadRequest) (B:48)
11:50:17.426  uart:~$ uart:~$ [00:00:18.104,000] <inf> chip: [EM]<<< [E:60729r S:29344 M:82183158 (Ack:174188229)] (S) Msg TX from 0F4FCD706F8B4CFB to 3:84E37241C1AC706C [2C99] [UDP:[fd00:bbdd:edc4:4403:9b3b:bac9:5955:1d56]:41691] --- Type 0000:10 (SecureChannel:StandaloneAck) (B:34)
11:50:17.457  uart:~$ uart:~$ [00:00:18.111,000] <inf> chip: [EM]<<2 [E:60729r S:29344 M:82183153] (S) Msg Retransmission to 3:84E37241C1AC706C
11:50:17.487  uart:~$ uart:~$ [00:00:18.120,000] <inf> chip: [EM]??3 [E:60729r S:29344 M:82183153] (S) Msg Retransmission to 3:84E37241C1AC706C scheduled for 631ms from now [State:Active II:500 AI:300 AT:4000]
11:50:17.507  uart:~$ uart:~$ [00:00:18.121,000] <inf> chip: [EM]<<2 [E:60730r S:29344 M:82183154] (S) Msg Retransmission to 3:84E37241C1AC706C
11:50:17.547  uart:~$ uart:~$ [00:00:18.134,000] <inf> chip: [EM]??3 [E:60730r S:29344 M:82183154] (S) Msg Retransmission to 3:84E37241C1AC706C scheduled for 602ms from now [State:Active II:500 AI:300 AT:4000]
11:50:17.588  uart:~$ uart:~$ [00:00:18.136,000] <inf> chip: [EM]>>> [E:60728r S:29344 M:174188232 (Ack:82183148)] (S) Msg RX from 3:84E37241C1AC706C [2C99] to 0F4FCD706F8B4CFB --- Type 0000:10 (SecureChannel:StandaloneAck) (B:34)
11:50:17.619  uart:~$ uart:~$ [00:00:18.141,000] <inf> chip: [EM]>>> [E:60729r S:29344 M:174188229] (S) Msg RX from 3:84E37241C1AC706C [2C99] to 0F4FCD706F8B4CFB --- Type 0001:02 (IM:ReadRequest) (B:48)
11:50:17.659  uart:~$ uart:~$ [00:00:18.142,000] <inf> chip: [EM]<<< [E:60729r S:29344 M:82183159 (Ack:174188229)] (S) Msg TX from 0F4FCD706F8B4CFB to 3:84E37241C1AC706C [2C99] [UDP:[fd00:bbdd:edc4:4403:9b3b:bac9:5955:1d56]:41691] --- Type 0000:10 (SecureChannel:StandaloneAck) (B:34)
11:50:17.699  uart:~$ uart:~$ [00:00:18.150,000] <inf> chip: [EM]>>> [E:63814r S:29343 M:358389 (Ack:210000854)] (S) Msg RX from 1:0000000072197CCC [4145] to 00000000DCF2A6E2 --- Type 0001:01 (IM:StatusResponse) (B:42)
11:50:17.720  uart:~$ uart:~$ [00:00:18.151,000] <inf> chip: [IM]Received status response, status is 0x00
11:50:17.865  uart:~$ uart:~$ [00:00:18.492,000] <inf> chip: [EM]<<< [E:63814r S:29343 M:210000859 (Ack:358389)] (S) Msg TX from 00000000DCF2A6E2 to 1:0000000072197CCC [4145] [UDP:[fe80::84a:18c1:cea4:c124%ETH_W5500]:52967] --- Type 0000:10 (SecureChannel:StandaloneAck) (B:34)
11:50:17.905  uart:~$ uart:~$ [00:00:18.552,000] <inf> chip: [EM]<<< [E:63814r S:29343 M:210000860 (Ack:358389)] (S) Msg TX from 00000000DCF2A6E2 to 1:0000000072197CCC [4145] [UDP:[fe80::84a:18c1:cea4:c124%ETH_W5500]:52967] --- Type 0001:05 (IM:ReportData) (B:1181)
11:50:17.946  uart:~$ uart:~$ [00:00:18.567,000] <inf> chip: [EM]??1 [E:63814r S:29343 M:210000860] (S) Msg Retransmission to 1:0000000072197CCC scheduled for 338ms from now [State:Active II:500 AI:300 AT:4000]
11:50:17.976  uart:~$ uart:~$ [00:00:18.569,000] <inf> chip: [EM]>>> [E:60730r S:29344 M:174188230] (S) Msg RX from 3:84E37241C1AC706C [2C99] to 0F4FCD706F8B4CFB --- Type 0001:02 (IM:ReadRequest) (B:48)
11:50:18.027  uart:~$ uart:~$ [00:00:18.570,000] <inf> chip: [EM]<<< [E:60730r S:29344 M:82183160 (Ack:174188230)] (S) Msg TX from 0F4FCD706F8B4CFB to 3:84E37241C1AC706C [2C99] [UDP:[fd00:bbdd:edc4:4403:9b3b:bac9:5955:1d56]:41691] --- Type 0000:10 (SecureChannel:StandaloneAck) (B:34)
11:50:18.057  uart:~$ uart:~$ [00:00:18.581,000] <inf> chip: [EM]>>> [E:60729r S:29344 M:174188233 (Ack:82183153)] (S) Msg RX from 3:84E37241C1AC706C [2C99] to 0F4FCD706F8B4CFB --- Type 0000:10 (SecureChannel:StandaloneAck) (B:34)
11:50:18.097  uart:~$ uart:~$ [00:00:18.584,000] <inf> chip: [EM]>>> [E:63814r S:29343 M:358389 (Ack:210000854)] (S) Msg RX from 1:0000000072197CCC [4145] to 00000000DCF2A6E2 --- Type 0001:01 (IM:StatusResponse) (B:42)
11:50:18.137  uart:~$ uart:~$ [00:00:18.585,000] <inf> chip: [EM]<<< [E:63814r S:29343 M:210000861 (Ack:358389)] (S) Msg TX from 00000000DCF2A6E2 to 1:0000000072197CCC [4145] [UDP:[fe80::84a:18c1:cea4:c124%ETH_W5500]:52967] --- Type 0000:10 (SecureChannel:StandaloneAck) (B:34)
11:50:18.178  uart:~$ uart:~$ [00:00:18.592,000] <inf> chip: [EM]>>> [E:60730r S:29344 M:174188234 (Ack:82183154)] (S) Msg RX from 3:84E37241C1AC706C [2C99] to 0F4FCD706F8B4CFB --- Type 0000:10 (SecureChannel:StandaloneAck) (B:34)
11:50:18.218  uart:~$ uart:~$ [00:00:18.595,000] <inf> chip: [EM]>>> [E:63814r S:29343 M:358389 (Ack:210000854)] (S) Msg RX from 1:0000000072197CCC [4145] to 00000000DCF2A6E2 --- Type 0001:01 (IM:StatusResponse) (B:42)
11:50:18.340  uart:~$ uart:~$ [00:00:18.990,000] <inf> chip: [EM]<<< [E:63814r S:29343 M:210000862 (Ack:358389)] (S) Msg TX from 00000000DCF2A6E2 to 1:0000000072197CCC [4145] [UDP:[fe80::84a:18c1:cea4:c124%ETH_W5500]:52967] --- Type 0000:10 (SecureChannel:StandaloneAck) (B:34)
11:50:18.360  uart:~$ uart:~$ [00:00:19.011,000] <inf> chip: [EM]<<1 [E:63814r S:29343 M:210000860] (S) Msg Retransmission to 1:0000000072197CCC
11:50:18.401  uart:~$ uart:~$ [00:00:19.026,000] <inf> chip: [EM]??2 [E:63814r S:29343 M:210000860] (S) Msg Retransmission to 1:0000000072197CCC scheduled for 380ms from now [State:Active II:500 AI:300 AT:4000]
11:50:18.431  uart:~$ uart:~$ [00:00:19.027,000] <inf> chip: [EM]>>> [E:60729r S:29344 M:174188235 (Ack:82183153)] (S) Msg RX from 3:84E37241C1AC706C [2C99] to 0F4FCD706F8B4CFB --- Type 0000:10 (SecureChannel:StandaloneAck) (B:34)
11:50:18.471  uart:~$ uart:~$ [00:00:19.048,000] <inf> chip: [EM]>>> [E:60730r S:29344 M:174188236 (Ack:82183154)] (S) Msg RX from 3:84E37241C1AC706C [2C99] to 0F4FCD706F8B4CFB --- Type 0000:10 (SecureChannel:StandaloneAck) (B:34)
11:50:18.512  uart:~$ uart:~$ [00:00:19.051,000] <inf> chip: [EM]>>> [E:60729r S:29344 M:174188237 (Ack:82183153)] (S) Msg RX from 3:84E37241C1AC706C [2C99] to 0F4FCD706F8B4CFB --- Type 0000:10 (SecureChannel:StandaloneAck) (B:34)
11:50:18.553  uart:~$ uart:~$ [00:00:19.053,000] <inf> chip: [EM]>>> [E:60730r S:29344 M:174188238 (Ack:82183154)] (S) Msg RX from 3:84E37241C1AC706C [2C99] to 0F4FCD706F8B4CFB --- Type 0000:10 (SecureChannel:StandaloneAck) (B:34)
11:50:18.583  uart:~$ uart:~$ [00:00:19.055,000] <inf> chip: [EM]>>> [E:63814r S:29343 M:358389 (Ack:210000854)] (S) Msg RX from 1:0000000072197CCC [4145] to 00000000DCF2A6E2 --- Type 0001:01 (IM:StatusResponse) (B:42)
11:50:18.623  uart:~$ uart:~$ [00:00:19.056,000] <inf> chip: [EM]<<< [E:63814r S:29343 M:210000863 (Ack:358389)] (S) Msg TX from 00000000DCF2A6E2 to 1:0000000072197CCC [4145] [UDP:[fe80::84a:18c1:cea4:c124%ETH_W5500]:52967] --- Type 0000:10 (SecureChannel:StandaloneAck) (B:34)
11:50:18.664  uart:~$ uart:~$ [00:00:19.063,000] <inf> chip: [EM]>>> [E:63814r S:29343 M:358390 (Ack:210000860)] (S) Msg RX from 1:0000000072197CCC [4145] to 00000000DCF2A6E2 --- Type 0001:01 (IM:StatusResponse) (B:42)
11:50:19.052  uart:~$ uart:~$ [00:00:19.437,000] <inf> chip: [IM]Received status response, status is 0x00
11:50:19.093  uart:~$ uart:~$ [00:00:19.763,000] <inf> chip: [EM]<<< [E:63814r S:29343 M:210000864 (Ack:358390)] (S) Msg TX from 00000000DCF2A6E2 to 1:0000000072197CCC [4145] [UDP:[fe80::84a:18c1:cea4:c124%ETH_W5500]:52967] --- Type 0001:05 (IM:ReportData) (B:1208)
11:50:19.134  uart:~$ uart:~$ [00:00:19.778,000] <inf> chip: [EM]??1 [E:63814r S:29343 M:210000864] (S) Msg Retransmission to 1:0000000072197CCC scheduled for 357ms from now [State:Active II:500 AI:300 AT:4000]
11:50:19.165  uart:~$ uart:~$ [00:00:19.780,000] <inf> chip: [EM]>>> [E:63814r S:29343 M:358390 (Ack:210000860)] (S) Msg RX from 1:0000000072197CCC [4145] to 00000000DCF2A6E2 --- Type 0001:01 (IM:StatusResponse) (B:42)
11:50:19.215  uart:~$ uart:~$ [00:00:19.782,000] <inf> chip: [EM]<<< [E:63814r S:29343 M:210000865 (Ack:358390)] (S) Msg TX from 00000000DCF2A6E2 to 1:0000000072197CCC [4145] [UDP:[fe80::84a:18c1:cea4:c124%ETH_W5500]:52967] --- Type 0000:10 (SecureChannel:StandaloneAck) (B:34)
11:50:19.246  uart:~$ uart:~$ [00:00:19.792,000] <inf> chip: [EM]>>> [E:63814r S:29343 M:358391 (Ack:210000860)] (S) Msg RX from 1:0000000072197CCC [4145] to 00000000DCF2A6E2 --- Type 0000:10 (SecureChannel:StandaloneAck) (B:34)
11:50:19.287  uart:~$ uart:~$ [00:00:19.794,000] <inf> chip: [EM]>>> [E:63814r S:29343 M:358390 (Ack:210000860)] (S) Msg RX from 1:0000000072197CCC [4145] to 00000000DCF2A6E2 --- Type 0001:01 (IM:StatusResponse) (B:42)
11:50:19.327  uart:~$ uart:~$ [00:00:19.796,000] <inf> chip: [EM]<<< [E:63814r S:29343 M:210000866 (Ack:358390)] (S) Msg TX from 00000000DCF2A6E2 to 1:0000000072197CCC [4145] [UDP:[fe80::84a:18c1:cea4:c124%ETH_W5500]:52967] --- Type 0000:10 (SecureChannel:StandaloneAck) (B:34)
11:50:19.367  uart:~$ uart:~$ [00:00:19.803,000] <inf> chip: [EM]>>> [E:63814r S:29343 M:358392 (Ack:210000864)] (S) Msg RX from 1:0000000072197CCC [4145] to 00000000DCF2A6E2 --- Type 0001:01 (IM:StatusResponse) (B:42)
11:50:19.388  uart:~$ uart:~$ [00:00:19.804,000] <inf> chip: [IM]Received status response, status is 0x00
11:50:20.263  uart:~$ uart:~$ [00:00:20.157,000] <inf> chip: [EM]<<< [E:63814r S:29343 M:210000867 (Ack:358392)] (S) Msg TX from 00000000DCF2A6E2 to 1:0000000072197CCC [4145] [UDP:[fe80::84a:18c1:cea4:c124%ETH_W5500]:52967] --- Type 0000:10 (SecureChannel:StandaloneAck) (B:34)
11:50:20.303  uart:~$ uart:~$ [00:00:20.676,000] <inf> chip: [EM]<<< [E:63814r S:29343 M:210000868 (Ack:358392)] (S) Msg TX from 00000000DCF2A6E2 to 1:0000000072197CCC [4145] [UDP:[fe80::84a:18c1:cea4:c124%ETH_W5500]:52967] --- Type 0001:05 (IM:ReportData) (B:1196)
11:50:20.356  uart:~$ uart:~$ [00:00:20.691,000] <inf> chip: [EM]??1 [E:63814r S:29343 M:210000868] (S) Msg Retransmission to 1:0000000072197CCC scheduled for 396ms from now [State:Active II:500 AI:300 AT:4000]
11:50:20.407  uart:~$ uart:~$ [00:00:20.700,000] <inf> chip: [EM]>>> [E:63814r S:29343 M:358393 (Ack:210000868)] (S) Msg RX from 1:0000000072197CCC [4145] to 00000000DCF2A6E2 --- Type 0001:01 (IM:StatusResponse) (B:42)
11:50:20.427  uart:~$ uart:~$ [00:00:20.701,000] <inf> chip: [IM]Received status response, status is 0x00
11:50:20.468  uart:~$ uart:~$ [00:00:20.814,000] <inf> chip: [EM]<<< [E:63814r S:29343 M:210000869 (Ack:358393)] (S) Msg TX from 00000000DCF2A6E2 to 1:0000000072197CCC [4145] [UDP:[fe80::84a:18c1:cea4:c124%ETH_W5500]:52967] --- Type 0001:05 (IM:ReportData) (B:1205)
11:50:20.508  uart:~$ uart:~$ [00:00:20.829,000] <inf> chip: [EM]??1 [E:63814r S:29343 M:210000869] (S) Msg Retransmission to 1:0000000072197CCC scheduled for 399ms from now [State:Active II:500 AI:300 AT:4000]
11:50:20.538  uart:~$ uart:~$ [00:00:20.838,000] <inf> chip: [EM]>>> [E:63814r S:29343 M:358394 (Ack:210000869)] (S) Msg RX from 1:0000000072197CCC [4145] to 00000000DCF2A6E2 --- Type 0001:01 (IM:StatusResponse) (B:42)
11:50:20.559  uart:~$ uart:~$ [00:00:20.839,000] <inf> chip: [IM]Received status response, status is 0x00
11:50:20.599  uart:~$ uart:~$ [00:00:20.991,000] <inf> chip: [EM]<<< [E:63814r S:29343 M:210000870 (Ack:358394)] (S) Msg TX from 00000000DCF2A6E2 to 1:0000000072197CCC [4145] [UDP:[fe80::84a:18c1:cea4:c124%ETH_W5500]:52967] --- Type 0001:05 (IM:ReportData) (B:1208)
11:50:20.844  uart:~$ uart:~$ [00:00:21.391,000] <inf> chip: [EM]??1 [E:63814r S:29343 M:210000870] (S) Msg Retransmission to 1:0000000072197CCC scheduled for 354ms from now [State:Active II:500 AI:300 AT:4000]
11:50:20.884  uart:~$ uart:~$ [00:00:21.393,000] <inf> chip: [EM]>>> [E:63814r S:29343 M:358394 (Ack:210000869)] (S) Msg RX from 1:0000000072197CCC [4145] to 00000000DCF2A6E2 --- Type 0001:01 (IM:StatusResponse) (B:42)
11:50:20.925  uart:~$ uart:~$ [00:00:21.394,000] <inf> chip: [EM]<<< [E:63814r S:29343 M:210000871 (Ack:358394)] (S) Msg TX from 00000000DCF2A6E2 to 1:0000000072197CCC [4145] [UDP:[fe80::84a:18c1:cea4:c124%ETH_W5500]:52967] --- Type 0000:10 (SecureChannel:StandaloneAck) (B:34)
11:50:20.965  uart:~$ uart:~$ [00:00:21.405,000] <inf> chip: [EM]>>> [E:63814r S:29343 M:358395 (Ack:210000870)] (S) Msg RX from 1:0000000072197CCC [4145] to 00000000DCF2A6E2 --- Type 0001:01 (IM:StatusResponse) (B:42)
11:50:20.985  uart:~$ uart:~$ [00:00:21.406,000] <inf> chip: [IM]Received status response, status is 0x00
11:50:21.026  uart:~$ uart:~$ [00:00:21.482,000] <inf> chip: [EM]<<< [E:63814r S:29343 M:210000872 (Ack:358395)] (S) Msg TX from 00000000DCF2A6E2 to 1:0000000072197CCC [4145] [UDP:[fe80::84a:18c1:cea4:c124%ETH_W5500]:52967] --- Type 0001:05 (IM:ReportData) (B:1188)
11:50:21.066  uart:~$ uart:~$ [00:00:21.497,000] <inf> chip: [EM]??1 [E:63814r S:29343 M:210000872] (S) Msg Retransmission to 1:0000000072197CCC scheduled for 333ms from now [State:Active II:500 AI:300 AT:4000]
11:50:21.096  uart:~$ uart:~$ [00:00:21.506,000] <inf> chip: [EM]>>> [E:63814r S:29343 M:358396 (Ack:210000872)] (S) Msg RX from 1:0000000072197CCC [4145] to 00000000DCF2A6E2 --- Type 0001:01 (IM:StatusResponse) (B:42)
11:50:21.128  uart:~$ uart:~$ [00:00:21.507,000] <inf> chip: [IM]Received status response, status is 0x00
11:50:21.168  uart:~$ uart:~$ [00:00:21.586,000] <inf> chip: [EM]<<< [E:63814r S:29343 M:210000873 (Ack:358396)] (S) Msg TX from 00000000DCF2A6E2 to 1:0000000072197CCC [4145] [UDP:[fe80::84a:18c1:cea4:c124%ETH_W5500]:52967] --- Type 0001:05 (IM:ReportData) (B:1209)
11:50:21.411  uart:~$ uart:~$ [00:00:21.956,000] <inf> chip: [EM]??1 [E:63814r S:29343 M:210000873] (S) Msg Retransmission to 1:0000000072197CCC scheduled for 366ms from now [State:Active II:500 AI:300 AT:4000]
11:50:21.452  uart:~$ uart:~$ [00:00:21.959,000] <inf> chip: [EM]>>> [E:63814r S:29343 M:358396 (Ack:210000872)] (S) Msg RX from 1:0000000072197CCC [4145] to 00000000DCF2A6E2 --- Type 0001:01 (IM:StatusResponse) (B:42)
11:50:21.492  uart:~$ uart:~$ [00:00:21.960,000] <inf> chip: [EM]<<< [E:63814r S:29343 M:210000874 (Ack:358396)] (S) Msg TX from 00000000DCF2A6E2 to 1:0000000072197CCC [4145] [UDP:[fe80::84a:18c1:cea4:c124%ETH_W5500]:52967] --- Type 0000:10 (SecureChannel:StandaloneAck) (B:34)
11:50:21.533  uart:~$ uart:~$ [00:00:21.971,000] <inf> chip: [EM]>>> [E:63814r S:29343 M:358397 (Ack:210000873)] (S) Msg RX from 1:0000000072197CCC [4145] to 00000000DCF2A6E2 --- Type 0001:01 (IM:StatusResponse) (B:42)
11:50:21.543  uart:~$ uart:~$ [00:00:21.972,000] <inf> chip: [IM]Received status response, status is 0x00
11:50:21.595  uart:~$ uart:~$ [00:00:22.051,000] <inf> chip: [EM]<<< [E:63814r S:29343 M:210000875 (Ack:358397)] (S) Msg TX from 00000000DCF2A6E2 to 1:0000000072197CCC [4145] [UDP:[fe80::84a:18c1:cea4:c124%ETH_W5500]:52967] --- Type 0001:05 (IM:ReportData) (B:1204)
11:50:21.625  uart:~$ uart:~$ [00:00:22.066,000] <inf> chip: [EM]??1 [E:63814r S:29343 M:210000875] (S) Msg Retransmission to 1:0000000072197CCC scheduled for 377ms from now [State:Active II:500 AI:300 AT:4000]
11:50:21.666  uart:~$ uart:~$ [00:00:22.075,000] <inf> chip: [EM]>>> [E:63814r S:29343 M:358398 (Ack:210000875)] (S) Msg RX from 1:0000000072197CCC [4145] to 00000000DCF2A6E2 --- Type 0001:01 (IM:StatusResponse) (B:42)
11:50:21.687  uart:~$ uart:~$ [00:00:22.076,000] <inf> chip: [IM]Received status response, status is 0x00
11:50:21.728  uart:~$ uart:~$ [00:00:22.149,000] <inf> chip: [EM]<<< [E:63814r S:29343 M:210000876 (Ack:358398)] (S) Msg TX from 00000000DCF2A6E2 to 1:0000000072197CCC [4145] [UDP:[fe80::84a:18c1:cea4:c124%ETH_W5500]:52967] --- Type 0001:05 (IM:ReportData) (B:1197)
11:50:21.817  uart:~$ uart:~$ [00:00:22.512,000] <inf> chip: [EM]??1 [E:63814r S:29343 M:210000876] (S) Msg Retransmission to 1:0000000072197CCC scheduled for 364ms from now [State:Active II:500 AI:300 AT:4000]
11:50:21.858  uart:~$ uart:~$ [00:00:22.514,000] <inf> chip: [EM]>>> [E:63814r S:29343 M:358398 (Ack:210000875)] (S) Msg RX from 1:0000000072197CCC [4145] to 00000000DCF2A6E2 --- Type 0001:01 (IM:StatusResponse) (B:42)
11:50:21.898  uart:~$ uart:~$ [00:00:22.516,000] <inf> chip: [EM]<<< [E:63814r S:29343 M:210000877 (Ack:358398)] (S) Msg TX from 00000000DCF2A6E2 to 1:0000000072197CCC [4145] [UDP:[fe80::84a:18c1:cea4:c124%ETH_W5500]:52967] --- Type 0000:10 (SecureChannel:StandaloneAck) (B:34)
11:50:21.939  uart:~$ uart:~$ [00:00:22.526,000] <inf> chip: [EM]>>> [E:63814r S:29343 M:358399 (Ack:210000876)] (S) Msg RX from 1:0000000072197CCC [4145] to 00000000DCF2A6E2 --- Type 0001:01 (IM:StatusResponse) (B:42)
11:50:21.960  uart:~$ uart:~$ [00:00:22.527,000] <inf> chip: [IM]Received status response, status is 0x00
11:50:22.001  uart:~$ uart:~$ [00:00:22.540,000] <inf> chip: [EM]<<< [E:63814r S:29343 M:210000878 (Ack:358399)] (S) Msg TX from 00000000DCF2A6E2 to 1:0000000072197CCC [4145] [UDP:[fe80::84a:18c1:cea4:c124%ETH_W5500]:52967] --- Type 0001:05 (IM:ReportData) (B:206)
11:50:22.031  uart:~$ uart:~$ [00:00:22.547,000] <inf> chip: [EM]??1 [E:63814r S:29343 M:210000878] (S) Msg Retransmission to 1:0000000072197CCC scheduled for 333ms from now [State:Active II:500 AI:300 AT:4000]
11:50:22.072  uart:~$ uart:~$ [00:00:22.554,000] <inf> chip: [EM]>>> [E:63814r S:29343 M:358400 (Ack:210000878)] (S) Msg RX from 1:0000000072197CCC [4145] to 00000000DCF2A6E2 --- Type 0001:01 (IM:StatusResponse) (B:42)
11:50:22.093  uart:~$ uart:~$ [00:00:22.555,000] <inf> chip: [IM]Received status response, status is 0x00
11:50:22.145  uart:~$ uart:~$ [00:00:22.557,000] <inf> chip: [EM]<<< [E:63814r S:29343 M:210000879 (Ack:358400)] (S) Msg TX from 00000000DCF2A6E2 to 1:0000000072197CCC [4145] [UDP:[fe80::84a:18c1:cea4:c124%ETH_W5500]:52967] --- Type 0001:04 (IM:SubscribeResponse) (B:49)
11:50:22.235  uart:~$ uart:~$ [00:00:22.919,000] <inf> chip: [EM]??1 [E:63814r S:29343 M:210000879] (S) Msg Retransmission to 1:0000000072197CCC scheduled for 387ms from now [State:Active II:500 AI:300 AT:4000]
11:50:22.278  uart:~$ uart:~$ [00:00:22.919,000] <inf> chip: [DMG]Registered a ReadHandler that will schedule a report between system Timestamp: 0x0000000000005987 and system Timestamp 0x0000000000098147.
11:50:22.330  uart:~$ uart:~$ [00:00:22.943,000] <inf> chip: [EM]<<< [E:58439i S:29343 M:210000880] (S) Msg TX from 00000000DCF2A6E2 to 1:0000000072197CCC [4145] [UDP:[fe80::84a:18c1:cea4:c124%ETH_W5500]:52967] --- Type 0001:05 (IM:ReportData) (B:69)
11:50:22.371  uart:~$ uart:~$ [00:00:22.949,000] <inf> chip: [EM]??1 [E:58439i S:29343 M:210000880] (S) Msg Retransmission to 1:0000000072197CCC scheduled for 330ms from now [State:Active II:500 AI:300 AT:4000]
11:50:22.401  uart:~$ uart:~$ [00:00:22.951,000] <inf> chip: [EM]>>> [E:63814r S:29343 M:358400 (Ack:210000878)] (S) Msg RX from 1:0000000072197CCC [4145] to 00000000DCF2A6E2 --- Type 0001:01 (IM:StatusResponse) (B:42)
11:50:22.452  uart:~$ uart:~$ [00:00:22.956,000] <inf> chip: [EM]<<< [E:63814r S:29343 M:210000881 (Ack:358400)] (S) Msg TX from 00000000DCF2A6E2 to 1:0000000072197CCC [4145] [UDP:[fe80::84a:18c1:cea4:c124%ETH_W5500]:52967] --- Type 0000:10 (SecureChannel:StandaloneAck) (B:34)
11:50:22.482  uart:~$ uart:~$ [00:00:22.963,000] <inf> chip: [EM]>>> [E:63814r S:29343 M:358401 (Ack:210000879)] (S) Msg RX from 1:0000000072197CCC [4145] to 00000000DCF2A6E2 --- Type 0000:10 (SecureChannel:StandaloneAck) (B:34)
11:50:22.522  uart:~$ uart:~$ [00:00:22.965,000] <inf> chip: [EM]>>> [E:58439i S:29343 M:358402 (Ack:210000880)] (S) Msg RX from 1:0000000072197CCC [4145] to 00000000DCF2A6E2 --- Type 0001:01 (IM:StatusResponse) (B:42)
11:50:22.543  uart:~$ uart:~$ [00:00:22.966,000] <inf> chip: [IM]Received status response, status is 0x00
11:50:22.583  uart:~$ uart:~$ [00:00:22.968,000] <inf> chip: [EM]<<< [E:58439i S:29343 M:210000882 (Ack:358402)] (S) Msg TX from 00000000DCF2A6E2 to 1:0000000072197CCC [4145] [UDP:[fe80::84a:18c1:cea4:c124%ETH_W5500]:52967] --- Type 0000:10 (SecureChannel:StandaloneAck) (B:34)
11:50:23.638  uart:~$ uart:~$ [00:00:23.368,000] <inf> chip: [EM]>>> [E:58439i S:29343 M:358402 (Ack:210000880)] (S) Msg RX from 1:0000000072197CCC [4145] to 00000000DCF2A6E2 --- Type 0001:01 (IM:StatusResponse) (B:42)
11:50:23.679  uart:~$ uart:~$ [00:00:23.369,000] <inf> chip: [EM]<<< [E:58439i S:29343 M:210000883 (Ack:358402)] (S) Msg TX from 00000000DCF2A6E2 to 1:0000000072197CCC [4145] [UDP:[fe80::84a:18c1:cea4:c124%ETH_W5500]:52967] --- Type 0000:10 (SecureChannel:StandaloneAck) (B:34)
11:50:45.793  uart:~$ uart:~$ [00:00:45.529,000] <inf> chip: [EM]<<< [E:58440i S:29344 M:82183161] (S) Msg TX from 0F4FCD706F8B4CFB to 3:84E37241C1AC706C [2C99] [UDP:[fd00:bbdd:edc4:4403:9b3b:bac9:5955:1d56]:41691] --- Type 0001:05 (IM:ReportData) (B:41)
11:50:45.835  uart:~$ uart:~$ [00:00:45.535,000] <inf> chip: [EM]??1 [E:58440i S:29344 M:82183161] (S) Msg Retransmission to 3:84E37241C1AC706C scheduled for 600ms from now [State:Idle II:500 AI:300 AT:4000]
11:50:45.865  uart:~$ uart:~$ [00:00:45.576,000] <inf> chip: [EM]>>> [E:58440i S:29344 M:174188239 (Ack:82183161)] (S) Msg RX from 3:84E37241C1AC706C [2C99] to 0F4FCD706F8B4CFB --- Type 0001:01 (IM:StatusResponse) (B:42)
11:50:45.885  uart:~$ uart:~$ [00:00:45.577,000] <inf> chip: [IM]Received status response, status is 0x00
11:50:45.937  uart:~$ uart:~$ [00:00:45.578,000] <inf> chip: [EM]<<< [E:58440i S:29344 M:82183162 (Ack:174188239)] (S) Msg TX from 0F4FCD706F8B4CFB to 3:84E37241C1AC706C [2C99] [UDP:[fd00:bbdd:edc4:4403:9b3b:bac9:5955:1d56]:41691] --- Type 0000:10 (SecureChannel:StandaloneAck) (B:34)
11:51:05.549  ### capture end
