[+   0.20] I: Detected ESP-PSRAM64H (ID D 5D 46 A1 21)
[+   0.20] I: PSRAM initialised in QPI mode, 8192 KB
[+   0.20] *** Using Zephyr OS build v4.4.0-12983-gb6a5e6e8aa90 ***
[+   0.20] I: Starting bootloader
[+   0.20] [m
[+   0.20] [1;32muart:~$ [mI: ICACHE alias: 0x02000000 -> 0x90000000 (4MB)
[+   0.20] I: 0x90000000..0x9000001F:
[+   0.20] I: 3d b8 f3 96 0 0 0 0 0 4 0 0 f0 9b 13 0
[+   0.20] I: 0 0 0 0 0 0 0 0 0 0 0 0 0 0 0 0
[+   0.20] I: Alias[0x02000000..0x0200001F]:
[+   0.20] I: 3d b8 f3 96 0 0 0 0 0 4 0 0 f0 9b 13 0
[+   0.20] I: 0 0 0 0 0 0 0 0 0 0 0 0 0 0 0 0
[+   0.20] I: PSRAM 0x70000000..0x7000001F:
[+   0.20] I: d0 d3 10 2 d8 b9 1 70 30 bc 10 2 44 d 0 70
[+   0.20] I: 94 bb 10 2 18 bc 10 2 0 0 0 0 10 b7 12 2
[+   0.20] I: PSRAM write/read: PASS
[+   0.31] I: Primary image: magic=unset, swap_type=0x1, copy_done=0x3, image_ok=0x3
[+   0.31] I: Scratch: magic=unset, swap_type=0x1, copy_done=0x3, image_ok=0x3
[+   0.31] I: Boot source: primary slot
[+   0.31] I: Image index: 0, Swap type: none
[+   8.75] I: Bootloader chainload address offset: 0x0
[+   8.75] I: Image version: v0.0.0
[+   8.75] I: Jumping to the first image slot
[+  10.59] [m
[+  10.59] [1;32muart:~$ [m[8D[J[00:00:01.664,000] [1;33m<wrn> esp_hosted_mcu_core: coprocessor firmware version unknown, expected v3.0.0[0m
[+  10.59] [1;32muart:~$ [m[8D[J[00:00:01.665,000] [1;31m<err> mb85rsxx: invalid device ID: 00 00 00 00[0m
[+  10.69] [1;32muart:~$ [m[8D[J[00:00:01.665,000] [1;31m<err> mb85rsxx: Failed to initialize device, RDID check failed (err -5)[0m
[+  10.69] [1;32muart:~$ [m[8D[J[00:00:01.665,000] [0m<inf> eth_w5500: ETH_W5500: interrupt mode[0m
[+  10.69] [1;32muart:~$ [m[8D[J[00:00:01.674,000] [0m<inf> eth_w5500: W5500 Initialized[0m
[+  10.69] [1;32muart:~$ [m[8D[J[00:00:01.675,000] [0m<inf> spi_nor: SPI_FLASH: SFDP v 1.5 AP ff with 1 PH[0m
[+  10.69] [1;32muart:~$ [m[8D[J[00:00:01.675,000] [0m<inf> spi_nor: PH0: ff00 rev 1.5: 16 DW @ 80[0m
[+  10.69] [1;32muart:~$ [m[8D[J[00:00:01.675,000] [0m<inf> spi_nor: SPI_FLASH: 16 MiBy flash[0m
[+  10.69] [1;32muart:~$ [m[8D[J[00:00:01.777,000] [1;31m<err> esp_hosted_mcu: coprocessor WifiInit failed[0m
[+  10.69] [1;32muart:~$ [m[8D[J[00:00:01.780,000] [1;31m<err> net_if: Iface 0x20002e48 device not ready[0m
[+  10.79] [1;32muart:~$ [m[8D[J[00:00:01.782,000] [1;31m<err> net_ethernet: Invalid MAC address for iface 1 (0x20002d10)[0m
[+  10.79] [1;32muart:~$ [m[8D[J[00:00:01.782,000] [0m<inf> littlefs: LittleFS version 2.11, disk version 2.1[0m
[+  10.89] [1;32muart:~$ [m[8D[J[00:00:01.783,000] [0m<inf> littlefs: FS at SPI_FLASH:0xa00000 is 1280 0x1000-byte blocks with 1024 cycle[0m
[+  10.89] [1;32muart:~$ [m[8D[J[00:00:01.783,000] [0m<inf> littlefs: partition sizes: rd 256 ; pr 256 ; ca 2048 ; la 256[0m
[+  10.89] [1;32muart:~$ [m[8D[J*** Booting Zephyr OS build v4.4.0-12983-gb6a5e6e8aa90 ***
[+  10.89] [1;32muart:~$ [m[8D[J[00:00:01.935,000] [0m<inf> shell_telnet: Telnet shell backend initialized[0m
[+  10.89] [1;32muart:~$ [m[8D[J[00:00:01.936,000] [0m<inf> main_app: Start main app (build: Sep 13 2026 20:09:58) version 8[0m
[+  10.89] [1;32muart:~$ [m[8D[J[00:00:01.936,000] [0m<inf> main_app: PSRAM @0x701cbe58: write/read 1024 words OK[0m
[+  10.89] [1;32muart:~$ [m[8D[J[00:00:01.975,000] [0m<inf> settings_registry: 6 keys registered, 0 rejected[0m
[+  10.89] [1;32muart:~$ [m[8D[J[00:00:01.975,000] [0m<inf> io: Start io init[0m
[+  11.00] [1;32muart:~$ [m[8D[J[00:00:01.977,000] [0m<inf> net_init: EEPROM MAC: 80:34:28:10:6a:1d[0m
[+  11.00] [1;32muart:~$ [m[8D[J[00:00:01.977,000] [0m<inf> eth_w5500: ETH_W5500 MAC set to 80:34:28:10:6a:1d[0m
[+  11.00] [1;32muart:~$ [m[8D[J[00:00:01.978,000] [0m<inf> net_init: Network interface up with MAC 80:34:28:10:6a:1d[0m
[+  11.00] [1;32muart:~$ [m[8D[J[00:00:02.021,000] [1;33m<wrn> web_server: no administrator yet: setup is open on the web page[0m
[+  11.00] [1;32muart:~$ [m[8D[J[00:00:02.021,000] [0m<inf> web_server: web interface cedar-2037394c3543501200210047, firmware 0cb7f6047410-dirty, frontend 0.1.0+31cfd0a7c580-dirty, boot_80f5d0ccca3aab48[0m
[+  11.00] [1;32muart:~$ [m[8D[J[00:00:02.026,000] [0m<inf> io: Start io outputs task[0m
[+  13.14] [1;32muart:~$ [m[8D[J[1;32muart:~$ [m[8D[J[1;32muart:~$ [m[8D[J[00:00:03.281,000] [0m<inf> eth_w5500: ETH_W5500: Link speed 100 Mb, full duplex[0m
[+  13.14] [1;32muart:~$ [m[8D[J[1;32muart:~$ [m[8D[J[00:00:03.494,000] [0m<inf> matter: IPv6 address added, starting Matter[0m
[+  13.14] [1;32muart:~$ [m[8D[J[00:00:03.497,000] [0m<inf> matter: Init CHIP stack[0m
[+  13.14] [1;32muart:~$ [m[8D[J[00:00:04.052,000] [0m<inf> chip: [SVR]Initializing session resumption storage...[0m
[+  13.14] [1;32muart:~$ [m[8D[J[00:00:04.054,000] [0m<inf> chip: [SVR]Server initializing...[0m
[+  13.14] [1;32muart:~$ [m[8D[J[00:00:04.054,000] [0m<dbg> chip.LogV: [FP]Initializing FabricTable from persistent storage[0m
[+  13.14] [1;32muart:~$ [m[8D[J[00:00:04.170,000] [0m<inf> chip: [TS]Last Known Good Time: 2023-10-14T01:16:48[0m
[+  13.96] [1;32muart:~$ [m[8D[J[1;32muart:~$ [m[8D[J[1;32muart:~$ [m[8D[J[00:00:04.486,000] [0m<inf> chip: [DMG]AccessControl: initializing[0m
[+  13.96] [1;32muart:~$ [m[8D[J[00:00:04.486,000] [0m<inf> chip: [DMG]Examples::AccessControlDelegate::Init[0m
[+  13.96] [1;32muart:~$ [m[8D[J[00:00:04.487,000] [0m<inf> chip: [DMG]AccessControl: setting[0m
[+  13.96] [1;32muart:~$ [m[8D[J[1;32muart:~$ [m[8D[J[00:00:04.488,000] [0m<inf> chip: [DMG]DefaultAclStorage: initializing[0m
[+  13.96] [1;32muart:~$ [m[8D[J[1;32muart:~$ [m[8D[J[00:00:04.488,000] [0m<inf> chip: [DMG]DefaultAclStorage: 0 entries loaded[0m
[+  14.07] [1;32muart:~$ [m[8D[J[00:00:04.489,000] [0m<inf> chip: [SVR]WARNING: mTestEventTriggerDelegate is null[0m
[+  14.07] [1;32muart:~$ [m[8D[J[00:00:04.489,000] [0m<dbg> chip.LogV: [IN]UDP::Init bind&listen port=5540[0m
[+  14.07] [1;32muart:~$ [m[8D[J[00:00:04.492,000] [0m<dbg> chip.LogV: [IN]UDP::Init bound to port=5540[0m
[+  14.07] [1;32muart:~$ [m[8D[J[00:00:04.492,000] [0m<dbg> chip.LogV: [IN]TransportMgr initialized[0m
[+  14.07] [1;32muart:~$ [m[8D[J[00:00:05.122,000] [0m<inf> eth_w5500: ETH_W5500: Link speed 100 Mb, full duplex[0m
[+  14.07] [1;32muart:~$ [m[8D[J[00:00:05.136,000] [0m<inf> matter: IPv6 address added, starting Matter[0m
[+  14.07] [1;32muart:~$ [m[8D[J[00:00:05.136,000] [0m<inf> matter: Matter start work already submitted[0m
[+  15.41] [1;32muart:~$ [m[8D[J[1;32muart:~$ [m[8D[J[1;32muart:~$ [m[8D[J[00:00:05.793,000] [0m<inf> chip: [ZCL]Using ZAP configuration...[0m
[+  15.41] [1;32muart:~$ [m[8D[J[1;32muart:~$ [m[8D[J[00:00:05.918,000] [0m<dbg> chip.LogV: [DMG]Failed to read stored attribute (1, 0x0000_0006, 0x0000_0000: a0[0m
[+  15.51] [1;32muart:~$ [m[8D[J[00:00:06.018,000] [0m<dbg> chip.LogV: [DMG]Failed to read stored attribute (1, 0x0000_0006, 0x0000_4003: a0[0m
[+  15.51] [1;32muart:~$ [m[8D[J[00:00:06.118,000] [0m<dbg> chip.LogV: [DMG]Failed to read stored attribute (2, 0x0000_0006, 0x0000_0000: a0[0m
[+  15.51] [1;32muart:~$ [m[8D[J[00:00:06.241,000] [1;33m<wrn> net_if: Skipped 2 messages[0m
[+  15.51] [1;32muart:~$ [m[8D[J[00:00:06.241,000] [1;33m<wrn> net_if: iface 1 pkt 0x70179210 send failure status -5[0m
[+  15.51] [1;32muart:~$ [m[8D[J[00:00:06.323,000] [0m<dbg> chip.LogV: [DMG]Failed to read stored attribute (2, 0x0000_0006, 0x0000_4003: a0[0m
[+  15.51] [1;32muart:~$ [m[8D[J[00:00:06.423,000] [0m<dbg> chip.LogV: [DMG]Failed to read stored attribute (3, 0x0000_0006, 0x0000_0000: a0[0m
[+  15.51] [1;32muart:~$ [m[8D[J[00:00:06.524,000] [0m<dbg> chip.LogV: [DMG]Failed to read stored attribute (3, 0x0000_0006, 0x0000_4003: a0[0m
[+  15.61] [1;32muart:~$ [m[8D[J[00:00:06.624,000] [0m<dbg> chip.LogV: [DMG]Failed to read stored attribute (4, 0x0000_0006, 0x0000_0000: a0[0m
[+  15.71] [1;32muart:~$ [m[8D[J[1;32muart:~$ [m[8D[J[1;32muart:~$ [m[8D[J[00:00:06.876,000] [0m<dbg> chip.LogV: [DMG]Failed to read stored attribute (4, 0x0000_0006, 0x0000_4003: a0[0m
[+  15.71] [1;32muart:~$ [m[8D[J[00:00:06.880,000] [0m<dbg> chip.LogV: [DL]Boot reason: 1[0m
[+  15.71] [1;32muart:~$ [m[8D[J[00:00:06.883,000] [0m<inf> chip: [ZCL]Boot reason: 1[0m
[+  15.71] [1;32muart:~$ [m[8D[J[00:00:06.884,000] [0m<inf> chip: [ZCL]Endpoint 1 On/off already set to new value[0m
[+  15.71] [1;32muart:~$ [m[8D[J[00:00:06.886,000] [0m<inf> chip: [ZCL]Boot reason: 1[0m
[+  15.71] [1;32muart:~$ [m[8D[J[00:00:06.887,000] [0m<inf> chip: [ZCL]Endpoint 2 On/off already set to new value[0m
[+  15.82] [1;32muart:~$ [m[8D[J[00:00:06.889,000] [0m<inf> chip: [ZCL]Boot reason: 1[0m
[+  15.82] [1;32muart:~$ [m[8D[J[00:00:06.889,000] [0m<inf> chip: [ZCL]Endpoint 3 On/off already set to new value[0m
[+  15.82] [1;32muart:~$ [m[8D[J[00:00:06.891,000] [0m<inf> chip: [ZCL]Boot reason: 1[0m
[+  15.82] [1;32muart:~$ [m[8D[J[00:00:06.892,000] [0m<inf> chip: [ZCL]Endpoint 4 On/off already set to new value[0m
[+  16.03] [1;32muart:~$ [m[8D[J[1;32muart:~$ [m[8D[J[1;32muart:~$ [m[8D[J[00:00:07.025,000] [0m<dbg> chip.LogV: [EVL]LogEvent event number: 0x0000000000040000 priority: 2, endpoint id:  0x0 cluster id: 0x0000_0033 event id: 0x3 Sys timestamp: 0x0000000000000B97[0m
[+  16.14] [1;32muart:~$ [m[8D[J[00:00:07.240,000] [0m<inf> chip: [DMG]AccessControlCluster: initializing[0m
[+  16.14] [1;32muart:~$ [m[8D[J[00:00:07.242,000] [0m<inf> chip: [DIS]Updating services using commissioning mode 0[0m
[+  16.14] [1;32muart:~$ [m[8D[J[00:00:07.247,000] [0m<inf> chip: [DIS]CHIP minimal mDNS started advertising.[0m
[+  16.14] [1;32muart:~$ [m[8D[J[00:00:07.251,000] [0m<inf> chip: [IN]CASE Server enabling CASE session setups[0m
[+  16.14] [1;32muart:~$ [m[8D[J[00:00:07.252,000] [0m<dbg> chip.LogV: [IN]SecureSession[0x70001588]: Allocated Type:2 LSID:19127[0m
[+  16.14] [1;32muart:~$ [m[8D[J[00:00:07.254,000] [0m<dbg> chip.LogV: [SC]Allocated SecureSession (0x70001588) - waiting for Sigma1 msg[0m
[+  16.14] [1;32muart:~$ [m[8D[J[00:00:07.254,000] [0m<inf> chip: [SVR]Joining Multicast groups[0m
[+  16.24] [1;32muart:~$ [m[8D[J[00:00:07.255,000] [0m<dbg> chip.LogV: [ZCL]Emitting StartUp event[0m
[+  16.24] [1;32muart:~$ [m[8D[J[00:00:07.258,000] [0m<dbg> chip.LogV: [EVL]LogEvent event number: 0x0000000000040001 priority: 2, endpoint id:  0x0 cluster id: 0x0000_0028 event id: 0x0 Sys timestamp: 0x0000000000000C81[0m
[+  16.24] [1;32muart:~$ [m[8D[J[00:00:07.331,000] [0m<inf> matter: IPv6 address added, starting Matter[0m
[+  16.24] [1;32muart:~$ [m[8D[J[00:00:07.331,000] [0m<inf> matter: Matter start work already submitted[0m
[+  16.45] [1;32muart:~$ [m[8D[J[1;32muart:~$ [m[8D[J[1;32muart:~$ [m[8D[J[00:00:07.402,000] [0m<inf> chip: [SVR]Server initialization complete[0m
[+  16.45] [1;32muart:~$ [m[8D[J[00:00:07.426,000] [0m<inf> chip: [SVR]Server Listening...[0m
[+  16.55] [1;32muart:~$ [m[8D[J[00:00:07.435,000] [0m<inf> matter: Matter stack initialized[0m
[+  16.55] [1;32muart:~$ [m[8D[J[1;32muart:~$ [m[8D[J[1;32muart:~$ [m[8D[J[00:00:07.458,000] [0m<inf> matter: Matter event loop started[0m
[+  16.55] [1;32muart:~$ [m[8D[J[1;32muart:~$ [m[8D[J[00:00:07.458,000] [0m<inf> matter_event_loop: Init io_to_matter_stream[0m
[+  16.55] [1;32muart:~$ [m[8D[J[1;32muart:~$ [m[8D[J[00:00:07.459,000] [0m<inf> matter_event_loop: Start io_to_matter_stream[0m
[+  16.55] [1;32muart:~$ [m[8D[J[00:00:07.460,000] [0m<inf> chip: [DL]CHIP task running[0m
[+  16.65] [1;32muart:~$ [m[8D[J[1;32muart:~$ [m[8D[J[00:00:07.462,000] [0m<inf> chip: [DIS]Updating services using commissioning mode 0[0m
[+  16.65] [1;32muart:~$ [m[8D[J[00:00:07.466,000] [0m<inf> chip: [DIS]CHIP minimal mDNS started advertising.[0m
[+  16.65] [1;32muart:~$ [m[8D[J[00:00:07.680,000] [1;31m<err> chip: [DL]Long dispatch time: 209 ms, for event type 2[0m
[+  16.65] [1;32muart:~$ [m[8D[J[00:00:07.742,000] [1;33m<wrn> net_dhcpv4: DHCP server provided more DNS servers than can be saved[0m
[+  16.65] [1;32muart:~$ [m[8D[J[00:00:07.757,000] [1;33m<wrn> net_dhcpv4: DHCP server provided more DNS servers than can be saved[0m
[+  16.65] [1;32muart:~$ [m[8D[J[00:00:07.758,000] [0m<inf> net_dhcpv4: Received: 192.168.88.13[0m
[+  18.02] [1;32muart:~$ [m[8D[J[1;32muart:~$ [m[8D[J[1;32muart:~$ [m[1B[9D[8D[J[8D[J[00:00:09.197,000] [1;31m<err> os: ***** BUS FAULT *****[0m
[+  18.02] [1;32muart:~$ [m[8D[J[8D[J[00:00:09.198,000] [1;31m<err> os:   Precise data bus error[0m
[+  18.02] [1;32muart:~$ [m[8D[J[8D[J[00:00:09.198,000] [1;31m<err> os:   BFAR Address: 0xc[0m
[+  18.02] [1;32muart:~$ [m[8D[J[8D[J[00:00:09.198,000] [1;31m<err> os: r0/a1:  0x7016c2b0  r1/a2:  0x000000ea  r2/a3:  0x00000000[0m
[+  18.02] [1;32muart:~$ [m[8D[J[8D[J[00:00:09.198,000] [1;31m<err> os: r3/a4:  0x000000ea r12/ip:  0x20000914 r14/lr:  0x020623f3[0m
[+  18.02] [1;32muart:~$ [m[8D[J[8D[J[00:00:09.198,000] [1;31m<err> os:  xpsr:  0x01000000[0m
[+  18.02] [1;32muart:~$ [m[8D[J[8D[J[00:00:09.198,000] [1;31m<err> os: Faulting instruction address (r15/pc): 0x02062406[0m
[+  18.02] [1;32muart:~$ [m[8D[J[8D[J[00:00:09.198,000] [1;31m<err> os: >>> ZEPHYR FATAL ERROR 25: Unknown error on CPU 0[0m
[+  18.13] [1;32muart:~$ [m[8D[J[8D[J[00:00:09.198,000] [1;31m<err> os: Current thread: 0x20000a10 (eth_w5500)[0m
[+  18.13] [1;32muart:~$ [m[8D[J[8D[J[00:00:09.210,000] [1;31m<err> os: Halting system[0m
[+  90.04] [1;32muart:~$ [m
