SEGGER J-Link Commander V9.76 (Compiled Sep  9 2026 15:13:15)
DLL version V9.76, compiled Sep  9 2026 15:11:46
J-Link Commander will now exit on Error
J-Link Command File read successfully.
Processing script file...
J-Link>h
J-Link connection not established yet but required for command.
Connecting to J-Link ...O.K.
Firmware: J-Link V11 compiled Apr  1 2025 10:02:30
Hardware version: V11.00
J-Link uptime (since boot): 0d 04h 46m 45s
S/N: 941000024
License(s): RDI,FlashBP,FlashDL,JFlash,GDB
USB speed mode: High speed (480 MBit/s)
VTref=3.267V
Target connection not established yet but required for command.
Device "STM32U585AI" selected.
Connecting to target via SWD
InitTarget() start
SWD selected. Executing JTAG -> SWD switching sequence.
DAP initialized successfully.
InitTarget() end - Took 8.75ms
Found SW-DP with ID 0x0BE12477
DPIDR: 0x0BE12477
CoreSight SoC-400 or earlier
Scanning AP map to find all available APs
AP[1]: Stopped AP scan as end of AP map has been reached
AP[0]: AHB-AP (IDR: 0x14770015, ADDR: 0x00000000)
Iterating through AP map to find AHB-AP to use
AP[0]: Core found
AP[0]: AHB-AP ROM base: 0xE00FE000
CPUID register: 0x410FD214. Implementer code: 0x41 (ARM)
Feature set: Mainline
Cache: No cache
Found Cortex-M33 r0p4, Little endian.
FPUnit: 8 code (BP) slots and 0 literal slots
Security extension: not implemented
CoreSight components:
ROMTbl[0] @ E00FE000
[0][0]: E00FF000 CID B105100D PID 000BB4C9 ROM Table
ROMTbl[1] @ E00FF000
[1][0]: E000E000 CID B105900D PID 000BBD21 DEVARCH 47702A04 DEVTYPE 00 Cortex-M33
[1][1]: E0001000 CID B105900D PID 000BBD21 DEVARCH 47701A02 DEVTYPE 00 DWT
[1][2]: E0002000 CID B105900D PID 000BBD21 DEVARCH 47701A03 DEVTYPE 00 FPB
[1][3]: E0000000 CID B105900D PID 000BBD21 DEVARCH 47701A01 DEVTYPE 43 ITM
[1][5]: E0041000 CID B105900D PID 001BBD21 DEVARCH 47724A13 DEVTYPE 13 ETM
[1][6]: E0042000 CID B105900D PID 000BBD21 DEVARCH 47701A14 DEVTYPE 14 CSS600-CTI
[0][1]: E0040000 CID B105900D PID 000BBD21 DEVARCH 00000000 DEVTYPE 11 TPIU
[0][2]: E0044000 CID B105F00D PID 000A0000 ???
Memory zones:
  Zone: "Default" Description: Default access mode
Cortex-M33 identified.
PC = 020CDB76, CycleCnt = 001C78F4
R0 = 00000002, R1 = 20007AB8, R2 = 00000000, R3 = 00000010
R4 = 00000002, R5 = 00000002, R6 = 20005FC8, R7 = 2000C488
R8 = 00000000, R9 = 2000C488, R10= 021120C4, R11= FFFFFFFF
R12= 00005352
SP(R13)= 2000C480, MSP= 2000C480, PSP= 2000C670, R14(LR) = 02079A91
XPSR = 29000006: APSR = nzCvQ, EPSR = 01000000, IPSR = 006 (UsageFault)
CFBP = 00001000, CONTROL = 00, FAULTMASK = 00, BASEPRI = 10, PRIMASK = 00
MSPLIM = 2000BD10
PSPLIM = 2000C650
FPS0 = 00000000, FPS1 = 00000000, FPS2 = 00000000, FPS3 = 00000000
FPS4 = 00000000, FPS5 = 00000000, FPS6 = 00000000, FPS7 = 00000000
FPS8 = 00000000, FPS9 = 00000000, FPS10= 00000000, FPS11= 00000000
FPS12= 00000000, FPS13= 00000000, FPS14= 00000000, FPS15= 00000000
FPS16= 00000000, FPS17= 00000000, FPS18= 00000000, FPS19= 00000000
FPS20= 00000000, FPS21= 00000000, FPS22= 00000000, FPS23= 00000000
FPS24= 00000000, FPS25= 00000000, FPS26= 00000000, FPS27= 00000000
FPS28= 00000000, FPS29= 00000000, FPS30= 00000000, FPS31= 00000000
FPSCR= 00000000
J-Link>regs
PC = 020CDB76, CycleCnt = 001C78F4
R0 = 00000002, R1 = 20007AB8, R2 = 00000000, R3 = 00000010
R4 = 00000002, R5 = 00000002, R6 = 20005FC8, R7 = 2000C488
R8 = 00000000, R9 = 2000C488, R10= 021120C4, R11= FFFFFFFF
R12= 00005352
SP(R13)= 2000C480, MSP= 2000C480, PSP= 2000C670, R14(LR) = 02079A91
XPSR = 29000006: APSR = nzCvQ, EPSR = 01000000, IPSR = 006 (UsageFault)
CFBP = 00001000, CONTROL = 00, FAULTMASK = 00, BASEPRI = 10, PRIMASK = 00
MSPLIM = 2000BD10
PSPLIM = 2000C650
FPS0 = 00000000, FPS1 = 00000000, FPS2 = 00000000, FPS3 = 00000000
FPS4 = 00000000, FPS5 = 00000000, FPS6 = 00000000, FPS7 = 00000000
FPS8 = 00000000, FPS9 = 00000000, FPS10= 00000000, FPS11= 00000000
FPS12= 00000000, FPS13= 00000000, FPS14= 00000000, FPS15= 00000000
FPS16= 00000000, FPS17= 00000000, FPS18= 00000000, FPS19= 00000000
FPS20= 00000000, FPS21= 00000000, FPS22= 00000000, FPS23= 00000000
FPS24= 00000000, FPS25= 00000000, FPS26= 00000000, FPS27= 00000000
FPS28= 00000000, FPS29= 00000000, FPS30= 00000000, FPS31= 00000000
FPSCR= 00000000
J-Link>mem32 0xE000ED28 4
E000ED28 = 00000000 00000000 00000001 2000C47C 
J-Link>mem32 0xE000ED38 1
E000ED38 = 2000C47C 
J-Link>q
Script processing completed.
OnDisconnectTarget() start
OnDisconnectTarget() end - Took 477us
