[+    1.57] ==== host: login
[+    3.51] [8D[J[00:08:02.511,000] [1;31m<err> eth_w5500: W5500 frame length 65533 exceeds 65535 buffered bytes, dropped[0m
[+    3.51] [1;32muart:~$ [m[8D[J[00:08:02.612,000] [1;31m<err> eth_w5500: W5500 frame length 65533 exceeds 65535 buffered bytes, dropped[0m
[+    3.51] [1;32muart:~$ [m[8D[J[00:08:02.712,000] [1;31m<err> eth_w5500: W5500 frame length 65533 exceeds 65535 buffered bytes, dropped[0m
[+    3.51] [1;32muart:~$ [m[8D[J[00:08:02.813,000] [1;31m<err> eth_w5500: W5500 frame length 65533 exceeds 65535 buffered bytes, dropped[0m
[+    3.61] [1;32muart:~$ [m[8D[J[00:08:02.914,000] [1;31m<err> eth_w5500: W5500 frame length 65533 exceeds 65535 buffered bytes, dropped[0m
[+    3.61] [1;32muart:~$ [m[8D[J[00:08:03.014,000] [1;31m<err> eth_w5500: W5500 frame length 65533 exceeds 65535 buffered bytes, dropped[0m
[+    5.59] ==== host: free-address check
[+    6.10] ==== host: stage
[+    6.90] [1;32muart:~$ [m[8D[J[1;32muart:~$ [m[8D[J[1;32muart:~$ [m[8D[J[00:08:05.654,000] [1;31m<err> eth_w5500: W5500 frame length 65533 exceeds 65535 buffered bytes, dropped[0m
[+    6.90] [1;32muart:~$ [m[8D[J[00:08:05.755,000] [1;31m<err> eth_w5500: W5500 frame length 65533 exceeds 65535 buffered bytes, dropped[0m
[+    6.90] [1;32muart:~$ [m[8D[J[00:08:05.855,000] [1;31m<err> eth_w5500: W5500 frame length 65533 exceeds 65535 buffered bytes, dropped[0m
[+    7.48] ==== host: apply
[+    7.52] [1;32muart:~$ [m[8D[J[00:08:05.956,000] [1;31m<err> eth_w5500: W5500 frame length 65533 exceeds 65535 buffered bytes, dropped[0m
[+    7.62] [1;32muart:~$ [m[8D[J[00:08:06.112,000] [0m<inf> network_manager: transaction txn_00000002 staged against revision 0[0m
[+    8.91] ==== host: new address answers
[+    8.97] [1;32muart:~$ [m[8D[J[1;32muart:~$ [m[8D[J[1;32muart:~$ [m[8D[J[00:08:07.508,000] [0m<inf> network_manager: transaction txn_00000002 journalled, job job_00000002, 120 s to confirm[0m
[+    8.97] [1;32muart:~$ [m[8D[J[00:08:07.588,000] [0m<inf> net_adapter: ethernet: static /24 with gateway[0m
[+    9.07] [1;32muart:~$ [m[8D[J[00:08:07.590,000] [0m<inf> network_manager: transaction txn_00000002 applied, awaiting confirmation[0m
[+    9.07] [1;32muart:~$ [m[8D[J[00:08:08.430,000] [1;31m<err> eth_w5500: W5500 frame length 65533 exceeds 65535 buffered bytes, dropped[0m
[+    9.07] [1;32muart:~$ [m[8D[J[00:08:08.530,000] [1;31m<err> eth_w5500: W5500 frame length 65533 exceeds 65535 buffered bytes, dropped[0m
[+    9.07] [1;32muart:~$ [m[8D[J[00:08:08.631,000] [1;31m<err> eth_w5500: W5500 frame length 65533 exceeds 65535 buffered bytes, dropped[0m
[+    9.07] [1;32muart:~$ [m[8D[J[00:08:08.732,000] [1;31m<err> eth_w5500: W5500 frame length 65533 exceeds 65535 buffered bytes, dropped[0m
[+    9.07] [1;32muart:~$ [m[8D[J[00:08:08.832,000] [1;31m<err> eth_w5500: W5500 frame length 65533 exceeds 65535 buffered bytes, dropped[0m
[+   11.42] ==== host: old address after apply
[+   12.97] ==== host: login on the new address
[+   13.06] ==== host: transaction
[+   13.15] ==== host: confirm
[+   13.40] [1;32muart:~$ [m[8D[J[1;32muart:~$ [m[8D[J[1;32muart:~$ [m[8D[J[00:08:11.483,000] [1;31m<err> eth_w5500: W5500 frame length 65533 exceeds 65535 buffered bytes, dropped[0m
[+   13.40] [1;32muart:~$ [m[8D[J[00:08:11.584,000] [1;31m<err> eth_w5500: W5500 frame length 65533 exceeds 65535 buffered bytes, dropped[0m
[+   13.40] [1;32muart:~$ [m[8D[J[00:08:11.684,000] [1;31m<err> eth_w5500: W5500 frame length 65533 exceeds 65535 buffered bytes, dropped[0m
[+   13.40] [1;32muart:~$ [m[8D[J[00:08:11.785,000] [1;31m<err> eth_w5500: W5500 frame length 65533 exceeds 65535 buffered bytes, dropped[0m
[+   13.40] [1;32muart:~$ [m[8D[J[00:08:13.175,000] [0m<inf> network_manager: transaction txn_00000002 confirmed[0m
[+   13.96] ==== host: confirm job
[+   14.05] ==== host: transaction
[+   14.13] ==== host: config after
[+   14.22] ==== host: status after
