[+    1.82] ==== host: login
[+    1.95] [8D[J[00:09:12.606,000] [1;31m<err> eth_w5500: W5500 frame length 65533 exceeds 65535 buffered bytes, dropped[0m
[+    1.95] [1;32muart:~$ [m[8D[J[00:09:12.707,000] [1;31m<err> eth_w5500: W5500 frame length 65533 exceeds 65535 buffered bytes, dropped[0m
[+    1.95] [1;32muart:~$ [m[8D[J[00:09:12.808,000] [1;31m<err> eth_w5500: W5500 frame length 65533 exceeds 65535 buffered bytes, dropped[0m
[+    5.84] ==== host: free-address check
[+    6.88] ==== host: stage
[+    7.21] [1;32muart:~$ [m[8D[J[1;32muart:~$ [m[8D[J[1;32muart:~$ [m[8D[J[00:09:18.145,000] [1;31m<err> eth_w5500: W5500 frame length 65533 exceeds 65535 buffered bytes, dropped[0m
[+    7.21] [1;32muart:~$ [m[8D[J[00:09:19.128,000] [0m<inf> network_manager: transaction txn_00000004 staged against revision 2[0m
[+    8.53] ==== host: apply
[+    9.58] [1;32muart:~$ [m[8D[J[1;32muart:~$ [m[8D[J[1;32muart:~$ [m[8D[J[00:09:20.794,000] [0m<inf> network_manager: transaction txn_00000004 journalled, job job_00000004, 60 s to confirm[0m
[+    9.58] [1;32muart:~$ [m[8D[J[00:09:20.865,000] [0m<inf> net_adapter: ethernet: static /24 with gateway[0m
[+    9.58] [1;32muart:~$ [m[8D[J[00:09:20.865,000] [0m<inf> network_manager: transaction txn_00000004 applied, awaiting confirmation[0m
[+    9.59] ==== host: new address answers
[+    9.68] [1;32muart:~$ [m[8D[J[00:09:21.528,000] [1;31m<err> eth_w5500: W5500 frame length 65533 exceeds 65535 buffered bytes, dropped[0m
[+   12.10] ==== host: old address after apply
[+   13.62] ==== host: transaction
[+   13.70] [1;32muart:~$ [m[8D[J[1;32muart:~$ [m[8D[J[1;32muart:~$ [m[8D[J[00:09:24.402,000] [1;31m<err> eth_w5500: W5500 frame length 65533 exceeds 65535 buffered bytes, dropped[0m
[+   13.70] [1;32muart:~$ [m[8D[J[00:09:24.503,000] [1;31m<err> eth_w5500: W5500 frame length 65533 exceeds 65535 buffered bytes, dropped[0m
[+   15.66] [1;32muart:~$ [m[8D[J[1;32muart:~$ [m[8D[J[1;32muart:~$ [m[8D[J[00:09:26.923,000] [1;31m<err> eth_w5500: W5500 frame length 65533 exceeds 65535 buffered bytes, dropped[0m
[+   18.85] [1;32muart:~$ [m[8D[J[1;32muart:~$ [m[8D[J[00:09:30.044,000] [1;31m<err> eth_w5500: W5500 frame length 65533 exceeds 65535 buffered bytes, dropped[0m
[+   18.85] [1;32muart:~$ [m[8D[J[00:09:30.145,000] [1;31m<err> eth_w5500: W5500 frame length 65533 exceeds 65535 buffered bytes, dropped[0m
[+   18.85] [1;32muart:~$ [m[8D[J[00:09:30.245,000] [1;31m<err> eth_w5500: W5500 frame length 65533 exceeds 65535 buffered bytes, dropped[0m
[+   21.73] [1;32muart:~$ [m[8D[J[1;32muart:~$ [m[8D[J[1;32muart:~$ [m[8D[J[00:09:32.933,000] [1;31m<err> eth_w5500: W5500 frame length 65533 exceeds 65535 buffered bytes, dropped[0m
[+   21.73] [1;32muart:~$ [m[8D[J[00:09:33.034,000] [1;31m<err> eth_w5500: W5500 frame length 65533 exceeds 65535 buffered bytes, dropped[0m
[+   21.73] [1;32muart:~$ [m[8D[J[00:09:33.135,000] [1;31m<err> eth_w5500: W5500 frame length 65533 exceeds 65535 buffered bytes, dropped[0m
[+   21.73] [1;32muart:~$ [m[8D[J[00:09:33.235,000] [1;31m<err> eth_w5500: W5500 frame length 65533 exceeds 65535 buffered bytes, dropped[0m
[+   27.17] [1;32muart:~$ [m[8D[J[1;32muart:~$ [m[8D[J[1;32muart:~$ [m[8D[J[00:09:38.443,000] [1;31m<err> eth_w5500: W5500 frame length 65533 exceeds 65535 buffered bytes, dropped[0m
[+   30.37] [1;32muart:~$ [m[8D[J[1;32muart:~$ [m[8D[J[00:09:41.584,000] [1;31m<err> eth_w5500: W5500 frame length 65533 exceeds 65535 buffered bytes, dropped[0m
[+   30.37] [1;32muart:~$ [m[8D[J[00:09:41.685,000] [1;31m<err> eth_w5500: W5500 frame length 65533 exceeds 65535 buffered bytes, dropped[0m
[+   30.37] [1;32muart:~$ [m[8D[J[00:09:41.786,000] [1;31m<err> eth_w5500: W5500 frame length 65533 exceeds 65535 buffered bytes, dropped[0m
[+   30.37] [1;32muart:~$ [m[8D[J[00:09:41.887,000] [1;31m<err> eth_w5500: W5500 frame length 65533 exceeds 65535 buffered bytes, dropped[0m
[+   33.26] [1;32muart:~$ [m[8D[J[1;32muart:~$ [m[8D[J[1;32muart:~$ [m[8D[J[00:09:44.450,000] [1;31m<err> eth_w5500: W5500 frame length 65533 exceeds 65535 buffered bytes, dropped[0m
[+   33.26] [1;32muart:~$ [m[8D[J[00:09:44.551,000] [1;31m<err> eth_w5500: W5500 frame length 65533 exceeds 65535 buffered bytes, dropped[0m
[+   33.26] [1;32muart:~$ [m[8D[J[00:09:44.652,000] [1;31m<err> eth_w5500: W5500 frame length 65533 exceeds 65535 buffered bytes, dropped[0m
[+   33.26] [1;32muart:~$ [m[8D[J[00:09:44.752,000] [1;31m<err> eth_w5500: W5500 frame length 65533 exceeds 65535 buffered bytes, dropped[0m
[+   33.26] [1;32muart:~$ [m[8D[J[00:09:44.853,000] [1;31m<err> eth_w5500: W5500 frame length 65533 exceeds 65535 buffered bytes, dropped[0m
[+   35.94] [1;32muart:~$ [m[8D[J[1;32muart:~$ [m[8D[J[1;32muart:~$ [m[8D[J[00:09:47.217,000] [1;31m<err> eth_w5500: W5500 frame length 65533 exceeds 65535 buffered bytes, dropped[0m
[+   36.04] [1;32muart:~$ [m[8D[J[00:09:47.317,000] [1;31m<err> eth_w5500: W5500 frame length 65533 exceeds 65535 buffered bytes, dropped[0m
[+   36.04] [1;32muart:~$ [m[8D[J[00:09:47.418,000] [1;31m<err> eth_w5500: W5500 frame length 65533 exceeds 65535 buffered bytes, dropped[0m
[+   36.04] [1;32muart:~$ [m[8D[J[00:09:47.519,000] [1;31m<err> eth_w5500: W5500 frame length 65533 exceeds 65535 buffered bytes, dropped[0m
[+   36.04] [1;32muart:~$ [m[8D[J[00:09:47.619,000] [1;31m<err> eth_w5500: W5500 frame length 65533 exceeds 65535 buffered bytes, dropped[0m
[+   36.04] [1;32muart:~$ [m[8D[J[00:09:47.720,000] [1;31m<err> eth_w5500: W5500 frame length 65533 exceeds 65535 buffered bytes, dropped[0m
[+   39.23] [1;32muart:~$ [m[8D[J[1;32muart:~$ [m[8D[J[1;32muart:~$ [m[8D[J[00:09:50.457,000] [1;31m<err> eth_w5500: W5500 frame length 65533 exceeds 65535 buffered bytes, dropped[0m
[+   39.23] [1;32muart:~$ [m[8D[J[00:09:50.632,000] [1;31m<err> eth_w5500: W5500 frame length 65533 exceeds 65535 buffered bytes, dropped[0m
[+   42.11] [1;32muart:~$ [m[8D[J[1;32muart:~$ [m[8D[J[1;32muart:~$ [m[8D[J[00:09:53.302,000] [1;31m<err> eth_w5500: W5500 frame length 65533 exceeds 65535 buffered bytes, dropped[0m
[+   42.11] [1;32muart:~$ [m[8D[J[00:09:53.403,000] [1;31m<err> eth_w5500: W5500 frame length 65533 exceeds 65535 buffered bytes, dropped[0m
[+   42.11] [1;32muart:~$ [m[8D[J[00:09:53.504,000] [1;31m<err> eth_w5500: W5500 frame length 65533 exceeds 65535 buffered bytes, dropped[0m
[+   44.98] [1;32muart:~$ [m[8D[J[1;32muart:~$ [m[8D[J[1;32muart:~$ [m[8D[J[00:09:56.249,000] [1;31m<err> eth_w5500: W5500 frame length 65533 exceeds 65535 buffered bytes, dropped[0m
[+   47.66] [1;32muart:~$ [m[8D[J[1;32muart:~$ [m[8D[J[00:09:58.924,000] [1;31m<err> eth_w5500: W5500 frame length 65533 exceeds 65535 buffered bytes, dropped[0m
[+   47.66] [1;32muart:~$ [m[8D[J[00:09:59.024,000] [1;31m<err> eth_w5500: W5500 frame length 65533 exceeds 65535 buffered bytes, dropped[0m
[+   47.77] [1;32muart:~$ [m[8D[J[00:09:59.125,000] [1;31m<err> eth_w5500: W5500 frame length 65533 exceeds 65535 buffered bytes, dropped[0m
[+   47.77] [1;32muart:~$ [m[8D[J[00:09:59.226,000] [1;31m<err> eth_w5500: W5500 frame length 65533 exceeds 65535 buffered bytes, dropped[0m
[+   47.77] [1;32muart:~$ [m[8D[J[00:09:59.326,000] [1;31m<err> eth_w5500: W5500 frame length 65533 exceeds 65535 buffered bytes, dropped[0m
[+   59.22] [1;32muart:~$ [m[8D[J[1;32muart:~$ [m[8D[J[1;32muart:~$ [m[8D[J[00:10:10.451,000] [1;31m<err> eth_w5500: W5500 frame length 65533 exceeds 65535 buffered bytes, dropped[0m
[+   59.22] [1;32muart:~$ [m[8D[J[00:10:10.552,000] [1;31m<err> eth_w5500: W5500 frame length 65533 exceeds 65535 buffered bytes, dropped[0m
[+   59.22] [1;32muart:~$ [m[8D[J[00:10:10.652,000] [1;31m<err> eth_w5500: W5500 frame length 65533 exceeds 65535 buffered bytes, dropped[0m
[+   59.22] [1;32muart:~$ [m[8D[J[00:10:10.753,000] [1;31m<err> eth_w5500: W5500 frame length 65533 exceeds 65535 buffered bytes, dropped[0m
[+   59.22] [1;32muart:~$ [m[8D[J[00:10:10.854,000] [1;31m<err> eth_w5500: W5500 frame length 65533 exceeds 65535 buffered bytes, dropped[0m
[+   59.33] [1;32muart:~$ [m[8D[J[00:10:10.954,000] [1;31m<err> eth_w5500: W5500 frame length 65533 exceeds 65535 buffered bytes, dropped[0m
[+   65.00] [1;32muart:~$ [m[8D[J[1;32muart:~$ [m[8D[J[1;32muart:~$ [m[8D[J[00:10:16.295,000] [1;31m<err> eth_w5500: W5500 frame length 65533 exceeds 65535 buffered bytes, dropped[0m
[+   65.11] [1;32muart:~$ [m[8D[J[00:10:16.395,000] [1;31m<err> eth_w5500: W5500 frame length 65533 exceeds 65535 buffered bytes, dropped[0m
[+   65.11] [1;32muart:~$ [m[8D[J[00:10:16.496,000] [1;31m<err> eth_w5500: W5500 frame length 65533 exceeds 65535 buffered bytes, dropped[0m
[+   65.11] [1;32muart:~$ [m[8D[J[00:10:16.597,000] [1;31m<err> eth_w5500: W5500 frame length 65533 exceeds 65535 buffered bytes, dropped[0m
[+   65.11] [1;32muart:~$ [m[8D[J[00:10:16.697,000] [1;31m<err> eth_w5500: W5500 frame length 65533 exceeds 65535 buffered bytes, dropped[0m
[+   65.11] [1;32muart:~$ [m[8D[J[00:10:16.798,000] [1;31m<err> eth_w5500: W5500 frame length 65533 exceeds 65535 buffered bytes, dropped[0m
[+   67.90] [1;32muart:~$ [m[8D[J[1;32muart:~$ [m[8D[J[1;32muart:~$ [m[8D[J[00:10:19.157,000] [1;31m<err> eth_w5500: W5500 frame length 65533 exceeds 65535 buffered bytes, dropped[0m
[+   67.90] [1;32muart:~$ [m[8D[J[00:10:19.257,000] [1;31m<err> eth_w5500: W5500 frame length 65533 exceeds 65535 buffered bytes, dropped[0m
[+   67.90] [1;32muart:~$ [m[8D[J[00:10:19.358,000] [1;31m<err> eth_w5500: W5500 frame length 65533 exceeds 65535 buffered bytes, dropped[0m
[+   68.00] [1;32muart:~$ [m[8D[J[00:10:19.459,000] [1;31m<err> eth_w5500: W5500 frame length 65533 exceeds 65535 buffered bytes, dropped[0m
[+   68.00] [1;32muart:~$ [m[8D[J[00:10:19.559,000] [1;31m<err> eth_w5500: W5500 frame length 65533 exceeds 65535 buffered bytes, dropped[0m
[+   68.00] [1;32muart:~$ [m[8D[J[00:10:19.660,000] [1;31m<err> eth_w5500: W5500 frame length 65533 exceeds 65535 buffered bytes, dropped[0m
[+   68.00] [1;32muart:~$ [m[8D[J[00:10:19.761,000] [1;31m<err> eth_w5500: W5500 frame length 65533 exceeds 65535 buffered bytes, dropped[0m
[+   70.47] [1;32muart:~$ [m[8D[J[1;32muart:~$ [m[8D[J[1;32muart:~$ [m[8D[J[00:10:21.085,000] [1;33m<wrn> network_manager: transaction txn_00000004 not confirmed in time; rolling back[0m
[+   70.47] [1;32muart:~$ [m[8D[J[00:10:21.088,000] [0m<inf> net_adapter: ethernet: DHCP[0m
[+   70.47] [1;32muart:~$ [m[8D[J[00:10:21.121,000] [0m<inf> net_dhcpv4: Received: 192.168.88.13[0m
[+   70.47] [1;32muart:~$ [m[8D[J[00:10:21.271,000] [0m<inf> network_manager: transaction txn_00000004 rolled_back[0m
[+   70.47] [1;32muart:~$ [m[8D[J[00:10:22.067,000] [1;31m<err> eth_w5500: W5500 frame length 65533 exceeds 65535 buffered bytes, dropped[0m
[+   70.57] [1;32muart:~$ [m[8D[J[00:10:22.168,000] [1;31m<err> eth_w5500: W5500 frame length 65533 exceeds 65535 buffered bytes, dropped[0m
[+   70.57] [1;32muart:~$ [m[8D[J[00:10:22.268,000] [1;31m<err> eth_w5500: W5500 frame length 65533 exceeds 65535 buffered bytes, dropped[0m
[+   70.57] [1;32muart:~$ [m[8D[J[00:10:22.369,000] [1;31m<err> eth_w5500: W5500 frame length 65533 exceeds 65535 buffered bytes, dropped[0m
[+   70.57] [1;32muart:~$ [m[8D[J[00:10:22.470,000] [1;31m<err> eth_w5500: W5500 frame length 65533 exceeds 65535 buffered bytes, dropped[0m
[+   70.57] [1;32muart:~$ [m[8D[J[00:10:22.570,000] [1;31m<err> eth_w5500: W5500 frame length 65533 exceeds 65535 buffered bytes, dropped[0m
[+   70.57] [1;32muart:~$ [m[8D[J[00:10:22.671,000] [1;31m<err> eth_w5500: W5500 frame length 65533 exceeds 65535 buffered bytes, dropped[0m
[+   77.17] [1;32muart:~$ [m[8D[J[1;32muart:~$ [m[8D[J[1;32muart:~$ [m[8D[J[00:10:28.432,000] [1;31m<err> eth_w5500: W5500 frame length 65533 exceeds 65535 buffered bytes, dropped[0m
[+   79.75] [1;32muart:~$ [m[8D[J[1;32muart:~$ [m[8D[J[00:10:31.041,000] [1;31m<err> eth_w5500: W5500 frame length 65533 exceeds 65535 buffered bytes, dropped[0m
[+   79.86] [1;32muart:~$ [m[8D[J[00:10:31.142,000] [1;31m<err> eth_w5500: W5500 frame length 65533 exceeds 65535 buffered bytes, dropped[0m
[+   79.86] [1;32muart:~$ [m[8D[J[00:10:31.243,000] [1;31m<err> eth_w5500: W5500 frame length 65533 exceeds 65535 buffered bytes, dropped[0m
[+   79.86] [1;32muart:~$ [m[8D[J[00:10:31.343,000] [1;31m<err> eth_w5500: W5500 frame length 65533 exceeds 65535 buffered bytes, dropped[0m
[+   82.76] [1;32muart:~$ [m[8D[J[1;32muart:~$ [m[8D[J[1;32muart:~$ [m[8D[J[00:10:33.978,000] [1;31m<err> eth_w5500: W5500 frame length 65533 exceeds 65535 buffered bytes, dropped[0m
[+   82.76] [1;32muart:~$ [m[8D[J[00:10:34.079,000] [1;31m<err> eth_w5500: W5500 frame length 65533 exceeds 65535 buffered bytes, dropped[0m
[+   82.76] [1;32muart:~$ [m[8D[J[00:10:34.179,000] [1;31m<err> eth_w5500: W5500 frame length 65533 exceeds 65535 buffered bytes, dropped[0m
[+   82.76] [1;32muart:~$ [m[8D[J[00:10:34.280,000] [1;31m<err> eth_w5500: W5500 frame length 65533 exceeds 65535 buffered bytes, dropped[0m
[+   85.44] [1;32muart:~$ [m[8D[J[1;32muart:~$ [m[8D[J[1;32muart:~$ [m[8D[J[00:10:36.724,000] [1;31m<err> eth_w5500: W5500 frame length 65533 exceeds 65535 buffered bytes, dropped[0m
[+   85.44] [1;32muart:~$ [m[8D[J[00:10:36.825,000] [1;31m<err> eth_w5500: W5500 frame length 65533 exceeds 65535 buffered bytes, dropped[0m
[+   85.55] [1;32muart:~$ [m[8D[J[00:10:36.926,000] [1;31m<err> eth_w5500: W5500 frame length 65533 exceeds 65535 buffered bytes, dropped[0m
[+   85.55] [1;32muart:~$ [m[8D[J[00:10:37.026,000] [1;31m<err> eth_w5500: W5500 frame length 65533 exceeds 65535 buffered bytes, dropped[0m
[+   85.55] [1;32muart:~$ [m[8D[J[00:10:37.127,000] [1;31m<err> eth_w5500: W5500 frame length 65533 exceeds 65535 buffered bytes, dropped[0m
[+   85.55] [1;32muart:~$ [m[8D[J[00:10:37.228,000] [1;31m<err> eth_w5500: W5500 frame length 65533 exceeds 65535 buffered bytes, dropped[0m
[+   88.60] ==== host: rolled back by the deadline, read on the DHCP address
[+   88.74] [1;32muart:~$ [m[8D[J[1;32muart:~$ [m[8D[J[1;32muart:~$ [m[8D[J[00:10:39.979,000] [1;31m<err> eth_w5500: W5500 frame length 65533 exceeds 65535 buffered bytes, dropped[0m
[+   88.85] [1;32muart:~$ [m[8D[J[00:10:40.080,000] [1;31m<err> eth_w5500: W5500 frame length 65533 exceeds 65535 buffered bytes, dropped[0m
[+   90.04] ==== host: job
[+   90.13] ==== host: transaction
