[+    1.57] ==== host: login
[+    1.77] ==== host: stage
[+    1.84] ==== host: uptime before reset
[+    1.87] [8D[J[00:14:28.251,000] [0m<inf> network_manager: candidate txn_00000008 discarded[0m
[+    1.98] [1;32muart:~$ [m[8D[J[00:14:30.598,000] [0m<inf> network_manager: transaction txn_00000009 staged against revision 4[0m
[+    2.04] ==== host: J-Link reset
[+    2.18] [1;32muart:~$ [m[8D[J[1;32muart:~$ [m[8D[J[1;32muart:~$ [mI: Detected ESP-PSRAM64H (ID D 5D 46 A1 21)
[+    2.28] I: PSRAM initialised in QPI mode, 8192 KB
[+    2.28] *** Using Zephyr OS build v4.4.0-12983-gb6a5e6e8aa90 ***
[+    2.28] I: Starting bootloader
[+    2.28] [m
[+    2.28] [1;32muart:~$ [mI: ICACHE alias: 0x02000000 -> 0x90000000 (4MB)
[+    2.28] I: 0x90000000..0x9000001F:
[+    2.28] I: 3d b8 f3 96 0 0 0 0 0 4 0 0 64 4e 14 0
[+    2.28] I: 0 0 0 0 0 0 0 0 0 0 0 0 0 0 0 0
[+    2.28] I: Alias[0x02000000..0x0200001F]:
[+    2.28] I: 3d b8 f3 96 0 0 0 0 0 4 0 0 64 4e 14 0
[+    2.28] I: 0 0 0 0 0 0 0 0 0 0 0 0 0 0 0 0
[+    2.28] I: PSRAM 0x70000000..0x7000001F:
[+    2.28] I: 0 5d 11 2 0 bb 1 70 60 45 11 2 6c e 0 70
[+    2.28] I: c4 44 11 2 48 45 11 2 0 0 0 0 18 68 13 2
[+    2.28] I: PSRAM write/read: PASS
[+    2.28] I: Primary image: magic=unset, swap_type=0x1, copy_done=0x3, image_ok=0x3
[+    2.28] I: Scratch: magic=unset, swap_type=0x1, copy_done=0x3, image_ok=0x3
[+    2.28] I: Boot source: primary slot
[+    2.28] I: Image index: 0, Swap type: none
[+   10.75] I: Bootloader chainload address offset: 0x0
[+   10.75] I: Image version: v0.0.0
[+   10.75] I: Jumping to the first image slot
[+   12.60] [m
[+   12.60] [1;32muart:~$ [m[8D[J[00:00:01.665,000] [1;33m<wrn> esp_hosted_mcu_core: coprocessor firmware version unknown, expected v3.0.0[0m
[+   12.70] [1;32muart:~$ [m[8D[J[00:00:01.665,000] [1;31m<err> mb85rsxx: invalid device ID: 00 00 00 00[0m
[+   13.31] [1;32muart:~$ [m[8D[J[00:00:01.665,000] [1;31m<err> mb85rsxx: Failed to initialize device, RDID check failed (err -5)[0m
[+   13.31] [1;32muart:~$ [m[8D[J[00:00:01.666,000] [0m<inf> eth_w5500: ETH_W5500: interrupt mode[0m
[+   13.31] [1;32muart:~$ [m[8D[J[00:00:01.674,000] [0m<inf> eth_w5500: W5500 Initialized[0m
[+   13.31] [1;32muart:~$ [m[8D[J[00:00:01.675,000] [0m<inf> spi_nor: SPI_FLASH: SFDP v 1.5 AP ff with 1 PH[0m
[+   13.31] [1;32muart:~$ [m[8D[J[00:00:01.675,000] [0m<inf> spi_nor: PH0: ff00 rev 1.5: 16 DW @ 80[0m
[+   13.42] [1;32muart:~$ [m[8D[J[00:00:01.675,000] [0m<inf> spi_nor: SPI_FLASH: 16 MiBy flash[0m
[+   13.42] [1;32muart:~$ [m[8D[J[00:00:01.777,000] [1;31m<err> esp_hosted_mcu: coprocessor WifiInit failed[0m
[+   13.42] [1;32muart:~$ [m[8D[J[00:00:01.781,000] [1;31m<err> net_if: Iface 0x20002e98 device not ready[0m
[+   13.42] [1;32muart:~$ [m[8D[J[00:00:01.782,000] [1;31m<err> net_ethernet: Invalid MAC address for iface 1 (0x20002d60)[0m
[+   13.42] [1;32muart:~$ [m[8D[J[00:00:01.783,000] [0m<inf> littlefs: LittleFS version 2.11, disk version 2.1[0m
[+   13.42] [1;32muart:~$ [m[8D[J[00:00:01.784,000] [0m<inf> littlefs: FS at SPI_FLASH:0xa00000 is 1280 0x1000-byte blocks with 1024 cycle[0m
[+   13.42] [1;32muart:~$ [m[8D[J[00:00:01.784,000] [0m<inf> littlefs: partition sizes: rd 256 ; pr 256 ; ca 2048 ; la 256[0m
[+   15.89] [1;32muart:~$ [m[8D[J[1;32muart:~$ [m[8D[J[1;32muart:~$ [m[8D[J*** Booting Zephyr OS build v4.4.0-12983-gb6a5e6e8aa90 ***
[+   15.89] [1;32muart:~$ [m[8D[J[00:00:01.864,000] [0m<inf> shell_telnet: Telnet shell backend initialized[0m
[+   15.89] [1;32muart:~$ [m[8D[J[00:00:01.865,000] [0m<inf> main_app: Start main app (build: Sep 13 2026 22:40:42) version 8[0m
[+   15.89] [1;32muart:~$ [m[8D[J[00:00:01.866,000] [0m<inf> main_app: PSRAM @0x701daf08: write/read 1024 words OK[0m
[+   15.89] [1;32muart:~$ [m[8D[J[00:00:02.505,000] [0m<inf> settings_registry: 10 keys registered, 0 rejected[0m
[+   15.89] [1;32muart:~$ [m[8D[J[00:00:02.505,000] [0m<inf> io: Start io init[0m
[+   15.89] [1;32muart:~$ [m[8D[J[00:00:02.510,000] [0m<inf> net_init: EEPROM MAC: 80:34:28:10:6a:1d[0m
[+   15.89] [1;32muart:~$ [m[8D[J[00:00:02.511,000] [0m<inf> eth_w5500: ETH_W5500 MAC set to 80:34:28:10:6a:1d[0m
[+   15.89] [1;32muart:~$ [m[8D[J[00:00:02.511,000] [0m<inf> net_init: Network interface up with MAC 80:34:28:10:6a:1d[0m
[+   15.89] [1;32muart:~$ [m[8D[J[00:00:02.513,000] [0m<inf> io: Start io outputs task[0m
[+   16.00] [1;32muart:~$ [m[8D[J[00:00:03.282,000] [0m<inf> eth_w5500: ETH_W5500: Link speed 100 Mb, full duplex[0m
[+   16.00] [1;32muart:~$ [m[8D[J[00:00:03.496,000] [0m<inf> matter: IPv6 address added, starting Matter[0m
[+   16.00] [1;32muart:~$ [m[8D[J[00:00:04.621,000] [0m<inf> eth_w5500: ETH_W5500: Link speed 100 Mb, full duplex[0m
[+   16.00] [1;32muart:~$ [m[8D[J[00:00:04.635,000] [0m<inf> matter: IPv6 address added, starting Matter[0m
[+   16.00] [1;32muart:~$ [m[8D[J[1;32muart:~$ [m[8D[J[1;32muart:~$ [m[8D[J[00:00:04.635,000] [0m<inf> matter: Matter start work already submitted[0m
[+   16.20] [1;32muart:~$ [m[8D[J[1;32muart:~$ [m[8D[J[00:00:04.908,000] [0m<inf> device_config_store: configuration loaded, revision 4[0m
[+   16.20] [1;32muart:~$ [m[8D[J[00:00:04.909,000] [0m<inf> network_service: network configuration revision 4: clean (2394 ms)[0m
[+   16.20] [1;32muart:~$ [m[8D[J[00:00:04.909,000] [0m<inf> net_adapter: Ethernet found, Wi-Fi coprocessor missing[0m
[+   17.12] [1;32muart:~$ [m[8D[J[1;32muart:~$ [m[8D[J[1;32muart:~$ [m[8D[J[00:00:05.368,000] [0m<inf> matter: Init CHIP stack[0m
[+   17.22] [1;32muart:~$ [m[8D[J[00:00:05.547,000] [0m<inf> network_service: boot 1 of 5 in a row shorter than 30 s[0m
[+   17.22] [1;32muart:~$ [m[8D[J[00:00:05.548,000] [0m<inf> network_service: worker stack: 4888 of 8192 bytes never used[0m
[+   17.22] [1;32muart:~$ [m[8D[J[00:00:06.002,000] [0m<inf> matter: IPv6 address added, starting Matter[0m
[+   17.22] [1;32muart:~$ [m[8D[J[00:00:06.002,000] [0m<inf> matter: Matter start work already submitted[0m
[+   17.22] [1;32muart:~$ [m[8D[J[00:00:06.215,000] [0m<inf> web_server: web interface cedar-2037394c3543501200210047, firmware 0cb7f6047410-dirty, frontend 0.1.0+0cb7f6047410-dirty, boot_0c191604a46cbc60[0m
[+   17.22] [1;32muart:~$ [m[8D[J[00:00:06.220,000] [0m<inf> net_adapter: ethernet: DHCP[0m
[+   20.62] [1;32muart:~$ [m[8D[J[1;32muart:~$ [m[8D[J[1;32muart:~$ [m[8D[J[00:00:08.828,000] [1;31m<err> eth_w5500: W5500 frame length 65533 exceeds 65535 buffered bytes, dropped[0m
[+   20.62] [1;32muart:~$ [m[8D[J[00:00:08.929,000] [1;31m<err> eth_w5500: W5500 frame length 65533 exceeds 65535 buffered bytes, dropped[0m
[+   20.62] [1;32muart:~$ [m[8D[J[00:00:09.029,000] [1;31m<err> eth_w5500: W5500 frame length 65533 exceeds 65535 buffered bytes, dropped[0m
[+   20.72] [1;32muart:~$ [m[8D[J[00:00:09.130,000] [1;31m<err> eth_w5500: W5500 frame length 65533 exceeds 65535 buffered bytes, dropped[0m
[+   20.72] [1;32muart:~$ [m[8D[J[00:00:09.231,000] [1;31m<err> eth_w5500: W5500 frame length 65533 exceeds 65535 buffered bytes, dropped[0m
[+   20.72] [1;32muart:~$ [m[8D[J[00:00:09.331,000] [1;31m<err> eth_w5500: W5500 frame length 65533 exceeds 65535 buffered bytes, dropped[0m
[+   20.72] [1;32muart:~$ [m[8D[J[00:00:09.432,000] [1;31m<err> eth_w5500: W5500 frame length 65533 exceeds 65535 buffered bytes, dropped[0m
[+   20.72] [1;32muart:~$ [m[8D[J[00:00:09.433,000] [1;31m<err> eth_w5500: Invalid W5500 header size 0[0m
[+   20.72] [1;32muart:~$ [m[8D[J[00:00:09.827,000] [1;31m<err> eth_w5500: Invalid W5500 header size 0[0m
[+   21.64] [1;32muart:~$ [m[8D[J[1;32muart:~$ [m[8D[J[1;32muart:~$ [m[8D[J[00:00:09.867,000] [1;31m<err> eth_w5500: Invalid W5500 header size 0[0m
[+   21.64] [1;32muart:~$ [m[8D[J[00:00:09.910,000] [1;31m<err> eth_w5500: Invalid W5500 header size 0[0m
[+   21.64] [1;32muart:~$ [m[8D[J[00:00:09.952,000] [1;31m<err> eth_w5500: Invalid W5500 header size 0[0m
[+   21.75] [1;32muart:~$ [m[8D[J[00:00:10.828,000] [1;31m<err> eth_w5500: Invalid W5500 header size 0[0m
[+   23.18] [1;32muart:~$ [m[8D[J[1;32muart:~$ [m[8D[J[1;32muart:~$ [m[8D[J[00:00:10.963,000] [1;31m<err> eth_w5500: Invalid W5500 header size 0[0m
[+   23.18] [1;32muart:~$ [m[8D[J[00:00:11.078,000] [1;31m<err> eth_w5500: Invalid W5500 header size 0[0m
[+   23.18] [1;32muart:~$ [m[8D[J[00:00:11.085,000] [1;31m<err> eth_w5500: Invalid W5500 header size 0[0m
[+   23.18] [1;32muart:~$ [m[8D[J[00:00:11.090,000] [1;31m<err> eth_w5500: Invalid W5500 header size 0[0m
[+   23.18] [1;32muart:~$ [m[8D[J[00:00:11.194,000] [1;31m<err> eth_w5500: Invalid W5500 header size 0[0m
[+   23.18] [1;32muart:~$ [m[8D[J[00:00:11.198,000] [1;31m<err> eth_w5500: Invalid W5500 header size 0[0m
[+   23.18] [1;32muart:~$ [m[8D[J[00:00:11.332,000] [1;31m<err> eth_w5500: Invalid W5500 header size 0[0m
[+   23.18] [1;32muart:~$ [m[8D[J[00:00:11.974,000] [1;31m<err> eth_w5500: W5500 frame length 65533 exceeds 65535 buffered bytes, dropped[0m
[+   23.18] [1;32muart:~$ [m[8D[J[00:00:12.075,000] [1;31m<err> eth_w5500: W5500 frame length 65533 exceeds 65535 buffered bytes, dropped[0m
[+   23.29] [1;32muart:~$ [m[8D[J[00:00:12.176,000] [1;31m<err> eth_w5500: W5500 frame length 65533 exceeds 65535 buffered bytes, dropped[0m
[+   23.29] [1;32muart:~$ [m[8D[J[00:00:12.276,000] [1;31m<err> eth_w5500: W5500 frame length 65533 exceeds 65535 buffered bytes, dropped[0m
[+   23.29] [1;32muart:~$ [m[8D[J[00:00:12.342,000] [1;31m<err> eth_w5500: Invalid W5500 header size 0[0m
[+   25.03] [1;32muart:~$ [m[8D[J[1;32muart:~$ [m[8D[J[1;32muart:~$ [m[8D[J[00:00:13.170,000] [1;31m<err> eth_w5500: Invalid W5500 header size 0[0m
[+   25.03] [1;32muart:~$ [m[8D[J[00:00:13.333,000] [1;31m<err> eth_w5500: Invalid W5500 header size 0[0m
[+   25.03] [1;32muart:~$ [m[8D[J[00:00:13.839,000] [1;31m<err> eth_w5500: Invalid W5500 header size 0[0m
[+   26.06] [1;32muart:~$ [m[8D[J[1;32muart:~$ [m[8D[J[1;32muart:~$ [m[8D[J[00:00:14.255,000] [1;31m<err> eth_w5500: Invalid W5500 header size 0[0m
[+   26.06] [1;32muart:~$ [m[8D[J[00:00:14.284,000] [0m<inf> chip: [SVR]Initializing session resumption storage...[0m
[+   26.06] [1;32muart:~$ [m[8D[J[00:00:14.286,000] [0m<inf> chip: [SVR]Server initializing...[0m
[+   26.06] [1;32muart:~$ [m[8D[J[00:00:14.286,000] [0m<dbg> chip.LogV: [FP]Initializing FabricTable from persistent storage[0m
[+   26.16] [1;32muart:~$ [m[8D[J[00:00:14.839,000] [1;31m<err> eth_w5500: W5500 frame length 65533 exceeds 65535 buffered bytes, dropped[0m
[+   26.16] [1;32muart:~$ [m[8D[J[00:00:14.939,000] [1;31m<err> eth_w5500: W5500 frame length 65533 exceeds 65535 buffered bytes, dropped[0m
[+   26.16] [1;32muart:~$ [m[8D[J[00:00:15.040,000] [1;31m<err> eth_w5500: W5500 frame length 65533 exceeds 65535 buffered bytes, dropped[0m
[+   26.16] [1;32muart:~$ [m[8D[J[00:00:15.141,000] [1;31m<err> eth_w5500: W5500 frame length 65533 exceeds 65535 buffered bytes, dropped[0m
[+   26.16] [1;32muart:~$ [m[8D[J[00:00:15.241,000] [1;31m<err> eth_w5500: W5500 frame length 65533 exceeds 65535 buffered bytes, dropped[0m
[+   26.16] [1;32muart:~$ [m[8D[J[00:00:15.251,000] [1;31m<err> eth_w5500: Invalid W5500 header size 0[0m
[+   26.16] [1;32muart:~$ [m[8D[J[00:00:15.261,000] [1;31m<err> eth_w5500: Invalid W5500 header size 0[0m
[+   27.51] [1;32muart:~$ [m[8D[J[1;32muart:~$ [m[8D[J[1;32muart:~$ [m[8D[J[00:00:15.736,000] [1;31m<err> eth_w5500: Invalid W5500 header size 0[0m
[+   27.51] [1;32muart:~$ [m[8D[J[00:00:15.945,000] [1;31m<err> eth_w5500: Invalid W5500 header size 0[0m
[+   27.61] [1;32muart:~$ [m[8D[J[00:00:15.957,000] [1;31m<err> eth_w5500: Invalid W5500 header size 0[0m
[+   27.61] [1;32muart:~$ [m[8D[J[00:00:15.960,000] [1;31m<err> eth_w5500: Invalid W5500 header size 0[0m
[+   27.61] [1;32muart:~$ [m[8D[J[00:00:16.019,000] [1;31m<err> eth_w5500: Invalid W5500 header size 0[0m
[+   27.61] [1;32muart:~$ [m[8D[J[00:00:16.341,000] [1;31m<err> eth_w5500: Invalid W5500 header size 0[0m
[+   28.74] [1;32muart:~$ [m[8D[J[1;32muart:~$ [m[8D[J[1;32muart:~$ [m[8D[J[00:00:16.966,000] [1;31m<err> eth_w5500: Invalid W5500 header size 0[0m
[+   28.74] [1;32muart:~$ [m[8D[J[00:00:16.983,000] [0m<inf> chip: [TS]Last Known Good Time: 2023-10-14T01:16:48[0m
[+   28.85] [1;32muart:~$ [m[8D[J[00:00:17.341,000] [1;31m<err> eth_w5500: Invalid W5500 header size 0[0m
[+   28.85] [1;32muart:~$ [m[8D[J[00:00:17.400,000] [1;31m<err> eth_w5500: Invalid W5500 header size 0[0m
[+   29.78] [1;32muart:~$ [m[8D[J[1;32muart:~$ [m[8D[J[1;32muart:~$ [m[8D[J[00:00:18.042,000] [1;31m<err> eth_w5500: W5500 frame length 65533 exceeds 65535 buffered bytes, dropped[0m
[+   29.78] [1;32muart:~$ [m[8D[J[00:00:18.143,000] [1;31m<err> eth_w5500: W5500 frame length 65533 exceeds 65535 buffered bytes, dropped[0m
[+   29.88] [1;32muart:~$ [m[8D[J[00:00:18.160,000] [1;31m<err> eth_w5500: Invalid W5500 header size 0[0m
[+   29.88] [1;32muart:~$ [m[8D[J[00:00:18.451,000] [1;31m<err> eth_w5500: Invalid W5500 header size 0[0m
[+   29.88] [1;32muart:~$ [m[8D[J[00:00:18.752,000] [1;31m<err> eth_w5500: Invalid W5500 header size 0[0m
[+   29.88] [1;32muart:~$ [m[8D[J[00:00:18.754,000] [1;31m<err> eth_w5500: Invalid W5500 header size 0[0m
[+   29.88] [1;32muart:~$ [m[8D[J[00:00:18.768,000] [1;31m<err> eth_w5500: Invalid W5500 header size 0[0m
[+   29.88] [1;32muart:~$ [m[8D[J[00:00:18.769,000] [1;31m<err> eth_w5500: Invalid W5500 header size 0[0m
[+   29.88] [1;32muart:~$ [m[8D[J[00:00:18.846,000] [1;31m<err> eth_w5500: Invalid W5500 header size 0[0m
[+   29.88] [1;32muart:~$ [m[8D[J[00:00:19.000,000] [1;31m<err> eth_w5500: Invalid W5500 header size 0[0m
[+   30.90] [1;32muart:~$ [m[8D[J[1;32muart:~$ [m[8D[J[1;32muart:~$ [m[8D[J[00:00:19.053,000] [1;31m<err> eth_w5500: Invalid W5500 header size 0[0m
[+   30.90] [1;32muart:~$ [m[8D[J[00:00:19.491,000] [1;31m<err> eth_w5500: Invalid W5500 header size 0[0m
[+   30.90] [1;32muart:~$ [m[8D[J[00:00:19.847,000] [1;31m<err> eth_w5500: Invalid W5500 header size 0[0m
[+   31.83] [1;32muart:~$ [m[8D[J[1;32muart:~$ [m[8D[J[1;32muart:~$ [m[8D[J[00:00:20.064,000] [1;31m<err> eth_w5500: Invalid W5500 header size 0[0m
[+   31.94] [1;32muart:~$ [m[8D[J[00:00:20.270,000] [1;31m<err> eth_w5500: Invalid W5500 header size 0[0m
[+   31.94] [1;32muart:~$ [m[8D[J[00:00:20.848,000] [1;31m<err> eth_w5500: W5500 frame length 65533 exceeds 65535 buffered bytes, dropped[0m
[+   31.94] [1;32muart:~$ [m[8D[J[00:00:20.948,000] [1;31m<err> eth_w5500: W5500 frame length 65533 exceeds 65535 buffered bytes, dropped[0m
[+   31.94] [1;32muart:~$ [m[8D[J[00:00:21.049,000] [1;31m<err> eth_w5500: W5500 frame length 65533 exceeds 65535 buffered bytes, dropped[0m
[+   31.94] [1;32muart:~$ [m[8D[J[00:00:21.070,000] [1;31m<err> eth_w5500: Invalid W5500 header size 0[0m
[+   31.94] [1;32muart:~$ [m[8D[J[00:00:21.075,000] [1;31m<err> eth_w5500: Invalid W5500 header size 0[0m
[+   32.66] [1;32muart:~$ [m[8D[J[1;32muart:~$ [m[8D[J[1;32muart:~$ [m[8D[J[00:00:21.350,000] [1;31m<err> eth_w5500: Invalid W5500 header size 0[0m
[+   32.66] [1;32muart:~$ [m[8D[J[00:00:21.447,000] [1;31m<err> eth_w5500: Invalid W5500 header size 0[0m
[+   32.66] [1;32muart:~$ [m[8D[J[00:00:21.804,000] [0m<inf> chip: [DMG]AccessControl: initializing[0m
[+   32.66] [1;32muart:~$ [m[8D[J[00:00:21.805,000] [0m<inf> chip: [DMG]Examples::AccessControlDelegate::Init[0m
[+   32.66] [1;32muart:~$ [m[8D[J[00:00:21.805,000] [0m<inf> chip: [DMG]AccessControl: setting[0m
[+   32.66] [1;32muart:~$ [m[8D[J[00:00:21.806,000] [0m<inf> chip: [DMG]DefaultAclStorage: initializing[0m
[+   32.66] [1;32muart:~$ [m[8D[J[00:00:21.806,000] [0m<inf> chip: [DMG]DefaultAclStorage: 0 entries loaded[0m
[+   32.66] [1;32muart:~$ [m[8D[J[00:00:21.807,000] [0m<inf> chip: [SVR]WARNING: mTestEventTriggerDelegate is null[0m
[+   32.66] [1;32muart:~$ [m[8D[J[00:00:21.808,000] [0m<dbg> chip.LogV: [IN]UDP::Init bind&listen port=5540[0m
[+   32.76] [1;32muart:~$ [m[8D[J[00:00:21.811,000] [0m<dbg> chip.LogV: [IN]UDP::Init bound to port=5540[0m
[+   33.69] [1;32muart:~$ [m[8D[J[1;32muart:~$ [m[8D[J[1;32muart:~$ [m[8D[J[00:00:21.851,000] [0m<dbg> chip.LogV: [IN]TransportMgr initialized[0m
[+   33.69] [1;32muart:~$ [m[8D[J[00:00:22.352,000] [1;31m<err> eth_w5500: Invalid W5500 header size 0[0m
[+   34.94] [1;32muart:~$ [m[8D[J[1;32muart:~$ [m[8D[J[1;32muart:~$ [m[8D[J[00:00:23.354,000] [1;31m<err> eth_w5500: W5500 frame length 65533 exceeds 65535 buffered bytes, dropped[0m
[+   34.94] [1;32muart:~$ [m[8D[J[00:00:23.454,000] [1;31m<err> eth_w5500: W5500 frame length 65533 exceeds 65535 buffered bytes, dropped[0m
[+   34.94] [1;32muart:~$ [m[8D[J[00:00:23.555,000] [1;31m<err> eth_w5500: W5500 frame length 65533 exceeds 65535 buffered bytes, dropped[0m
[+   34.94] [1;32muart:~$ [m[8D[J[00:00:23.656,000] [1;31m<err> eth_w5500: W5500 frame length 65533 exceeds 65535 buffered bytes, dropped[0m
[+   34.94] [1;32muart:~$ [m[8D[J[00:00:23.756,000] [1;31m<err> eth_w5500: W5500 frame length 65533 exceeds 65535 buffered bytes, dropped[0m
[+   35.05] [1;32muart:~$ [m[8D[J[00:00:23.857,000] [1;31m<err> eth_w5500: W5500 frame length 65533 exceeds 65535 buffered bytes, dropped[0m
[+   35.05] [1;32muart:~$ [m[8D[J[00:00:23.958,000] [1;31m<err> eth_w5500: W5500 frame length 65533 exceeds 65535 buffered bytes, dropped[0m
[+   35.05] [1;32muart:~$ [m[8D[J[00:00:23.981,000] [1;31m<err> eth_w5500: Invalid W5500 header size 0[0m
[+   35.05] [1;32muart:~$ [m[8D[J[00:00:24.109,000] [1;31m<err> eth_w5500: Invalid W5500 header size 0[0m
[+   35.05] [1;32muart:~$ [m[8D[J[00:00:24.119,000] [1;31m<err> eth_w5500: Invalid W5500 header size 0[0m
[+   35.97] [1;32muart:~$ [m[8D[J[1;32muart:~$ [m[8D[J[1;32muart:~$ [m[8D[J[00:00:24.194,000] [1;31m<err> eth_w5500: Invalid W5500 header size 0[0m
[+   35.97] [1;32muart:~$ [m[8D[J[00:00:24.544,000] [1;31m<err> eth_w5500: Invalid W5500 header size 0[0m
[+   42.27] [1;32muart:~$ [m[8D[J[1;32muart:~$ [m[8D[J[1;32muart:~$ [m[8D[J[00:00:30.499,000] [0m<inf> chip: [ZCL]Using ZAP configuration...[0m
[+   44.44] [1;32muart:~$ [m[8D[J[1;32muart:~$ [m[8D[J[00:00:32.590,000] [0m<dbg> chip.LogV: [DMG]Failed to read stored attribute (1, 0x0000_0006, 0x0000_0000: a0[0m
[+   47.65] [1;32muart:~$ [m[8D[J[1;32muart:~$ [m[8D[J[00:00:34.660,000] [0m<dbg> chip.LogV: [DMG]Failed to read stored attribute (1, 0x0000_0006, 0x0000_4003: a0[0m
[+   48.68] [1;32muart:~$ [m[8D[J[1;32muart:~$ [m[8D[J[00:00:36.832,000] [0m<dbg> chip.LogV: [DMG]Failed to read stored attribute (2, 0x0000_0006, 0x0000_0000: a0[0m
[+   50.84] [1;32muart:~$ [m[8D[J[1;32muart:~$ [m[8D[J[00:00:39.034,000] [0m<dbg> chip.LogV: [DMG]Failed to read stored attribute (2, 0x0000_0006, 0x0000_4003: a0[0m
[+   52.90] [1;32muart:~$ [m[8D[J[1;32muart:~$ [m[8D[J[00:00:41.133,000] [0m<dbg> chip.LogV: [DMG]Failed to read stored attribute (3, 0x0000_0006, 0x0000_0000: a0[0m
[+   54.54] [1;32muart:~$ [m[8D[J[1;32muart:~$ [m[8D[J[00:00:42.703,000] [1;31m<err> eth_w5500: Invalid W5500 header size 0[0m
[+   54.54] [1;32muart:~$ [m[8D[J[00:00:43.208,000] [0m<dbg> chip.LogV: [DMG]Failed to read stored attribute (3, 0x0000_0006, 0x0000_4003: a0[0m
[+   57.12] [1;32muart:~$ [m[8D[J[1;32muart:~$ [m[8D[J[1;32muart:~$ [m[8D[J[00:00:45.319,000] [0m<dbg> chip.LogV: [DMG]Failed to read stored attribute (4, 0x0000_0006, 0x0000_0000: a0[0m
[+   58.25] [1;32muart:~$ [m[8D[J[1;32muart:~$ [m[8D[J[00:00:47.427,000] [0m<dbg> chip.LogV: [DMG]Failed to read stored attribute (4, 0x0000_0006, 0x0000_4003: a0[0m
[+   58.25] [1;32muart:~$ [m[8D[J[00:00:47.432,000] [0m<dbg> chip.LogV: [DL]Boot reason: 1[0m
[+   58.25] [1;32muart:~$ [m[8D[J[00:00:47.434,000] [0m<inf> chip: [ZCL]Boot reason: 1[0m
[+   58.25] [1;32muart:~$ [m[8D[J[00:00:47.435,000] [0m<inf> chip: [ZCL]Endpoint 1 On/off already set to new value[0m
[+   58.25] [1;32muart:~$ [m[8D[J[00:00:47.437,000] [0m<inf> chip: [ZCL]Boot reason: 1[0m
[+   58.25] [1;32muart:~$ [m[8D[J[00:00:47.438,000] [0m<inf> chip: [ZCL]Endpoint 2 On/off already set to new value[0m
[+   58.35] [1;32muart:~$ [m[8D[J[00:00:47.440,000] [0m<inf> chip: [ZCL]Boot reason: 1[0m
[+   58.35] [1;32muart:~$ [m[8D[J[00:00:47.441,000] [0m<inf> chip: [ZCL]Endpoint 3 On/off already set to new value[0m
[+   58.35] [1;32muart:~$ [m[8D[J[00:00:47.443,000] [0m<inf> chip: [ZCL]Boot reason: 1[0m
[+   58.35] [1;32muart:~$ [m[8D[J[00:00:47.444,000] [0m<inf> chip: [ZCL]Endpoint 4 On/off already set to new value[0m
[+   59.40] [1;32muart:~$ [m[8D[J[1;32muart:~$ [m[8D[J[1;32muart:~$ [m[8D[J[00:00:47.562,000] [0m<dbg> chip.LogV: [EVL]LogEvent event number: 0x0000000000060000 priority: 2, endpoint id:  0x0 cluster id: 0x0000_0033 event id: 0x3 Sys timestamp: 0x00000000000081FA[0m
[+   62.51] [1;32muart:~$ [m[8D[J[1;32muart:~$ [m[8D[J[00:00:51.723,000] [0m<inf> chip: [DMG]AccessControlCluster: initializing[0m
[+   62.51] [1;32muart:~$ [m[8D[J[00:00:51.725,000] [0m<inf> chip: [DIS]Updating services using commissioning mode 0[0m
[+   62.61] [1;32muart:~$ [m[8D[J[00:00:51.731,000] [0m<inf> chip: [DIS]CHIP minimal mDNS started advertising.[0m
[+   62.61] [1;32muart:~$ [m[8D[J[00:00:51.736,000] [0m<inf> chip: [IN]CASE Server enabling CASE session setups[0m
[+   62.61] [1;32muart:~$ [m[8D[J[00:00:51.737,000] [0m<dbg> chip.LogV: [IN]SecureSession[0x700016b0]: Allocated Type:2 LSID:4903[0m
[+   62.61] [1;32muart:~$ [m[8D[J[00:00:51.738,000] [0m<dbg> chip.LogV: [SC]Allocated SecureSession (0x700016b0) - waiting for Sigma1 msg[0m
[+   62.61] [1;32muart:~$ [m[8D[J[00:00:51.738,000] [0m<inf> chip: [SVR]Joining Multicast groups[0m
[+   62.61] [1;32muart:~$ [m[8D[J[00:00:51.739,000] [0m<dbg> chip.LogV: [ZCL]Emitting StartUp event[0m
[+   62.61] [1;32muart:~$ [m[8D[J[00:00:51.742,000] [0m<dbg> chip.LogV: [EVL]LogEvent event number: 0x0000000000060001 priority: 2, endpoint id:  0x0 cluster id: 0x0000_0028 event id: 0x0 Sys timestamp: 0x000000000000924D[0m
[+   62.71] [1;32muart:~$ [m[8D[J[00:00:51.743,000] [0m<inf> chip: [SVR]Server initialization complete[0m
[+   62.71] [1;32muart:~$ [m[8D[J[00:00:51.782,000] [0m<inf> chip: [SVR]Server Listening...[0m
[+   62.71] [1;32muart:~$ [m[8D[J[00:00:51.783,000] [0m<inf> matter: Matter stack initialized[0m
[+   62.71] [1;32muart:~$ [m[8D[J[00:00:51.789,000] [0m<inf> matter: Matter event loop started[0m
[+   62.71] [1;32muart:~$ [m[8D[J[00:00:51.793,000] [0m<inf> matter_event_loop: Init io_to_matter_stream[0m
[+   62.71] [1;32muart:~$ [m[8D[J[00:00:51.796,000] [0m<inf> matter_event_loop: Start io_to_matter_stream[0m
[+   62.71] [1;32muart:~$ [m[8D[J[00:00:51.800,000] [0m<inf> chip: [DL]CHIP task running[0m
[+   62.71] [1;32muart:~$ [m[8D[J[00:00:51.815,000] [0m<inf> chip: [DIS]Updating services using commissioning mode 0[0m
[+   63.74] [1;32muart:~$ [m[8D[J[1;32muart:~$ [m[8D[J[1;32muart:~$ [m[8D[J[00:00:51.887,000] [0m<inf> chip: [DIS]CHIP minimal mDNS started advertising.[0m
[+   63.74] [1;32muart:~$ [m[8D[J[00:00:51.923,000] [1;31m<err> chip: [DL]Long dispatch time: 106 ms, for event type 32786[0m
[+   67.98] [1;32muart:~$ [m[8D[J[1;32muart:~$ [m[8D[J[1;32muart:~$ [m[8D[J[00:00:56.192,000] [1;33m<wrn> matter_service_chip: generating the onboarding codes took 4265 ms on the Matter thread[0m
[+   67.98] [1;32muart:~$ [m[8D[J[00:00:56.193,000] [1;31m<err> chip: [DL]Long dispatch time: 4267 ms, for event type 2[0m
[+   93.33] ==== host: board answers after reset
