[+    0.35] [8D[J[00:02:48.545,000] [1;31m<err> eth_w5500: W5500 receive state inconsistent (header 65535, 65535 buffered): socket reopened[0m
[+    0.35] [1;32muart:~$ [m[8D[J[00:02:48.746,000] [1;31m<err> eth_w5500: W5500 receive state inconsistent (header 65535, 65535 buffered): socket reopened[0m
[+    0.35] [1;32muart:~$ [m[8D[J[00:02:48.947,000] [1;31m<err> eth_w5500: W5500 receive state inconsistent (header 65535, 65535 buffered): socket reopened[0m
[+    0.35] [1;32muart:~$ [m[8D[J[00:02:49.148,000] [1;31m<err> eth_w5500: W5500 receive state inconsistent (header 65535, 65535 buffered): socket reopened[0m
[+    1.48] ==== host: login
[+    1.71] ==== host: stage
[+    1.80] ==== host: uptime before reset
[+    2.68] ==== host: J-Link reset
[+    2.87] [1;32muart:~$ [m[8D[J[1;32muart:~$ [m[8D[J[1;32muart:~$ [mI: Detected ESP-PSRAM64H (ID D 5D 46 A1 21)
[+    2.87] I: PSRAM initialised in QPI mode, 8192 KB
[+    2.87] *** Using Zephyr OS build v4.4.0-12983-gb6a5e6e8aa90 ***
[+    2.87] I: Starting bootloader
[+    2.87] [m
[+    2.87] [1;32muart:~$ [mI: ICACHE alias: 0x02000000 -> 0x90000000 (4MB)
[+    2.87] I: 0x90000000..0x9000001F:
[+    2.87] I: 3d b8 f3 96 0 0 0 0 0 4 0 0 50 4e 14 0
[+    2.87] I: 0 0 0 0 0 0 0 0 0 0 0 0 0 0 0 0
[+    2.87] I: Alias[0x02000000..0x0200001F]:
[+    2.87] I: 3d b8 f3 96 0 0 0 0 0 4 0 0 50 4e 14 0
[+    2.87] I: 0 0 0 0 0 0 0 0 0 0 0 0 0 0 0 0
[+    2.87] I: PSRAM 0x70000000..0x7000001F:
[+    2.87] I: ec 5c 11 2 0 bb 1 70 4c 45 11 2 6c e 0 70
[+    2.87] I: b0 44 11 2 34 45 11 2 0 0 0 0 4 68 13 2
[+    2.87] I: PSRAM write/read: PASS
[+    2.87] I: Primary image: magic=unset, swap_type=0x1, copy_done=0x3, image_ok=0x3
[+    2.87] I: Scratch: magic=unset, swap_type=0x1, copy_done=0x3, image_ok=0x3
[+    2.87] I: Boot source: primary slot
[+    2.87] I: Image index: 0, Swap type: none
[+   11.33] I: Bootloader chainload address offset: 0x0
[+   11.33] I: Image version: v0.0.0
[+   11.33] I: Jumping to the first image slot
[+   13.26] [m
[+   13.26] [1;32muart:~$ [m[8D[J[00:00:01.665,000] [1;33m<wrn> esp_hosted_mcu_core: coprocessor firmware version unknown, expected v3.0.0[0m
[+   13.27] [1;32muart:~$ [m[8D[J[00:00:01.665,000] [1;31m<err> mb85rsxx: invalid device ID: 00 00 00 00[0m
[+   15.35] [1;32muart:~$ [m[8D[J[00:00:01.666,000] [1;31m<err> mb85rsxx: Failed to initialize device, RDID check failed (err -5)[0m
[+   15.35] [1;32muart:~$ [m[8D[J[00:00:01.666,000] [0m<inf> eth_w5500: ETH_W5500: interrupt mode[0m
[+   15.35] [1;32muart:~$ [m[8D[J[00:00:01.675,000] [0m<inf> eth_w5500: W5500 Initialized[0m
[+   15.35] [1;32muart:~$ [m[8D[J[00:00:01.676,000] [0m<inf> spi_nor: SPI_FLASH: SFDP v 1.5 AP ff with 1 PH[0m
[+   15.45] [1;32muart:~$ [m[8D[J[00:00:01.676,000] [0m<inf> spi_nor: PH0: ff00 rev 1.5: 16 DW @ 80[0m
[+   15.46] [1;32muart:~$ [m[8D[J[00:00:01.677,000] [0m<inf> spi_nor: SPI_FLASH: 16 MiBy flash[0m
[+   15.46] [1;32muart:~$ [m[8D[J[00:00:01.779,000] [1;31m<err> esp_hosted_mcu: coprocessor WifiInit failed[0m
[+   15.46] [1;32muart:~$ [m[8D[J[00:00:01.783,000] [1;31m<err> net_if: Iface 0x20002e98 device not ready[0m
[+   15.46] [1;32muart:~$ [m[8D[J[00:00:01.785,000] [1;31m<err> net_ethernet: Invalid MAC address for iface 1 (0x20002d60)[0m
[+   15.46] [1;32muart:~$ [m[8D[J[00:00:01.785,000] [0m<inf> littlefs: LittleFS version 2.11, disk version 2.1[0m
[+   15.46] [1;32muart:~$ [m[8D[J[00:00:01.786,000] [0m<inf> littlefs: FS at SPI_FLASH:0xa00000 is 1280 0x1000-byte blocks with 1024 cycle[0m
[+   15.46] [1;32muart:~$ [m[8D[J[00:00:01.786,000] [0m<inf> littlefs: partition sizes: rd 256 ; pr 256 ; ca 2048 ; la 256[0m
[+   15.46] [1;32muart:~$ [m[8D[J*** Booting Zephyr OS build v4.4.0-12983-gb6a5e6e8aa90 ***
[+   23.94] [1;32muart:~$ [m[8D[J[1;32muart:~$ [m[8D[J[1;32muart:~$ [m[8D[J[00:00:01.855,000] [0m<inf> shell_telnet: Telnet shell backend initialized[0m
[+   23.94] [1;32muart:~$ [m[8D[J[00:00:01.856,000] [0m<inf> main_app: Start main app (build: Sep 13 2026 22:40:42) version 8[0m
[+   23.94] [1;32muart:~$ [m[8D[J[00:00:01.857,000] [0m<inf> main_app: PSRAM @0x701daf08: write/read 1024 words OK[0m
[+   24.04] [1;32muart:~$ [m[8D[J[00:00:03.284,000] [0m<inf> eth_w5500: ETH_W5500: Link speed 100 Mb, full duplex[0m
[+   24.04] [1;32muart:~$ [m[8D[J[00:00:03.915,000] [0m<inf> settings_registry: 10 keys registered, 0 rejected[0m
[+   24.04] [1;32muart:~$ [m[8D[J[00:00:03.915,000] [0m<inf> io: Start io init[0m
[+   24.04] [1;32muart:~$ [m[8D[J[00:00:03.920,000] [0m<inf> net_init: EEPROM MAC: 80:34:28:10:6a:1d[0m
[+   24.04] [1;32muart:~$ [m[8D[J[00:00:03.921,000] [0m<inf> eth_w5500: ETH_W5500 MAC set to 80:34:28:10:6a:1d[0m
[+   24.04] [1;32muart:~$ [m[8D[J[00:00:03.921,000] [0m<inf> net_init: Network interface up with MAC 80:34:28:10:6a:1d[0m
[+   24.04] [1;32muart:~$ [m[8D[J[00:00:03.941,000] [0m<inf> matter: IPv6 address added, starting Matter[0m
[+   24.04] [1;32muart:~$ [m[8D[J[00:00:03.950,000] [0m<inf> io: Start io outputs task[0m
[+   24.04] [1;32muart:~$ [m[8D[J[00:00:05.236,000] [0m<inf> matter: IPv6 address added, starting Matter[0m
[+   24.14] [1;32muart:~$ [m[8D[J[1;32muart:~$ [m[8D[J[1;32muart:~$ [m[8D[J[00:00:05.236,000] [0m<inf> matter: Matter start work already submitted[0m
[+   26.53] [1;32muart:~$ [m[8D[J[1;32muart:~$ [m[8D[J[00:00:05.984,000] [1;31m<err> eth_w5500: W5500 receive state inconsistent (header 65535, 65535 buffered): socket reopened[0m
[+   26.53] [1;32muart:~$ [m[8D[J[00:00:06.185,000] [1;31m<err> eth_w5500: W5500 receive state inconsistent (header 65535, 65535 buffered): socket reopened[0m
[+   26.53] [1;32muart:~$ [m[8D[J[00:00:06.385,000] [1;31m<err> eth_w5500: W5500 receive state inconsistent (header 65535, 65535 buffered): socket reopened[0m
[+   26.53] [1;32muart:~$ [m[8D[J[00:00:08.805,000] [1;31m<err> eth_w5500: W5500 receive state inconsistent (header 65535, 65535 buffered): socket reopened[0m
[+   26.53] [1;32muart:~$ [m[8D[J[00:00:09.084,000] [1;31m<err> eth_w5500: W5500 receive state inconsistent (header 65535, 65535 buffered): socket reopened[0m
[+   26.63] [1;32muart:~$ [m[8D[J[00:00:09.285,000] [1;31m<err> eth_w5500: W5500 receive state inconsistent (header 65535, 65535 buffered): socket reopened[0m
[+   26.63] [1;32muart:~$ [m[8D[J[00:00:11.636,000] [0m<inf> device_config_store: configuration loaded, revision 6[0m
[+   26.63] [1;32muart:~$ [m[8D[J[00:00:11.637,000] [0m<inf> network_service: network configuration revision 6: clean (7684 ms)[0m
[+   26.63] [1;32muart:~$ [m[8D[J[00:00:11.637,000] [0m<inf> net_adapter: Ethernet found, Wi-Fi coprocessor missing[0m
[+   26.63] [1;32muart:~$ [m[8D[J[00:00:11.733,000] [1;31m<err> eth_w5500: W5500 receive state inconsistent (header 65535, 65535 buffered): socket reopened[0m
[+   26.63] [1;32muart:~$ [m[8D[J[00:00:11.934,000] [1;31m<err> eth_w5500: W5500 receive state inconsistent (header 65535, 65535 buffered): socket reopened[0m
[+   26.63] [1;32muart:~$ [m[8D[J[00:00:12.134,000] [1;31m<err> eth_w5500: W5500 receive state inconsistent (header 65535, 65535 buffered): socket reopened[0m
[+   26.63] [1;32muart:~$ [m[8D[J[00:00:12.727,000] [0m<inf> network_service: boot 1 of 5 in a row shorter than 30 s[0m
[+   26.73] [1;32muart:~$ [m[8D[J[00:00:12.728,000] [0m<inf> network_service: worker stack: 4888 of 8192 bytes never used[0m
[+   26.73] [1;32muart:~$ [m[8D[J[00:00:15.063,000] [0m<inf> web_server: web interface cedar-2037394c3543501200210047, firmware 0cb7f6047410-dirty, frontend 0.1.0+0cb7f6047410-dirty, boot_15587eb6f32fd480[0m
[+   26.73] [1;32muart:~$ [m[8D[J[00:00:15.067,000] [0m<inf> net_adapter: ethernet: DHCP[0m
[+   26.73] [1;32muart:~$ [m[8D[J[00:00:15.139,000] [0m<inf> matter: Init CHIP stack[0m
[+   30.06] [1;32muart:~$ [m[8D[J[1;32muart:~$ [m[8D[J[1;32muart:~$ [m[8D[J[00:00:17.605,000] [1;31m<err> eth_w5500: W5500 receive state inconsistent (header 65535, 65535 buffered): socket reopened[0m
[+   30.06] [1;32muart:~$ [m[8D[J[00:00:17.806,000] [1;31m<err> eth_w5500: W5500 receive state inconsistent (header 65535, 65535 buffered): socket reopened[0m
[+   30.06] [1;32muart:~$ [m[8D[J[00:00:18.007,000] [1;31m<err> eth_w5500: W5500 receive state inconsistent (header 65535, 65535 buffered): socket reopened[0m
[+   31.56] ==== host: board answers after reset
[+   33.37] ==== host: transaction
[+   33.47] ==== host: config after
[+   33.55] [1;32muart:~$ [m[8D[J[1;32muart:~$ [m[8D[J[1;32muart:~$ [m[8D[J[00:00:20.113,000] [0m<inf> net_dhcpv4: Received: 192.168.88.13[0m
[+   33.55] [1;32muart:~$ [m[8D[J[00:00:20.271,000] [0m<inf> network_manager: default route via ethernet[0m
[+   33.55] [1;32muart:~$ [m[8D[J[00:00:20.546,000] [1;31m<err> eth_w5500: W5500 receive state inconsistent (header 65535, 65535 buffered): socket reopened[0m
[+   33.55] [1;32muart:~$ [m[8D[J[00:00:20.746,000] [1;31m<err> eth_w5500: W5500 receive state inconsistent (header 65535, 65535 buffered): socket reopened[0m
