[+    1.47] [8D[J[00:00:23.529,000] [1;31m<err> eth_w5500: W5500 receive state inconsistent (header 65535, 65535 buffered): socket reopened[0m
[+    1.47] [1;32muart:~$ [m[8D[J[00:00:23.730,000] [1;31m<err> eth_w5500: W5500 receive state inconsistent (header 65535, 65535 buffered): socket reopened[0m
[+    1.47] [1;32muart:~$ [m[8D[J[00:00:23.931,000] [1;31m<err> eth_w5500: W5500 receive state inconsistent (header 65535, 65535 buffered): socket reopened[0m
[+    2.54] ==== host: login
[+    4.67] [1;32muart:~$ [m[8D[J[1;32muart:~$ [m[8D[J[1;32muart:~$ [m[8D[J[00:00:26.786,000] [1;31m<err> eth_w5500: W5500 receive state inconsistent (header 65535, 65535 buffered): socket reopened[0m
[+    6.67] ==== host: free-address check
[+    6.89] ==== host: stage
[+   11.40] [1;32muart:~$ [m[8D[J[1;32muart:~$ [m[8D[J[00:00:30.016,000] [0m<inf> network_manager: transaction txn_00000001 staged against revision 6[0m
[+   16.92] ==== host: apply
[+   17.90] [1;32muart:~$ [m[8D[J[1;32muart:~$ [m[8D[J[00:00:40.063,000] [0m<inf> network_manager: transaction txn_00000001 journalled, job job_00000001, 120 s to confirm[0m
[+   17.90] [1;32muart:~$ [m[8D[J[00:00:40.138,000] [0m<inf> net_adapter: ethernet: static /24 with gateway[0m
[+   18.01] [1;32muart:~$ [m[8D[J[00:00:40.138,000] [0m<inf> network_manager: transaction txn_00000001 applied, awaiting confirmation[0m
[+   18.32] [1;32muart:~$ [m[8D[J[00:00:40.142,000] [0m<inf> chip: [SVR]Initializing session resumption storage...[0m
[+   18.32] [1;32muart:~$ [m[8D[J[00:00:40.143,000] [0m<inf> chip: [SVR]Server initializing...[0m
[+   18.32] [1;32muart:~$ [m[8D[J[00:00:40.144,000] [0m<dbg> chip.LogV: [FP]Initializing FabricTable from persistent storage[0m
[+   18.94] [1;32muart:~$ [m[8D[J[1;32muart:~$ [m[8D[J[1;32muart:~$ [m[8D[J[00:00:41.113,000] [1;31m<err> eth_w5500: W5500 receive state inconsistent (header 65535, 65535 buffered): socket reopened[0m
[+   19.05] [1;32muart:~$ [m[8D[J[00:00:41.314,000] [1;31m<err> eth_w5500: W5500 receive state inconsistent (header 65535, 65535 buffered): socket reopened[0m
[+   23.06] [1;32muart:~$ [m[8D[J[1;32muart:~$ [m[8D[J[1;32muart:~$ [m[8D[J[00:00:43.721,000] [1;31m<err> eth_w5500: W5500 receive state inconsistent (header 65535, 65535 buffered): socket reopened[0m
[+   23.06] [1;32muart:~$ [m[8D[J[00:00:43.922,000] [1;31m<err> eth_w5500: W5500 receive state inconsistent (header 65535, 65535 buffered): socket reopened[0m
[+   23.16] [1;32muart:~$ [m[8D[J[00:00:44.123,000] [1;31m<err> eth_w5500: W5500 receive state inconsistent (header 65535, 65535 buffered): socket reopened[0m
[+   24.08] [1;32muart:~$ [m[8D[J[1;32muart:~$ [m[8D[J[1;32muart:~$ [m[8D[J[00:00:46.235,000] [0m<inf> chip: [TS]Last Known Good Time: 2023-10-14T01:16:48[0m
[+   24.08] [1;32muart:~$ [m[8D[J[00:00:46.840,000] [1;31m<err> eth_w5500: W5500 receive state inconsistent (header 65535, 65535 buffered): socket reopened[0m
[+   24.18] [1;32muart:~$ [m[8D[J[00:00:47.041,000] [1;31m<err> eth_w5500: W5500 receive state inconsistent (header 65535, 65535 buffered): socket reopened[0m
[+   33.47] [1;32muart:~$ [m[8D[J[1;32muart:~$ [m[8D[J[1;32muart:~$ [m[8D[J[00:00:55.547,000] [1;31m<err> eth_w5500: W5500 receive state inconsistent (header 65535, 65535 buffered): socket reopened[0m
[+   33.47] [1;32muart:~$ [m[8D[J[00:00:55.748,000] [1;31m<err> eth_w5500: W5500 receive state inconsistent (header 65535, 65535 buffered): socket reopened[0m
[+   34.59] [1;32muart:~$ [m[8D[J[1;32muart:~$ [m[8D[J[1;32muart:~$ [m[8D[J[00:00:56.714,000] [0m<inf> chip: [DMG]AccessControl: initializing[0m
[+   34.59] [1;32muart:~$ [m[8D[J[00:00:56.714,000] [0m<inf> chip: [DMG]Examples::AccessControlDelegate::Init[0m
[+   34.59] [1;32muart:~$ [m[8D[J[00:00:56.715,000] [0m<inf> chip: [DMG]AccessControl: setting[0m
[+   34.59] [1;32muart:~$ [m[8D[J[00:00:56.715,000] [0m<inf> chip: [DMG]DefaultAclStorage: initializing[0m
[+   34.59] [1;32muart:~$ [m[8D[J[00:00:56.716,000] [0m<inf> chip: [DMG]DefaultAclStorage: 0 entries loaded[0m
[+   34.59] [1;32muart:~$ [m[8D[J[00:00:56.716,000] [0m<inf> chip: [SVR]WARNING: mTestEventTriggerDelegate is null[0m
[+   34.69] [1;32muart:~$ [m[8D[J[00:00:56.717,000] [0m<dbg> chip.LogV: [IN]UDP::Init bind&listen port=5540[0m
[+   34.69] [1;32muart:~$ [m[8D[J[00:00:56.721,000] [0m<dbg> chip.LogV: [IN]UDP::Init bound to port=5540[0m
[+   34.69] [1;32muart:~$ [m[8D[J[00:00:56.721,000] [0m<dbg> chip.LogV: [IN]TransportMgr initialized[0m
[+   36.16] [1;32muart:~$ [m[8D[J[1;32muart:~$ [m[8D[J[1;32muart:~$ [m[8D[J[00:00:58.314,000] [1;31m<err> eth_w5500: W5500 receive state inconsistent (header 65535, 65535 buffered): socket reopened[0m
[+   36.16] [1;32muart:~$ [m[8D[J[00:00:58.515,000] [1;31m<err> eth_w5500: W5500 receive state inconsistent (header 65535, 65535 buffered): socket reopened[0m
[+   36.27] [1;32muart:~$ [m[8D[J[00:00:58.715,000] [1;31m<err> eth_w5500: W5500 receive state inconsistent (header 65535, 65535 buffered): socket reopened[0m
[+   39.20] ==== host: new address answers
[+   41.70] ==== host: old address after apply
[+   43.03] ==== host: transaction
[+   43.12] ==== host: uptime before reset
[+   45.30] [1;32muart:~$ [m[8D[J[1;32muart:~$ [m[8D[J[1;32muart:~$ [mI: Detected ESP-PSRAM64H (ID D 5D 46 A1 21)
[+   45.30] I: PSRAM initialised in QPI mode, 8192 KB
[+   45.30] *** Using Zephyr OS build v4.4.0-12983-gb6a5e6e8aa90 ***
[+   45.30] I: Starting bootloader
[+   45.30] [m
[+   45.30] [1;32muart:~$ [mI: ICACHE alias: 0x02000000 -> 0x90000000 (4MB)
[+   45.30] ==== host: J-Link reset
[+   45.41] I: 0x90000000..0x9000001F:
[+   45.41] I: 3d b8 f3 96 0 0 0 0 0 4 0 0 50 4e 14 0
[+   45.41] I: 0 0 0 0 0 0 0 0 0 0 0 0 0 0 0 0
[+   45.41] I: Alias[0x02000000..0x0200001F]:
[+   45.41] I: 3d b8 f3 96 0 0 0 0 0 4 0 0 50 4e 14 0
[+   45.41] I: 0 0 0 0 0 0 0 0 0 0 0 0 0 0 0 0
[+   45.41] I: PSRAM 0x70000000..0x7000001F:
[+   45.41] I: ec 5c 11 2 0 0 0 0 4c 45 11 2 0 0 0 0
[+   45.41] I: b0 44 11 2 34 45 11 2 0 0 0 0 4 68 13 2
[+   45.41] I: PSRAM write/read: PASS
[+   45.41] I: Primary image: magic=unset, swap_type=0x1, copy_done=0x3, image_ok=0x3
[+   45.41] I: Scratch: magic=unset, swap_type=0x1, copy_done=0x3, image_ok=0x3
[+   45.41] I: Boot source: primary slot
[+   45.41] I: Image index: 0, Swap type: none
[+   53.83] I: Bootloader chainload address offset: 0x0
[+   53.83] I: Image version: v0.0.0
[+   53.83] I: Jumping to the first image slot
[+   55.66] [m
[+   55.66] [1;32muart:~$ [m[8D[J[00:00:01.665,000] [1;33m<wrn> esp_hosted_mcu_core: coprocessor firmware version unknown, expected v3.0.0[0m
[+   55.66] [1;32muart:~$ [m[8D[J[00:00:01.665,000] [1;31m<err> mb85rsxx: invalid device ID: 00 00 00 00[0m
[+   58.03] [1;32muart:~$ [m[8D[J[00:00:01.666,000] [1;31m<err> mb85rsxx: Failed to initialize device, RDID check failed (err -5)[0m
[+   58.03] [1;32muart:~$ [m[8D[J[00:00:01.666,000] [0m<inf> eth_w5500: ETH_W5500: interrupt mode[0m
[+   58.03] [1;32muart:~$ [m[8D[J[00:00:01.675,000] [0m<inf> eth_w5500: W5500 Initialized[0m
[+   58.14] [1;32muart:~$ [m[8D[J[00:00:01.676,000] [0m<inf> spi_nor: SPI_FLASH: SFDP v 1.5 AP ff with 1 PH[0m
[+   58.14] [1;32muart:~$ [m[8D[J[00:00:01.676,000] [0m<inf> spi_nor: PH0: ff00 rev 1.5: 16 DW @ 80[0m
[+   58.14] [1;32muart:~$ [m[8D[J[00:00:01.677,000] [0m<inf> spi_nor: SPI_FLASH: 16 MiBy flash[0m
[+   58.14] [1;32muart:~$ [m[8D[J[00:00:01.779,000] [1;31m<err> esp_hosted_mcu: coprocessor WifiInit failed[0m
[+   58.14] [1;32muart:~$ [m[8D[J[00:00:01.783,000] [1;31m<err> net_if: Iface 0x20002e98 device not ready[0m
[+   58.14] [1;32muart:~$ [m[8D[J[00:00:01.784,000] [1;31m<err> net_ethernet: Invalid MAC address for iface 1 (0x20002d60)[0m
[+   58.14] [1;32muart:~$ [m[8D[J[00:00:01.784,000] [0m<inf> littlefs: LittleFS version 2.11, disk version 2.1[0m
[+   58.14] [1;32muart:~$ [m[8D[J[00:00:01.786,000] [0m<inf> littlefs: FS at SPI_FLASH:0xa00000 is 1280 0x1000-byte blocks with 1024 cycle[0m
[+   58.14] [1;32muart:~$ [m[8D[J[00:00:01.786,000] [0m<inf> littlefs: partition sizes: rd 256 ; pr 256 ; ca 2048 ; la 256[0m
[+   58.14] [1;32muart:~$ [m[8D[J*** Booting Zephyr OS build v4.4.0-12983-gb6a5e6e8aa90 ***
[+   67.07] [1;32muart:~$ [m[8D[J[1;32muart:~$ [m[8D[J[1;32muart:~$ [m[8D[J[00:00:01.855,000] [0m<inf> shell_telnet: Telnet shell backend initialized[0m
[+   67.07] [1;32muart:~$ [m[8D[J[00:00:01.856,000] [0m<inf> main_app: Start main app (build: Sep 13 2026 22:40:42) version 8[0m
[+   67.07] [1;32muart:~$ [m[8D[J[00:00:01.857,000] [0m<inf> main_app: PSRAM @0x701daf08: write/read 1024 words OK[0m
[+   67.07] [1;32muart:~$ [m[8D[J[00:00:04.189,000] [0m<inf> settings_registry: 10 keys registered, 0 rejected[0m
[+   67.07] [1;32muart:~$ [m[8D[J[00:00:04.189,000] [0m<inf> io: Start io init[0m
[+   67.07] [1;32muart:~$ [m[8D[J[00:00:04.194,000] [0m<inf> net_init: EEPROM MAC: 80:34:28:10:6a:1d[0m
[+   67.07] [1;32muart:~$ [m[8D[J[00:00:04.195,000] [0m<inf> eth_w5500: ETH_W5500 MAC set to 80:34:28:10:6a:1d[0m
[+   67.07] [1;32muart:~$ [m[8D[J[00:00:04.195,000] [0m<inf> net_init: Network interface up with MAC 80:34:28:10:6a:1d[0m
[+   67.07] [1;32muart:~$ [m[8D[J[00:00:04.197,000] [0m<inf> io: Start io outputs task[0m
[+   67.18] [1;32muart:~$ [m[8D[J[00:00:04.785,000] [0m<inf> eth_w5500: ETH_W5500: Link speed 100 Mb, full duplex[0m
[+   67.18] [1;32muart:~$ [m[8D[J[00:00:04.808,000] [0m<inf> matter: IPv6 address added, starting Matter[0m
[+   67.18] [1;32muart:~$ [m[8D[J[00:00:05.901,000] [1;31m<err> eth_w5500: W5500 receive state inconsistent (header 65535, 65535 buffered): socket reopened[0m
[+   67.18] [1;32muart:~$ [m[8D[J[1;32muart:~$ [m[8D[J[1;32muart:~$ [m[8D[J[00:00:06.102,000] [1;31m<err> eth_w5500: W5500 receive state inconsistent (header 65535, 65535 buffered): socket reopened[0m
[+   67.28] [1;32muart:~$ [m[8D[J[1;32muart:~$ [m[8D[J[00:00:06.303,000] [1;31m<err> eth_w5500: W5500 receive state inconsistent (header 65535, 65535 buffered): socket reopened[0m
[+   67.60] [1;32muart:~$ [m[8D[J[1;32muart:~$ [m[8D[J[00:00:06.504,000] [1;31m<err> eth_w5500: W5500 receive state inconsistent (header 65535, 65535 buffered): socket reopened[0m
[+   67.60] [1;32muart:~$ [m[8D[J[00:00:08.892,000] [1;31m<err> eth_w5500: W5500 receive state inconsistent (header 65535, 65535 buffered): socket reopened[0m
[+   67.60] [1;32muart:~$ [m[8D[J[00:00:09.092,000] [1;31m<err> eth_w5500: W5500 receive state inconsistent (header 65535, 65535 buffered): socket reopened[0m
[+   67.60] [1;32muart:~$ [m[8D[J[00:00:09.293,000] [1;31m<err> eth_w5500: W5500 receive state inconsistent (header 65535, 65535 buffered): socket reopened[0m
[+   67.60] [1;32muart:~$ [m[8D[J[00:00:09.438,000] [0m<inf> matter: IPv6 address added, starting Matter[0m
[+   67.60] [1;32muart:~$ [m[8D[J[00:00:09.438,000] [0m<inf> matter: Matter start work already submitted[0m
[+   67.72] [1;32muart:~$ [m[8D[J[00:00:13.442,000] [1;33m<wrn> device_config_store: transaction txn_00000001 was not confirmed before reboot; rolled back to revision 6[0m
[+   67.72] [1;32muart:~$ [m[8D[J[00:00:13.442,000] [0m<inf> network_service: network configuration revision 6: an unconfirmed change was rolled back (9242 ms)[0m
[+   67.72] [1;32muart:~$ [m[8D[J[00:00:13.442,000] [0m<inf> net_adapter: Ethernet found, Wi-Fi coprocessor missing[0m
[+   70.19] [1;32muart:~$ [m[8D[J[1;32muart:~$ [m[8D[J[1;32muart:~$ [m[8D[J[00:00:13.733,000] [0m<inf> matter: Init CHIP stack[0m
[+   70.29] [1;32muart:~$ [m[8D[J[00:00:13.967,000] [0m<inf> network_service: boot 1 of 5 in a row shorter than 30 s[0m
[+   70.29] [1;32muart:~$ [m[8D[J[00:00:13.967,000] [0m<inf> network_service: worker stack: 4800 of 8192 bytes never used[0m
[+   70.29] [1;32muart:~$ [m[8D[J[00:00:16.359,000] [0m<inf> web_server: web interface cedar-2037394c3543501200210047, firmware 0cb7f6047410-dirty, frontend 0.1.0+0cb7f6047410-dirty, boot_1c326e25224db62b[0m
[+   70.29] [1;32muart:~$ [m[8D[J[00:00:16.364,000] [0m<inf> net_adapter: ethernet: DHCP[0m
[+   72.57] [1;32muart:~$ [m[8D[J[1;32muart:~$ [m[8D[J[1;32muart:~$ [m[8D[J[00:00:17.739,000] [1;31m<err> eth_w5500: W5500 receive state inconsistent (header 65535, 65535 buffered): socket reopened[0m
[+   72.67] [1;32muart:~$ [m[8D[J[00:00:17.940,000] [1;31m<err> eth_w5500: W5500 receive state inconsistent (header 65535, 65535 buffered): socket reopened[0m
[+   72.67] [1;32muart:~$ [m[8D[J[00:00:18.141,000] [1;31m<err> eth_w5500: W5500 receive state inconsistent (header 65535, 65535 buffered): socket reopened[0m
[+   78.59] [1;32muart:~$ [m[8D[J[1;32muart:~$ [m[8D[J[1;32muart:~$ [m[8D[J[00:00:23.679,000] [1;31m<err> eth_w5500: W5500 receive state inconsistent (header 65535, 65535 buffered): socket reopened[0m
[+   78.59] [1;32muart:~$ [m[8D[J[00:00:23.880,000] [1;31m<err> eth_w5500: W5500 receive state inconsistent (header 65535, 65535 buffered): socket reopened[0m
[+   80.60] ==== host: DHCP address answers after reset
[+   81.41] [1;32muart:~$ [m[8D[J[1;32muart:~$ [m[8D[J[1;32muart:~$ [m[8D[J[00:00:26.520,000] [0m<inf> net_dhcpv4: Received: 192.168.88.13[0m
[+   81.41] [1;32muart:~$ [m[8D[J[00:00:26.524,000] [0m<inf> network_manager: default route via ethernet[0m
[+   83.98] [1;32muart:~$ [m[8D[J[1;32muart:~$ [m[8D[J[1;32muart:~$ [m[8D[J[00:00:29.158,000] [1;31m<err> eth_w5500: W5500 receive state inconsistent (header 65535, 65535 buffered): socket reopened[0m
[+   84.10] [1;32muart:~$ [m[8D[J[00:00:29.359,000] [1;31m<err> eth_w5500: W5500 receive state inconsistent (header 65535, 65535 buffered): socket reopened[0m
[+   84.10] [1;32muart:~$ [m[8D[J[00:00:29.560,000] [1;31m<err> eth_w5500: W5500 receive state inconsistent (header 65535, 65535 buffered): socket reopened[0m
[+   84.10] [1;32muart:~$ [m[8D[J[00:00:29.760,000] [1;31m<err> eth_w5500: W5500 receive state inconsistent (header 65535, 65535 buffered): socket reopened[0m
[+   85.64] ==== host: static address after reset
[+   86.93] ==== host: transaction
[+   87.03] ==== host: config after
