I: Detected ESP-PSRAM64H (ID D 5D 46 A0 2F)
I: PSRAM initialised in QPI mode, 8192 KB
*** Using Zephyr OS build v4.4.0-12983-gb6a5e6e8aa90 ***
I: Starting bootloader
I: ICACHE alias: 0x02000000 -> 0x90000000 (4MB)
I: 0x90000000..0x9000001F:
I: 3d b8 f3 96 0 0 0 0 0 4 0 0 e4 c2 15 0
I: 0 0 0 0 1 0 0 0 0 0 0 0 0 0 0 0
I: Alias[0x02000000..0x0200001F]:
I: 3d b8 f3 96 0 0 0 0 0 4 0 0 e4 c2 15 0
I: 0 0 0 0 1 0 0 0 0 0 0 0 0 0 0 0
I: PSRAM 0x70000000..0x7000001F:
I: cc 1b 12 2 a0 10 2 70 2c 4 12 2 ac 10 0 70
I: 90 3 12 2 14 4 12 2 0 0 0 0 28 55 14 2
I: PSRAM write/read: PASS
I: Primary image: magic=good, swap_type=0x4, copy_done=0x1, image_ok=0x1
I: Scratch: magic=bad, swap_type=0x1, copy_done=0x2, image_ok=0x2
I: Boot source: none
I: Image index: 0, Swap type: none
I: Bootloader chainload address offset: 0x0
I: Image version: v1.0.0
I: Jumping to the first image slot
[m
[1;32muart:~$ [m[8D[J[00:00:00.842,000] [0m<inf> esp_hosted_mcu_core: coprocessor priv event 34[0m
[1;32muart:~$ [m[8D[J[1;32muart:~$ [m[8D[J[00:00:00.845,000] [0m<inf> esp_hosted_mcu_core: coprocessor firmware v3.0.6[0m
[1;32muart:~$ [m[8D[J[1;32muart:~$ [m[8D[J[00:00:00.846,000] [1;31m<err> mb85rsxx: invalid device ID: 04 7F 03 02[0m
[1;32muart:~$ [m[8D[J[1;32muart:~$ [m[8D[J[00:00:00.846,000] [1;31m<err> mb85rsxx: Failed to initialize device, RDID check failed (err -5)[0m
[1;32muart:~$ [m[8D[J[1;32muart:~$ [m[8D[J[00:00:00.846,000] [0m<inf> eth_w5500: ETH_W5500: interrupt mode[0m
[1;32muart:~$ [m[8D[J[1;32muart:~$ [m[8D[J[00:00:00.855,000] [0m<inf> eth_w5500: W5500 Initialized[0m
[1;32muart:~$ [m[8D[J[1;32muart:~$ [m[8D[J[00:00:01.472,000] [1;31m<err> net_ethernet: Invalid MAC address for iface 1 (0x20005528)[0m
[1;32muart:~$ [m[8D[J[1;32muart:~$ [m[8D[J[00:00:01.472,000] [0m<inf> littlefs: LittleFS version 2.11, disk version 2.1[0m
[1;32muart:~$ [m[8D[J[1;32muart:~$ [m[8D[J[00:00:01.474,000] [0m<inf> littlefs: FS at SPI_FLASH:0xa00000 is 1280 0x1000-byte blocks with 1024 cycle[0m
[1;32muart:~$ [m[8D[J[1;32muart:~$ [m[8D[J[00:00:01.474,000] [0m<inf> littlefs: partition sizes: rd 256 ; pr 256 ; ca 2048 ; la 256[0m
[1;32muart:~$ [m[8D[J[1;32muart:~$ [m[8D[J*** Booting Zephyr OS build v4.4.0-12983-gb6a5e6e8aa90 ***
[1;32muart:~$ [m[8D[J[1;32muart:~$ [m[8D[J[00:00:01.838,000] [0m<inf> shell_telnet: Telnet shell backend initialized[0m
[1;32muart:~$ [m[8D[J[1;32muart:~$ [m[8D[J[00:00:01.840,000] [0m<inf> system_service: IWDG running, timeout 20000 ms[0m
[1;32muart:~$ [m[8D[J[1;32muart:~$ [m[8D[J[00:00:01.840,000] [0m<inf> main_app: Start main app (build: Sep 15 2026 18:12:27) version 8[0m
[1;32muart:~$ [m[8D[J[1;32muart:~$ [m[8D[J[00:00:01.840,000] [0m<inf> main_app: PSRAM @0x70286218: write/read 1024 words OK[0m
[1;32muart:~$ [m[8D[J[1;32muart:~$ [m[8D[J[00:00:01.841,000] [0m<inf> system_service: reset cause 0x00000003[0m
[1;32muart:~$ [m[8D[J[1;32muart:~$ [m[8D[J[00:00:01.842,000] [0m<inf> mcuboot_util: Image index: 0, Swap type: none[0m
[1;32muart:~$ [m[8D[J[1;32muart:~$ [m[8D[J[00:00:01.842,000] [0m<inf> system_service: running image 1.0.0+0, 1427212 bytes, confirmed, next swap type 1[0m
[1;32muart:~$ [m[8D[J[1;32muart:~$ [m[8D[J[00:00:01.976,000] [1;31m<err> fs: file open error (-2)[0m
[1;32muart:~$ [m[8D[J[1;32muart:~$ [m[8D[J[00:00:02.115,000] [1;31m<err> fs: file open error (-2)[0m
[1;32muart:~$ [m[8D[J[1;32muart:~$ [m[8D[J[00:00:02.116,000] [0m<inf> mcuboot_util: Image index: 0, Swap type: none[0m
[1;32muart:~$ [m[8D[J[1;32muart:~$ [m[8D[J[00:00:02.178,000] [0m<inf> settings_registry: 10 keys registered, 0 rejected[0m
[1;32muart:~$ [m[8D[J[1;32muart:~$ [m[8D[J[00:00:02.178,000] [0m<inf> io: Start io init[0m
[1;32muart:~$ [m[8D[J[1;32muart:~$ [m[8D[J[00:00:02.210,000] [1;31m<err> fs: failed to create directory (-17)[0m
[1;32muart:~$ [m[8D[J[1;32muart:~$ [m[8D[J[00:00:02.471,000] [0m<inf> eth_w5500: ETH_W5500: Link speed 100 Mb, full duplex[0m
[1;32muart:~$ [m[8D[J[1;32muart:~$ [m[8D[J[00:00:02.547,000] [1;31m<err> fs: file open error (-2)[0m
[1;32muart:~$ [m[8D[J[1;32muart:~$ [m[8D[J[00:00:02.571,000] [0m<inf> io: Start io outputs task[0m
[1;32muart:~$ [m[8D[J[1;32muart:~$ [m[8D[J[00:00:02.549,000] [0m<inf> net_init: EEPROM MAC: 80:34:28:10:12:73[0m
[1;32muart:~$ [m[8D[J[1;32muart:~$ [m[8D[J[00:00:02.549,000] [0m<inf> eth_w5500: ETH_W5500 MAC set to 80:34:28:10:12:73[0m
[1;32muart:~$ [m[8D[J[1;32muart:~$ [m[8D[J[00:00:02.550,000] [0m<inf> net_init: Network interface up with MAC 80:34:28:10:12:73[0m
[1;32muart:~$ [m[8D[J[1;32muart:~$ [m[8D[J[00:00:02.565,000] [0m<inf> matter: IPv6 address added, starting Matter[0m
[1;32muart:~$ [m[8D[J[1;32muart:~$ [m[8D[J[00:00:02.767,000] [0m<inf> device_config_store: no stored configuration, factory defaults in force[0m
[1;32muart:~$ [m[8D[J[1;32muart:~$ [m[8D[J[00:00:02.768,000] [0m<inf> network_service: network configuration revision 0: no stored configuration, factory defaults (195 ms)[0m
[1;32muart:~$ [m[8D[J[1;32muart:~$ [m[8D[J[00:00:02.768,000] [0m<inf> net_adapter: Ethernet found, Wi-Fi coprocessor ready[0m
[1;32muart:~$ [m[8D[J[1;32muart:~$ [m[8D[J[00:00:03.283,000] [0m<inf> network_service: boot 1 of 5 in a row shorter than 30 s[0m
[1;32muart:~$ [m[8D[J[1;32muart:~$ [m[8D[J[00:00:03.283,000] [0m<inf> network_service: worker stack: 4936 of 8192 bytes never used[0m
[1;32muart:~$ [m[8D[J[1;32muart:~$ [m[8D[J[00:00:03.342,000] [1;33m<wrn> web_server: no administrator yet: setup is open on the web page[0m
[1;32muart:~$ [m[8D[J[1;32muart:~$ [m[8D[J[00:00:03.343,000] [0m<inf> web_server: web interface cedar-2037394c3543501200550045, firmware 1.0.0+0 (df852ea3a0fa-dirty), frontend 0.1.0+df852ea3a0fa-dirty, boot_8c54d1cb8f4338b2[0m
[1;32muart:~$ [m[8D[J[1;32muart:~$ [m[8D[J[00:00:03.348,000] [0m<inf> net_adapter: ethernet: DHCP[0m
[1;32muart:~$ [m[8D[J[1;32muart:~$ [m[8D[J[00:00:03.348,000] [0m<inf> net_adapter: wifi disabled[0m
[1;32muart:~$ [m[8D[J[1;32muart:~$ [m[8D[J[00:00:03.668,000] [0m<inf> matter: IPv6 address added, starting Matter[0m
[1;32muart:~$ [m[8D[J[1;32muart:~$ [m[8D[J[00:00:03.668,000] [0m<inf> matter: Matter start work already submitted[0m
[1;32muart:~$ [m[8D[J[1;32muart:~$ [m[8D[J[00:00:03.877,000] [0m<inf> matter: Init CHIP stack[0m
[1;32muart:~$ [m[8D[J[1;32muart:~$ [m[8D[J[00:00:04.379,000] [0m<inf> net_dhcpv4: Received: 192.168.88.14[0m
[1;32muart:~$ [m[8D[J[1;32muart:~$ [m[8D[J[00:00:04.384,000] [0m<inf> network_manager: default route via ethernet[0m
[1;32muart:~$ [m[8D[J[1;32muart:~$ [m[8D[J[00:00:04.591,000] [0m<inf> chip: [SVR]Initializing session resumption storage...[0m
[1;32muart:~$ [m[8D[J[1;32muart:~$ [m[8D[J[00:00:04.593,000] [0m<inf> chip: [SVR]Server initializing...[0m
[1;32muart:~$ [m[8D[J[1;32muart:~$ [m[8D[J[00:00:04.729,000] [0m<inf> chip: [TS]Last Known Good Time: 2023-10-14T01:16:48[0m
[1;32muart:~$ [m[8D[J[1;32muart:~$ [m[8D[J[00:00:05.095,000] [0m<inf> chip: [DMG]AccessControl: initializing[0m
[1;32muart:~$ [m[8D[J[1;32muart:~$ [m[8D[J[00:00:05.096,000] [0m<inf> chip: [DMG]Examples::AccessControlDelegate::Init[0m
[1;32muart:~$ [m[8D[J[1;32muart:~$ [m[8D[J[00:00:05.096,000] [0m<inf> chip: [DMG]AccessControl: setting[0m
[1;32muart:~$ [m[8D[J[1;32muart:~$ [m[8D[J[00:00:05.097,000] [0m<inf> chip: [DMG]DefaultAclStorage: initializing[0m
[1;32muart:~$ [m[8D[J[1;32muart:~$ [m[8D[J[00:00:05.097,000] [0m<inf> chip: [DMG]DefaultAclStorage: 0 entries loaded[0m
[1;32muart:~$ [m[8D[J[1;32muart:~$ [m[8D[J[00:00:05.098,000] [0m<inf> chip: [SVR]WARNING: mTestEventTriggerDelegate is null[0m
[1;32muart:~$ [m[8D[J[1;32muart:~$ [m[8D[J[00:00:07.503,000] [0m<inf> chip: [ZCL]Using ZAP configuration...[0m
[1;32muart:~$ [m[8D[J[1;32muart:~$ [m[8D[J[00:00:09.326,000] [0m<inf> chip: [ZCL]Boot reason: 1[0m
[1;32muart:~$ [m[8D[J[1;32muart:~$ [m[8D[J[00:00:09.327,000] [0m<inf> chip: [ZCL]Endpoint 1 On/off already set to new value[0m
[1;32muart:~$ [m[8D[J[1;32muart:~$ [m[8D[J[00:00:09.329,000] [0m<inf> chip: [ZCL]Boot reason: 1[0m
[1;32muart:~$ [m[8D[J[1;32muart:~$ [m[8D[J[00:00:09.329,000] [0m<inf> chip: [ZCL]Endpoint 2 On/off already set to new value[0m
[1;32muart:~$ [m[8D[J[1;32muart:~$ [m[8D[J[00:00:09.331,000] [0m<inf> chip: [ZCL]Boot reason: 1[0m
[1;32muart:~$ [m[8D[J[1;32muart:~$ [m[8D[J[00:00:09.333,000] [0m<inf> chip: [ZCL]Endpoint 3 On/off already set to new value[0m
[1;32muart:~$ [m[8D[J[1;32muart:~$ [m[8D[J[00:00:09.335,000] [0m<inf> chip: [ZCL]Boot reason: 1[0m
[1;32muart:~$ [m[8D[J[1;32muart:~$ [m[8D[J[00:00:09.335,000] [0m<inf> chip: [ZCL]Endpoint 4 On/off already set to new value[0m
[1;32muart:~$ [m[8D[J[1;32muart:~$ [m[8D[J[00:00:09.788,000] [0m<inf> chip: [DMG]AccessControlCluster: initializing[0m
[1;32muart:~$ [m[8D[J[1;32muart:~$ [m[8D[J[00:00:09.790,000] [0m<inf> chip: [DIS]Updating services using commissioning mode 0[0m
[1;32muart:~$ [m[8D[J[1;32muart:~$ [m[8D[J[00:00:09.958,000] [0m<inf> chip: [DIS]CHIP minimal mDNS started advertising.[0m
[1;32muart:~$ [m[8D[J[1;32muart:~$ [m[8D[J[00:00:09.962,000] [0m<inf> chip: [IN]CASE Server enabling CASE session setups[0m
[1;32muart:~$ [m[8D[J[1;32muart:~$ [m[8D[J[00:00:09.964,000] [0m<inf> chip: [SVR]Joining Multicast groups[0m
[1;32muart:~$ [m[8D[J[1;32muart:~$ [m[8D[J[00:00:09.967,000] [0m<inf> chip: [SVR]Server initialization complete[0m
[1;32muart:~$ [m[8D[J[1;32muart:~$ [m[8D[J[00:00:09.967,000] [0m<inf> chip: [SVR]Server Listening...[0m
[1;32muart:~$ [m[8D[J[1;32muart:~$ [m[8D[J[00:00:09.968,000] [0m<inf> matter: Matter stack initialized[0m
[1;32muart:~$ [m[8D[J[1;32muart:~$ [m[8D[J[00:00:09.969,000] [0m<inf> matter: Matter event loop started[0m
[1;32muart:~$ [m[8D[J[1;32muart:~$ [m[8D[J[00:00:09.969,000] [0m<inf> matter_event_loop: Init io_to_matter_stream[0m
[1;32muart:~$ [m[8D[J[1;32muart:~$ [m[8D[J[00:00:09.970,000] [0m<inf> matter_event_loop: Start io_to_matter_stream[0m
[1;32muart:~$ [m[8D[J[1;32muart:~$ [m[8D[J[00:00:09.971,000] [0m<inf> chip: [DL]CHIP task running[0m
[1;32muart:~$ [m[8D[J[1;32muart:~$ [m[8D[J[00:00:10.131,000] [0m<inf> chip: [DIS]Updating services using commissioning mode 0[0m
[1;32muart:~$ [m[8D[J[1;32muart:~$ [m[8D[J[00:00:10.137,000] [0m<inf> chip: [DIS]CHIP minimal mDNS started advertising.[0m
[1;32muart:~$ [m[8D[J[1;32muart:~$ [m[8D[J[00:00:10.586,000] [1;31m<err> chip: [DL]Long dispatch time: 445 ms, for event type 2[0m
[1;32muart:~$ [m[8D[J[1;32muart:~$ [m[8D[J[00:00:50.048,000] [0m<inf> web_api_v1_auth: administrator created[0m
[1;32muart:~$ [m[8D[J[1;32muart:~$ [mfs ls /lfs/firmware
[1;31mfs: command not found
[m[1;32muart:~$ [mI: Detected ESP-PSRAM64H (ID D 5D 46 A0 2F)
I: PSRAM initialised in QPI mode, 8192 KB
*** Using Zephyr OS build v4.4.0-12983-gb6a5e6e8aa90 ***
I: Starting bootloader
I: ICACHE alias: 0x02000000 -> 0x90000000 (4MB)
I: 0x90000000..0x9000001F:
I: 3d b8 f3 96 0 0 0 0 0 4 0 0 28 c5 15 0
I: 0 0 0 0 1 0 0 0 0 0 0 0 0 0 0 0
I: Alias[0x02000000..0x0200001F]:
I: 3d b8 f3 96 0 0 0 0 0 4 0 0 28 c5 15 0
I: 0 0 0 0 1 0 0 0 0 0 0 0 0 0 0 0
I: PSRAM 0x70000000..0x7000001F:
I: e8 7a 12 2 90 30 2 70 48 63 12 2 fc 10 0 70
I: ac 62 12 2 30 63 12 2 0 0 0 0 b0 cb 14 2
I: PSRAM write/read: PASS
I: Primary image: magic=good, swap_type=0x4, copy_done=0x1, image_ok=0x1
I: Scratch: magic=bad, swap_type=0x1, copy_done=0x2, image_ok=0x2
I: Boot source: none
I: Image index: 0, Swap type: none
I: Bootloader chainload address offset: 0x0
I: Image version: v1.0.0
I: Jumping to the first image slot
[m
[1;32muart:~$ [m[8D[J[00:00:00.842,000] [0m<inf> esp_hosted_mcu_core: coprocessor priv event 34[0m
[1;32muart:~$ [m[8D[J[1;32muart:~$ [m[8D[J[00:00:00.845,000] [0m<inf> esp_hosted_mcu_core: coprocessor firmware v3.0.6[0m
[1;32muart:~$ [m[8D[J[1;32muart:~$ [m[8D[J[00:00:00.846,000] [1;31m<err> mb85rsxx: invalid device ID: 04 7F 03 02[0m
[1;32muart:~$ [m[8D[J[1;32muart:~$ [m[8D[J[00:00:00.846,000] [1;31m<err> mb85rsxx: Failed to initialize device, RDID check failed (err -5)[0m
[1;32muart:~$ [m[8D[J[1;32muart:~$ [m[8D[J[00:00:00.846,000] [0m<inf> eth_w5500: ETH_W5500: interrupt mode[0m
[1;32muart:~$ [m[8D[J[1;32muart:~$ [m[8D[J[00:00:00.854,000] [0m<inf> eth_w5500: W5500 Initialized[0m
[1;32muart:~$ [m[8D[J[1;32muart:~$ [m[8D[J[00:00:01.512,000] [1;31m<err> net_ethernet: Invalid MAC address for iface 1 (0x20005528)[0m
[1;32muart:~$ [m[8D[J[1;32muart:~$ [m[8D[J[00:00:01.512,000] [0m<inf> littlefs: LittleFS version 2.11, disk version 2.1[0m
[1;32muart:~$ [m[8D[J[1;32muart:~$ [m[8D[J[00:00:01.513,000] [0m<inf> littlefs: FS at SPI_FLASH:0xa00000 is 1280 0x1000-byte blocks with 1024 cycle[0m
[1;32muart:~$ [m[8D[J[1;32muart:~$ [m[8D[J[00:00:01.513,000] [0m<inf> littlefs: partition sizes: rd 256 ; pr 256 ; ca 2048 ; la 256[0m
[1;32muart:~$ [m[8D[J[1;32muart:~$ [m[8D[J*** Booting Zephyr OS build v4.4.0-12983-gb6a5e6e8aa90 ***
[1;32muart:~$ [m[8D[J[1;32muart:~$ [m[8D[J[00:00:01.845,000] [0m<inf> shell_telnet: Telnet shell backend initialized[0m
[1;32muart:~$ [m[8D[J[1;32muart:~$ [m[8D[J[00:00:01.846,000] [0m<inf> system_service: IWDG running, timeout 20000 ms[0m
[1;32muart:~$ [m[8D[J[1;32muart:~$ [m[8D[J[00:00:01.846,000] [0m<inf> main_app: Start main app (build: Sep 15 2026 18:12:27) version 8[0m
[1;32muart:~$ [m[8D[J[1;32muart:~$ [m[8D[J[00:00:01.847,000] [0m<inf> main_app: PSRAM @0x70286218: write/read 1024 words OK[0m
[1;32muart:~$ [m[8D[J[1;32muart:~$ [m[8D[J[00:00:01.847,000] [0m<inf> system_service: reset cause 0x00000003[0m
[1;32muart:~$ [m[8D[J[1;32muart:~$ [m[8D[J[00:00:01.848,000] [0m<inf> mcuboot_util: Image index: 0, Swap type: none[0m
[1;32muart:~$ [m[8D[J[1;32muart:~$ [m[8D[J[00:00:01.848,000] [0m<inf> system_service: running image 1.0.0+0, 1427792 bytes, confirmed, next swap type 1[0m
[1;32muart:~$ [m[8D[J[1;32muart:~$ [m[8D[J[00:00:01.894,000] [1;31m<err> fs: file open error (-2)[0m
[1;32muart:~$ [m[8D[J[1;32muart:~$ [m[8D[J[00:00:01.945,000] [1;31m<err> fs: file open error (-2)[0m
[1;32muart:~$ [m[8D[J[1;32muart:~$ [m[8D[J[00:00:01.946,000] [0m<inf> mcuboot_util: Image index: 0, Swap type: none[0m
[1;32muart:~$ [m[8D[J[1;32muart:~$ [m[8D[J[00:00:02.018,000] [0m<inf> settings_registry: 10 keys registered, 0 rejected[0m
[1;32muart:~$ [m[8D[J[1;32muart:~$ [m[8D[J[00:00:02.018,000] [0m<inf> io: Start io init[0m
[1;32muart:~$ [m[8D[J[1;32muart:~$ [m[8D[J[00:00:02.032,000] [1;31m<err> fs: failed to create directory (-17)[0m
[1;32muart:~$ [m[8D[J[1;32muart:~$ [m[8D[J[00:00:02.160,000] [1;31m<err> fs: file open error (-2)[0m
[1;32muart:~$ [m[8D[J[1;32muart:~$ [m[8D[J[00:00:02.165,000] [0m<inf> io: Start io outputs task[0m
[1;32muart:~$ [m[8D[J[1;32muart:~$ [m[8D[J[00:00:02.162,000] [0m<inf> net_init: EEPROM MAC: 80:34:28:10:12:73[0m
[1;32muart:~$ [m[8D[J[1;32muart:~$ [m[8D[J[00:00:02.163,000] [0m<inf> eth_w5500: ETH_W5500 MAC set to 80:34:28:10:12:73[0m
[1;32muart:~$ [m[8D[J[1;32muart:~$ [m[8D[J[00:00:02.163,000] [0m<inf> net_init: Network interface up with MAC 80:34:28:10:12:73[0m
[1;32muart:~$ [m[8D[J[1;32muart:~$ [m[8D[J[00:00:02.374,000] [0m<inf> device_config_store: no stored configuration, factory defaults in force[0m
[1;32muart:~$ [m[8D[J[1;32muart:~$ [m[8D[J[00:00:02.374,000] [0m<inf> network_service: network configuration revision 0: no stored configuration, factory defaults (209 ms)[0m
[1;32muart:~$ [m[8D[J[1;32muart:~$ [m[8D[J[00:00:02.374,000] [0m<inf> net_adapter: Ethernet found, Wi-Fi coprocessor ready[0m
[1;32muart:~$ [m[8D[J[1;32muart:~$ [m[8D[J[00:00:02.511,000] [0m<inf> eth_w5500: ETH_W5500: Link speed 100 Mb, full duplex[0m
[1;32muart:~$ [m[8D[J[1;32muart:~$ [m[8D[J[00:00:02.529,000] [0m<inf> matter: IPv6 address added, starting Matter[0m
[1;32muart:~$ [m[8D[J[1;32muart:~$ [m[8D[J[00:00:02.659,000] [0m<inf> network_service: boot 1 of 5 in a row shorter than 30 s[0m
[1;32muart:~$ [m[8D[J[1;32muart:~$ [m[8D[J[00:00:02.659,000] [0m<inf> network_service: worker stack: 4936 of 8192 bytes never used[0m
[1;32muart:~$ [m[8D[J[1;32muart:~$ [m[8D[J[00:00:02.731,000] [0m<inf> web_server: web interface cedar-2037394c3543501200550045, firmware 1.0.0+0 (df852ea3a0fa-dirty), frontend 0.1.0+df852ea3a0fa-dirty, boot_6b9197e5503ea673[0m
[1;32muart:~$ [m[8D[J[1;32muart:~$ [m[8D[J[00:00:02.736,000] [0m<inf> net_adapter: ethernet: DHCP[0m
[1;32muart:~$ [m[8D[J[1;32muart:~$ [m[8D[J[00:00:02.736,000] [0m<inf> net_adapter: wifi disabled[0m
[1;32muart:~$ [m[8D[J[1;32muart:~$ [m[8D[J[00:00:03.234,000] [0m<inf> matter: Init CHIP stack[0m
[1;32muart:~$ [m[8D[J[1;32muart:~$ [m[8D[J[00:00:03.596,000] [0m<inf> matter: IPv6 address added, starting Matter[0m
[1;32muart:~$ [m[8D[J[1;32muart:~$ [m[8D[J[00:00:03.596,000] [0m<inf> matter: Matter start work already submitted[0m
[1;32muart:~$ [m[8D[J[1;32muart:~$ [m[8D[J[00:00:04.066,000] [0m<inf> chip: [SVR]Initializing session resumption storage...[0m
[1;32muart:~$ [m[8D[J[1;32muart:~$ [m[8D[J[00:00:04.067,000] [0m<inf> chip: [SVR]Server initializing...[0m
[1;32muart:~$ [m[8D[J[1;32muart:~$ [m[8D[J[00:00:04.349,000] [0m<inf> chip: [TS]Last Known Good Time: 2023-10-14T01:16:48[0m
[1;32muart:~$ [m[8D[J[1;32muart:~$ [m[8D[J[00:00:04.731,000] [0m<inf> chip: [DMG]AccessControl: initializing[0m
[1;32muart:~$ [m[8D[J[1;32muart:~$ [m[8D[J[00:00:04.731,000] [0m<inf> chip: [DMG]Examples::AccessControlDelegate::Init[0m
[1;32muart:~$ [m[8D[J[1;32muart:~$ [m[8D[J[00:00:04.732,000] [0m<inf> chip: [DMG]AccessControl: setting[0m
[1;32muart:~$ [m[8D[J[1;32muart:~$ [m[8D[J[00:00:04.732,000] [0m<inf> chip: [DMG]DefaultAclStorage: initializing[0m
[1;32muart:~$ [m[8D[J[1;32muart:~$ [m[8D[J[00:00:04.733,000] [0m<inf> chip: [DMG]DefaultAclStorage: 0 entries loaded[0m
[1;32muart:~$ [m[8D[J[1;32muart:~$ [m[8D[J[00:00:04.733,000] [0m<inf> chip: [SVR]WARNING: mTestEventTriggerDelegate is null[0m
[1;32muart:~$ [m[8D[J[1;32muart:~$ [m[8D[J[00:00:06.690,000] [0m<inf> chip: [ZCL]Using ZAP configuration...[0m
[1;32muart:~$ [m[8D[J[1;32muart:~$ [m[8D[J[00:00:07.280,000] [0m<inf> chip: [ZCL]Boot reason: 1[0m
[1;32muart:~$ [m[8D[J[1;32muart:~$ [m[8D[J[00:00:07.281,000] [0m<inf> chip: [ZCL]Endpoint 1 On/off already set to new value[0m
[1;32muart:~$ [m[8D[J[1;32muart:~$ [m[8D[J[00:00:07.283,000] [0m<inf> chip: [ZCL]Boot reason: 1[0m
[1;32muart:~$ [m[8D[J[1;32muart:~$ [m[8D[J[00:00:07.284,000] [0m<inf> chip: [ZCL]Endpoint 2 On/off already set to new value[0m
[1;32muart:~$ [m[8D[J[1;32muart:~$ [m[8D[J[00:00:07.285,000] [0m<inf> chip: [ZCL]Boot reason: 1[0m
[1;32muart:~$ [m[8D[J[1;32muart:~$ [m[8D[J[00:00:07.286,000] [0m<inf> chip: [ZCL]Endpoint 3 On/off already set to new value[0m
[1;32muart:~$ [m[8D[J[1;32muart:~$ [m[8D[J[00:00:07.288,000] [0m<inf> chip: [ZCL]Boot reason: 1[0m
[1;32muart:~$ [m[8D[J[1;32muart:~$ [m[8D[J[00:00:07.289,000] [0m<inf> chip: [ZCL]Endpoint 4 On/off already set to new value[0m
[1;32muart:~$ [m[8D[J[1;32muart:~$ [m[8D[J[00:00:07.447,000] [0m<inf> chip: [DMG]AccessControlCluster: initializing[0m
[1;32muart:~$ [m[8D[J[1;32muart:~$ [m[8D[J[00:00:07.629,000] [0m<inf> chip: [DIS]Updating services using commissioning mode 0[0m
[1;32muart:~$ [m[8D[J[1;32muart:~$ [m[8D[J[00:00:07.635,000] [0m<inf> chip: [DIS]CHIP minimal mDNS started advertising.[0m
[1;32muart:~$ [m[8D[J[1;32muart:~$ [m[8D[J[00:00:07.639,000] [0m<inf> chip: [IN]CASE Server enabling CASE session setups[0m
[1;32muart:~$ [m[8D[J[1;32muart:~$ [m[8D[J[00:00:07.640,000] [0m<inf> chip: [SVR]Joining Multicast groups[0m
[1;32muart:~$ [m[8D[J[1;32muart:~$ [m[8D[J[00:00:07.643,000] [0m<inf> chip: [SVR]Server initialization complete[0m
[1;32muart:~$ [m[8D[J[1;32muart:~$ [m[8D[J[00:00:07.644,000] [0m<inf> chip: [SVR]Server Listening...[0m
[1;32muart:~$ [m[8D[J[1;32muart:~$ [m[8D[J[00:00:07.644,000] [0m<inf> matter: Matter stack initialized[0m
[1;32muart:~$ [m[8D[J[1;32muart:~$ [m[8D[J[00:00:07.645,000] [0m<inf> matter: Matter event loop started[0m
[1;32muart:~$ [m[8D[J[1;32muart:~$ [m[8D[J[00:00:07.646,000] [0m<inf> matter_event_loop: Init io_to_matter_stream[0m
[1;32muart:~$ [m[8D[J[1;32muart:~$ [m[8D[J[00:00:07.646,000] [0m<inf> matter_event_loop: Start io_to_matter_stream[0m
[1;32muart:~$ [m[8D[J[1;32muart:~$ [m[8D[J[00:00:07.832,000] [0m<inf> chip: [DL]CHIP task running[0m
[1;32muart:~$ [m[8D[J[1;32muart:~$ [m[8D[J[00:00:07.834,000] [0m<inf> chip: [DIS]Updating services using commissioning mode 0[0m
[1;32muart:~$ [m[8D[J[1;32muart:~$ [m[8D[J[00:00:07.840,000] [0m<inf> chip: [DIS]CHIP minimal mDNS started advertising.[0m
[1;32muart:~$ [m[8D[J[1;32muart:~$ [m[8D[J[00:00:07.991,000] [1;31m<err> chip: [DL]Long dispatch time: 147 ms, for event type 2[0m
[1;32muart:~$ [m[8D[J[1;32muart:~$ [m[8D[J[00:00:08.768,000] [0m<inf> net_dhcpv4: Received: 192.168.88.14[0m
[1;32muart:~$ [m[8D[J[1;32muart:~$ [m[8D[J[00:00:08.772,000] [0m<inf> network_manager: default route via ethernet[0m
[1;32muart:~$ [m[8D[J[1;32muart:~$ [msysupd status
reset cause 0x00000003: pin software
slot 1 (running): 1.0.0+0, 1427792 bytes, hash 533da8557a6ff2ea...
slot 1 trailer: magic 1 swap_type 4 copy_done 1 image_ok 1
slot 2: 1.0.0+0, 1396628 bytes, hash 8a84f822a39428f7...
slot 2 trailer: magic 3 swap_type 1 copy_done 3 image_ok 3
running image confirmed, next swap type 1
iwdg running, 20000 ms, 9 feeds
STM32 upload: none
ESP32 upload upload_fe778808ba86d326: ready, 1468176 of 1468176 bytes, file wifi-cp-merged.bin
updater: active 0 phase - job  upload 
[1;32muart:~$ [m[8D[J[00:00:42.524,000] [0m<inf> mcuboot_util: Image index: 0, Swap type: none[0m
[1;32muart:~$ [m[8D[J[1;32muart:~$ [m[8D[J[00:01:23.625,000] [0m<inf> mcuboot_util: Image index: 0, Swap type: none[0m
[1;32muart:~$ [m[8D[J[1;32muart:~$ [m[8D[J[00:01:24.656,000] [0m<inf> mcuboot_util: Image index: 0, Swap type: none[0m
[1;32muart:~$ [m[8D[J[1;32muart:~$ [m[8D[J[00:01:26.495,000] [0m<inf> mcuboot_util: Image index: 0, Swap type: none[0m
[1;32muart:~$ [m[8D[J[1;32muart:~$ [m[8D[J[00:01:28.601,000] [0m<inf> mcuboot_util: Image index: 0, Swap type: none[0m
[1;32muart:~$ [m[8D[J[1;32muart:~$ [m[8D[J[00:01:30.717,000] [0m<inf> mcuboot_util: Image index: 0, Swap type: none[0m
[1;32muart:~$ [m[8D[J[1;32muart:~$ [m[8D[J[00:02:18.654,000] [0m<inf> mcuboot_util: Image index: 0, Swap type: none[0m
[1;32muart:~$ [m[8D[J[1;32muart:~$ [m[8D[J[00:02:19.696,000] [0m<inf> mcuboot_util: Image index: 0, Swap type: none[0m
[1;32muart:~$ [m[8D[J[1;32muart:~$ [m[8D[J[00:02:21.801,000] [0m<inf> mcuboot_util: Image index: 0, Swap type: none[0m
[1;32muart:~$ [m[8D[J[1;32muart:~$ [m[8D[J[00:02:23.913,000] [0m<inf> mcuboot_util: Image index: 0, Swap type: none[0m
[1;32muart:~$ [m[8D[J[1;32muart:~$ [m[8D[J[00:02:26.302,000] [0m<inf> mcuboot_util: Image index: 0, Swap type: none[0m
[1;32muart:~$ [m[8D[J[1;32muart:~$ [m[8D[J[00:02:28.132,000] [0m<inf> mcuboot_util: Image index: 0, Swap type: none[0m
[1;32muart:~$ [m[8D[J[1;32muart:~$ [m[8D[J[00:02:29.972,000] [0m<inf> mcuboot_util: Image index: 0, Swap type: none[0m
[1;32muart:~$ [m[8D[J[1;32muart:~$ [m[8D[J[00:02:32.076,000] [0m<inf> mcuboot_util: Image index: 0, Swap type: none[0m
[1;32muart:~$ [m[8D[J[1;32muart:~$ [m[8D[J[00:02:34.191,000] [0m<inf> mcuboot_util: Image index: 0, Swap type: none[0m
[1;32muart:~$ [m[8D[J[1;32muart:~$ [m[8D[J[00:02:36.309,000] [0m<inf> mcuboot_util: Image index: 0, Swap type: none[0m
[1;32muart:~$ [m[8D[J[1;32muart:~$ [m[8D[J[00:02:38.957,000] [0m<inf> mcuboot_util: Image index: 0, Swap type: none[0m
[1;32muart:~$ [m[8D[J[1;32muart:~$ [m[8D[J[00:02:40.795,000] [0m<inf> mcuboot_util: Image index: 0, Swap type: none[0m
[1;32muart:~$ [m[8D[J[1;32muart:~$ [m[8D[J[00:02:42.626,000] [0m<inf> mcuboot_util: Image index: 0, Swap type: none[0m
[1;32muart:~$ [m[8D[J[1;32muart:~$ [m[8D[J[00:02:44.728,000] [0m<inf> mcuboot_util: Image index: 0, Swap type: none[0m
[1;32muart:~$ [m[8D[J[1;32muart:~$ [m[8D[J[00:02:46.843,000] [0m<inf> mcuboot_util: Image index: 0, Swap type: none[0m
[1;32muart:~$ [m[8D[J[1;32muart:~$ [m[8D[J[00:02:49.480,000] [0m<inf> mcuboot_util: Image index: 0, Swap type: none[0m
[1;32muart:~$ [m[8D[J[1;32muart:~$ [m[8D[J[00:02:51.340,000] [0m<inf> mcuboot_util: Image index: 0, Swap type: none[0m
[1;32muart:~$ [m[8D[J[1;32muart:~$ [m[8D[J[00:02:53.180,000] [0m<inf> mcuboot_util: Image index: 0, Swap type: none[0m
[1;32muart:~$ [m[8D[J[1;32muart:~$ [m[8D[J[00:02:55.293,000] [0m<inf> mcuboot_util: Image index: 0, Swap type: none[0m
[1;32muart:~$ [m[8D[J[1;32muart:~$ [m[8D[J[00:02:57.415,000] [0m<inf> mcuboot_util: Image index: 0, Swap type: none[0m
[1;32muart:~$ [m[8D[J[1;32muart:~$ [m[8D[J[00:02:59.527,000] [0m<inf> mcuboot_util: Image index: 0, Swap type: none[0m
[1;32muart:~$ [m[8D[J[1;32muart:~$ [m[8D[J[00:03:02.173,000] [0m<inf> mcuboot_util: Image index: 0, Swap type: none[0m
[1;32muart:~$ [m[8D[J[1;32muart:~$ [m[8D[J[00:03:04.001,000] [0m<inf> mcuboot_util: Image index: 0, Swap type: none[0m
[1;32muart:~$ [m[8D[J[1;32muart:~$ [m[8D[J[00:03:05.836,000] [0m<inf> mcuboot_util: Image index: 0, Swap type: none[0m
[1;32muart:~$ [m[8D[J[1;32muart:~$ [m[8D[J[00:03:07.932,000] [0m<inf> mcuboot_util: Image index: 0, Swap type: none[0m
[1;32muart:~$ [m[8D[J[1;32muart:~$ [m[8D[J[00:03:10.037,000] [0m<inf> mcuboot_util: Image index: 0, Swap type: none[0m
[1;32muart:~$ [m[8D[J[1;32muart:~$ [m[8D[J[00:03:12.688,000] [0m<inf> mcuboot_util: Image index: 0, Swap type: none[0m
[1;32muart:~$ [m[8D[J[1;32muart:~$ [m[8D[J[00:03:14.517,000] [0m<inf> mcuboot_util: Image index: 0, Swap type: none[0m
[1;32muart:~$ [m[8D[J[1;32muart:~$ [m[8D[J[00:03:16.356,000] [0m<inf> mcuboot_util: Image index: 0, Swap type: none[0m
[1;32muart:~$ [m[8D[J[1;32muart:~$ [m[8D[J[00:03:18.457,000] [0m<inf> mcuboot_util: Image index: 0, Swap type: none[0m
[1;32muart:~$ [m[8D[J[1;32muart:~$ [m[8D[J[00:03:20.559,000] [0m<inf> mcuboot_util: Image index: 0, Swap type: none[0m
[1;32muart:~$ [m[8D[J[1;32muart:~$ [m[8D[J[00:03:22.676,000] [0m<inf> mcuboot_util: Image index: 0, Swap type: none[0m
[1;32muart:~$ [m[8D[J[1;32muart:~$ [m[8D[J[00:03:25.316,000] [0m<inf> mcuboot_util: Image index: 0, Swap type: none[0m
[1;32muart:~$ [m[8D[J[1;32muart:~$ [m[8D[J[00:03:27.162,000] [0m<inf> mcuboot_util: Image index: 0, Swap type: none[0m
[1;32muart:~$ [m[8D[J[1;32muart:~$ [m[8D[J[00:03:29.000,000] [0m<inf> mcuboot_util: Image index: 0, Swap type: none[0m
[1;32muart:~$ [m[8D[J[1;32muart:~$ [m[8D[J[00:03:31.108,000] [0m<inf> mcuboot_util: Image index: 0, Swap type: none[0m
[1;32muart:~$ [m[8D[J[1;32muart:~$ [m[8D[J[00:03:33.217,000] [0m<inf> mcuboot_util: Image index: 0, Swap type: none[0m
[1;32muart:~$ [m[8D[J[1;32muart:~$ [m[8D[J[00:03:35.872,000] [0m<inf> mcuboot_util: Image index: 0, Swap type: none[0m
[1;32muart:~$ [m[8D[J[1;32muart:~$ [m[8D[J[00:03:37.712,000] [0m<inf> mcuboot_util: Image index: 0, Swap type: none[0m
[1;32muart:~$ [m[8D[J[1;32muart:~$ [m[8D[J[00:03:39.548,000] [0m<inf> mcuboot_util: Image index: 0, Swap type: none[0m
[1;32muart:~$ [m[8D[J[1;32muart:~$ [m[8D[J[00:03:41.652,000] [0m<inf> mcuboot_util: Image index: 0, Swap type: none[0m
[1;32muart:~$ [m[8D[J[1;32muart:~$ [m[8D[J[00:03:43.757,000] [0m<inf> mcuboot_util: Image index: 0, Swap type: none[0m
[1;32muart:~$ [m[8D[J[1;32muart:~$ [m[8D[J[00:03:45.872,000] [0m<inf> mcuboot_util: Image index: 0, Swap type: none[0m
[1;32muart:~$ [m[8D[J[1;32muart:~$ [m[8D[J[00:03:48.846,000] [0m<inf> mcuboot_util: Image index: 0, Swap type: none[0m
[1;32muart:~$ [m[8D[J[1;32muart:~$ [m[8D[J[00:03:50.719,000] [0m<inf> mcuboot_util: Image index: 0, Swap type: none[0m
[1;32muart:~$ [m[8D[J[1;32muart:~$ [m[8D[J[00:03:52.561,000] [0m<inf> mcuboot_util: Image index: 0, Swap type: none[0m
[1;32muart:~$ [m[8D[J[1;32muart:~$ [m[8D[J[00:03:54.666,000] [0m<inf> mcuboot_util: Image index: 0, Swap type: none[0m
[1;32muart:~$ [m[8D[J[1;32muart:~$ [m[8D[J[00:03:56.767,000] [0m<inf> mcuboot_util: Image index: 0, Swap type: none[0m
[1;32muart:~$ [m[8D[J[1;32muart:~$ [m[8D[J[00:03:59.428,000] [0m<inf> mcuboot_util: Image index: 0, Swap type: none[0m
[1;32muart:~$ [m[8D[J[1;32muart:~$ [m[8D[J[00:04:01.287,000] [0m<inf> mcuboot_util: Image index: 0, Swap type: none[0m
[1;32muart:~$ [m[8D[J[1;32muart:~$ [m[8D[J[00:04:03.424,000] [0m<inf> mcuboot_util: Image index: 0, Swap type: none[0m
[1;32muart:~$ [m[8D[J[1;32muart:~$ [m[8D[J[00:04:05.521,000] [0m<inf> mcuboot_util: Image index: 0, Swap type: none[0m
[1;32muart:~$ [m[8D[J[1;32muart:~$ [m[8D[J[00:04:07.623,000] [0m<inf> mcuboot_util: Image index: 0, Swap type: none[0m
[1;32muart:~$ [m[8D[J[1;32muart:~$ [m[8D[J[00:04:09.732,000] [0m<inf> mcuboot_util: Image index: 0, Swap type: none[0m
[1;32muart:~$ [m[8D[J[1;32muart:~$ [m[8D[J[00:04:12.417,000] [0m<inf> mcuboot_util: Image index: 0, Swap type: none[0m
[1;32muart:~$ [m[8D[J[1;32muart:~$ [m[8D[J[00:04:14.276,000] [0m<inf> mcuboot_util: Image index: 0, Swap type: none[0m
[1;32muart:~$ [m[8D[J[1;32muart:~$ [m[8D[J[00:04:16.117,000] [0m<inf> mcuboot_util: Image index: 0, Swap type: none[0m
[1;32muart:~$ [m[8D[J[1;32muart:~$ [m[8D[J[00:04:18.226,000] [0m<inf> mcuboot_util: Image index: 0, Swap type: none[0m
[1;32muart:~$ [m[8D[J[1;32muart:~$ [m[8D[J[00:04:20.329,000] [0m<inf> mcuboot_util: Image index: 0, Swap type: none[0m
[1;32muart:~$ [m[8D[J[1;32muart:~$ [m[8D[J[00:04:23.012,000] [0m<inf> mcuboot_util: Image index: 0, Swap type: none[0m
[1;32muart:~$ [m[8D[J[1;32muart:~$ [m[8D[J[00:04:24.847,000] [0m<inf> mcuboot_util: Image index: 0, Swap type: none[0m
[1;32muart:~$ [m[8D[J[1;32muart:~$ [m[8D[J[00:04:26.715,000] [0m<inf> mcuboot_util: Image index: 0, Swap type: none[0m
[1;32muart:~$ [m[8D[J[1;32muart:~$ [m[8D[J[00:04:28.842,000] [0m<inf> mcuboot_util: Image index: 0, Swap type: none[0m
[1;32muart:~$ [m[8D[J[1;32muart:~$ [m[8D[J[00:04:30.970,000] [0m<inf> mcuboot_util: Image index: 0, Swap type: none[0m
[1;32muart:~$ [m[8D[J[1;32muart:~$ [m[8D[J[00:04:33.078,000] [0m<inf> mcuboot_util: Image index: 0, Swap type: none[0m
[1;32muart:~$ [m[8D[J[1;32muart:~$ [m[8D[J[00:04:35.740,000] [0m<inf> mcuboot_util: Image index: 0, Swap type: none[0m
[1;32muart:~$ [m[8D[J[1;32muart:~$ [m[8D[J[00:04:37.612,000] [0m<inf> mcuboot_util: Image index: 0, Swap type: none[0m
[1;32muart:~$ [m[8D[J[1;32muart:~$ [m[8D[J[00:04:39.465,000] [0m<inf> mcuboot_util: Image index: 0, Swap type: none[0m
[1;32muart:~$ [m[8D[J[1;32muart:~$ [m[8D[J[00:04:41.577,000] [0m<inf> mcuboot_util: Image index: 0, Swap type: none[0m
[1;32muart:~$ [m[8D[J[1;32muart:~$ [m[8D[J[00:04:43.685,000] [0m<inf> mcuboot_util: Image index: 0, Swap type: none[0m
[1;32muart:~$ [m[8D[J[1;32muart:~$ [m[8D[J[00:04:46.346,000] [0m<inf> mcuboot_util: Image index: 0, Swap type: none[0m
[1;32muart:~$ [m[8D[J[1;32muart:~$ [m[8D[J[00:04:48.185,000] [0m<inf> mcuboot_util: Image index: 0, Swap type: none[0m
[1;32muart:~$ [m[8D[J[1;32muart:~$ [m[8D[J[00:04:50.015,000] [0m<inf> mcuboot_util: Image index: 0, Swap type: none[0m
[1;32muart:~$ [m[8D[J[1;32muart:~$ [m[8D[J[00:04:52.130,000] [0m<inf> mcuboot_util: Image index: 0, Swap type: none[0m
[1;32muart:~$ [m[8D[J[1;32muart:~$ [m[8D[J[00:04:54.239,000] [0m<inf> mcuboot_util: Image index: 0, Swap type: none[0m
[1;32muart:~$ [m[8D[J[1;32muart:~$ [m[8D[J[00:04:56.387,000] [0m<inf> mcuboot_util: Image index: 0, Swap type: none[0m
[1;32muart:~$ [m[8D[J[1;32muart:~$ [m[8D[J[00:04:59.055,000] [0m<inf> mcuboot_util: Image index: 0, Swap type: none[0m
[1;32muart:~$ [m[8D[J[1;32muart:~$ [m[8D[J[00:05:00.899,000] [0m<inf> mcuboot_util: Image index: 0, Swap type: none[0m
[1;32muart:~$ [m[8D[J[1;32muart:~$ [m[8D[J[00:05:02.734,000] [0m<inf> mcuboot_util: Image index: 0, Swap type: none[0m
[1;32muart:~$ [m[8D[J[1;32muart:~$ [m[8D[J[00:05:04.835,000] [0m<inf> mcuboot_util: Image index: 0, Swap type: none[0m
[1;32muart:~$ [m[8D[J[1;32muart:~$ [m[8D[J[00:05:06.940,000] [0m<inf> mcuboot_util: Image index: 0, Swap type: none[0m
[1;32muart:~$ [m[8D[J[1;32muart:~$ [m[8D[J[00:05:09.585,000] [0m<inf> mcuboot_util: Image index: 0, Swap type: none[0m
[1;32muart:~$ [m[8D[J[1;32muart:~$ [m[8D[J[00:05:11.421,000] [0m<inf> mcuboot_util: Image index: 0, Swap type: none[0m
[1;32muart:~$ [m[8D[J[1;32muart:~$ [m[8D[J[00:05:13.254,000] [0m<inf> mcuboot_util: Image index: 0, Swap type: none[0m
[1;32muart:~$ [m[8D[J[1;32muart:~$ [m[8D[J[00:05:15.360,000] [0m<inf> mcuboot_util: Image index: 0, Swap type: none[0m
[1;32muart:~$ [m[8D[J[1;32muart:~$ [m[8D[J[00:05:17.501,000] [0m<inf> mcuboot_util: Image index: 0, Swap type: none[0m
[1;32muart:~$ [m[8D[J[1;32muart:~$ [m[8D[J[00:05:19.614,000] [0m<inf> mcuboot_util: Image index: 0, Swap type: none[0m
[1;32muart:~$ [m[8D[J[1;32muart:~$ [m[8D[J[00:05:22.264,000] [0m<inf> mcuboot_util: Image index: 0, Swap type: none[0m
[1;32muart:~$ [m[8D[J[1;32muart:~$ [m[8D[J[00:05:23.857,000] [0m<inf> mcuboot_util: Image index: 0, Swap type: none[0m
[1;32muart:~$ [m[8D[J[1;32muart:~$ [m[8D[J[00:06:28.096,000] [0m<inf> system_updater: update job_00000061: preparing[0m
[1;32muart:~$ [m[8D[J[1;32muart:~$ [m[8D[J[00:06:29.315,000] [0m<inf> system_updater: update job_00000061: requesting[0m
[1;32muart:~$ [m[8D[J[1;32muart:~$ [m[8D[J[00:06:29.853,000] [0m<inf> mcuboot_util: Image index: 0, Swap type: test[0m
[1;32muart:~$ [m[8D[J[1;32muart:~$ [m[8D[J[00:06:29.854,000] [0m<inf> system_updater: update job_00000061: rebooting[0m
[1;32muart:~$ [m[8D[J[1;32muart:~$ [m[1B[9D[8D[J[8D[J[00:06:32.441,000] [0m<inf> system_updater: update job_00000061: restarting into the swap[0m
[1;32muart:~$ [m[8D[J[8D[J[00:06:32.441,000] [1;33m<wrn> system_service: restarting for the MCUboot swap[0m
[1;32muart:~$ [mI: Detected ESP-PSRAM64H (ID D 5D 46 A0 2F)
I: PSRAM initialised in QPI mode, 8192 KB
*** Using Zephyr OS build v4.4.0-12983-gb6a5e6e8aa90 ***
I: Starting bootloader
I: ICACHE alias: 0x02000000 -> 0x90000000 (4MB)
I: 0x90000000..0x9000001F:
I: 3d b8 f3 96 0 0 0 0 0 4 0 0 28 c5 15 0
I: 0 0 0 0 1 0 0 0 0 0 0 0 0 0 0 0
I: Alias[0x02000000..0x0200001F]:
I: 3d b8 f3 96 0 0 0 0 0 4 0 0 28 c5 15 0
I: 0 0 0 0 1 0 0 0 0 0 0 0 0 0 0 0
I: PSRAM 0x70000000..0x7000001F:
I: 2c 7d 12 2 90 30 2 70 8c 65 12 2 fc 10 0 70
I: f0 64 12 2 74 65 12 2 0 0 0 0 f4 cd 14 2
I: PSRAM write/read: PASS
I: Primary image: magic=good, swap_type=0x4, copy_done=0x1, image_ok=0x1
I: Scratch: magic=bad, swap_type=0x1, copy_done=0x2, image_ok=0x2
I: Boot source: none
I: Image index: 0, Swap type: test
I: Starting swap using scratch algorithm.
[m
[1;32muart:~$ [mI: Bootloader chainload address offset: 0x0
I: Image version: v1.0.1
I: Jumping to the first image slot
[m
[1;32muart:~$ [m[8D[J[00:00:00.841,000] [0m<inf> esp_hosted_mcu_core: coprocessor priv event 34[0m
[1;32muart:~$ [m[8D[J[1;32muart:~$ [m[8D[J[00:00:00.845,000] [0m<inf> esp_hosted_mcu_core: coprocessor firmware v3.0.6[0m
[1;32muart:~$ [m[8D[J[1;32muart:~$ [m[8D[J[00:00:00.846,000] [1;31m<err> mb85rsxx: invalid device ID: 04 7F 03 02[0m
[1;32muart:~$ [m[8D[J[1;32muart:~$ [m[8D[J[00:00:00.846,000] [1;31m<err> mb85rsxx: Failed to initialize device, RDID check failed (err -5)[0m
[1;32muart:~$ [m[8D[J[1;32muart:~$ [m[8D[J[00:00:00.846,000] [0m<inf> eth_w5500: ETH_W5500: interrupt mode[0m
[1;32muart:~$ [m[8D[J[1;32muart:~$ [m[8D[J[00:00:00.854,000] [0m<inf> eth_w5500: W5500 Initialized[0m
[1;32muart:~$ [m[8D[J[1;32muart:~$ [m[8D[J[00:00:01.499,000] [1;31m<err> net_ethernet: Invalid MAC address for iface 1 (0x20005528)[0m
[1;32muart:~$ [m[8D[J[1;32muart:~$ [m[8D[J[00:00:01.499,000] [0m<inf> littlefs: LittleFS version 2.11, disk version 2.1[0m
[1;32muart:~$ [m[8D[J[1;32muart:~$ [m[8D[J[00:00:01.500,000] [0m<inf> littlefs: FS at SPI_FLASH:0xa00000 is 1280 0x1000-byte blocks with 1024 cycle[0m
[1;32muart:~$ [m[8D[J[1;32muart:~$ [m[8D[J[00:00:01.500,000] [0m<inf> littlefs: partition sizes: rd 256 ; pr 256 ; ca 2048 ; la 256[0m
[1;32muart:~$ [m[8D[J[1;32muart:~$ [m[8D[J*** Booting Zephyr OS build v4.4.0-12983-gb6a5e6e8aa90 ***
[1;32muart:~$ [m[8D[J[1;32muart:~$ [m[8D[J[00:00:01.613,000] [0m<inf> shell_telnet: Telnet shell backend initialized[0m
[1;32muart:~$ [m[8D[J[1;32muart:~$ [m[8D[J[00:00:01.614,000] [0m<inf> system_service: IWDG running, timeout 20000 ms[0m
[1;32muart:~$ [m[8D[J[1;32muart:~$ [m[8D[J[00:00:01.615,000] [0m<inf> main_app: Start main app (build: Sep 15 2026 18:22:07) version 8[0m
[1;32muart:~$ [m[8D[J[1;32muart:~$ [m[8D[J[00:00:01.615,000] [0m<inf> main_app: PSRAM @0x70286218: write/read 1024 words OK[0m
[1;32muart:~$ [m[8D[J[1;32muart:~$ [m[8D[J[00:00:01.615,000] [0m<inf> system_service: reset cause 0x00000003[0m
[1;32muart:~$ [m[8D[J[1;32muart:~$ [m[8D[J[00:00:01.616,000] [0m<inf> mcuboot_util: Image index: 0, Swap type: revert[0m
[1;32muart:~$ [m[8D[J[1;32muart:~$ [m[8D[J[00:00:01.616,000] [0m<inf> system_service: running image 1.0.1+0, 1427792 bytes, NOT confirmed, next swap type 4[0m
[1;32muart:~$ [m[8D[J[1;32muart:~$ [m[8D[J[00:00:01.704,000] [0m<inf> system_image_store: slot 2 no longer holds upload sysimg_70f6b2b5aceee252, forgetting it[0m
[1;32muart:~$ [m[8D[J[1;32muart:~$ [m[8D[J[00:00:01.985,000] [0m<inf> system_updater: update job_00000061: the new firmware runs, awaiting confirmation[0m
[1;32muart:~$ [m[8D[J[1;32muart:~$ [m[8D[J[00:00:01.986,000] [0m<inf> mcuboot_util: Image index: 0, Swap type: revert[0m
[1;32muart:~$ [m[8D[J[1;32muart:~$ [m[8D[J[00:00:01.986,000] [0m<inf> system_updater: the running image is not confirmed; it confirms itself in 1200 s[0m
[1;32muart:~$ [m[8D[J[1;32muart:~$ [m[8D[J[00:00:02.126,000] [0m<inf> settings_registry: 10 keys registered, 0 rejected[0m
[1;32muart:~$ [m[8D[J[1;32muart:~$ [m[8D[J[00:00:02.126,000] [0m<inf> io: Start io init[0m
[1;32muart:~$ [m[8D[J[1;32muart:~$ [m[8D[J[00:00:02.141,000] [1;31m<err> fs: failed to create directory (-17)[0m
[1;32muart:~$ [m[8D[J[1;32muart:~$ [m[8D[J[00:00:02.187,000] [1;31m<err> fs: file open error (-2)[0m
[1;32muart:~$ [m[8D[J[1;32muart:~$ [m[8D[J[00:00:02.210,000] [1;31m<err> fs: failed to unlink path (-2)[0m
[1;32muart:~$ [m[8D[J[1;32muart:~$ [m[8D[J[00:00:02.234,000] [1;31m<err> fs: file open error (-2)[0m
[1;32muart:~$ [m[8D[J[1;32muart:~$ [m[8D[J[00:00:02.237,000] [0m<inf> io: Start io outputs task[0m
[1;32muart:~$ [m[8D[J[1;32muart:~$ [m[8D[J[00:00:02.235,000] [0m<inf> net_init: EEPROM MAC: 80:34:28:10:12:73[0m
[1;32muart:~$ [m[8D[J[1;32muart:~$ [m[8D[J[00:00:02.235,000] [0m<inf> eth_w5500: ETH_W5500 MAC set to 80:34:28:10:12:73[0m
[1;32muart:~$ [m[8D[J[1;32muart:~$ [m[8D[J[00:00:02.235,000] [0m<inf> net_init: Network interface up with MAC 80:34:28:10:12:73[0m
[1;32muart:~$ [m[8D[J[1;32muart:~$ [m[8D[J[00:00:02.355,000] [0m<inf> device_config_store: no stored configuration, factory defaults in force[0m
[1;32muart:~$ [m[8D[J[1;32muart:~$ [m[8D[J[00:00:02.355,000] [0m<inf> network_service: network configuration revision 0: no stored configuration, factory defaults (117 ms)[0m
[1;32muart:~$ [m[8D[J[1;32muart:~$ [m[8D[J[00:00:02.355,000] [0m<inf> net_adapter: Ethernet found, Wi-Fi coprocessor ready[0m
[1;32muart:~$ [m[8D[J[1;32muart:~$ [m[8D[J[00:00:02.400,000] [0m<inf> network_service: boot 1 of 5 in a row shorter than 30 s[0m
[1;32muart:~$ [m[8D[J[1;32muart:~$ [m[8D[J[00:00:02.400,000] [0m<inf> network_service: worker stack: 4952 of 8192 bytes never used[0m
[1;32muart:~$ [m[8D[J[1;32muart:~$ [m[8D[J[00:00:02.439,000] [0m<inf> web_server: web interface cedar-2037394c3543501200550045, firmware 1.0.0+0 (df852ea3a0fa-dirty), frontend 0.1.0+df852ea3a0fa-dirty, boot_e1635f38a128abc7[0m
[1;32muart:~$ [m[8D[J[1;32muart:~$ [m[8D[J[00:00:02.444,000] [0m<inf> net_adapter: ethernet: DHCP[0m
[1;32muart:~$ [m[8D[J[1;32muart:~$ [m[8D[J[00:00:02.444,000] [0m<inf> net_adapter: wifi disabled[0m
[1;32muart:~$ [m[8D[J[1;32muart:~$ [m[8D[J[00:00:03.999,000] [0m<inf> eth_w5500: ETH_W5500: Link speed 100 Mb, full duplex[0m
[1;32muart:~$ [m[8D[J[1;32muart:~$ [m[8D[J[00:00:04.019,000] [0m<inf> matter: IPv6 address added, starting Matter[0m
[1;32muart:~$ [m[8D[J[1;32muart:~$ [m[8D[J[00:00:04.049,000] [0m<inf> net_dhcpv4: Received: 192.168.88.14[0m
[1;32muart:~$ [m[8D[J[1;32muart:~$ [m[8D[J[00:00:04.054,000] [0m<inf> network_manager: default route via ethernet[0m
[1;32muart:~$ [m[8D[J[1;32muart:~$ [m[8D[J[00:00:04.057,000] [0m<inf> matter: Init CHIP stack[0m
[1;32muart:~$ [m[8D[J[1;32muart:~$ [m[8D[J[00:00:04.500,000] [0m<inf> chip: [SVR]Initializing session resumption storage...[0m
[1;32muart:~$ [m[8D[J[1;32muart:~$ [m[8D[J[00:00:04.502,000] [0m<inf> chip: [SVR]Server initializing...[0m
[1;32muart:~$ [m[8D[J[1;32muart:~$ [m[8D[J[00:00:04.613,000] [0m<inf> chip: [TS]Last Known Good Time: 2023-10-14T01:16:48[0m
[1;32muart:~$ [m[8D[J[1;32muart:~$ [m[8D[J[00:00:04.834,000] [0m<inf> chip: [DMG]AccessControl: initializing[0m
[1;32muart:~$ [m[8D[J[1;32muart:~$ [m[8D[J[00:00:04.835,000] [0m<inf> chip: [DMG]Examples::AccessControlDelegate::Init[0m
[1;32muart:~$ [m[8D[J[1;32muart:~$ [m[8D[J[00:00:05.024,000] [0m<inf> chip: [DMG]AccessControl: setting[0m
[1;32muart:~$ [m[8D[J[1;32muart:~$ [m[8D[J[00:00:05.025,000] [0m<inf> chip: [DMG]DefaultAclStorage: initializing[0m
[1;32muart:~$ [m[8D[J[1;32muart:~$ [m[8D[J[00:00:05.025,000] [0m<inf> chip: [DMG]DefaultAclStorage: 0 entries loaded[0m
[1;32muart:~$ [m[8D[J[1;32muart:~$ [m[8D[J[00:00:05.026,000] [0m<inf> chip: [SVR]WARNING: mTestEventTriggerDelegate is null[0m
[1;32muart:~$ [m[8D[J[1;32muart:~$ [m[8D[J[00:00:05.094,000] [0m<inf> matter: IPv6 address added, starting Matter[0m
[1;32muart:~$ [m[8D[J[1;32muart:~$ [m[8D[J[00:00:05.094,000] [0m<inf> matter: Matter start work already submitted[0m
[1;32muart:~$ [m[8D[J[1;32muart:~$ [m[8D[J[00:00:06.612,000] [0m<inf> chip: [ZCL]Using ZAP configuration...[0m
[1;32muart:~$ [m[8D[J[1;32muart:~$ [m[8D[J[00:00:07.563,000] [0m<inf> chip: [ZCL]Boot reason: 1[0m
[1;32muart:~$ [m[8D[J[1;32muart:~$ [m[8D[J[00:00:07.564,000] [0m<inf> chip: [ZCL]Endpoint 1 On/off already set to new value[0m
[1;32muart:~$ [m[8D[J[1;32muart:~$ [m[8D[J[00:00:07.567,000] [0m<inf> chip: [ZCL]Boot reason: 1[0m
[1;32muart:~$ [m[8D[J[1;32muart:~$ [m[8D[J[00:00:07.567,000] [0m<inf> chip: [ZCL]Endpoint 2 On/off already set to new value[0m
[1;32muart:~$ [m[8D[J[1;32muart:~$ [m[8D[J[00:00:07.569,000] [0m<inf> chip: [ZCL]Boot reason: 1[0m
[1;32muart:~$ [m[8D[J[1;32muart:~$ [m[8D[J[00:00:07.570,000] [0m<inf> chip: [ZCL]Endpoint 3 On/off already set to new value[0m
[1;32muart:~$ [m[8D[J[1;32muart:~$ [m[8D[J[00:00:07.572,000] [0m<inf> chip: [ZCL]Boot reason: 1[0m
[1;32muart:~$ [m[8D[J[1;32muart:~$ [m[8D[J[00:00:07.572,000] [0m<inf> chip: [ZCL]Endpoint 4 On/off already set to new value[0m
[1;32muart:~$ [m[8D[J[1;32muart:~$ [m[8D[J[00:00:07.980,000] [0m<inf> chip: [DMG]AccessControlCluster: initializing[0m
[1;32muart:~$ [m[8D[J[1;32muart:~$ [m[8D[J[00:00:07.982,000] [0m<inf> chip: [DIS]Updating services using commissioning mode 0[0m
[1;32muart:~$ [m[8D[J[1;32muart:~$ [m[8D[J[00:00:07.988,000] [0m<inf> chip: [DIS]CHIP minimal mDNS started advertising.[0m
[1;32muart:~$ [m[8D[J[1;32muart:~$ [m[8D[J[00:00:07.992,000] [0m<inf> chip: [IN]CASE Server enabling CASE session setups[0m
[1;32muart:~$ [m[8D[J[1;32muart:~$ [m[8D[J[00:00:07.993,000] [0m<inf> chip: [SVR]Joining Multicast groups[0m
[1;32muart:~$ [m[8D[J[1;32muart:~$ [m[8D[J[00:00:07.996,000] [0m<inf> chip: [SVR]Server initialization complete[0m
[1;32muart:~$ [m[8D[J[1;32muart:~$ [m[8D[J[00:00:07.996,000] [0m<inf> chip: [SVR]Server Listening...[0m
[1;32muart:~$ [m[8D[J[1;32muart:~$ [m[8D[J[00:00:07.996,000] [0m<inf> matter: Matter stack initialized[0m
[1;32muart:~$ [m[8D[J[1;32muart:~$ [m[8D[J[00:00:07.998,000] [0m<inf> matter: Matter event loop started[0m
[1;32muart:~$ [m[8D[J[1;32muart:~$ [m[8D[J[00:00:07.999,000] [0m<inf> matter_event_loop: Init io_to_matter_stream[0m
[1;32muart:~$ [m[8D[J[1;32muart:~$ [m[8D[J[00:00:08.183,000] [0m<inf> matter_event_loop: Start io_to_matter_stream[0m
[1;32muart:~$ [m[8D[J[1;32muart:~$ [m[8D[J[00:00:08.184,000] [0m<inf> chip: [DL]CHIP task running[0m
[1;32muart:~$ [m[8D[J[1;32muart:~$ [m[8D[J[00:00:08.186,000] [0m<inf> chip: [DIS]Updating services using commissioning mode 0[0m
[1;32muart:~$ [m[8D[J[1;32muart:~$ [m[8D[J[00:00:08.191,000] [0m<inf> chip: [DIS]CHIP minimal mDNS started advertising.[0m
[1;32muart:~$ [m[8D[J[1;32muart:~$ [m[8D[J[00:00:08.432,000] [1;31m<err> chip: [DL]Long dispatch time: 236 ms, for event type 2[0m
[1;32muart:~$ [m[8D[J[1;32muart:~$ [m[8D[J[00:20:02.092,000] [0m<inf> system_updater: update job_00000061: succeeded[0m
[1;32muart:~$ [m[8D[J[1;32muart:~$ [m[8D[J[00:20:02.188,000] [0m<inf> system_updater: the running image is confirmed[0m
[1;32muart:~$ [m[8D[J[1;32muart:~$ [mI: Detected ESP-PSRAM64H (ID D 5D 46 A0 2F)
I: PSRAM initialised in QPI mode, 8192 KB
*** Using Zephyr OS build v4.4.0-12983-gb6a5e6e8aa90 ***
I: Starting bootloader
I: ICACHE alias: 0x02000000 -> 0x90000000 (4MB)
I: 0x90000000..0x9000001F:
I: 3d b8 f3 96 0 0 0 0 0 4 0 0 28 c5 15 0
I: 0 0 0 0 1 0 1 0 0 0 0 0 0 0 0 0
I: Alias[0x02000000..0x0200001F]:
I: 3d b8 f3 96 0 0 0 0 0 4 0 0 28 c5 15 0
I: 0 0 0 0 1 0 1 0 0 0 0 0 0 0 0 0
I: PSRAM 0x70000000..0x7000001F:
I: 2c 7d 12 2 90 30 2 70 8c 65 12 2 fc 10 0 70
I: f0 64 12 2 74 65 12 2 0 0 0 0 f4 cd 14 2
I: PSRAM write/read: PASS
I: Primary image: magic=good, swap_type=0x2, copy_done=0x1, image_ok=0x1
I: Scratch: magic=bad, swap_type=0x1, copy_done=0x2, image_ok=0x2
I: Boot source: none
I: Image index: 0, Swap type: none
I: Bootloader chainload address offset: 0x0
I: Image version: v1.0.1
I: Jumping to the first image slot
[m
[1;32muart:~$ [m[8D[J[00:00:00.842,000] [0m<inf> esp_hosted_mcu_core: coprocessor priv event 34[0m
[1;32muart:~$ [m[8D[J[1;32muart:~$ [m[8D[J[00:00:00.845,000] [0m<inf> esp_hosted_mcu_core: coprocessor firmware v3.0.6[0m
[1;32muart:~$ [m[8D[J[1;32muart:~$ [m[8D[J[00:00:00.846,000] [1;31m<err> mb85rsxx: invalid device ID: 04 7F 03 02[0m
[1;32muart:~$ [m[8D[J[1;32muart:~$ [m[8D[J[00:00:00.846,000] [1;31m<err> mb85rsxx: Failed to initialize device, RDID check failed (err -5)[0m
[1;32muart:~$ [m[8D[J[1;32muart:~$ [m[8D[J[00:00:00.846,000] [0m<inf> eth_w5500: ETH_W5500: interrupt mode[0m
[1;32muart:~$ [m[8D[J[1;32muart:~$ [m[8D[J[00:00:00.854,000] [0m<inf> eth_w5500: W5500 Initialized[0m
[1;32muart:~$ [m[8D[J[1;32muart:~$ [m[8D[J[00:00:01.503,000] [1;31m<err> net_ethernet: Invalid MAC address for iface 1 (0x20005528)[0m
[1;32muart:~$ [m[8D[J[1;32muart:~$ [m[8D[J[00:00:01.503,000] [0m<inf> littlefs: LittleFS version 2.11, disk version 2.1[0m
[1;32muart:~$ [m[8D[J[1;32muart:~$ [m[8D[J[00:00:01.504,000] [0m<inf> littlefs: FS at SPI_FLASH:0xa00000 is 1280 0x1000-byte blocks with 1024 cycle[0m
[1;32muart:~$ [m[8D[J[1;32muart:~$ [m[8D[J[00:00:01.504,000] [0m<inf> littlefs: partition sizes: rd 256 ; pr 256 ; ca 2048 ; la 256[0m
[1;32muart:~$ [m[8D[J[1;32muart:~$ [m[8D[J*** Booting Zephyr OS build v4.4.0-12983-gb6a5e6e8aa90 ***
[1;32muart:~$ [m[8D[J[1;32muart:~$ [m[8D[J[00:00:01.825,000] [0m<inf> shell_telnet: Telnet shell backend initialized[0m
[1;32muart:~$ [m[8D[J[1;32muart:~$ [m[8D[J[00:00:01.827,000] [0m<inf> system_service: IWDG running, timeout 20000 ms[0m
[1;32muart:~$ [m[8D[J[1;32muart:~$ [m[8D[J[00:00:01.827,000] [0m<inf> main_app: Start main app (build: Sep 15 2026 18:22:07) version 8[0m
[1;32muart:~$ [m[8D[J[1;32muart:~$ [m[8D[J[00:00:01.828,000] [0m<inf> main_app: PSRAM @0x70286218: write/read 1024 words OK[0m
[1;32muart:~$ [m[8D[J[1;32muart:~$ [m[8D[J[00:00:01.828,000] [0m<inf> system_service: reset cause 0x00000003[0m
[1;32muart:~$ [m[8D[J[1;32muart:~$ [m[8D[J[00:00:01.828,000] [0m<inf> mcuboot_util: Image index: 0, Swap type: none[0m
[1;32muart:~$ [m[8D[J[1;32muart:~$ [m[8D[J[00:00:01.829,000] [0m<inf> system_service: running image 1.0.1+0, 1427792 bytes, confirmed, next swap type 1[0m
[1;32muart:~$ [m[8D[J[1;32muart:~$ [m[8D[J[00:00:01.853,000] [1;31m<err> fs: file open error (-2)[0m
[1;32muart:~$ [m[8D[J[1;32muart:~$ [m[8D[J[00:00:01.889,000] [0m<inf> mcuboot_util: Image index: 0, Swap type: none[0m
[1;32muart:~$ [m[8D[J[1;32muart:~$ [m[8D[J[00:00:01.939,000] [0m<inf> settings_registry: 10 keys registered, 0 rejected[0m
[1;32muart:~$ [m[8D[J[1;32muart:~$ [m[8D[J[00:00:01.939,000] [0m<inf> io: Start io init[0m
[1;32muart:~$ [m[8D[J[1;32muart:~$ [m[8D[J[00:00:01.948,000] [1;31m<err> fs: failed to create directory (-17)[0m
[1;32muart:~$ [m[8D[J[1;32muart:~$ [m[8D[J[00:00:01.986,000] [1;31m<err> fs: file open error (-2)[0m
[1;32muart:~$ [m[8D[J[1;32muart:~$ [m[8D[J[00:00:02.004,000] [1;31m<err> fs: failed to unlink path (-2)[0m
[1;32muart:~$ [m[8D[J[1;32muart:~$ [m[8D[J[00:00:02.022,000] [1;31m<err> fs: file open error (-2)[0m
[1;32muart:~$ [m[8D[J[1;32muart:~$ [m[8D[J[00:00:02.026,000] [0m<inf> io: Start io outputs task[0m
[1;32muart:~$ [m[8D[J[1;32muart:~$ [m[8D[J[00:00:02.024,000] [0m<inf> net_init: EEPROM MAC: 80:34:28:10:12:73[0m
[1;32muart:~$ [m[8D[J[1;32muart:~$ [m[8D[J[00:00:02.024,000] [0m<inf> eth_w5500: ETH_W5500 MAC set to 80:34:28:10:12:73[0m
[1;32muart:~$ [m[8D[J[1;32muart:~$ [m[8D[J[00:00:02.024,000] [0m<inf> net_init: Network interface up with MAC 80:34:28:10:12:73[0m
[1;32muart:~$ [m[8D[J[1;32muart:~$ [m[8D[J[00:00:02.175,000] [0m<inf> device_config_store: no stored configuration, factory defaults in force[0m
[1;32muart:~$ [m[8D[J[1;32muart:~$ [m[8D[J[00:00:02.175,000] [0m<inf> network_service: network configuration revision 0: no stored configuration, factory defaults (148 ms)[0m
[1;32muart:~$ [m[8D[J[1;32muart:~$ [m[8D[J[00:00:02.175,000] [0m<inf> net_adapter: Ethernet found, Wi-Fi coprocessor ready[0m
[1;32muart:~$ [m[8D[J[1;32muart:~$ [m[8D[J[00:00:02.298,000] [0m<inf> network_service: boot 1 of 5 in a row shorter than 30 s[0m
[1;32muart:~$ [m[8D[J[1;32muart:~$ [m[8D[J[00:00:02.299,000] [0m<inf> network_service: worker stack: 4952 of 8192 bytes never used[0m
[1;32muart:~$ [m[8D[J[1;32muart:~$ [m[8D[J[00:00:02.351,000] [0m<inf> web_server: web interface cedar-2037394c3543501200550045, firmware 1.0.0+0 (df852ea3a0fa-dirty), frontend 0.1.0+df852ea3a0fa-dirty, boot_91f0d795ffb3392a[0m
[1;32muart:~$ [m[8D[J[1;32muart:~$ [m[8D[J[00:00:02.356,000] [0m<inf> net_adapter: ethernet: DHCP[0m
[1;32muart:~$ [m[8D[J[1;32muart:~$ [m[8D[J[00:00:02.356,000] [0m<inf> net_adapter: wifi disabled[0m
[1;32muart:~$ [m[8D[J[1;32muart:~$ [m[8D[J[00:00:02.473,000] [0m<inf> eth_w5500: ETH_W5500: Link speed 100 Mb, full duplex[0m
[1;32muart:~$ [m[8D[J[1;32muart:~$ [m[8D[J[00:00:02.497,000] [0m<inf> matter: IPv6 address added, starting Matter[0m
[1;32muart:~$ [m[8D[J[1;32muart:~$ [m[8D[J[00:00:02.527,000] [0m<inf> net_dhcpv4: Received: 192.168.88.14[0m
[1;32muart:~$ [m[8D[J[1;32muart:~$ [m[8D[J[00:00:02.532,000] [0m<inf> network_manager: default route via ethernet[0m
[1;32muart:~$ [m[8D[J[1;32muart:~$ [m[8D[J[00:00:02.969,000] [0m<inf> matter: Init CHIP stack[0m
[1;32muart:~$ [m[8D[J[1;32muart:~$ [m[8D[J[00:00:03.547,000] [0m<inf> chip: [SVR]Initializing session resumption storage...[0m
[1;32muart:~$ [m[8D[J[1;32muart:~$ [m[8D[J[00:00:03.548,000] [0m<inf> chip: [SVR]Server initializing...[0m
[1;32muart:~$ [m[8D[J[1;32muart:~$ [m[8D[J[00:00:03.582,000] [0m<inf> matter: IPv6 address added, starting Matter[0m
[1;32muart:~$ [m[8D[J[1;32muart:~$ [m[8D[J[00:00:03.583,000] [0m<inf> matter: Matter start work already submitted[0m
[1;32muart:~$ [m[8D[J[1;32muart:~$ [m[8D[J[00:00:03.715,000] [0m<inf> chip: [TS]Last Known Good Time: 2023-10-14T01:16:48[0m
[1;32muart:~$ [m[8D[J[1;32muart:~$ [m[8D[J[00:00:04.112,000] [0m<inf> chip: [DMG]AccessControl: initializing[0m
[1;32muart:~$ [m[8D[J[1;32muart:~$ [m[8D[J[00:00:04.112,000] [0m<inf> chip: [DMG]Examples::AccessControlDelegate::Init[0m
[1;32muart:~$ [m[8D[J[1;32muart:~$ [m[8D[J[00:00:04.113,000] [0m<inf> chip: [DMG]AccessControl: setting[0m
[1;32muart:~$ [m[8D[J[1;32muart:~$ [m[8D[J[00:00:04.113,000] [0m<inf> chip: [DMG]DefaultAclStorage: initializing[0m
[1;32muart:~$ [m[8D[J[1;32muart:~$ [m[8D[J[00:00:04.114,000] [0m<inf> chip: [DMG]DefaultAclStorage: 0 entries loaded[0m
[1;32muart:~$ [m[8D[J[1;32muart:~$ [m[8D[J[00:00:04.115,000] [0m<inf> chip: [SVR]WARNING: mTestEventTriggerDelegate is null[0m
[1;32muart:~$ [m[8D[J[1;32muart:~$ [m[8D[J[00:00:05.292,000] [0m<inf> chip: [ZCL]Using ZAP configuration...[0m
[1;32muart:~$ [m[8D[J[1;32muart:~$ [m[8D[J[00:00:06.721,000] [0m<inf> chip: [ZCL]Boot reason: 1[0m
[1;32muart:~$ [m[8D[J[1;32muart:~$ [m[8D[J[00:00:06.721,000] [0m<inf> chip: [ZCL]Endpoint 1 On/off already set to new value[0m
[1;32muart:~$ [m[8D[J[1;32muart:~$ [m[8D[J[00:00:06.723,000] [0m<inf> chip: [ZCL]Boot reason: 1[0m
[1;32muart:~$ [m[8D[J[1;32muart:~$ [m[8D[J[00:00:06.724,000] [0m<inf> chip: [ZCL]Endpoint 2 On/off already set to new value[0m
[1;32muart:~$ [m[8D[J[1;32muart:~$ [m[8D[J[00:00:06.726,000] [0m<inf> chip: [ZCL]Boot reason: 1[0m
[1;32muart:~$ [m[8D[J[1;32muart:~$ [m[8D[J[00:00:06.726,000] [0m<inf> chip: [ZCL]Endpoint 3 On/off already set to new value[0m
[1;32muart:~$ [m[8D[J[1;32muart:~$ [m[8D[J[00:00:06.728,000] [0m<inf> chip: [ZCL]Boot reason: 1[0m
[1;32muart:~$ [m[8D[J[1;32muart:~$ [m[8D[J[00:00:06.729,000] [0m<inf> chip: [ZCL]Endpoint 4 On/off already set to new value[0m
[1;32muart:~$ [m[8D[J[1;32muart:~$ [m[8D[J[00:00:07.092,000] [0m<inf> chip: [DMG]AccessControlCluster: initializing[0m
[1;32muart:~$ [m[8D[J[1;32muart:~$ [m[8D[J[00:00:07.094,000] [0m<inf> chip: [DIS]Updating services using commissioning mode 0[0m
[1;32muart:~$ [m[8D[J[1;32muart:~$ [m[8D[J[00:00:07.290,000] [0m<inf> chip: [DIS]CHIP minimal mDNS started advertising.[0m
[1;32muart:~$ [m[8D[J[1;32muart:~$ [m[8D[J[00:00:07.294,000] [0m<inf> chip: [IN]CASE Server enabling CASE session setups[0m
[1;32muart:~$ [m[8D[J[1;32muart:~$ [m[8D[J[00:00:07.295,000] [0m<inf> chip: [SVR]Joining Multicast groups[0m
[1;32muart:~$ [m[8D[J[1;32muart:~$ [m[8D[J[00:00:07.298,000] [0m<inf> chip: [SVR]Server initialization complete[0m
[1;32muart:~$ [m[8D[J[1;32muart:~$ [m[8D[J[00:00:07.299,000] [0m<inf> chip: [SVR]Server Listening...[0m
[1;32muart:~$ [m[8D[J[1;32muart:~$ [m[8D[J[00:00:07.299,000] [0m<inf> matter: Matter stack initialized[0m
[1;32muart:~$ [m[8D[J[1;32muart:~$ [m[8D[J[00:00:07.300,000] [0m<inf> matter: Matter event loop started[0m
[1;32muart:~$ [m[8D[J[1;32muart:~$ [m[8D[J[00:00:07.300,000] [0m<inf> matter_event_loop: Init io_to_matter_stream[0m
[1;32muart:~$ [m[8D[J[1;32muart:~$ [m[8D[J[00:00:07.301,000] [0m<inf> matter_event_loop: Start io_to_matter_stream[0m
[1;32muart:~$ [m[8D[J[1;32muart:~$ [m[8D[J[00:00:07.302,000] [0m<inf> chip: [DL]CHIP task running[0m
[1;32muart:~$ [m[8D[J[1;32muart:~$ [m[8D[J[00:00:07.497,000] [0m<inf> chip: [DIS]Updating services using commissioning mode 0[0m
[1;32muart:~$ [m[8D[J[1;32muart:~$ [m[8D[J[00:00:07.503,000] [0m<inf> chip: [DIS]CHIP minimal mDNS started advertising.[0m
[1;32muart:~$ [m[8D[J[1;32muart:~$ [m[8D[J[00:00:07.883,000] [1;31m<err> chip: [DL]Long dispatch time: 377 ms, for event type 2[0m
[1;32muart:~$ [m[8D[J[1;32muart:~$ [m