### fs ls /lfs
fs ls /lfs
     981 settings
### fs read /lfs/settings 4096 0
uart:~$ fs read /lfs/settings 4096 0
File size: 981
00000000  21 00 6D 74 2F 63 66 67 2F 75 6E 69 71 75 65 2D  !.mt/cfg/unique-
00000010  69 64 3D 37 39 31 37 30 37 39 43 44 31 37 37 36  id=7917079CD1776
00000020  41 36 30 12 00 6D 74 2F 67 2F 6C 6B 67 74 3D 15  A60..mt/g/lkgt=.
00000030  26 00 80 A8 BC 2C 18 22 00 2F 73 65 74 74 69 6E  &....,."./settin
00000040  67 73 2F 72 65 6C 61 79 73 2F 64 65 66 61 75 6C  gs/relays/defaul
00000050  74 2F 65 6E 61 62 6C 65 64 3D 01 1C 00 2F 73 65  t/enabled=.../se
00000060  74 74 69 6E 67 73 2F 72 65 6C 61 79 73 2F 64 65  ttings/relays/de
00000070  66 61 75 6C 74 2F 31 3D 01 1C 00 2F 73 65 74 74  fault/1=.../sett
00000080  69 6E 67 73 2F 72 65 6C 61 79 73 2F 64 65 66 61  ings/relays/defa
00000090  75 6C 74 2F 32 3D 00 1C 00 2F 73 65 74 74 69 6E  ult/2=.../settin
000000A0  67 73 2F 72 65 6C 61 79 73 2F 64 65 66 61 75 6C  gs/relays/defaul
000000B0  74 2F 33 3D 01 1C 00 2F 73 65 74 74 69 6E 67 73  t/3=.../settings
000000C0  2F 72 65 6C 61 79 73 2F 64 65 66 61 75 6C 74 2F  /relays/default/
000000D0  34 3D 00 54 00 72 65 67 2F 61 75 74 68 2F 61 64  4=.T.reg/auth/ad
000000E0  6D 69 6E 5F 76 65 72 69 66 69 65 72 3D 43 57 41  min_verifier=CWA
000000F0  31 01 00 00 00 B8 0B 00 00 60 E8 B5 7C 0F E5 05  1........`..|...
00000100  A1 95 B3 F7 0B 83 82 09 BB E0 3E AB AC 5D CE ED  ..........>..]..
00000110  F1 65 45 9F 16 57 32 EE 1C 82 4D 09 7E 27 23 BD  .eE..W2...M.~'#.
00000120  B5 EA C3 78 E6 B6 09 4C 09 1F 00 6D 74 2F 63 66  ...x...L...mt/cf
00000130  67 2F 72 65 67 75 6C 61 74 6F 72 79 2D 6C 6F 63  g/regulatory-loc
00000140  61 74 69 6F 6E 3D 00 00 00 00 16 00 6D 74 2F 63  ation=......mt/c
00000150  66 67 2F 63 6F 75 6E 74 72 79 2D 63 6F 64 65 3D  fg/country-code=
00000160  58 58 12 00 6D 74 2F 67 2F 66 69 64 78 3D 15 24  XX..mt/g/fidx=.$
00000170  00 03 36 01 18 18 0B 00 6D 74 2F 67 2F 73 72 69  ..6.....mt/g/sri
00000180  3D 16 18 11 00 6D 74 2F 67 2F 67 66 6C 3D 15 24  =....mt/g/gfl=.$
00000190  01 00 24 02 00 18 0D 00 6D 74 2F 67 2F 67 64 63  ..$.....mt/g/gdc
000001A0  3D 35 F0 9F 05 13 00 6D 74 2F 67 2F 69 6D 2F 65  =5.....mt/g/im/e
000001B0  63 3D 00 00 36 00 00 00 00 00 18 00 6D 74 2F 63  c=..6.......mt/c
000001C0  74 72 2F 72 65 62 6F 6F 74 2D 63 6F 75 6E 74 3D  tr/reboot-count=
000001D0  37 00 00 00 0D 00 6D 74 2F 67 2F 67 63 63 3D A9  7.....mt/g/gcc=.
000001E0  A3 B1 01 0D 00 6D 74 2F 67 2F 67 64 63 3D 1D F4  .....mt/g/gdc=..
000001F0  9F 05 13 00 6D 74 2F 67 2F 69 6D 2F 65 63 3D 00  ....mt/g/im/ec=.
00000200  00 37 00 00 00 00 00 18 00 6D 74 2F 63 74 72 2F  .7.......mt/ctr/
00000210  72 65 62 6F 6F 74 2D 63 6F 75 6E 74 3D 38 00 00  reboot-count=8..
00000220  00 0D 00 6D 74 2F 67 2F 67 63 63 3D 91 A7 B1 01  ...mt/g/gcc=....
00000230  0D 00 6D 74 2F 67 2F 67 64 63 3D 05 F8 9F 05 13  ..mt/g/gdc=.....
00000240  00 6D 74 2F 67 2F 69 6D 2F 65 63 3D 00 00 38 00  .mt/g/im/ec=..8.
00000250  00 00 00 00 18 00 6D 74 2F 63 74 72 2F 72 65 62  ......mt/ctr/reb
00000260  6F 6F 74 2D 63 6F 75 6E 74 3D 39 00 00 00 0D 00  oot-count=9.....
00000270  6D 74 2F 67 2F 67 63 63 3D 79 AB B1 01 0D 00 6D  mt/g/gcc=y.....m
00000280  74 2F 67 2F 67 64 63 3D ED FB 9F 05 13 00 6D 74  t/g/gdc=......mt
00000290  2F 67 2F 69 6D 2F 65 63 3D 00 00 39 00 00 00 00  /g/im/ec=..9....
000002A0  00 18 00 6D 74 2F 63 74 72 2F 72 65 62 6F 6F 74  ...mt/ctr/reboot
000002B0  2D 63 6F 75 6E 74 3D 3A 00 00 00 0D 00 6D 74 2F  -count=:.....mt/
000002C0  67 2F 67 63 63 3D 61 AF B1 01 0D 00 6D 74 2F 67  g/gcc=a.....mt/g
000002D0  2F 67 64 63 3D D5 FF 9F 05 13 00 6D 74 2F 67 2F  /gdc=......mt/g/
000002E0  69 6D 2F 65 63 3D 00 00 3A 00 00 00 00 00 18 00  im/ec=..:.......
000002F0  6D 74 2F 63 74 72 2F 72 65 62 6F 6F 74 2D 63 6F  mt/ctr/reboot-co
00000300  75 6E 74 3D 3B 00 00 00 0D 00 6D 74 2F 67 2F 67  unt=;.....mt/g/g
00000310  63 63 3D 49 B3 B1 01 0D 00 6D 74 2F 67 2F 67 64  cc=I.....mt/g/gd
00000320  63 3D BD 03 A0 05 13 00 6D 74 2F 67 2F 69 6D 2F  c=......mt/g/im/
00000330  65 63 3D 00 00 3B 00 00 00 00 00 18 00 6D 74 2F  ec=..;.......mt/
00000340  63 74 72 2F 72 65 62 6F 6F 74 2D 63 6F 75 6E 74  ctr/reboot-count
00000350  3D 3C 00 00 00 0D 00 6D 74 2F 67 2F 67 63 63 3D  =<.....mt/g/gcc=
00000360  31 B7 B1 01 0D 00 6D 74 2F 67 2F 67 64 63 3D A5  1.....mt/g/gdc=.
00000370  07 A0 05 13 00 6D 74 2F 67 2F 69 6D 2F 65 63 3D  .....mt/g/im/ec=
00000380  00 00 3C 00 00 00 00 00 18 00 6D 74 2F 63 74 72  ..<.......mt/ctr
00000390  2F 72 65 62 6F 6F 74 2D 63 6F 75 6E 74 3D 3D 00  /reboot-count==.
000003A0  00 00 0D 00 6D 74 2F 67 2F 67 63 63 3D 19 BB B1  ....mt/g/gcc=...
000003B0  01 0D 00 6D 74 2F 67 2F 67 64 63 3D 8D 0B A0 05  ...mt/g/gdc=....
000003C0  13 00 6D 74 2F 67 2F 69 6D 2F 65 63 3D 00 00 3D  ..mt/g/im/ec=..=
000003D0  00 00 00 00 00                                   .....
