### fs read /lfs/settings 16384 0
fs read /lfs/settings 16384 0
File size: 3578
00000000  21 00 6D 74 2F 63 66 67 2F 75 6E 69 71 75 65 2D  !.mt/cfg/unique-
00000010  69 64 3D 37 39 31 37 30 37 39 43 44 31 37 37 36  id=7917079CD1776
00000020  41 36 30 12 00 6D 74 2F 67 2F 6C 6B 67 74 3D 15  A60..mt/g/lkgt=.
00000030  26 00 80 A8 BC 2C 18 22 00 2F 73 65 74 74 69 6E  &....,."./settin
00000040  67 73 2F 72 65 6C 61 79 73 2F 64 65 66 61 75 6C  gs/relays/defaul
00000050  74 2F 65 6E 61 62 6C 65 64 3D 01 1C 00 2F 73 65  t/enabled=.../se
00000060  74 74 69 6E 67 73 2F 72 65 6C 61 79 73 2F 64 65  ttings/relays/de
00000070  66 61 75 6C 74 2F 31 3D 01 1C 00 2F 73 65 74 74  fault/1=.../sett
00000080  69 6E 67 73 2F 72 65 6C 61 79 73 2F 64 65 66 61  ings/relays/defa
00000090  75 6C 74 2F 32 3D 00 1C 00 2F 73 65 74 74 69 6E  ult/2=.../settin
000000A0  67 73 2F 72 65 6C 61 79 73 2F 64 65 66 61 75 6C  gs/relays/defaul
000000B0  74 2F 33 3D 01 1C 00 2F 73 65 74 74 69 6E 67 73  t/3=.../settings
000000C0  2F 72 65 6C 61 79 73 2F 64 65 66 61 75 6C 74 2F  /relays/default/
000000D0  34 3D 00 54 00 72 65 67 2F 61 75 74 68 2F 61 64  4=.T.reg/auth/ad
000000E0  6D 69 6E 5F 76 65 72 69 66 69 65 72 3D 43 57 41  min_verifier=CWA
000000F0  31 01 00 00 00 B8 0B 00 00 60 E8 B5 7C 0F E5 05  1........`..|...
00000100  A1 95 B3 F7 0B 83 82 09 BB E0 3E AB AC 5D CE ED  ..........>..]..
00000110  F1 65 45 9F 16 57 32 EE 1C 82 4D 09 7E 27 23 BD  .eE..W2...M.~'#.
00000120  B5 EA C3 78 E6 B6 09 4C 09 1F 00 6D 74 2F 63 66  ...x...L...mt/cf
00000130  67 2F 72 65 67 75 6C 61 74 6F 72 79 2D 6C 6F 63  g/regulatory-loc
00000140  61 74 69 6F 6E 3D 00 00 00 00 16 00 6D 74 2F 63  ation=......mt/c
00000150  66 67 2F 63 6F 75 6E 74 72 79 2D 63 6F 64 65 3D  fg/country-code=
00000160  58 58 12 00 6D 74 2F 67 2F 66 69 64 78 3D 15 24  XX..mt/g/fidx=.$
00000170  00 03 36 01 18 18 0B 00 6D 74 2F 67 2F 73 72 69  ..6.....mt/g/sri
00000180  3D 16 18 11 00 6D 74 2F 67 2F 67 66 6C 3D 15 24  =....mt/g/gfl=.$
00000190  01 00 24 02 00 18 0D 00 6D 74 2F 67 2F 67 64 63  ..$.....mt/g/gdc
000001A0  3D 35 F0 9F 05 13 00 6D 74 2F 67 2F 69 6D 2F 65  =5.....mt/g/im/e
000001B0  63 3D 00 00 36 00 00 00 00 00 18 00 6D 74 2F 63  c=..6.......mt/c
000001C0  74 72 2F 72 65 62 6F 6F 74 2D 63 6F 75 6E 74 3D  tr/reboot-count=
000001D0  37 00 00 00 0D 00 6D 74 2F 67 2F 67 63 63 3D A9  7.....mt/g/gcc=.
000001E0  A3 B1 01 0D 00 6D 74 2F 67 2F 67 64 63 3D 1D F4  .....mt/g/gdc=..
000001F0  9F 05 13 00 6D 74 2F 67 2F 69 6D 2F 65 63 3D 00  ....mt/g/im/ec=.
00000200  00 37 00 00 00 00 00 18 00 6D 74 2F 63 74 72 2F  .7.......mt/ctr/
00000210  72 65 62 6F 6F 74 2D 63 6F 75 6E 74 3D 38 00 00  reboot-count=8..
00000220  00 0D 00 6D 74 2F 67 2F 67 63 63 3D 91 A7 B1 01  ...mt/g/gcc=....
00000230  0D 00 6D 74 2F 67 2F 67 64 63 3D 05 F8 9F 05 13  ..mt/g/gdc=.....
00000240  00 6D 74 2F 67 2F 69 6D 2F 65 63 3D 00 00 38 00  .mt/g/im/ec=..8.
00000250  00 00 00 00 18 00 6D 74 2F 63 74 72 2F 72 65 62  ......mt/ctr/reb
00000260  6F 6F 74 2D 63 6F 75 6E 74 3D 39 00 00 00 0D 00  oot-count=9.....
00000270  6D 74 2F 67 2F 67 63 63 3D 79 AB B1 01 0D 00 6D  mt/g/gcc=y.....m
00000280  74 2F 67 2F 67 64 63 3D ED FB 9F 05 13 00 6D 74  t/g/gdc=......mt
00000290  2F 67 2F 69 6D 2F 65 63 3D 00 00 39 00 00 00 00  /g/im/ec=..9....
000002A0  00 18 00 6D 74 2F 63 74 72 2F 72 65 62 6F 6F 74  ...mt/ctr/reboot
000002B0  2D 63 6F 75 6E 74 3D 3A 00 00 00 0D 00 6D 74 2F  -count=:.....mt/
000002C0  67 2F 67 63 63 3D 61 AF B1 01 0D 00 6D 74 2F 67  g/gcc=a.....mt/g
000002D0  2F 67 64 63 3D D5 FF 9F 05 13 00 6D 74 2F 67 2F  /gdc=......mt/g/
000002E0  69 6D 2F 65 63 3D 00 00 3A 00 00 00 00 00 18 00  im/ec=..:.......
000002F0  6D 74 2F 63 74 72 2F 72 65 62 6F 6F 74 2D 63 6F  mt/ctr/reboot-co
00000300  75 6E 74 3D 3B 00 00 00 0D 00 6D 74 2F 67 2F 67  unt=;.....mt/g/g
00000310  63 63 3D 49 B3 B1 01 0D 00 6D 74 2F 67 2F 67 64  cc=I.....mt/g/gd
00000320  63 3D BD 03 A0 05 13 00 6D 74 2F 67 2F 69 6D 2F  c=......mt/g/im/
00000330  65 63 3D 00 00 3B 00 00 00 00 00 18 00 6D 74 2F  ec=..;.......mt/
00000340  63 74 72 2F 72 65 62 6F 6F 74 2D 63 6F 75 6E 74  ctr/reboot-count
00000350  3D 3C 00 00 00 0D 00 6D 74 2F 67 2F 67 63 63 3D  =<.....mt/g/gcc=
00000360  31 B7 B1 01 0D 00 6D 74 2F 67 2F 67 64 63 3D A5  1.....mt/g/gdc=.
00000370  07 A0 05 13 00 6D 74 2F 67 2F 69 6D 2F 65 63 3D  .....mt/g/im/ec=
00000380  00 00 3C 00 00 00 00 00 18 00 6D 74 2F 63 74 72  ..<.......mt/ctr
00000390  2F 72 65 62 6F 6F 74 2D 63 6F 75 6E 74 3D 3D 00  /reboot-count==.
000003A0  00 00 0D 00 6D 74 2F 67 2F 67 63 63 3D 19 BB B1  ....mt/g/gcc=...
000003B0  01 0D 00 6D 74 2F 67 2F 67 64 63 3D 8D 0B A0 05  ...mt/g/gdc=....
000003C0  13 00 6D 74 2F 67 2F 69 6D 2F 65 63 3D 00 00 3D  ..mt/g/im/ec=..=
000003D0  00 00 00 00 00 6C 00 6D 74 2F 66 2F 33 2F 6B 2F  .....l.mt/f/3/k/
000003E0  30 3D 15 24 01 00 24 02 01 36 03 15 24 04 00 25  0=.$..$..6..$..%
000003F0  05 D6 F5 30 06 10 09 5B 0B 1C 14 F4 BB 4D 78 02  ...0...[.....Mx.
00000400  E7 30 58 93 95 76 18 15 24 04 00 24 05 00 30 06  .0X..v..$..$..0.
00000410  10 00 00 00 00 00 00 00 00 00 00 00 00 00 00 00  ................
00000420  00 18 15 24 04 00 24 05 00 30 06 10 00 00 00 00  ...$..$..0......
00000430  00 00 00 00 00 00 00 00 00 00 00 00 18 18 25 07  ..............%.
00000440  FF FF 18 11 00 6D 74 2F 67 2F 67 66 6C 3D 15 24  .....mt/g/gfl=.$
00000450  01 03 24 02 01 18 20 00 6D 74 2F 66 2F 33 2F 67  ..$... .mt/f/3/g
00000460  3D 15 24 01 00 24 02 00 24 03 00 24 04 00 24 05  =.$..$..$..$..$.
00000470  00 24 06 01 24 07 00 18 20 00 6D 74 2F 66 2F 33  .$..$... .mt/f/3
00000480  2F 61 63 2F 30 2F 30 3D 15 24 01 05 24 02 02 36  /ac/0/0=.$..$..6
00000490  03 06 69 B6 01 00 18 34 04 18 61 00 6D 74 2F 66  ..i....4..a.mt/f
000004A0  2F 33 2F 73 2F 30 30 30 30 30 30 30 30 30 30 30  /3/s/00000000000
000004B0  31 42 36 36 39 3D 15 30 03 10 93 50 A4 97 EA C3  1B669=.0...P....
000004C0  3D E0 A9 3E 83 6C FA 3F 93 05 30 04 20 CE BA D1  =..>.l.?..0. ...
000004D0  41 6F B2 DD 56 86 73 CE 53 C0 15 0F 5D BF 22 75  Ao..V.s.S...]."u
000004E0  85 57 21 15 C2 7B BC 53 61 2F 88 3A E7 30 05 0C  .W!..{.Sa/.:.0..
000004F0  00 00 00 00 00 00 00 00 00 00 00 00 18 2D 00 6D  .............-.m
00000500  74 2F 67 2F 73 2F 6B 31 43 6B 6C 2B 72 44 50 65  t/g/s/k1Ckl+rDPe
00000510  43 70 50 6F 4E 73 2B 6A 2B 54 42 51 5C 65 5C 65  CpPoNs+j+TBQ\e\e
00000520  3D 15 24 01 03 26 02 69 B6 01 00 18 16 00 6D 74  =.$..&.i......mt
00000530  2F 67 2F 73 72 69 3D 16 15 24 01 03 26 02 69 B6  /g/sri=..$..&.i.
00000540  01 00 18 18 11 00 6D 74 2F 67 2F 66 73 2F 63 3D  ......mt/g/fs/c=
00000550  15 24 00 03 29 01 18 12 00 6D 74 2F 66 2F 33 2F  .$..)....mt/f/3/
00000560  6D 3D 15 25 00 F1 FF 2C 01 00 18 72 00 6D 74 2F  m=.%...,...r.mt/
00000570  66 2F 33 2F 6F 3D 15 24 00 01 30 01 61 04 EC 0E  f/3/o=.$..0.a...
00000580  55 7E E0 C8 01 54 10 43 F1 2E B9 6A D0 B3 2A 36  U~...T.C...j..*6
00000590  E2 AC 05 74 96 6E 9E DA C5 82 FE 96 A3 06 9F 9A  ...t.n..........
000005A0  78 6C 8A 46 EC F1 36 D6 72 81 9B 10 54 7A CD 18  xl.F..6.r...Tz..
000005B0  5F D9 A9 9A 79 28 52 BD C2 71 DA 7B 0B 60 EE C5  _...y(R..q.{.`..
000005C0  C6 5D 05 EF 48 76 66 32 F1 B4 7B AF A6 F5 84 29  .]..Hvf2..{....)
000005D0  33 E1 76 B7 8F 34 96 2C CE 44 BB CF DD C6 18 FA  3.v..4.,.D......
000005E0  00 6D 74 2F 66 2F 33 2F 6E 3D 15 30 01 01 01 24  .mt/f/3/n=.0...$
000005F0  02 01 37 03 24 13 02 18 26 04 80 22 81 27 26 05  ..7.$...&..".'&.
00000600  80 25 4D 3A 37 06 24 15 01 24 11 15 18 24 07 01  .%M:7.$..$...$..
00000610  24 08 01 30 09 41 04 EC 0E 55 7E E0 C8 01 54 10  $..0.A...U~...T.
00000620  43 F1 2E B9 6A D0 B3 2A 36 E2 AC 05 74 96 6E 9E  C...j..*6...t.n.
00000630  DA C5 82 FE 96 A3 06 9F 9A 78 6C 8A 46 EC F1 36  .........xl.F..6
00000640  D6 72 81 9B 10 54 7A CD 18 5F D9 A9 9A 79 28 52  .r...Tz.._...y(R
00000650  BD C2 71 DA 7B 0B 60 37 0A 35 01 28 01 18 24 02  ..q.{.`7.5.(..$.
00000660  01 36 03 04 02 04 01 18 30 04 14 10 42 36 35 54  .6......0...B65T
00000670  B4 04 EE EF 0E 3B 65 3A BC 04 43 60 D3 2B 1C 30  .....;e:..C`.+.0
00000680  05 14 56 DA 3B 0F 49 36 CD 86 3B 93 AB 2E A8 64  ..V.;.I6..;....d
00000690  6A 68 2B 37 1E CA 18 30 0B 40 4D 64 FF 6A 22 26  jh+7...0.@Md.j"&
000006A0  3B 8D F2 82 F7 65 2C 9D 4B BA 3A C8 88 36 2D 30  ;....e,.K.:..6-0
000006B0  1A C7 BD 9F 7F CC 83 DB EB BF 68 1E 90 72 D6 50  .........h..r.P
000006C0  FB BA DE 02 EF B5 77 9E 14 28 22 03 73 0A 25 82  ......w..(".s.%.
000006D0  BC 73 56 B6 A2 82 26 3A F2 96 18 F0 00 6D 74 2F  .sV...&:.....mt/
000006E0  66 2F 33 2F 69 3D 15 30 01 01 01 24 02 01 37 03  f/3/i=.0...$..7.
000006F0  24 14 01 18 26 04 80 22 81 27 26 05 80 25 4D 3A  $...&..".'&..%M:
00000700  37 06 24 13 02 18 24 07 01 24 08 01 30 09 41 04  7.$...$..$..0.A.
00000710  C4 17 45 BA 54 D9 62 E8 87 CB F0 0D 33 DD BE 5E  ..E.T.b.....3..^
00000720  32 A3 76 ED 93 F1 A1 CF AE 06 47 A0 8F 76 1E B7  2.v.......G..v..
00000730  9B 6B 4F 0C 1F 1F 33 44 05 26 43 63 B8 00 19 03  .kO...3D.&Cc....
00000740  50 99 69 30 A1 AF 3F 95 B2 49 5C 40 5F BF 16 78  P.i0..?..I\@_..x
00000750  37 0A 35 01 29 01 18 24 02 60 30 04 14 56 DA 3B  7.5.)..$.`0..V.;
00000760  0F 49 36 CD 86 3B 93 AB 2E A8 64 6A 68 2B 37 1E  .I6..;....djh+7.
00000770  CA 30 05 14 61 40 4A BF 70 49 F8 C2 2F 53 A7 F4  .0..a@J.pI../S..
00000780  47 0B CF 31 2E 78 31 77 18 30 0B 40 A1 97 DC 9D  G..1.x1w.0.@....
00000790  DB 29 F0 DC 94 BD 54 B2 93 DB 50 16 82 77 00 1D  .)....T...P..w..
000007A0  E0 78 5A 2C C5 6D D5 F1 C8 AB E5 38 A4 9D CE DE  .xZ,.m.....8....
000007B0  33 87 C3 67 79 4C 73 14 85 91 FC 24 54 FD 69 D9  3..gyLs....$T.i.
000007C0  09 F4 58 4D 5A 6E 1A 58 38 FE 4F BA 18 F0 00 6D  ..XMZn.X8.O....m
000007D0  74 2F 66 2F 33 2F 72 3D 15 30 01 01 01 24 02 01  t/f/3/r=.0...$..
000007E0  37 03 24 14 01 18 26 04 80 22 81 27 26 05 80 25  7.$...&..".'&..%
000007F0  4D 3A 37 06 24 14 01 18 24 07 01 24 08 01 30 09  M:7.$...$..$..0.
00000800  41 04 7E 8A 99 83 89 06 41 C5 55 37 07 84 0C 31  A.~.....A.U7...1
00000810  50 B7 07 85 6E 3F 8E 68 EE 3F 26 E2 A1 E8 E1 3E  P...n?.h.?&....>
00000820  DF FE 2D F5 2E CB D2 DC 4D AD 28 66 FB 7A 46 67  ..-.....M.(f.zFg
00000830  91 36 BB 4A 41 D1 EE C6 7B BB A2 BF 2B D4 AA 0F  .6.JA...{...+...
00000840  5B A9 37 0A 35 01 29 01 18 24 02 60 30 04 14 61  [.7.5.)..$.`0..a
00000850  40 4A BF 70 49 F8 C2 2F 53 A7 F4 47 0B CF 31 2E  @J.pI../S..G..1.
00000860  78 31 77 30 05 14 61 40 4A BF 70 49 F8 C2 2F 53  x1w0..a@J.pI../S
00000870  A7 F4 47 0B CF 31 2E 78 31 77 18 30 0B 40 E9 1D  ..G..1.x1w.0.@..
00000880  41 C3 2A 15 1C 1C 76 31 B5 BF C2 1D 5F 24 48 05  A.*...v1...._$H.
00000890  F9 55 D1 76 8A 8D 24 DB 15 9A 6A 65 27 7B 9C 7F  .U.v..$...je'{.
000008A0  09 9D 3F AD 8C E2 D3 39 05 41 41 89 03 7F 85 3F  ..?....9.AA...?
000008B0  2B 85 D7 D5 D0 3A 9C 9F FB 6A 83 53 40 FC 18 14  +....:...j.S@...
000008C0  00 6D 74 2F 67 2F 66 69 64 78 3D 15 24 00 04 36  .mt/g/fidx=.$..6
000008D0  01 04 03 18 18 0A 00 6D 74 2F 67 2F 66 73 2F 63  .......mt/g/fs/c
000008E0  3D 6C 00 6D 74 2F 66 2F 34 2F 6B 2F 30 3D 15 24  =l.mt/f/4/k/0=.$
000008F0  01 00 24 02 01 36 03 15 24 04 00 25 05 BF 52 30  ..$..6..$..%..R0
00000900  06 10 DE 1E E6 42 3F 6F B7 26 9C 32 56 D1 04 76  .....B?o.&.2V..v
00000910  87 7C 18 15 24 04 00 24 05 00 30 06 10 00 00 00  .|..$..$..0.....
00000920  00 00 00 00 00 00 00 00 00 00 00 00 00 18 15 24  ...............$
00000930  04 00 24 05 00 30 06 10 00 00 00 00 00 00 00 00  ..$..0..........
00000940  00 00 00 00 00 00 00 00 18 18 25 07 FF FF 18 11  ..........%.....
00000950  00 6D 74 2F 67 2F 67 66 6C 3D 15 24 01 04 24 02  .mt/g/gfl=.$..$.
00000960  02 18 20 00 6D 74 2F 66 2F 34 2F 67 3D 15 24 01  .. .mt/f/4/g=.$.
00000970  00 24 02 00 24 03 00 24 04 00 24 05 00 24 06 01  .$..$..$..$..$..
00000980  24 07 03 18 20 00 6D 74 2F 66 2F 34 2F 61 63 2F  $... .mt/f/4/ac/
00000990  30 2F 30 3D 15 24 01 05 24 02 02 36 03 06 69 B6  0/0=.$..$..6..i.
000009A0  01 00 18 34 04 18 61 00 6D 74 2F 66 2F 34 2F 73  ...4..a.mt/f/4/s
000009B0  2F 30 30 30 30 30 30 30 30 30 30 30 31 42 36 36  /000000000001B66
000009C0  39 3D 15 30 03 10 5C A1 0B 4B A4 69 74 60 F6 05  9=.0..\..K.it`..
000009D0  67 64 99 26 88 29 30 04 20 10 D6 61 6A 75 6E 62  gd.&.)0. ..ajunb
000009E0  C2 33 F4 D7 1C A4 C8 F1 17 28 9D 9C 51 BD E0 C0  .3.......(..Q...
000009F0  65 4A 09 E8 3C 84 33 E0 E2 30 05 0C 00 00 00 00  eJ..<.3..0......
00000A00  00 00 00 00 00 00 00 00 18 2D 00 6D 74 2F 67 2F  .........-.mt/g/
00000A10  73 2F 58 4B 45 4C 53 36 52 70 64 47 44 32 42 57  s/XKELS6RpdGD2BW
00000A20  64 6B 6D 53 61 49 4B 51 5C 65 5C 65 3D 15 24 01  dkmSaIKQ\e\e=.$.
00000A30  04 26 02 69 B6 01 00 18 21 00 6D 74 2F 67 2F 73  .&.i....!.mt/g/s
00000A40  72 69 3D 16 15 24 01 03 26 02 69 B6 01 00 18 15  ri=..$..&.i.....
00000A50  24 01 04 26 02 69 B6 01 00 18 18 11 00 6D 74 2F  $..&.i.......mt/
00000A60  67 2F 66 73 2F 63 3D 15 24 00 04 29 01 18 12 00  g/fs/c=.$..)....
00000A70  6D 74 2F 66 2F 34 2F 6D 3D 15 25 00 F1 FF 2C 01  mt/f/4/m=.%...,.
00000A80  00 18 72 00 6D 74 2F 66 2F 34 2F 6F 3D 15 24 00  ..r.mt/f/4/o=.$.
00000A90  01 30 01 61 04 06 C6 34 5C 57 7F F6 D7 64 C2 4D  .0.a...4\W..d.M
00000AA0  57 69 B0 6E 49 2F 90 E9 EC 18 16 5C E8 91 6F 87  Wi.nI/.....\..o.
00000AB0  12 B5 9B D5 22 7F D5 B0 1C 88 0C C1 55 9D 7E 66  ...."......U.~f
00000AC0  1F C2 67 AF 16 12 D4 70 E3 B1 44 04 78 F7 4C A3  ..g....p..D.x.L.
00000AD0  5D 26 9F 90 5E F5 A4 FA 83 62 42 4B 54 55 99 F6  ]&..^....bBKTU..
00000AE0  9F 6E 0B 4A 91 4E 3A AC 2A 85 D4 F0 5E 98 32 67  .n.J.N:.*...^.2g
00000AF0  EA 8D 89 D7 24 18 FA 00 6D 74 2F 66 2F 34 2F 6E  ....$...mt/f/4/n
00000B00  3D 15 30 01 01 01 24 02 01 37 03 24 13 02 18 26  =.0...$..7.$...&
00000B10  04 80 22 81 27 26 05 80 25 4D 3A 37 06 24 15 02  ..".'&..%M:7.$..
00000B20  24 11 16 18 24 07 01 24 08 01 30 09 41 04 06 C6  $...$..$..0.A...
00000B30  34 5C 57 7F F6 D7 64 C2 4D 57 69 B0 6E 49 2F 90  4\W..d.MWi.nI/.
00000B40  E9 EC 18 16 5C E8 91 6F 87 12 B5 9B D5 22 7F D5  ....\..o.....".
00000B50  B0 1C 88 0C C1 55 9D 7E 66 1F C2 67 AF 16 12 D4  .....U.~f..g....
00000B60  70 E3 B1 44 04 78 F7 4C A3 5D 26 9F 90 5E 37 0A  p..D.x.L.]&..^7.
00000B70  35 01 28 01 18 24 02 01 36 03 04 02 04 01 18 30  5.(..$..6......0
00000B80  04 14 8E 3A F7 DD 9E 92 DA 7B F5 FA D5 C1 68 CC  ...:.....{....h.
00000B90  40 5E B9 CD CA 8D 30 05 14 27 89 CD 76 57 74 F5  @^....0..'..vWt.
00000BA0  CC A1 6B 33 9D 3C C5 8F CB F1 12 26 68 18 30 0B  ..k3.<.....&h.0.
00000BB0  40 FE 3A 55 0A CA 69 02 BD 95 2A 54 46 4C 31 36  @.:U..i...*TFL16
00000BC0  B6 DC 94 E9 22 E6 73 13 8C 3F 75 C3 1F 79 10 0B  ....".s..?u..y..
00000BD0  AC 52 5E 13 89 9D EB 04 28 13 08 08 76 58 21 40  .R^.....(...vX!@
00000BE0  81 CA F3 F0 DF BA 39 7D 35 14 18 BD 4F 79 26 9F  ......9}5...Oy&.
00000BF0  82 18 F0 00 6D 74 2F 66 2F 34 2F 69 3D 15 30 01  ....mt/f/4/i=.0.
00000C00  01 01 24 02 01 37 03 24 14 01 18 26 04 80 22 81  ..$..7.$...&..".
00000C10  27 26 05 80 25 4D 3A 37 06 24 13 02 18 24 07 01  '&..%M:7.$...$..
00000C20  24 08 01 30 09 41 04 FD B0 DD 89 B0 BD 73 10 B9  $..0.A.......s..
00000C30  D9 12 71 85 FA 35 62 6C 41 91 F4 91 13 80 E9 E6  ..q..5blA.......
00000C40  04 29 CB 4C 52 6F AB DE 24 A5 A0 B3 0F AF D2 3B  .).LRo..$......;
00000C50  5E C5 B7 0B 07 00 22 73 F1 06 B8 E5 36 A0 81 72  ^....."s....6..r
00000C60  51 22 97 38 6E 68 9C 37 0A 35 01 29 01 18 24 02  Q".8nh.7.5.)..$.
00000C70  60 30 04 14 27 89 CD 76 57 74 F5 CC A1 6B 33 9D  `0..'..vWt...k3.
00000C80  3C C5 8F CB F1 12 26 68 30 05 14 15 AB 0E A6 1F  <.....&h0.......
00000C90  96 DF 7C C8 52 77 C0 9D C6 F9 39 4D 46 0F D9 18  ..|.Rw....9MF...
00000CA0  30 0B 40 3E A5 62 5D E0 98 4D 2E D1 89 54 74 0E  0.@>.b]..M...Tt.
00000CB0  4D 5F 46 0B 7F 08 8E 13 A0 C4 67 3B A4 8C 4C 09  M_F......g;..L.
00000CC0  8E 7A B9 99 B2 50 65 09 9A 6B 3F 85 73 F4 A0 47  .z...Pe..k?.s..G
00000CD0  0F A7 B6 6A 03 D9 44 A6 0A 2D DB 0A EE 7E DB D6  ...j..D..-...~..
00000CE0  48 8B 9D 18 F0 00 6D 74 2F 66 2F 34 2F 72 3D 15  H.....mt/f/4/r=.
00000CF0  30 01 01 01 24 02 01 37 03 24 14 01 18 26 04 80  0...$..7.$...&..
00000D00  22 81 27 26 05 80 25 4D 3A 37 06 24 14 01 18 24  ".'&..%M:7.$...$
00000D10  07 01 24 08 01 30 09 41 04 E1 DC E5 75 EA 33 F3  ..$..0.A....u.3.
00000D20  09 C7 26 B3 93 5E A1 DA CA 29 8A C6 82 5F B7 CB  ..&..^...)..._..
00000D30  78 47 E0 7A D6 F2 81 D7 87 FB BA 87 11 B4 B1 7B  xG.z...........{
00000D40  E7 7C B4 15 C8 BF 9B 54 E1 FA 58 CA 9D 2C F3 2E  .|.....T..X..,..
00000D50  C0 EE 2B 8A 34 50 A4 40 6B 37 0A 35 01 29 01 18  ..+.4P.@k7.5.)..
00000D60  24 02 60 30 04 14 15 AB 0E A6 1F 96 DF 7C C8 52  $.`0.........|.R
00000D70  77 C0 9D C6 F9 39 4D 46 0F D9 30 05 14 15 AB 0E  w....9MF..0.....
00000D80  A6 1F 96 DF 7C C8 52 77 C0 9D C6 F9 39 4D 46 0F  ....|.Rw....9MF.
00000D90  D9 18 30 0B 40 DA 02 65 17 63 AB 20 70 14 FF 34  ..0.@..e.c. p..4
00000DA0  5A A2 7F C3 0B 2C 22 48 B1 38 AC E3 42 1C A1 E5  Z...,"H.8..B...
00000DB0  6B B7 5F 9F 7D E7 22 47 19 2B 43 05 95 DF 62 0B  k._.}."G.+C...b.
00000DC0  FD 28 91 88 17 0A 67 F7 0E 1A 02 48 E8 33 3A 3A  .(....g....H.3::
00000DD0  44 DB B1 A6 1F 18 16 00 6D 74 2F 67 2F 66 69 64  D.......mt/g/fid
00000DE0  78 3D 15 24 00 05 36 01 04 03 04 04 18 18 0A 00  x=.$..6.........
00000DF0  6D 74 2F 67 2F 66 73 2F 63 3D                    mt/g/fs/c=
### storage_bench 3
uart:~$ storage_bench 3
