I: Detected ESP-PSRAM64H (ID D 5D 46 A0 2F)
I: PSRAM initialised in QPI mode, 8192 KB
*** Using Zephyr OS build v4.4.0-12983-gb6a5e6e8aa90 ***
I: Starting bootloader
I: ICACHE alias: 0x02000000 -> 0x90000000 (4MB)
I: 0x90000000..0x9000001F:
I: 3d b8 f3 96 0 0 0 0 0 4 0 0 38 53 11 0
I: 0 0 0 0 0 0 0 0 0 0 0 0 0 0 0 0
I: Alias[0x02000000..0x0200001F]:
I: 3d b8 f3 96 0 0 0 0 0 4 0 0 38 53 11 0
I: 0 0 0 0 0 0 0 0 0 0 0 0 0 0 0 0
I: PSRAM 0x70000000..0x7000001F:
I: 4 f1 f 2 30 bb 1 70 64 d9 f 2 fc c 0 70
I: c8 d8 f 2 4c d9 f 2 0 0 0 0 e8 7c 10 2
I: PSRAM write/read: PASS
I: Primary image: magic=good, swap_type=0x4, copy_done=0x1, image_ok=0x1
I: Scratch: magic=bad, swap_type=0x1, copy_done=0x2, image_ok=0x2
I: Boot source: none
I: Image index: 0, Swap type: none
I: Bootloader chainload address offset: 0x0
I: Image version: v0.0.0
I: Jumping to the first image slot
[m
[1;32muart:~$ [m[8D[J[00:00:00.842,000] [0m<inf> esp_hosted_mcu_core: coprocessor priv event 34[0m
[1;32muart:~$ [m[8D[J[00:00:00.846,000] [0m<inf> esp_hosted_mcu_core: coprocessor firmware v3.0.6[0m
[1;32muart:~$ [m[8D[J[00:00:00.846,000] [1;31m<err> mb85rsxx: invalid device ID: 04 7F 03 02[0m
[1;32muart:~$ [m[8D[J[00:00:00.846,000] [1;31m<err> mb85rsxx: Failed to initialize device, RDID check failed (err -5)[0m
[1;32muart:~$ [m[8D[J[00:00:00.846,000] [0m<inf> eth_w5500: ETH_W5500: interrupt mode[0m
[1;32muart:~$ [m[8D[J[00:00:00.854,000] [0m<inf> eth_w5500: W5500 Initialized[0m
[1;32muart:~$ [m[8D[J[00:00:00.855,000] [0m<inf> spi_nor: SPI_FLASH: SFDP v 1.0 AP ff with 1 PH[0m
[1;32muart:~$ [m[8D[J[00:00:00.855,000] [0m<inf> spi_nor: PH0: ff00 rev 1.0: 9 DW @ 80[0m
[1;32muart:~$ [m[8D[J[00:00:00.855,000] [0m<inf> spi_nor: SPI_FLASH: 16 MiBy flash[0m
[1;32muart:~$ [m[8D[J[00:00:01.351,000] [1;31m<err> net_ethernet: Invalid MAC address for iface 1 (0x20002c90)[0m
[1;32muart:~$ [m[8D[J[00:00:01.351,000] [0m<inf> littlefs: LittleFS version 2.11, disk version 2.1[0m
[1;32muart:~$ [m[8D[J[00:00:01.352,000] [0m<inf> littlefs: FS at SPI_FLASH:0xa00000 is 1280 0x1000-byte blocks with 1024 cycle[0m
[1;32muart:~$ [m[8D[J[00:00:01.352,000] [0m<inf> littlefs: partition sizes: rd 256 ; pr 256 ; ca 2048 ; la 256[0m
[1;32muart:~$ [m[8D[J*** Booting Zephyr OS build v4.4.0-12983-gb6a5e6e8aa90 ***
[1;32muart:~$ [m[8D[J[00:00:01.419,000] [0m<inf> shell_telnet: Telnet shell backend initialized[0m
[1;32muart:~$ [m[8D[J[00:00:01.420,000] [0m<inf> main_app: Start main app (build: Sep 12 2026 21:56:16) version 8[0m
[1;32muart:~$ [m[8D[J[00:00:01.420,000] [0m<inf> main_app: PSRAM @0x701aa890: write/read 1024 words OK[0m
[1;32muart:~$ [m[8D[J[00:00:01.560,000] [0m<inf> settings_registry: 0 keys registered, 0 rejected[0m
[1;32muart:~$ [m[8D[J[00:00:01.560,000] [0m<inf> io: Start io init[0m
[1;32muart:~$ [m[8D[J[00:00:02.164,000] [0m<inf> net_init: EEPROM MAC: 80:34:28:10:12:73[0m
[1;32muart:~$ [m[8D[J[00:00:02.164,000] [0m<inf> eth_w5500: ETH_W5500 MAC set to 80:34:28:10:12:73[0m
[1;32muart:~$ [m[8D[J[00:00:02.164,000] [0m<inf> net_init: Network interface up with MAC 80:34:28:10:12:73[0m
[1;32muart:~$ [m[8D[J[00:00:02.171,000] [0m<inf> io: Start io outputs task[0m
[1;32muart:~$ [m[8D[J[1;32muart:~$ [m[8D[J[1;32muart:~$ [m[8D[J[00:00:03.851,000] [0m<inf> eth_w5500: ETH_W5500: Link speed 100 Mb, full duplex[0m
[1;32muart:~$ [m[8D[J[00:00:03.869,000] [0m<inf> matter: Net callback IPv6 got, start matter after 5 sec[0m
[1;32muart:~$ [m[8D[J[00:00:03.878,000] [1;33m<wrn> net_dhcpv4: DHCP server provided more DNS servers than can be saved[0m
[1;32muart:~$ [m[8D[J[00:00:03.892,000] [1;33m<wrn> net_dhcpv4: DHCP server provided more DNS servers than can be saved[0m
[1;32muart:~$ [m[8D[J[00:00:03.893,000] [0m<inf> net_dhcpv4: Received: 192.168.88.14[0m
[1;32muart:~$ [m[8D[J[1;32muart:~$ [m[8D[J[1;32muart:~$ [m[8D[J[00:00:08.874,000] [0m<inf> matter: Net callback IPv6 got, start matter after 5 sec[0m
[1;32muart:~$ [m[8D[J[00:00:08.874,000] [0m<inf> matter: Init CHIP stack[0m
[1;32muart:~$ [m[8D[J[1;32muart:~$ [m[8D[J[1;32muart:~$ [m[8D[J[00:00:09.961,000] [0m<inf> chip: [SVR]Initializing session resumption storage...[0m
[1;32muart:~$ [m[8D[J[00:00:09.963,000] [0m<inf> chip: [SVR]Server initializing...[0m
[1;32muart:~$ [m[8D[J[00:00:09.964,000] [0m<dbg> chip.LogV: [FP]Initializing FabricTable from persistent storage[0m
[1;32muart:~$ [m[8D[J[00:00:10.251,000] [0m<inf> chip: [TS]Last Known Good Time: 2023-10-14T01:16:48[0m
[1;32muart:~$ [m[8D[J[00:00:10.800,000] [0m<inf> chip: [DMG]AccessControl: initializing[0m
[1;32muart:~$ [m[8D[J[00:00:10.800,000] [0m<inf> chip: [DMG]Examples::AccessControlDelegate::Init[0m
[1;32muart:~$ [m[8D[J[00:00:10.801,000] [0m<inf> chip: [DMG]AccessControl: setting[0m
[1;32muart:~$ [m[8D[J[00:00:10.802,000] [0m<inf> chip: [DMG]DefaultAclStorage: initializing[0m
[1;32muart:~$ [m[8D[J[00:00:10.802,000] [0m<inf> chip: [DMG]DefaultAclStorage: 0 entries loaded[0m
[1;32muart:~$ [m[8D[J[00:00:10.803,000] [0m<inf> chip: [SVR]WARNING: mTestEventTriggerDelegate is null[0m
[1;32muart:~$ [m[8D[J[00:00:10.836,000] [0m<dbg> chip.LogV: [IN]UDP::Init bind&listen port=5540[0m
[1;32muart:~$ [m[8D[J[1;32muart:~$ [m[8D[J[1;32muart:~$ [m[8D[J[00:00:10.873,000] [0m<dbg> chip.LogV: [IN]UDP::Init bound to port=5540[0m
[1;32muart:~$ [m[8D[J[00:00:10.878,000] [0m<dbg> chip.LogV: [IN]TransportMgr initialized[0m
[1;32muart:~$ [m[8D[J[1;32muart:~$ [m[8D[J[1;32muart:~$ [m[8D[J[00:00:12.526,000] [0m<inf> chip: [ZCL]Using ZAP configuration...[0m
[1;32muart:~$ [m[8D[J[00:00:12.815,000] [0m<dbg> chip.LogV: [DMG]Failed to read stored attribute (1, 0x0000_0006, 0x0000_0000: a0[0m
[1;32muart:~$ [m[8D[J[00:00:13.099,000] [0m<dbg> chip.LogV: [DMG]Failed to read stored attribute (1, 0x0000_0006, 0x0000_4003: a0[0m
[1;32muart:~$ [m[8D[J[00:00:13.384,000] [0m<dbg> chip.LogV: [DMG]Failed to read stored attribute (2, 0x0000_0006, 0x0000_0000: a0[0m
[1;32muart:~$ [m[8D[J[1;32muart:~$ [m[8D[J[1;32muart:~$ [m[8D[J[00:00:13.727,000] [0m<dbg> chip.LogV: [DMG]Failed to read stored attribute (2, 0x0000_0006, 0x0000_4003: a0[0m
[1;32muart:~$ [m[8D[J[00:00:13.874,000] [0m<inf> matter: Matter start work already submitted[0m
[1;32muart:~$ [m[8D[J[00:00:14.015,000] [0m<dbg> chip.LogV: [DMG]Failed to read stored attribute (3, 0x0000_0006, 0x0000_0000: a0[0m
[1;32muart:~$ [m[8D[J[00:00:14.300,000] [0m<dbg> chip.LogV: [DMG]Failed to read stored attribute (3, 0x0000_0006, 0x0000_4003: a0[0m
[1;32muart:~$ [m[8D[J[00:00:14.584,000] [0m<dbg> chip.LogV: [DMG]Failed to read stored attribute (4, 0x0000_0006, 0x0000_0000: a0[0m
[1;32muart:~$ [m[8D[J[1;32muart:~$ [m[8D[J[1;32muart:~$ [m[8D[J[00:00:14.937,000] [0m<dbg> chip.LogV: [DMG]Failed to read stored attribute (4, 0x0000_0006, 0x0000_4003: a0[0m
[1;32muart:~$ [m[8D[J[00:00:14.943,000] [0m<dbg> chip.LogV: [DL]Boot reason: 1[0m
[1;32muart:~$ [m[8D[J[00:00:14.947,000] [0m<inf> chip: [ZCL]Boot reason: 1[0m
[1;32muart:~$ [m[8D[J[00:00:14.947,000] [0m<inf> chip: [ZCL]Endpoint 1 On/off already set to new value[0m
[1;32muart:~$ [m[8D[J[00:00:14.949,000] [0m<inf> chip: [ZCL]Boot reason: 1[0m
[1;32muart:~$ [m[8D[J[00:00:14.950,000] [0m<inf> chip: [ZCL]Endpoint 2 On/off already set to new value[0m
[1;32muart:~$ [m[8D[J[00:00:14.952,000] [0m<inf> chip: [ZCL]Boot reason: 1[0m
[1;32muart:~$ [m[8D[J[00:00:14.952,000] [0m<inf> chip: [ZCL]Endpoint 3 On/off already set to new value[0m
[1;32muart:~$ [m[8D[J[00:00:14.954,000] [0m<inf> chip: [ZCL]Boot reason: 1[0m
[1;32muart:~$ [m[8D[J[00:00:14.955,000] [0m<inf> chip: [ZCL]Endpoint 4 On/off already set to new value[0m
[1;32muart:~$ [m[8D[J[1;32muart:~$ [m[8D[J[1;32muart:~$ [m[8D[J[00:00:15.079,000] [0m<dbg> chip.LogV: [EVL]LogEvent event number: 0x00000000000F0000 priority: 2, endpoint id:  0x0 cluster id: 0x0000_0033 event id: 0x3 Sys timestamp: 0x00000000000013F9[0m
[1;32muart:~$ [m[8D[J[00:00:15.654,000] [0m<inf> chip: [DMG]AccessControlCluster: initializing[0m
[1;32muart:~$ [m[8D[J[00:00:15.656,000] [0m<inf> chip: [DIS]Updating services using commissioning mode 0[0m
[1;32muart:~$ [m[8D[J[00:00:15.657,000] [1;31m<err> chip: [DIS]DNS-SD advertising not available. DNS-SD init disabled.[0m
[1;32muart:~$ [m[8D[J[00:00:15.658,000] [1;31m<err> chip: [DIS]Failed to initialize advertiser: 2d[0m
[1;32muart:~$ [m[8D[J[00:00:15.658,000] [1;31m<err> chip: [DIS]DNS-SD advertising not available. Removing services failed.[0m
[1;32muart:~$ [m[8D[J[00:00:15.659,000] [1;31m<err> chip: [DIS]Failed to remove advertised services: 2d[0m
[1;32muart:~$ [m[8D[J[00:00:15.659,000] [1;31m<err> chip: [DIS]DNS-SD advertising not available. Finalizing service update failed.[0m
[1;32muart:~$ [m[8D[J[00:00:15.660,000] [1;31m<err> chip: [DIS]Failed to finalize service update: 2d[0m
[1;32muart:~$ [m[8D[J[00:00:15.661,000] [0m<inf> chip: [IN]CASE Server enabling CASE session setups[0m
[1;32muart:~$ [m[8D[J[00:00:15.695,000] [0m<dbg> chip.LogV: [IN]SecureSession[0x70001540]: Allocated Type:2 LSID:11392[0m
[1;32muart:~$ [m[8D[J[00:00:15.703,000] [0m<dbg> chip.LogV: [SC]Allocated SecureSession (0x70001540) - waiting for Sigma1 msg[0m
[1;32muart:~$ [m[8D[J[00:00:15.707,000] [0m<inf> chip: [SVR]Joining Multicast groups[0m
[1;32muart:~$ [m[8D[J[00:00:15.716,000] [0m<dbg> chip.LogV: [ZCL]Emitting StartUp event[0m
[1;32muart:~$ [m[8D[J[00:00:15.757,000] [0m<dbg> chip.LogV: [EVL]LogEvent event number: 0x00000000000F0001 priority: 2, endpoint id:  0x0 cluster id: 0x0000_0028 event id: 0x0 Sys timestamp: 0x000000000000167B[0m
[1;32muart:~$ [m[8D[J[00:00:15.766,000] [0m<inf> chip: [SVR]Server initialization complete[0m
[1;32muart:~$ [m[8D[J[00:00:15.771,000] [0m<inf> chip: [SVR]Server Listening...[0m
[1;32muart:~$ [m[8D[J[00:00:15.772,000] [0m<inf> matter: Matter stack initialized[0m
[1;32muart:~$ [m[8D[J[00:00:15.786,000] [0m<inf> matter: Matter event loop started[0m
[1;32muart:~$ [m[8D[J[00:00:15.787,000] [0m<inf> matter_event_loop: Init io_to_matter_stream[0m
[1;32muart:~$ [m[8D[J[00:00:15.790,000] [0m<inf> matter_event_loop: Start io_to_matter_stream[0m
[1;32muart:~$ [m[8D[J[00:00:15.794,000] [0m<inf> chip: [DL]CHIP task running[0m
[1;32muart:~$ [m[8D[J[1;32muart:~$ [m[8D[J[1;32muart:~$ [mkernel uptime
Uptime: 27441 ms
[1;32muart:~$ [mnet iface
Hostname: zephyr000000000000
Default interface: 1


Interface eth0 (0x20002c90) (Ethernet) [1]
===================================
Link addr : 80:34:28:10:12:73
MTU       : 1500
Flags     : AUTO_START,IPv4,IPv6
Device    : ETH_W5500 (0x20de594)
Status    : oper=UP, admin=UP, carrier=ON
Ethernet capabilities supported:
	10 Mbits
	100 Mbits
Ethernet PHY device: ETH_W5500_phy (0x20de5b4)
Ethernet link speed: 100 Mbits full-duplex
IPv6 unicast addresses (max 2):
	fe80::8234:28ff:fe10:1273 autoconf preferred infinite
	fd27:e0cb:e5e8:8374:8234:28ff:fe10:1273 autoconf preferred
IPv6 multicast addresses (max 3):
	ff02::1
	ff02::1:ff10:1273
IPv6 prefixes (max 2):
	fd27:e0cb:e5e8:8374::/64
IPv6 hop limit           : 64
IPv6 base reachable time : 30000
IPv6 reachable time      : 44439
IPv6 retransmit timer    : 0
DHCPv6 state             : disabled
IPv4 unicast addresses (max 1):
	192.168.88.14/255.255.255.0 DHCP preferred
IPv4 multicast addresses (max 1):
	<none>
IPv4 gateway : 192.168.88.1
DHCPv4 lease time : 600
DHCPv4 renew time : 300
DHCPv4 server     : 192.168.88.1
DHCPv4 requested  : 192.168.88.14
DHCPv4 state      : bound
DHCPv4 attempts   : 1
DHCPv4 state      : bound

Interface wlan0 (0x20002dc8) (WiFi) [2]
===============================
[1;32mInterface is down.
[m[1;32muart:~$ [mwifi scan

Num  | SSID                             (len) | Chan (Band)   | RSSI | Security             | BSSID             | MFP     
1    | k2                               3     | 2    (2.4GHz) | -58  | WPA3-SAE-HNP         | D4:01:C3:A0:60:28 | Disable 
2    | dupamxixi_IoT                    14    | 6    (2.4GHz) | -60  | WPA2-PSK             | AA:AD:9F:3D:C3:04 | Disable 
3    | dupamxixi                        10    | 6    (2.4GHz) | -63  | WPA3-SAE-HNP         | A6:AD:9F:3D:C3:04 | Disable 
4    | Vivacom_FiberNet-769F            22    | 3    (2.4GHz) | -64  | WPA2-PSK             | 4E:D6:29:45:76:A8 | Disable 
5    | A1_580A                          8     | 3    (2.4GHz) | -65  | WPA2-PSK             | 64:85:05:82:58:09 | Disable 
6    | A1_732F                          8     | 6    (2.4GHz) | -65  | WPA2-PSK             | 70:54:F5:78:73:37 | Disable 
Scan request done
Scan requested
[1;32muart:~$ [m