[8D[J[00:00:48.896,000] [0m<inf> mcuboot_util: Image index: 0, Swap type: none[0m
[1;32muart:~$ [m[8D[J[1;32muart:~$ [m[8D[J[00:00:50.241,000] [0m<inf> mcuboot_util: Image index: 0, Swap type: none[0m
[1;32muart:~$ [m[8D[J[1;32muart:~$ [m[8D[J[00:00:52.890,000] [0m<inf> mcuboot_util: Image index: 0, Swap type: none[0m
[1;32muart:~$ [m[8D[J[1;32muart:~$ [m[8D[J[00:00:54.727,000] [0m<inf> mcuboot_util: Image index: 0, Swap type: none[0m
[1;32muart:~$ [m[8D[J[1;32muart:~$ [m[8D[J[00:00:56.850,000] [0m<inf> mcuboot_util: Image index: 0, Swap type: none[0m
[1;32muart:~$ [m[8D[J[1;32muart:~$ [m[8D[J[00:00:59.340,000] [0m<inf> mcuboot_util: Image index: 0, Swap type: none[0m
[1;32muart:~$ [m[8D[J[1;32muart:~$ [m[8D[J[00:01:01.732,000] [0m<inf> mcuboot_util: Image index: 0, Swap type: none[0m
[1;32muart:~$ [m[8D[J[1;32muart:~$ [m[8D[J[00:01:04.925,000] [0m<inf> mcuboot_util: Image index: 0, Swap type: none[0m
[1;32muart:~$ [m[8D[J[1;32muart:~$ [m[8D[J[00:01:06.769,000] [0m<inf> mcuboot_util: Image index: 0, Swap type: none[0m
[1;32muart:~$ [m[8D[J[1;32muart:~$ [m[8D[J[00:01:08.885,000] [0m<inf> mcuboot_util: Image index: 0, Swap type: none[0m
[1;32muart:~$ [m[8D[J[1;32muart:~$ [m[8D[J[00:01:10.999,000] [0m<inf> mcuboot_util: Image index: 0, Swap type: none[0m
[1;32muart:~$ [m[8D[J[1;32muart:~$ [m[8D[J[00:01:13.114,000] [0m<inf> mcuboot_util: Image index: 0, Swap type: none[0m
[1;32muart:~$ [m[8D[J[1;32muart:~$ [m[8D[J[00:01:16.057,000] [0m<inf> mcuboot_util: Image index: 0, Swap type: none[0m
[1;32muart:~$ [m[8D[J[1;32muart:~$ [m[8D[J[00:01:17.889,000] [0m<inf> mcuboot_util: Image index: 0, Swap type: none[0m
[1;32muart:~$ [m[8D[J[1;32muart:~$ [m[8D[J[00:01:19.993,000] [0m<inf> mcuboot_util: Image index: 0, Swap type: none[0m
[1;32muart:~$ [m[8D[J[1;32muart:~$ [m[8D[J[00:01:22.102,000] [0m<inf> mcuboot_util: Image index: 0, Swap type: none[0m
[1;32muart:~$ [m[8D[J[1;32muart:~$ [m[8D[J[00:01:24.197,000] [0m<inf> mcuboot_util: Image index: 0, Swap type: none[0m
[1;32muart:~$ [m[8D[J[1;32muart:~$ [m[8D[J[00:01:27.143,000] [0m<inf> mcuboot_util: Image index: 0, Swap type: none[0m
[1;32muart:~$ [m[8D[J[1;32muart:~$ [m[8D[J[00:01:28.975,000] [0m<inf> mcuboot_util: Image index: 0, Swap type: none[0m
[1;32muart:~$ [m[8D[J[1;32muart:~$ [m[8D[J[00:01:31.076,000] [0m<inf> mcuboot_util: Image index: 0, Swap type: none[0m
[1;32muart:~$ [m[8D[J[1;32muart:~$ [m[8D[J[00:01:33.183,000] [0m<inf> mcuboot_util: Image index: 0, Swap type: none[0m
[1;32muart:~$ [m[8D[J[1;32muart:~$ [m[8D[J[00:01:35.287,000] [0m<inf> mcuboot_util: Image index: 0, Swap type: none[0m
[1;32muart:~$ [m[8D[J[1;32muart:~$ [m[8D[J[00:01:38.509,000] [0m<inf> mcuboot_util: Image index: 0, Swap type: none[0m
[1;32muart:~$ [m[8D[J[1;32muart:~$ [m[8D[J[00:01:40.349,000] [0m<inf> mcuboot_util: Image index: 0, Swap type: none[0m
[1;32muart:~$ [m[8D[J[1;32muart:~$ [m[8D[J[00:01:42.454,000] [0m<inf> mcuboot_util: Image index: 0, Swap type: none[0m
[1;32muart:~$ [m[8D[J[1;32muart:~$ [m[8D[J[00:01:44.565,000] [0m<inf> mcuboot_util: Image index: 0, Swap type: none[0m
[1;32muart:~$ [m[8D[J[1;32muart:~$ [m[8D[J[00:01:46.672,000] [0m<inf> mcuboot_util: Image index: 0, Swap type: none[0m
[1;32muart:~$ [m[8D[J[1;32muart:~$ [m[8D[J[00:01:49.605,000] [0m<inf> mcuboot_util: Image index: 0, Swap type: none[0m
[1;32muart:~$ [m[8D[J[1;32muart:~$ [m[8D[J[00:01:51.428,000] [0m<inf> mcuboot_util: Image index: 0, Swap type: none[0m
[1;32muart:~$ [m[8D[J[1;32muart:~$ [m[8D[J[00:01:53.536,000] [0m<inf> mcuboot_util: Image index: 0, Swap type: none[0m
[1;32muart:~$ [m[8D[J[1;32muart:~$ [m[8D[J[00:01:55.641,000] [0m<inf> mcuboot_util: Image index: 0, Swap type: none[0m
[1;32muart:~$ [m[8D[J[1;32muart:~$ [m[8D[J[00:01:57.753,000] [0m<inf> mcuboot_util: Image index: 0, Swap type: none[0m
[1;32muart:~$ [m[8D[J[1;32muart:~$ [m[8D[J[00:02:00.681,000] [0m<inf> mcuboot_util: Image index: 0, Swap type: none[0m
[1;32muart:~$ [m[8D[J[1;32muart:~$ [m[8D[J[00:02:02.515,000] [0m<inf> mcuboot_util: Image index: 0, Swap type: none[0m
[1;32muart:~$ [m[8D[J[1;32muart:~$ [m[8D[J[00:02:04.620,000] [0m<inf> mcuboot_util: Image index: 0, Swap type: none[0m
[1;32muart:~$ [m[8D[J[1;32muart:~$ [m[8D[J[00:02:06.727,000] [0m<inf> mcuboot_util: Image index: 0, Swap type: none[0m
[1;32muart:~$ [m[8D[J[1;32muart:~$ [m[8D[J[00:02:08.845,000] [0m<inf> mcuboot_util: Image index: 0, Swap type: none[0m
[1;32muart:~$ [m[8D[J[1;32muart:~$ [m[8D[J[00:02:12.046,000] [0m<inf> mcuboot_util: Image index: 0, Swap type: none[0m
[1;32muart:~$ [m[8D[J[1;32muart:~$ [m[8D[J[00:02:13.877,000] [0m<inf> mcuboot_util: Image index: 0, Swap type: none[0m
[1;32muart:~$ [m[8D[J[1;32muart:~$ [m[8D[J[00:02:15.990,000] [0m<inf> mcuboot_util: Image index: 0, Swap type: none[0m
[1;32muart:~$ [m[8D[J[1;32muart:~$ [m[8D[J[00:02:18.099,000] [0m<inf> mcuboot_util: Image index: 0, Swap type: none[0m
[1;32muart:~$ [m[8D[J[1;32muart:~$ [m[8D[J[00:02:20.212,000] [0m<inf> mcuboot_util: Image index: 0, Swap type: none[0m
[1;32muart:~$ [m[8D[J[1;32muart:~$ [m[8D[J[00:02:23.405,000] [0m<inf> mcuboot_util: Image index: 0, Swap type: none[0m
[1;32muart:~$ [m[8D[J[1;32muart:~$ [m[8D[J[00:02:25.236,000] [0m<inf> mcuboot_util: Image index: 0, Swap type: none[0m
[1;32muart:~$ [m[8D[J[1;32muart:~$ [m[8D[J[00:02:27.356,000] [0m<inf> mcuboot_util: Image index: 0, Swap type: none[0m
[1;32muart:~$ [m[8D[J[1;32muart:~$ [m[8D[J[00:02:29.467,000] [0m<inf> mcuboot_util: Image index: 0, Swap type: none[0m
[1;32muart:~$ [m[8D[J[1;32muart:~$ [m[8D[J[00:02:31.586,000] [0m<inf> mcuboot_util: Image index: 0, Swap type: none[0m
[1;32muart:~$ [m[8D[J[1;32muart:~$ [m[8D[J[00:02:34.512,000] [0m<inf> mcuboot_util: Image index: 0, Swap type: none[0m
[1;32muart:~$ [m[8D[J[1;32muart:~$ [m[8D[J[00:02:36.361,000] [0m<inf> mcuboot_util: Image index: 0, Swap type: none[0m
[1;32muart:~$ [m[8D[J[1;32muart:~$ [m[8D[J[00:02:38.481,000] [0m<inf> mcuboot_util: Image index: 0, Swap type: none[0m
[1;32muart:~$ [m[8D[J[1;32muart:~$ [m[8D[J[00:02:40.583,000] [0m<inf> mcuboot_util: Image index: 0, Swap type: none[0m
[1;32muart:~$ [m[8D[J[1;32muart:~$ [m[8D[J[00:02:42.701,000] [0m<inf> mcuboot_util: Image index: 0, Swap type: none[0m
[1;32muart:~$ [m[8D[J[1;32muart:~$ [m[8D[J[00:02:45.617,000] [0m<inf> mcuboot_util: Image index: 0, Swap type: none[0m
[1;32muart:~$ [m[8D[J[1;32muart:~$ [m[8D[J[00:02:47.463,000] [0m<inf> mcuboot_util: Image index: 0, Swap type: none[0m
[1;32muart:~$ [m[8D[J[1;32muart:~$ [m[8D[J[00:02:49.574,000] [0m<inf> mcuboot_util: Image index: 0, Swap type: none[0m
[1;32muart:~$ [m[8D[J[1;32muart:~$ [m[8D[J[00:02:51.674,000] [0m<inf> mcuboot_util: Image index: 0, Swap type: none[0m
[1;32muart:~$ [m[8D[J[1;32muart:~$ [m[8D[J[00:02:53.787,000] [0m<inf> mcuboot_util: Image index: 0, Swap type: none[0m
[1;32muart:~$ [m[8D[J[1;32muart:~$ [m[8D[J[00:02:56.990,000] [0m<inf> mcuboot_util: Image index: 0, Swap type: none[0m
[1;32muart:~$ [m[8D[J[1;32muart:~$ [m[8D[J[00:02:58.816,000] [0m<inf> mcuboot_util: Image index: 0, Swap type: none[0m
[1;32muart:~$ [m[8D[J[1;32muart:~$ [m[8D[J[00:03:00.927,000] [0m<inf> mcuboot_util: Image index: 0, Swap type: none[0m
[1;32muart:~$ [m[8D[J[1;32muart:~$ [m[8D[J[00:03:03.042,000] [0m<inf> mcuboot_util: Image index: 0, Swap type: none[0m
[1;32muart:~$ [m[8D[J[1;32muart:~$ [m[8D[J[00:03:05.152,000] [0m<inf> mcuboot_util: Image index: 0, Swap type: none[0m
[1;32muart:~$ [m[8D[J[1;32muart:~$ [m[8D[J[00:03:08.082,000] [0m<inf> mcuboot_util: Image index: 0, Swap type: none[0m
[1;32muart:~$ [m[8D[J[1;32muart:~$ [m[8D[J[00:03:09.914,000] [0m<inf> mcuboot_util: Image index: 0, Swap type: none[0m
[1;32muart:~$ [m[8D[J[1;32muart:~$ [m[8D[J[00:03:12.044,000] [0m<inf> mcuboot_util: Image index: 0, Swap type: none[0m
[1;32muart:~$ [m[8D[J[1;32muart:~$ [m[8D[J[00:03:14.185,000] [0m<inf> mcuboot_util: Image index: 0, Swap type: none[0m
[1;32muart:~$ [m[8D[J[1;32muart:~$ [m[8D[J[00:03:16.338,000] [0m<inf> mcuboot_util: Image index: 0, Swap type: none[0m
[1;32muart:~$ [m[8D[J[1;32muart:~$ [m[8D[J[00:03:19.598,000] [0m<inf> mcuboot_util: Image index: 0, Swap type: none[0m
[1;32muart:~$ [m[8D[J[1;32muart:~$ [m[8D[J[00:03:21.445,000] [0m<inf> mcuboot_util: Image index: 0, Swap type: none[0m
[1;32muart:~$ [m[8D[J[1;32muart:~$ [m[8D[J[00:03:23.553,000] [0m<inf> mcuboot_util: Image index: 0, Swap type: none[0m
[1;32muart:~$ [m[8D[J[1;32muart:~$ [m[8D[J[00:03:25.664,000] [0m<inf> mcuboot_util: Image index: 0, Swap type: none[0m
[1;32muart:~$ [m[8D[J[1;32muart:~$ [m[8D[J[00:03:27.777,000] [0m<inf> mcuboot_util: Image index: 0, Swap type: none[0m
[1;32muart:~$ [m[8D[J[1;32muart:~$ [m[8D[J[00:03:30.707,000] [0m<inf> mcuboot_util: Image index: 0, Swap type: none[0m
[1;32muart:~$ [m[8D[J[1;32muart:~$ [m[8D[J[00:03:32.541,000] [0m<inf> mcuboot_util: Image index: 0, Swap type: none[0m
[1;32muart:~$ [m[8D[J[1;32muart:~$ [m[8D[J[00:03:34.653,000] [0m<inf> mcuboot_util: Image index: 0, Swap type: none[0m
[1;32muart:~$ [m[8D[J[1;32muart:~$ [m[8D[J[00:03:36.759,000] [0m<inf> mcuboot_util: Image index: 0, Swap type: none[0m
[1;32muart:~$ [m[8D[J[1;32muart:~$ [m[8D[J[00:03:38.865,000] [0m<inf> mcuboot_util: Image index: 0, Swap type: none[0m
[1;32muart:~$ [m[8D[J[1;32muart:~$ [m[8D[J[00:03:41.801,000] [0m<inf> mcuboot_util: Image index: 0, Swap type: none[0m
[1;32muart:~$ [m[8D[J[1;32muart:~$ [m[8D[J[00:03:43.655,000] [0m<inf> mcuboot_util: Image index: 0, Swap type: none[0m
[1;32muart:~$ [m[8D[J[1;32muart:~$ [m[8D[J[00:03:45.785,000] [0m<inf> mcuboot_util: Image index: 0, Swap type: none[0m
[1;32muart:~$ [m[8D[J[1;32muart:~$ [m[8D[J[00:03:47.901,000] [0m<inf> mcuboot_util: Image index: 0, Swap type: none[0m
[1;32muart:~$ [m[8D[J[1;32muart:~$ [m[8D[J[00:03:50.026,000] [0m<inf> mcuboot_util: Image index: 0, Swap type: none[0m
[1;32muart:~$ [m[8D[J[1;32muart:~$ [m[8D[J[00:03:52.994,000] [0m<inf> mcuboot_util: Image index: 0, Swap type: none[0m
[1;32muart:~$ [m[8D[J[1;32muart:~$ [m[8D[J[00:03:54.837,000] [0m<inf> mcuboot_util: Image index: 0, Swap type: none[0m
[1;32muart:~$ [m[8D[J[1;32muart:~$ [m[8D[J[00:03:56.964,000] [0m<inf> mcuboot_util: Image index: 0, Swap type: none[0m
[1;32muart:~$ [m[8D[J[1;32muart:~$ [m[8D[J[00:03:59.100,000] [0m<inf> mcuboot_util: Image index: 0, Swap type: none[0m
[1;32muart:~$ [m[8D[J[1;32muart:~$ [m[8D[J[00:04:01.219,000] [0m<inf> mcuboot_util: Image index: 0, Swap type: none[0m
[1;32muart:~$ [m[8D[J[1;32muart:~$ [m[8D[J[00:04:04.188,000] [0m<inf> mcuboot_util: Image index: 0, Swap type: none[0m
[1;32muart:~$ [m[8D[J[1;32muart:~$ [m[8D[J[00:04:05.803,000] [0m<inf> mcuboot_util: Image index: 0, Swap type: none[0m
[1;32muart:~$ [m[8D[J[1;32muart:~$ [m[8D[J[00:05:41.127,000] [0m<inf> system_updater: update job_0000005a: preparing[0m
[1;32muart:~$ [m[8D[J[1;32muart:~$ [m[8D[J[00:05:41.670,000] [0m<inf> system_updater: update job_0000005a: requesting[0m
[1;32muart:~$ [m[8D[J[1;32muart:~$ [m[8D[J[00:05:42.311,000] [0m<inf> mcuboot_util: Image index: 0, Swap type: test[0m
[1;32muart:~$ [m[8D[J[1;32muart:~$ [m[8D[J[00:05:42.312,000] [0m<inf> system_updater: update job_0000005a: rebooting[0m
[1;32muart:~$ [m[8D[J[1;32muart:~$ [m[1B[9D[8D[J[8D[J[00:05:46.263,000] [0m<inf> system_updater: update job_0000005a: restarting into the swap[0m
[1;32muart:~$ [m[8D[J[8D[J[00:05:46.263,000] [1;33m<wrn> system_service: restarting for the MCUboot swap[0m
[1;32muart:~$ [mI: Detected ESP-PSRAM64H (ID D 5D 46 A0 2F)
I: PSRAM initialised in QPI mode, 8192 KB
*** Using Zephyr OS build v4.4.0-12983-gb6a5e6e8aa90 ***
I: Starting bootloader
I: ICACHE alias: 0x02000000 -> 0x90000000 (4MB)
I: 0x90000000..0x9000001F:
I: 3d b8 f3 96 0 0 0 0 0 4 0 0 28 c5 15 0
I: 0 0 0 0 1 0 1 0 0 0 0 0 0 0 0 0
I: Alias[0x02000000..0x0200001F]:
I: 3d b8 f3 96 0 0 0 0 0 4 0 0 28 c5 15 0
I: 0 0 0 0 1 0 1 0 0 0 0 0 0 0 0 0
I: PSRAM 0x70000000..0x7000001F:
I: 2c 7d 12 2 90 30 2 70 8c 65 12 2 fc 10 0 70
I: f0 64 12 2 74 65 12 2 0 0 0 0 f4 cd 14 2
I: PSRAM write/read: PASS
I: Primary image: magic=good, swap_type=0x2, copy_done=0x1, image_ok=0x1
I: Scratch: magic=bad, swap_type=0x1, copy_done=0x2, image_ok=0x2
I: Boot source: none
I: Image index: 0, Swap type: test
I: Starting swap using scratch algorithm.
[m
[1;32muart:~$ [mI: Bootloader chainload address offset: 0x0
I: Image version: v1.0.0
I: Jumping to the first image slot
[m
[1;32muart:~$ [m[8D[J[00:00:00.842,000] [0m<inf> esp_hosted_mcu_core: coprocessor priv event 34[0m
[1;32muart:~$ [m[8D[J[1;32muart:~$ [m[8D[J[00:00:00.845,000] [0m<inf> esp_hosted_mcu_core: coprocessor firmware v3.0.6[0m
[1;32muart:~$ [m[8D[J[1;32muart:~$ [m[8D[J[00:00:00.846,000] [1;31m<err> mb85rsxx: invalid device ID: 04 7F 03 02[0m
[1;32muart:~$ [m[8D[J[1;32muart:~$ [m[8D[J[00:00:00.846,000] [1;31m<err> mb85rsxx: Failed to initialize device, RDID check failed (err -5)[0m
[1;32muart:~$ [m[8D[J[1;32muart:~$ [m[8D[J[00:00:00.846,000] [0m<inf> eth_w5500: ETH_W5500: interrupt mode[0m
[1;32muart:~$ [m[8D[J[1;32muart:~$ [m[8D[J[00:00:00.854,000] [0m<inf> eth_w5500: W5500 Initialized[0m
[1;32muart:~$ [m[8D[J[1;32muart:~$ [m[8D[J[00:00:01.499,000] [1;31m<err> net_ethernet: Invalid MAC address for iface 1 (0x20005528)[0m
[1;32muart:~$ [m[8D[J[1;32muart:~$ [m[8D[J[00:00:01.499,000] [0m<inf> littlefs: LittleFS version 2.11, disk version 2.1[0m
[1;32muart:~$ [m[8D[J[1;32muart:~$ [m[8D[J[00:00:01.501,000] [0m<inf> littlefs: FS at SPI_FLASH:0xa00000 is 1280 0x1000-byte blocks with 1024 cycle[0m
[1;32muart:~$ [m[8D[J[1;32muart:~$ [m[8D[J[00:00:01.501,000] [0m<inf> littlefs: partition sizes: rd 256 ; pr 256 ; ca 2048 ; la 256[0m
[1;32muart:~$ [m[8D[J[1;32muart:~$ [m[8D[J*** Booting Zephyr OS build v4.4.0-12983-gb6a5e6e8aa90 ***
[1;32muart:~$ [m[8D[J[1;32muart:~$ [m[8D[J[00:00:01.603,000] [0m<inf> shell_telnet: Telnet shell backend initialized[0m
[1;32muart:~$ [m[8D[J[1;32muart:~$ [m[8D[J[00:00:01.604,000] [0m<inf> system_service: IWDG running, timeout 20000 ms[0m
[1;32muart:~$ [m[8D[J[1;32muart:~$ [m[8D[J[00:00:01.605,000] [0m<inf> main_app: Start main app (build: Sep 15 2026 18:31:04) version 8[0m
[1;32muart:~$ [m[8D[J[1;32muart:~$ [m[8D[J[00:00:01.605,000] [0m<inf> main_app: PSRAM @0x70286218: write/read 1024 words OK[0m
[1;32muart:~$ [m[8D[J[1;32muart:~$ [m[8D[J[00:00:01.605,000] [0m<inf> system_service: reset cause 0x00000003[0m
[1;32muart:~$ [m[8D[J[1;32muart:~$ [m[8D[J[00:00:01.606,000] [0m<inf> mcuboot_util: Image index: 0, Swap type: revert[0m
[1;32muart:~$ [m[8D[J[1;32muart:~$ [m[8D[J[00:00:01.606,000] [0m<inf> system_service: running image 1.0.0+0, 1427880 bytes, NOT confirmed, next swap type 4[0m
[1;32muart:~$ [m[8D[J[1;32muart:~$ [m[8D[J[00:00:01.674,000] [0m<inf> system_image_store: slot 2 no longer holds upload sysimg_9d44f702ab53a448, forgetting it[0m
[1;32muart:~$ [m[8D[J[1;32muart:~$ [m[8D[J[00:00:01.782,000] [0m<inf> system_updater: update job_0000005a: the new firmware runs, awaiting confirmation[0m
[1;32muart:~$ [m[8D[J[1;32muart:~$ [m[8D[J[00:00:01.783,000] [0m<inf> mcuboot_util: Image index: 0, Swap type: revert[0m
[1;32muart:~$ [m[8D[J[1;32muart:~$ [m[8D[J[00:00:01.783,000] [0m<inf> system_updater: the running image is not confirmed; it confirms itself in 1200 s[0m
[1;32muart:~$ [m[8D[J[1;32muart:~$ [m[8D[J[00:00:01.949,000] [0m<inf> settings_registry: 10 keys registered, 0 rejected[0m
[1;32muart:~$ [m[8D[J[1;32muart:~$ [m[8D[J[00:00:01.949,000] [0m<inf> io: Start io init[0m
[1;32muart:~$ [m[8D[J[1;32muart:~$ [m[8D[J[00:00:01.963,000] [1;31m<err> fs: failed to create directory (-17)[0m
[1;32muart:~$ [m[8D[J[1;32muart:~$ [m[8D[J[00:00:02.022,000] [1;31m<err> fs: file open error (-2)[0m
[1;32muart:~$ [m[8D[J[1;32muart:~$ [m[8D[J[00:00:02.048,000] [1;31m<err> fs: failed to unlink path (-2)[0m
[1;32muart:~$ [m[8D[J[1;32muart:~$ [m[8D[J[00:00:02.075,000] [1;31m<err> fs: file open error (-2)[0m
[1;32muart:~$ [m[8D[J[1;32muart:~$ [m[8D[J[00:00:02.078,000] [0m<inf> io: Start io outputs task[0m
[1;32muart:~$ [m[8D[J[1;32muart:~$ [m[8D[J[00:00:02.076,000] [0m<inf> net_init: EEPROM MAC: 80:34:28:10:12:73[0m
[1;32muart:~$ [m[8D[J[1;32muart:~$ [m[8D[J[00:00:02.076,000] [0m<inf> eth_w5500: ETH_W5500 MAC set to 80:34:28:10:12:73[0m
[1;32muart:~$ [m[8D[J[1;32muart:~$ [m[8D[J[00:00:02.076,000] [0m<inf> net_init: Network interface up with MAC 80:34:28:10:12:73[0m
[1;32muart:~$ [m[8D[J[1;32muart:~$ [m[8D[J[00:00:02.316,000] [0m<inf> device_config_store: no stored configuration, factory defaults in force[0m
[1;32muart:~$ [m[8D[J[1;32muart:~$ [m[8D[J[00:00:02.316,000] [0m<inf> network_service: network configuration revision 0: no stored configuration, factory defaults (237 ms)[0m
[1;32muart:~$ [m[8D[J[1;32muart:~$ [m[8D[J[00:00:02.316,000] [0m<inf> net_adapter: Ethernet found, Wi-Fi coprocessor ready[0m
[1;32muart:~$ [m[8D[J[1;32muart:~$ [m[8D[J[00:00:02.400,000] [0m<inf> eth_w5500: ETH_W5500: Link speed 100 Mb, full duplex[0m
[1;32muart:~$ [m[8D[J[1;32muart:~$ [m[8D[J[00:00:02.421,000] [0m<inf> matter: IPv6 address added, starting Matter[0m
[1;32muart:~$ [m[8D[J[1;32muart:~$ [m[8D[J[00:00:02.465,000] [0m<inf> network_service: boot 1 of 5 in a row shorter than 30 s[0m
[1;32muart:~$ [m[8D[J[1;32muart:~$ [m[8D[J[00:00:02.465,000] [0m<inf> network_service: worker stack: 4952 of 8192 bytes never used[0m
[1;32muart:~$ [m[8D[J[1;32muart:~$ [m[8D[J[00:00:02.549,000] [0m<inf> web_server: web interface cedar-2037394c3543501200550045, firmware 1.0.0+0 (built as 1.0.0+0, df852ea3a0fa-dirty), frontend 0.1.0+df852ea3a0fa-dirty, boot_6b18bc353fd7e3f3[0m
[1;32muart:~$ [m[8D[J[1;32muart:~$ [m[8D[J[00:00:02.554,000] [0m<inf> net_adapter: ethernet: DHCP[0m
[1;32muart:~$ [m[8D[J[1;32muart:~$ [m[8D[J[00:00:02.554,000] [0m<inf> net_adapter: wifi disabled[0m
[1;32muart:~$ [m[8D[J[1;32muart:~$ [m[8D[J[00:00:03.293,000] [0m<inf> matter: Init CHIP stack[0m
[1;32muart:~$ [m[8D[J[1;32muart:~$ [m[8D[J[00:00:03.488,000] [0m<inf> matter: IPv6 address added, starting Matter[0m
[1;32muart:~$ [m[8D[J[1;32muart:~$ [m[8D[J[00:00:03.489,000] [0m<inf> matter: Matter start work already submitted[0m
[1;32muart:~$ [m[8D[J[1;32muart:~$ [m[8D[J[00:00:04.187,000] [0m<inf> chip: [SVR]Initializing session resumption storage...[0m
[1;32muart:~$ [m[8D[J[1;32muart:~$ [m[8D[J[00:00:04.189,000] [0m<inf> chip: [SVR]Server initializing...[0m
[1;32muart:~$ [m[8D[J[1;32muart:~$ [m[8D[J[00:00:04.479,000] [0m<inf> chip: [TS]Last Known Good Time: 2023-10-14T01:16:48[0m
[1;32muart:~$ [m[8D[J[1;32muart:~$ [m[8D[J[00:00:04.885,000] [0m<inf> chip: [DMG]AccessControl: initializing[0m
[1;32muart:~$ [m[8D[J[1;32muart:~$ [m[8D[J[00:00:04.886,000] [0m<inf> chip: [DMG]Examples::AccessControlDelegate::Init[0m
[1;32muart:~$ [m[8D[J[1;32muart:~$ [m[8D[J[00:00:04.886,000] [0m<inf> chip: [DMG]AccessControl: setting[0m
[1;32muart:~$ [m[8D[J[1;32muart:~$ [m[8D[J[00:00:04.887,000] [0m<inf> chip: [DMG]DefaultAclStorage: initializing[0m
[1;32muart:~$ [m[8D[J[1;32muart:~$ [m[8D[J[00:00:04.888,000] [0m<inf> chip: [DMG]DefaultAclStorage: 0 entries loaded[0m
[1;32muart:~$ [m[8D[J[1;32muart:~$ [m[8D[J[00:00:04.888,000] [0m<inf> chip: [SVR]WARNING: mTestEventTriggerDelegate is null[0m
[1;32muart:~$ [m[8D[J[1;32muart:~$ [m[8D[J[00:00:07.222,000] [0m<inf> chip: [ZCL]Using ZAP configuration...[0m
[1;32muart:~$ [m[8D[J[1;32muart:~$ [m[8D[J[00:00:07.785,000] [0m<inf> chip: [ZCL]Boot reason: 1[0m
[1;32muart:~$ [m[8D[J[1;32muart:~$ [m[8D[J[00:00:07.787,000] [0m<inf> chip: [ZCL]Endpoint 1 On/off already set to new value[0m
[1;32muart:~$ [m[8D[J[1;32muart:~$ [m[8D[J[00:00:07.788,000] [0m<inf> chip: [ZCL]Boot reason: 1[0m
[1;32muart:~$ [m[8D[J[1;32muart:~$ [m[8D[J[00:00:07.789,000] [0m<inf> chip: [ZCL]Endpoint 2 On/off already set to new value[0m
[1;32muart:~$ [m[8D[J[1;32muart:~$ [m[8D[J[00:00:07.791,000] [0m<inf> chip: [ZCL]Boot reason: 1[0m
[1;32muart:~$ [m[8D[J[1;32muart:~$ [m[8D[J[00:00:07.792,000] [0m<inf> chip: [ZCL]Endpoint 3 On/off already set to new value[0m
[1;32muart:~$ [m[8D[J[1;32muart:~$ [m[8D[J[00:00:07.794,000] [0m<inf> chip: [ZCL]Boot reason: 1[0m
[1;32muart:~$ [m[8D[J[1;32muart:~$ [m[8D[J[00:00:07.794,000] [0m<inf> chip: [ZCL]Endpoint 4 On/off already set to new value[0m
[1;32muart:~$ [m[8D[J[1;32muart:~$ [m[8D[J[00:00:07.943,000] [0m<inf> chip: [DMG]AccessControlCluster: initializing[0m
[1;32muart:~$ [m[8D[J[1;32muart:~$ [m[8D[J[00:00:08.108,000] [0m<inf> chip: [DIS]Updating services using commissioning mode 0[0m
[1;32muart:~$ [m[8D[J[1;32muart:~$ [m[8D[J[00:00:08.115,000] [0m<inf> chip: [DIS]CHIP minimal mDNS started advertising.[0m
[1;32muart:~$ [m[8D[J[1;32muart:~$ [m[8D[J[00:00:08.118,000] [0m<inf> chip: [IN]CASE Server enabling CASE session setups[0m
[1;32muart:~$ [m[8D[J[1;32muart:~$ [m[8D[J[00:00:08.120,000] [0m<inf> chip: [SVR]Joining Multicast groups[0m
[1;32muart:~$ [m[8D[J[1;32muart:~$ [m[8D[J[00:00:08.122,000] [0m<inf> chip: [SVR]Server initialization complete[0m
[1;32muart:~$ [m[8D[J[1;32muart:~$ [m[8D[J[00:00:08.123,000] [0m<inf> chip: [SVR]Server Listening...[0m
[1;32muart:~$ [m[8D[J[1;32muart:~$ [m[8D[J[00:00:08.123,000] [0m<inf> matter: Matter stack initialized[0m
[1;32muart:~$ [m[8D[J[1;32muart:~$ [m[8D[J[00:00:08.125,000] [0m<inf> matter: Matter event loop started[0m
[1;32muart:~$ [m[8D[J[1;32muart:~$ [m[8D[J[00:00:08.125,000] [0m<inf> matter_event_loop: Init io_to_matter_stream[0m
[1;32muart:~$ [m[8D[J[1;32muart:~$ [m[8D[J[00:00:08.126,000] [0m<inf> matter_event_loop: Start io_to_matter_stream[0m
[1;32muart:~$ [m[8D[J[1;32muart:~$ [m[8D[J[00:00:08.293,000] [0m<inf> chip: [DL]CHIP task running[0m
[1;32muart:~$ [m[8D[J[1;32muart:~$ [m[8D[J[00:00:08.295,000] [0m<inf> chip: [DIS]Updating services using commissioning mode 0[0m
[1;32muart:~$ [m[8D[J[1;32muart:~$ [m[8D[J[00:00:08.300,000] [0m<inf> chip: [DIS]CHIP minimal mDNS started advertising.[0m
[1;32muart:~$ [m[8D[J[1;32muart:~$ [m[8D[J[00:00:08.453,000] [1;31m<err> chip: [DL]Long dispatch time: 150 ms, for event type 2[0m
[1;32muart:~$ [m[8D[J[1;32muart:~$ [m[8D[J[00:00:10.585,000] [0m<inf> net_dhcpv4: Received: 192.168.88.14[0m
[1;32muart:~$ [m[8D[J[1;32muart:~$ [m[8D[J[00:00:10.589,000] [0m<inf> network_manager: default route via ethernet[0m
[1;32muart:~$ [m[8D[J[1;32muart:~$ [mI: Detected ESP-PSRAM64H (ID D 5D 46 A0 2F)
I: PSRAM initialised in QPI mode, 8192 KB
*** Using Zephyr OS build v4.4.0-12983-gb6a5e6e8aa90 ***
I: Starting bootloader
I: ICACHE alias: 0x02000000 -> 0x90000000 (4MB)
I: 0x90000000..0x9000001F:
I: 3d b8 f3 96 0 0 0 0 0 4 0 0 80 c5 15 0
I: 0 0 0 0 1 0 0 0 0 0 0 0 0 0 0 0
I: Alias[0x02000000..0x0200001F]:
I: 3d b8 f3 96 0 0 0 0 0 4 0 0 80 c5 15 0
I: 0 0 0 0 1 0 0 0 0 0 0 0 0 0 0 0
I: PSRAM 0x70000000..0x7000001F:
I: 84 7d 12 2 90 30 2 70 e4 65 12 2 fc 10 0 70
I: 48 65 12 2 cc 65 12 2 0 0 0 0 4c ce 14 2
I: PSRAM write/read: PASS
I: Primary image: magic=good, swap_type=0x2, copy_done=0x1, image_ok=0x3
I: Scratch: magic=bad, swap_type=0x1, copy_done=0x2, image_ok=0x2
I: Boot source: none
I: Image index: 0, Swap type: revert
I: Starting swap using scratch algorithm.
[m
[1;32muart:~$ [mI: Bootloader chainload address offset: 0x0
I: Image version: v1.0.1
I: Jumping to the first image slot
[m
[1;32muart:~$ [m[8D[J[00:00:00.842,000] [0m<inf> esp_hosted_mcu_core: coprocessor priv event 34[0m
[1;32muart:~$ [m[8D[J[1;32muart:~$ [m[8D[J[00:00:00.845,000] [0m<inf> esp_hosted_mcu_core: coprocessor firmware v3.0.6[0m
[1;32muart:~$ [m[8D[J[1;32muart:~$ [m[8D[J[00:00:00.846,000] [1;31m<err> mb85rsxx: invalid device ID: 04 7F 03 02[0m
[1;32muart:~$ [m[8D[J[1;32muart:~$ [m[8D[J[00:00:00.846,000] [1;31m<err> mb85rsxx: Failed to initialize device, RDID check failed (err -5)[0m
[1;32muart:~$ [m[8D[J[1;32muart:~$ [m[8D[J[00:00:00.846,000] [0m<inf> eth_w5500: ETH_W5500: interrupt mode[0m
[1;32muart:~$ [m[8D[J[1;32muart:~$ [m[8D[J[00:00:00.854,000] [0m<inf> eth_w5500: W5500 Initialized[0m
[1;32muart:~$ [m[8D[J[1;32muart:~$ [m[8D[J[00:00:01.502,000] [1;31m<err> net_ethernet: Invalid MAC address for iface 1 (0x20005528)[0m
[1;32muart:~$ [m[8D[J[1;32muart:~$ [m[8D[J[00:00:01.502,000] [0m<inf> littlefs: LittleFS version 2.11, disk version 2.1[0m
[1;32muart:~$ [m[8D[J[1;32muart:~$ [m[8D[J[00:00:01.503,000] [0m<inf> littlefs: FS at SPI_FLASH:0xa00000 is 1280 0x1000-byte blocks with 1024 cycle[0m
[1;32muart:~$ [m[8D[J[1;32muart:~$ [m[8D[J[00:00:01.503,000] [0m<inf> littlefs: partition sizes: rd 256 ; pr 256 ; ca 2048 ; la 256[0m
[1;32muart:~$ [m[8D[J[1;32muart:~$ [m[8D[J*** Booting Zephyr OS build v4.4.0-12983-gb6a5e6e8aa90 ***
[1;32muart:~$ [m[8D[J[1;32muart:~$ [m[8D[J[00:00:01.821,000] [0m<inf> shell_telnet: Telnet shell backend initialized[0m
[1;32muart:~$ [m[8D[J[1;32muart:~$ [m[8D[J[00:00:01.823,000] [0m<inf> system_service: IWDG running, timeout 20000 ms[0m
[1;32muart:~$ [m[8D[J[1;32muart:~$ [m[8D[J[00:00:01.823,000] [0m<inf> main_app: Start main app (build: Sep 15 2026 18:22:07) version 8[0m
[1;32muart:~$ [m[8D[J[1;32muart:~$ [m[8D[J[00:00:01.824,000] [0m<inf> main_app: PSRAM @0x70286218: write/read 1024 words OK[0m
[1;32muart:~$ [m[8D[J[1;32muart:~$ [m[8D[J[00:00:01.824,000] [0m<inf> system_service: reset cause 0x00000003[0m
[1;32muart:~$ [m[8D[J[1;32muart:~$ [m[8D[J[00:00:01.825,000] [0m<inf> mcuboot_util: Image index: 0, Swap type: none[0m
[1;32muart:~$ [m[8D[J[1;32muart:~$ [m[8D[J[00:00:01.825,000] [0m<inf> system_service: running image 1.0.1+0, 1427792 bytes, confirmed, next swap type 1[0m
[1;32muart:~$ [m[8D[J[1;32muart:~$ [m[8D[J[00:00:01.849,000] [1;31m<err> fs: file open error (-2)[0m
[1;32muart:~$ [m[8D[J[1;32muart:~$ [m[8D[J[00:00:01.889,000] [0m<inf> system_updater: update job_0000005a: rolled_back[0m
[1;32muart:~$ [m[8D[J[1;32muart:~$ [m[8D[J[00:00:01.890,000] [0m<inf> mcuboot_util: Image index: 0, Swap type: none[0m
[1;32muart:~$ [m[8D[J[1;32muart:~$ [m[8D[J[00:00:02.017,000] [0m<inf> settings_registry: 10 keys registered, 0 rejected[0m
[1;32muart:~$ [m[8D[J[1;32muart:~$ [m[8D[J[00:00:02.018,000] [0m<inf> io: Start io init[0m
[1;32muart:~$ [m[8D[J[1;32muart:~$ [m[8D[J[00:00:02.027,000] [1;31m<err> fs: failed to create directory (-17)[0m
[1;32muart:~$ [m[8D[J[1;32muart:~$ [m[8D[J[00:00:02.064,000] [1;31m<err> fs: file open error (-2)[0m
[1;32muart:~$ [m[8D[J[1;32muart:~$ [m[8D[J[00:00:02.082,000] [1;31m<err> fs: failed to unlink path (-2)[0m
[1;32muart:~$ [m[8D[J[1;32muart:~$ [m[8D[J[00:00:02.101,000] [1;31m<err> fs: file open error (-2)[0m
[1;32muart:~$ [m[8D[J[1;32muart:~$ [m[8D[J[00:00:02.104,000] [0m<inf> io: Start io outputs task[0m
[1;32muart:~$ [m[8D[J[1;32muart:~$ [m[8D[J[00:00:02.102,000] [0m<inf> net_init: EEPROM MAC: 80:34:28:10:12:73[0m
[1;32muart:~$ [m[8D[J[1;32muart:~$ [m[8D[J[00:00:02.102,000] [0m<inf> eth_w5500: ETH_W5500 MAC set to 80:34:28:10:12:73[0m
[1;32muart:~$ [m[8D[J[1;32muart:~$ [m[8D[J[00:00:02.102,000] [0m<inf> net_init: Network interface up with MAC 80:34:28:10:12:73[0m
[1;32muart:~$ [m[8D[J[1;32muart:~$ [m[8D[J[00:00:02.179,000] [0m<inf> device_config_store: no stored configuration, factory defaults in force[0m
[1;32muart:~$ [m[8D[J[1;32muart:~$ [m[8D[J[00:00:02.180,000] [0m<inf> network_service: network configuration revision 0: no stored configuration, factory defaults (75 ms)[0m
[1;32muart:~$ [m[8D[J[1;32muart:~$ [m[8D[J[00:00:02.180,000] [0m<inf> net_adapter: Ethernet found, Wi-Fi coprocessor ready[0m
[1;32muart:~$ [m[8D[J[1;32muart:~$ [m[8D[J[00:00:02.204,000] [0m<inf> network_service: boot 2 of 5 in a row shorter than 30 s[0m
[1;32muart:~$ [m[8D[J[1;32muart:~$ [m[8D[J[00:00:02.205,000] [0m<inf> network_service: worker stack: 4952 of 8192 bytes never used[0m
[1;32muart:~$ [m[8D[J[1;32muart:~$ [m[8D[J[00:00:02.234,000] [0m<inf> web_server: web interface cedar-2037394c3543501200550045, firmware 1.0.0+0 (df852ea3a0fa-dirty), frontend 0.1.0+df852ea3a0fa-dirty, boot_2715ba36d65796a8[0m
[1;32muart:~$ [m[8D[J[1;32muart:~$ [m[8D[J[00:00:02.238,000] [0m<inf> net_adapter: ethernet: DHCP[0m
[1;32muart:~$ [m[8D[J[1;32muart:~$ [m[8D[J[00:00:02.238,000] [0m<inf> net_adapter: wifi disabled[0m
[1;32muart:~$ [m[8D[J[1;32muart:~$ [m[8D[J[00:00:04.002,000] [0m<inf> eth_w5500: ETH_W5500: Link speed 100 Mb, full duplex[0m
[1;32muart:~$ [m[8D[J[1;32muart:~$ [m[8D[J[00:00:04.022,000] [0m<inf> matter: IPv6 address added, starting Matter[0m
[1;32muart:~$ [m[8D[J[1;32muart:~$ [m[8D[J[00:00:04.053,000] [0m<inf> net_dhcpv4: Received: 192.168.88.14[0m
[1;32muart:~$ [m[8D[J[1;32muart:~$ [m[8D[J[00:00:04.058,000] [0m<inf> network_manager: default route via ethernet[0m
[1;32muart:~$ [m[8D[J[1;32muart:~$ [m[8D[J[00:00:04.060,000] [0m<inf> matter: Init CHIP stack[0m
[1;32muart:~$ [m[8D[J[1;32muart:~$ [m[8D[J[00:00:04.364,000] [0m<inf> chip: [SVR]Initializing session resumption storage...[0m
[1;32muart:~$ [m[8D[J[1;32muart:~$ [m[8D[J[00:00:04.365,000] [0m<inf> chip: [SVR]Server initializing...[0m
[1;32muart:~$ [m[8D[J[1;32muart:~$ [m[8D[J[00:00:04.476,000] [0m<inf> chip: [TS]Last Known Good Time: 2023-10-14T01:16:48[0m
[1;32muart:~$ [m[8D[J[1;32muart:~$ [m[8D[J[00:00:04.696,000] [0m<inf> chip: [DMG]AccessControl: initializing[0m
[1;32muart:~$ [m[8D[J[1;32muart:~$ [m[8D[J[00:00:04.696,000] [0m<inf> chip: [DMG]Examples::AccessControlDelegate::Init[0m
[1;32muart:~$ [m[8D[J[1;32muart:~$ [m[8D[J[00:00:04.881,000] [0m<inf> chip: [DMG]AccessControl: setting[0m
[1;32muart:~$ [m[8D[J[1;32muart:~$ [m[8D[J[00:00:04.882,000] [0m<inf> chip: [DMG]DefaultAclStorage: initializing[0m
[1;32muart:~$ [m[8D[J[1;32muart:~$ [m[8D[J[00:00:04.882,000] [0m<inf> chip: [DMG]DefaultAclStorage: 0 entries loaded[0m
[1;32muart:~$ [m[8D[J[1;32muart:~$ [m[8D[J[00:00:04.883,000] [0m<inf> chip: [SVR]WARNING: mTestEventTriggerDelegate is null[0m
[1;32muart:~$ [m[8D[J[1;32muart:~$ [m[8D[J[00:00:05.108,000] [0m<inf> matter: IPv6 address added, starting Matter[0m
[1;32muart:~$ [m[8D[J[1;32muart:~$ [m[8D[J[00:00:05.108,000] [0m<inf> matter: Matter start work already submitted[0m
[1;32muart:~$ [m[8D[J[1;32muart:~$ [m[8D[J[00:00:05.682,000] [0m<inf> chip: [ZCL]Using ZAP configuration...[0m
[1;32muart:~$ [m[8D[J[1;32muart:~$ [m[8D[J[00:00:06.770,000] [0m<inf> chip: [ZCL]Boot reason: 1[0m
[1;32muart:~$ [m[8D[J[1;32muart:~$ [m[8D[J[00:00:06.771,000] [0m<inf> chip: [ZCL]Endpoint 1 On/off already set to new value[0m
[1;32muart:~$ [m[8D[J[1;32muart:~$ [m[8D[J[00:00:06.772,000] [0m<inf> chip: [ZCL]Boot reason: 1[0m
[1;32muart:~$ [m[8D[J[1;32muart:~$ [m[8D[J[00:00:06.773,000] [0m<inf> chip: [ZCL]Endpoint 2 On/off already set to new value[0m
[1;32muart:~$ [m[8D[J[1;32muart:~$ [m[8D[J[00:00:06.775,000] [0m<inf> chip: [ZCL]Boot reason: 1[0m
[1;32muart:~$ [m[8D[J[1;32muart:~$ [m[8D[J[00:00:06.776,000] [0m<inf> chip: [ZCL]Endpoint 3 On/off already set to new value[0m
[1;32muart:~$ [m[8D[J[1;32muart:~$ [m[8D[J[00:00:06.777,000] [0m<inf> chip: [ZCL]Boot reason: 1[0m
[1;32muart:~$ [m[8D[J[1;32muart:~$ [m[8D[J[00:00:06.778,000] [0m<inf> chip: [ZCL]Endpoint 4 On/off already set to new value[0m
[1;32muart:~$ [m[8D[J[1;32muart:~$ [m[8D[J[00:00:07.024,000] [0m<inf> chip: [DMG]AccessControlCluster: initializing[0m
[1;32muart:~$ [m[8D[J[1;32muart:~$ [m[8D[J[00:00:07.025,000] [0m<inf> chip: [DIS]Updating services using commissioning mode 0[0m
[1;32muart:~$ [m[8D[J[1;32muart:~$ [m[8D[J[00:00:07.216,000] [0m<inf> chip: [DIS]CHIP minimal mDNS started advertising.[0m
[1;32muart:~$ [m[8D[J[1;32muart:~$ [m[8D[J[00:00:07.220,000] [0m<inf> chip: [IN]CASE Server enabling CASE session setups[0m
[1;32muart:~$ [m[8D[J[1;32muart:~$ [m[8D[J[00:00:07.222,000] [0m<inf> chip: [SVR]Joining Multicast groups[0m
[1;32muart:~$ [m[8D[J[1;32muart:~$ [m[8D[J[00:00:07.224,000] [0m<inf> chip: [SVR]Server initialization complete[0m
[1;32muart:~$ [m[8D[J[1;32muart:~$ [m[8D[J[00:00:07.225,000] [0m<inf> chip: [SVR]Server Listening...[0m
[1;32muart:~$ [m[8D[J[1;32muart:~$ [m[8D[J[00:00:07.225,000] [0m<inf> matter: Matter stack initialized[0m
[1;32muart:~$ [m[8D[J[1;32muart:~$ [m[8D[J[00:00:07.226,000] [0m<inf> matter: Matter event loop started[0m
[1;32muart:~$ [m[8D[J[1;32muart:~$ [m[8D[J[00:00:07.227,000] [0m<inf> matter_event_loop: Init io_to_matter_stream[0m
[1;32muart:~$ [m[8D[J[1;32muart:~$ [m[8D[J[00:00:07.228,000] [0m<inf> matter_event_loop: Start io_to_matter_stream[0m
[1;32muart:~$ [m[8D[J[1;32muart:~$ [m[8D[J[00:00:07.228,000] [0m<inf> chip: [DL]CHIP task running[0m
[1;32muart:~$ [m[8D[J[1;32muart:~$ [m[8D[J[00:00:07.413,000] [0m<inf> chip: [DIS]Updating services using commissioning mode 0[0m
[1;32muart:~$ [m[8D[J[1;32muart:~$ [m[8D[J[00:00:07.419,000] [0m<inf> chip: [DIS]CHIP minimal mDNS started advertising.[0m
[1;32muart:~$ [m[8D[J[1;32muart:~$ [m[8D[J[00:00:07.661,000] [1;31m<err> chip: [DL]Long dispatch time: 238 ms, for event type 2[0m
[1;32muart:~$ [m[8D[J[1;32muart:~$ [m