12:06:52.936  ### capture start, console 5AE6020889
12:06:57.271  I: Detected ESP-PSRAM64H (ID D 5D 46 A1 21)
12:06:57.282  I: PSRAM initialised in QPI mode, 8192 KB
12:06:57.282  *** Using Zephyr OS build v4.4.0-12983-gb6a5e6e8aa90 ***
12:06:57.282  I: Starting bootloader
12:06:57.282  
12:06:57.292  uart:~$ I: ICACHE alias: 0x02000000 -> 0x90000000 (4MB)
12:06:57.302  I: 0x90000000..0x9000001F:
12:06:57.302  I: 3d b8 f3 96 0 0 0 0 0 4 0 0 58 d1 15 0
12:06:57.302  I: 0 0 0 0 0 0 0 0 0 0 0 0 0 0 0 0
12:06:57.302  I: Alias[0x02000000..0x0200001F]:
12:06:57.313  I: 3d b8 f3 96 0 0 0 0 0 4 0 0 58 d1 15 0
12:06:57.324  I: 0 0 0 0 0 0 0 0 0 0 0 0 0 0 0 0
12:06:57.324  I: PSRAM 0x70000000..0x7000001F:
12:06:57.324  I: 70 a0 12 2 78 10 2 70 d0 88 12 2 94 10 0 70
12:06:57.324  I: 34 88 12 2 b8 88 12 2 0 0 0 0 10 e0 14 2
12:06:57.324  I: PSRAM write/read: PASS
12:06:57.334  I: Primary image: magic=unset, swap_type=0x1, copy_done=0x3, image_ok=0x3
12:06:57.345  I: Scratch: magic=bad, swap_type=0x0, copy_done=0x2, image_ok=0x2
12:06:57.345  I: Boot source: primary slot
12:06:57.345  I: Image index: 0, Swap type: none
12:07:05.778  I: Bootloader chainload address offset: 0x0
12:07:05.790  I: Image version: v0.0.0
12:07:05.790  I: Jumping to the first image slot
12:07:07.311  
12:07:08.115  uart:~$ [00:00:00.841,000] <inf> esp_hosted_mcu_core: coprocessor priv event 34
12:07:08.157  uart:~$ uart:~$ [00:00:00.845,000] <inf> esp_hosted_mcu_core: coprocessor firmware v3.0.6
12:07:08.202  uart:~$ uart:~$ [00:00:00.846,000] <err> mb85rsxx: invalid device ID: 00 00 00 00
12:07:08.235  uart:~$ uart:~$ [00:00:00.846,000] <err> mb85rsxx: Failed to initialize device, RDID check failed (err -5)
12:07:08.276  uart:~$ uart:~$ [00:00:00.846,000] <inf> eth_w5500: ETH_W5500: interrupt mode
12:07:08.287  uart:~$ uart:~$ [00:00:00.855,000] <inf> eth_w5500: W5500 Initialized
12:07:08.307  uart:~$ uart:~$ [00:00:00.855,000] <inf> spi_nor: SPI_FLASH: SFDP v 1.5 AP ff with 1 PH
12:07:08.327  uart:~$ uart:~$ [00:00:00.855,000] <inf> spi_nor: PH0: ff00 rev 1.5: 16 DW @ 80
12:07:08.338  uart:~$ uart:~$ [00:00:00.856,000] <inf> spi_nor: SPI_FLASH: 16 MiBy flash
12:07:08.358  uart:~$ uart:~$ [00:00:01.395,000] <err> net_ethernet: Invalid MAC address for iface 1 (0x2000c048)
12:07:08.379  uart:~$ uart:~$ [00:00:01.395,000] <inf> littlefs: LittleFS version 2.11, disk version 2.1
12:07:08.399  uart:~$ uart:~$ [00:00:01.396,000] <inf> littlefs: FS at SPI_FLASH:0xa00000 is 1280 0x1000-byte blocks with 1024 cycle
12:07:08.429  uart:~$ uart:~$ [00:00:01.397,000] <inf> littlefs: partition sizes: rd 256 ; pr 256 ; ca 2048 ; la 256
12:07:08.439  uart:~$ uart:~$ *** Booting Zephyr OS build v4.4.0-12983-gb6a5e6e8aa90 ***
12:07:08.459  uart:~$ uart:~$ [00:00:01.517,000] <inf> shell_telnet: Telnet shell backend initialized
12:07:08.480  uart:~$ uart:~$ [00:00:01.518,000] <inf> main_app: Start main app (build: Sep 15 2026 11:58:33) version 8
12:07:08.500  uart:~$ uart:~$ [00:00:01.518,000] <inf> main_app: PSRAM @0x701619a8: write/read 1024 words OK
12:07:08.520  uart:~$ uart:~$ [00:00:01.611,000] <inf> fs_zms: 4 Sectors of 4096 bytes
12:07:08.530  uart:~$ uart:~$ [00:00:01.611,000] <inf> fs_zms: alloc wra: 1, 9a0
12:07:08.551  uart:~$ uart:~$ [00:00:01.612,000] <inf> fs_zms: data wra: 1, 784
12:07:08.571  uart:~$ uart:~$ [00:00:01.830,000] <inf> settings_registry: 10 keys registered, 0 rejected
12:07:08.581  uart:~$ uart:~$ [00:00:01.830,000] <inf> io: Start io init
12:07:08.602  uart:~$ uart:~$ [00:00:01.855,000] <err> fs: failed to create directory (-17)
12:07:08.612  uart:~$ uart:~$ [00:00:01.941,000] <err> fs: file open error (-2)
12:07:08.632  uart:~$ uart:~$ [00:00:01.985,000] <err> fs: failed to unlink path (-2)
12:07:08.652  uart:~$ uart:~$ [00:00:02.028,000] <err> fs: file open error (-2)
12:07:08.662  uart:~$ uart:~$ [00:00:02.032,000] <inf> io: Start io outputs task
12:07:08.683  uart:~$ uart:~$ [00:00:02.029,000] <inf> net_init: EEPROM MAC: 80:34:28:10:6a:1d
12:07:08.703  uart:~$ uart:~$ [00:00:02.030,000] <inf> eth_w5500: ETH_W5500 MAC set to 80:34:28:10:6a:1d
12:07:08.724  uart:~$ uart:~$ [00:00:02.030,000] <inf> net_init: Network interface up with MAC 80:34:28:10:6a:1d
12:07:08.744  uart:~$ uart:~$ [00:00:02.238,000] <inf> device_config_store: configuration loaded, revision 1
12:07:08.765  uart:~$ uart:~$ [00:00:02.238,000] <inf> network_service: network configuration revision 1: clean (206 ms)
12:07:08.785  uart:~$ uart:~$ [00:00:02.239,000] <inf> net_adapter: Ethernet found, Wi-Fi coprocessor ready
12:07:08.805  uart:~$ uart:~$ [00:00:02.240,000] <inf> network_service: boot 1 of 5 in a row shorter than 30 s
12:07:08.826  uart:~$ uart:~$ [00:00:02.241,000] <inf> network_service: worker stack: 4968 of 8192 bytes never used
12:07:08.857  uart:~$ uart:~$ [00:00:02.243,000] <inf> web_server: web interface cedar-2037394c3543501200210047, firmware df852ea3a0fa-dirty, frontend 0.1.0+df852ea3a0fa-dirty, boot_c67e4c6513d67d60
12:07:08.867  uart:~$ uart:~$ [00:00:02.248,000] <inf> net_adapter: ethernet: DHCP
12:07:08.888  uart:~$ uart:~$ [00:00:02.412,000] <inf> net_adapter: wifi: DHCP
12:07:19.392  uart:~$ uart:~$ Connection request failed (Connection failed/1)
12:07:19.413  uart:~$ uart:~$ [00:00:12.679,000] <inf> network_manager: Wi-Fi rejoin requested (0)
12:07:21.787  uart:~$ uart:~$ [00:00:15.590,000] <inf> matter: IPv6 address added, starting Matter
12:07:21.787  uart:~$ uart:~$ Connected
12:07:21.807  uart:~$ uart:~$ [00:00:15.784,000] <inf> matter: Init CHIP stack
12:07:21.827  uart:~$ uart:~$ [00:00:15.800,000] <inf> chip: [SVR]Initializing session resumption storage...
12:07:21.847  uart:~$ uart:~$ [00:00:15.802,000] <inf> chip: [SVR]Server initializing...
12:07:21.858  uart:~$ uart:~$ [00:00:15.844,000] <inf> net_dhcpv4: Received: 192.168.88.23
12:07:21.878  uart:~$ uart:~$ [00:00:15.850,000] <inf> network_manager: default route via wifi
12:07:21.898  uart:~$ uart:~$ [00:00:15.853,000] <inf> chip: [TS]Last Known Good Time: 2026-09-15T07:21:03
12:07:21.929  uart:~$ uart:~$ [00:00:15.889,000] <inf> chip: [FP]Fabric index 0x1 was retrieved from storage. Compressed FabricId 0x3700EC0D6DAB4145, FabricId 0x00000000D0EFFD20, NodeId 0x00000000DCF2A6E2, VendorId 0x1349
12:07:21.970  uart:~$ uart:~$ [00:00:15.924,000] <inf> chip: [FP]Fabric index 0x2 was retrieved from storage. Compressed FabricId 0x0276B5DAA1937E6D, FabricId 0x0000000039C07483, NodeId 0x00000000E08AF3D9, VendorId 0x1384
12:07:22.547  uart:~$ uart:~$ [00:00:16.161,000] <inf> chip: [FP]Fabric index 0x3 was retrieved from storage. Compressed FabricId 0x9B02575873B12C99, FabricId 0x996B8671DB167C23, NodeId 0x0F4FCD706F8B4CFB, VendorId 0x110A
12:07:22.557  uart:~$ uart:~$ [00:00:16.162,000] <inf> chip: [DMG]AccessControl: initializing
12:07:22.578  uart:~$ uart:~$ [00:00:16.163,000] <inf> chip: [DMG]Examples::AccessControlDelegate::Init
12:07:22.599  uart:~$ uart:~$ [00:00:16.163,000] <inf> chip: [DMG]AccessControl: setting
12:07:22.609  uart:~$ uart:~$ [00:00:16.164,000] <inf> chip: [DMG]DefaultAclStorage: initializing
12:07:22.629  uart:~$ uart:~$ [00:00:16.212,000] <inf> chip: [DMG]DefaultAclStorage: 3 entries loaded
12:07:22.649  uart:~$ uart:~$ [00:00:16.212,000] <inf> chip: [SVR]WARNING: mTestEventTriggerDelegate is null
12:07:22.682  uart:~$ uart:~$ [00:00:16.368,000] <inf> chip: [ZCL]Using ZAP configuration...
12:07:22.703  uart:~$ uart:~$ [00:00:16.667,000] <inf> chip: [ZCL]Boot reason: 1
12:07:22.758  uart:~$ uart:~$ [00:00:16.668,000] <inf> chip: [ZCL]Endpoint 1 On/off already set to new value
12:07:22.791  uart:~$ uart:~$ [00:00:16.879,000] <inf> matter: IPv6 address added, starting Matter
12:07:22.822  uart:~$ uart:~$ [00:00:16.879,000] <inf> matter: Matter start work already submitted
12:07:22.876  uart:~$ uart:~$ [00:00:16.987,000] <inf> chip: [ZCL]Boot reason: 1
12:07:22.896  uart:~$ uart:~$ [00:00:16.988,000] <inf> chip: [ZCL]Endpoint 2 On/off already set to new value
12:07:22.916  uart:~$ uart:~$ [00:00:16.990,000] <inf> chip: [ZCL]Boot reason: 1
12:07:22.926  uart:~$ uart:~$ [00:00:16.991,000] <inf> chip: [ZCL]Endpoint 3 On/off already set to new value
12:07:22.947  uart:~$ uart:~$ [00:00:16.993,000] <inf> chip: [ZCL]Boot reason: 1
12:07:22.967  uart:~$ uart:~$ [00:00:16.994,000] <inf> chip: [ZCL]Endpoint 4 On/off already set to new value
12:07:22.988  uart:~$ uart:~$ [00:00:17.011,000] <inf> chip: [DMG]AccessControlCluster: initializing
12:07:23.008  uart:~$ uart:~$ [00:00:17.013,000] <inf> chip: [DIS]Updating services using commissioning mode 0
12:07:23.018  uart:~$ uart:~$ [00:00:17.018,000] <inf> chip: [DIS]CHIP minimal mDNS started advertising.
12:07:23.050  uart:~$ uart:~$ [00:00:17.021,000] <inf> chip: [DIS]Advertise operational node 3700EC0D6DAB4145-00000000DCF2A6E2
12:07:23.424  uart:~$ uart:~$ [00:00:17.207,000] <inf> chip: [DIS]CHIP minimal mDNS configured as 'Operational device'; instance name: 3700EC0D6DAB4145-00000000DCF2A6E2.
12:07:23.444  uart:~$ uart:~$ [00:00:17.276,000] <inf> chip: [DIS]mDNS service published: _matter._tcp
12:07:23.465  uart:~$ uart:~$ [00:00:17.277,000] <inf> chip: [DIS]Advertise operational node 0276B5DAA1937E6D-00000000E08AF3D9
12:07:23.495  uart:~$ uart:~$ [00:00:17.279,000] <inf> chip: [DIS]CHIP minimal mDNS configured as 'Operational device'; instance name: 0276B5DAA1937E6D-00000000E08AF3D9.
12:07:23.515  uart:~$ uart:~$ [00:00:17.486,000] <inf> chip: [DIS]mDNS service published: _matter._tcp
12:07:23.536  uart:~$ uart:~$ [00:00:17.487,000] <inf> chip: [DIS]Advertise operational node 9B02575873B12C99-0F4FCD706F8B4CFB
12:07:23.567  uart:~$ uart:~$ [00:00:17.489,000] <inf> chip: [DIS]CHIP minimal mDNS configured as 'Operational device'; instance name: 9B02575873B12C99-0F4FCD706F8B4CFB.
12:07:23.599  uart:~$ uart:~$ [00:00:17.557,000] <inf> chip: [DIS]mDNS service published: _matter._tcp
12:07:23.621  uart:~$ uart:~$ [00:00:17.558,000] <inf> chip: [IN]CASE Server enabling CASE session setups
12:07:23.663  uart:~$ uart:~$ [00:00:17.559,000] <inf> chip: [SVR]Joining Multicast groups
12:07:23.754  uart:~$ uart:~$ [00:00:17.840,000] <inf> chip: [SVR]Server initialization complete
12:07:23.775  uart:~$ uart:~$ [00:00:17.841,000] <inf> chip: [SVR]Server Listening...
12:07:23.785  uart:~$ uart:~$ [00:00:17.841,000] <inf> matter: Matter stack initialized
12:07:23.805  uart:~$ uart:~$ [00:00:17.842,000] <inf> matter: Matter event loop started
12:07:23.825  uart:~$ uart:~$ [00:00:17.842,000] <inf> matter_event_loop: Init io_to_matter_stream
12:07:23.846  uart:~$ uart:~$ [00:00:17.843,000] <inf> matter_event_loop: Start io_to_matter_stream
12:07:23.856  uart:~$ uart:~$ [00:00:17.843,000] <inf> chip: [DL]CHIP task running
12:07:23.876  uart:~$ uart:~$ [00:00:17.845,000] <inf> chip: [DIS]Updating services using commissioning mode 0
12:07:23.896  uart:~$ uart:~$ [00:00:17.848,000] <inf> chip: [DIS]CHIP minimal mDNS started advertising.
12:07:23.917  uart:~$ uart:~$ [00:00:17.899,000] <inf> chip: [DIS]Advertise operational node 3700EC0D6DAB4145-00000000DCF2A6E2
12:07:24.384  uart:~$ uart:~$ [00:00:18.080,000] <inf> chip: [DIS]CHIP minimal mDNS configured as 'Operational device'; instance name: 3700EC0D6DAB4145-00000000DCF2A6E2.
12:07:24.404  uart:~$ uart:~$ [00:00:18.102,000] <inf> chip: [DIS]mDNS service published: _matter._tcp
12:07:24.437  uart:~$ uart:~$ [00:00:18.102,000] <inf> chip: [DIS]Advertise operational node 0276B5DAA1937E6D-00000000E08AF3D9
12:07:24.479  uart:~$ uart:~$ [00:00:18.103,000] <inf> chip: [DIS]CHIP minimal mDNS configured as 'Operational device'; instance name: 0276B5DAA1937E6D-00000000E08AF3D9.
12:07:24.499  uart:~$ uart:~$ [00:00:18.140,000] <inf> chip: [DIS]mDNS service published: _matter._tcp
12:07:24.519  uart:~$ uart:~$ [00:00:18.140,000] <inf> chip: [DIS]Advertise operational node 9B02575873B12C99-0F4FCD706F8B4CFB
12:07:24.550  uart:~$ uart:~$ [00:00:18.179,000] <inf> chip: [DIS]CHIP minimal mDNS configured as 'Operational device'; instance name: 9B02575873B12C99-0F4FCD706F8B4CFB.
12:07:24.570  uart:~$ uart:~$ [00:00:18.204,000] <inf> chip: [DIS]mDNS service published: _matter._tcp
12:07:24.591  uart:~$ uart:~$ [00:00:18.204,000] <err> chip: [DL]Long dispatch time: 359 ms, for event type 32786
12:07:24.612  uart:~$ uart:~$ [00:00:18.514,000] <err> chip: [DL]Long dispatch time: 310 ms, for event type 2
12:07:52.603  uart:~$ uart:~$ [00:00:46.593,000] <inf> chip: [EM]>>> [E:60748r S:0 M:66098629] (U) Msg RX from 0:B9447D35C7A7AB0D [0000] to 0000000000000000 --- Type 0000:30 (SecureChannel:CASE_Sigma1) (B:234)
12:07:52.623  uart:~$ uart:~$ [00:00:46.594,000] <inf> chip: [IN]CASE Server received Sigma1 message . Starting handshake. EC 0x70003320
12:07:52.665  uart:~$ uart:~$ [00:00:46.595,000] <inf> chip: [EM]<<< [E:60748r S:0 M:65151492 (Ack:66098629)] (U) Msg TX from 0000000000000000 to 0:B9447D35C7A7AB0D [0000] [UDP:[fe80::2318:d9da:4aed:2465%wifi]:41691] --- Type 0000:10 (SecureChannel:StandaloneAck) (B:26)
12:07:52.685  uart:~$ uart:~$ [00:00:46.613,000] <inf> chip: [SC]Received Sigma1 msg
12:07:52.725  uart:~$ uart:~$ [00:00:46.637,000] <inf> chip: [EM]<<< [E:60748r S:0 M:65151493 (Ack:66098629)] (U) Msg TX from 0000000000000000 to 0:B9447D35C7A7AB0D [0000] [UDP:[fe80::2318:d9da:4aed:2465%wifi]:41691] --- Type 0000:33 (SecureChannel:CASE_Sigma2Resume) (B:100)
12:07:52.756  uart:~$ uart:~$ [00:00:46.655,000] <inf> chip: [EM]??1 [E:60748r S:0 M:65151493] (U) Msg Retransmission to 0:0000000000000000 scheduled for 341ms from now [State:Active II:500 AI:300 AT:4000]
12:07:52.776  uart:~$ uart:~$ [00:00:46.655,000] <inf> chip: [SC]Sent Sigma2Resume msg
12:07:52.816  uart:~$ uart:~$ [00:00:46.709,000] <inf> chip: [EM]>>> [E:60748r S:0 M:66098630 (Ack:65151493)] (U) Msg RX from 0:B9447D35C7A7AB0D [0000] to 0000000000000000 --- Type 0000:40 (SecureChannel:StatusReport) (B:34)
12:07:52.837  uart:~$ uart:~$ [00:00:46.710,000] <inf> chip: [SC]Success status report received. Session was established
12:07:52.857  uart:~$ uart:~$ [00:00:46.725,000] <inf> chip: [SC]SecureSession[0x700018d8, LSID:15633]: State change 'kEstablishing' --> 'kActive'
12:07:53.048  uart:~$ uart:~$ [00:00:47.013,000] <inf> chip: [IN]CASE Session established to peer: <84E37241C1AC706C, 3>
12:07:53.090  uart:~$ uart:~$ [00:00:47.014,000] <inf> chip: [EM]<<< [E:60748r S:0 M:65151494 (Ack:66098630)] (U) Msg TX from 0000000000000000 to 0:B9447D35C7A7AB0D [0000] [UDP:[fe80::2318:d9da:4aed:2465%wifi]:41691] --- Type 0000:10 (SecureChannel:StandaloneAck) (B:26)
12:07:53.131  uart:~$ uart:~$ [00:00:47.035,000] <inf> chip: [EM]>>> [E:60749r S:15633 M:257089605] (S) Msg RX from 3:84E37241C1AC706C [2C99] to 0F4FCD706F8B4CFB --- Type 0001:03 (IM:SubscribeRequest) (B:115)
12:07:53.152  uart:~$ uart:~$ [00:00:47.044,000] <inf> chip: [DMG]Final negotiated min/max parameters: Min = 0s, Max = 30s
12:07:53.192  uart:~$ uart:~$ [00:00:47.112,000] <inf> chip: [EM]<<< [E:60749r S:15633 M:170748952 (Ack:257089605)] (S) Msg TX from 0F4FCD706F8B4CFB to 3:84E37241C1AC706C [2C99] [UDP:[fe80::2318:d9da:4aed:2465%wifi]:41691] --- Type 0001:05 (IM:ReportData) (B:200)
12:07:53.223  uart:~$ uart:~$ [00:00:47.131,000] <inf> chip: [EM]??1 [E:60749r S:15633 M:170748952] (S) Msg Retransmission to 3:84E37241C1AC706C scheduled for 351ms from now [State:Active II:500 AI:300 AT:4000]
12:07:53.253  uart:~$ uart:~$ [00:00:47.133,000] <inf> chip: [EM]>>> [E:60749r S:15633 M:257089605] (S) Msg RX from 3:84E37241C1AC706C [2C99] to 0F4FCD706F8B4CFB --- Type 0001:03 (IM:SubscribeRequest) (B:115)
12:07:53.293  uart:~$ uart:~$ [00:00:47.134,000] <inf> chip: [EM]<<< [E:60749r S:15633 M:170748953 (Ack:257089605)] (S) Msg TX from 0F4FCD706F8B4CFB to 3:84E37241C1AC706C [2C99] [UDP:[fe80::2318:d9da:4aed:2465%wifi]:41691] --- Type 0000:10 (SecureChannel:StandaloneAck) (B:34)
12:07:53.346  uart:~$ uart:~$ [00:00:47.184,000] <inf> chip: [EM]>>> [E:60749r S:15633 M:257089606 (Ack:170748952)] (S) Msg RX from 3:84E37241C1AC706C [2C99] to 0F4FCD706F8B4CFB --- Type 0001:01 (IM:StatusResponse) (B:42)
12:07:53.378  uart:~$ uart:~$ [00:00:47.185,000] <inf> chip: [IM]Received status response, status is 0x00
12:07:53.914  uart:~$ uart:~$ [00:00:47.551,000] <inf> chip: [EM]<<< [E:60749r S:15633 M:170748954 (Ack:257089606)] (S) Msg TX from 0F4FCD706F8B4CFB to 3:84E37241C1AC706C [2C99] [UDP:[fe80::2318:d9da:4aed:2465%wifi]:41691] --- Type 0001:04 (IM:SubscribeResponse) (B:48)
12:07:53.955  uart:~$ uart:~$ [00:00:47.569,000] <inf> chip: [EM]??1 [E:60749r S:15633 M:170748954] (S) Msg Retransmission to 3:84E37241C1AC706C scheduled for 403ms from now [State:Active II:500 AI:300 AT:4000]
12:07:53.986  uart:~$ uart:~$ [00:00:47.573,000] <inf> chip: [DMG]Registered a ReadHandler that will schedule a report between system Timestamp: 0x000000000000B9D5 and system Timestamp 0x0000000000012F05.
12:07:54.016  uart:~$ uart:~$ [00:00:47.575,000] <inf> chip: [EM]>>> [E:60749r S:15633 M:257089606 (Ack:170748952)] (S) Msg RX from 3:84E37241C1AC706C [2C99] to 0F4FCD706F8B4CFB --- Type 0001:01 (IM:StatusResponse) (B:42)
12:07:54.079  uart:~$ uart:~$ [00:00:47.591,000] <inf> chip: [EM]<<< [E:60749r S:15633 M:170748955 (Ack:257089606)] (S) Msg TX from 0F4FCD706F8B4CFB to 3:84E37241C1AC706C [2C99] [UDP:[fe80::2318:d9da:4aed:2465%wifi]:41691] --- Type 0000:10 (SecureChannel:StandaloneAck) (B:34)
12:07:55.064  uart:~$ uart:~$ [00:00:47.647,000] <inf> chip: [EM]>>> [E:60749r S:15633 M:257089607 (Ack:170748954)] (S) Msg RX from 3:84E37241C1AC706C [2C99] to 0F4FCD706F8B4CFB --- Type 0000:10 (SecureChannel:StandaloneAck) (B:34)
12:07:55.106  uart:~$ uart:~$ [00:00:47.650,000] <inf> chip: [EM]>>> [E:60750r S:15633 M:257089608] (S) Msg RX from 3:84E37241C1AC706C [2C99] to 0F4FCD706F8B4CFB --- Type 0001:02 (IM:ReadRequest) (B:48)
12:07:55.136  uart:~$ uart:~$ [00:00:47.954,000] <inf> chip: [EM]<<< [E:60750r S:15633 M:170748956 (Ack:257089608)] (S) Msg TX from 0F4FCD706F8B4CFB to 3:84E37241C1AC706C [2C99] [UDP:[fe80::2318:d9da:4aed:2465%wifi]:41691] --- Type 0001:05 (IM:ReportData) (B:517)
12:07:55.190  uart:~$ uart:~$ [00:00:48.027,000] <inf> chip: [EM]??1 [E:60750r S:15633 M:170748956] (S) Msg Retransmission to 3:84E37241C1AC706C scheduled for 361ms from now [State:Active II:500 AI:300 AT:4000]
12:07:55.760  uart:~$ uart:~$ [00:00:48.029,000] <inf> chip: [EM]>>> [E:60751r S:15633 M:257089609] (S) Msg RX from 3:84E37241C1AC706C [2C99] to 0F4FCD706F8B4CFB --- Type 0001:02 (IM:ReadRequest) (B:48)
12:07:56.087  uart:~$ uart:~$ [00:00:49.915,000] <inf> chip: [EM]<<1 [E:60750r S:15633 M:170748956] (S) Msg Retransmission to 3:84E37241C1AC706C
12:07:56.177  uart:~$ uart:~$ [00:00:49.934,000] <inf> chip: [EM]??2 [E:60750r S:15633 M:170748956] (S) Msg Retransmission to 3:84E37241C1AC706C scheduled for 405ms from now [State:Active II:500 AI:300 AT:4000]
12:07:56.218  uart:~$ uart:~$ [00:00:50.132,000] <inf> chip: [EM]<<< [E:60751r S:15633 M:170748957 (Ack:257089609)] (S) Msg TX from 0F4FCD706F8B4CFB to 3:84E37241C1AC706C [2C99] [UDP:[fe80::2318:d9da:4aed:2465%wifi]:41691] --- Type 0001:05 (IM:ReportData) (B:517)
12:07:56.249  uart:~$ uart:~$ [00:00:50.151,000] <inf> chip: [EM]??1 [E:60751r S:15633 M:170748957] (S) Msg Retransmission to 3:84E37241C1AC706C scheduled for 407ms from now [State:Active II:500 AI:300 AT:4000]
12:07:56.279  uart:~$ uart:~$ [00:00:50.153,000] <inf> chip: [EM]>>> [E:60750r S:15633 M:257089608] (S) Msg RX from 3:84E37241C1AC706C [2C99] to 0F4FCD706F8B4CFB --- Type 0001:02 (IM:ReadRequest) (B:48)
12:07:56.320  uart:~$ uart:~$ [00:00:50.154,000] <inf> chip: [EM]<<< [E:60750r S:15633 M:170748958 (Ack:257089608)] (S) Msg TX from 0F4FCD706F8B4CFB to 3:84E37241C1AC706C [2C99] [UDP:[fe80::2318:d9da:4aed:2465%wifi]:41691] --- Type 0000:10 (SecureChannel:StandaloneAck) (B:34)
12:07:56.350  uart:~$ uart:~$ [00:00:50.176,000] <inf> chip: [EM]>>> [E:60751r S:15633 M:257089609] (S) Msg RX from 3:84E37241C1AC706C [2C99] to 0F4FCD706F8B4CFB --- Type 0001:02 (IM:ReadRequest) (B:48)
12:07:56.401  uart:~$ uart:~$ [00:00:50.177,000] <inf> chip: [EM]<<< [E:60751r S:15633 M:170748959 (Ack:257089609)] (S) Msg TX from 0F4FCD706F8B4CFB to 3:84E37241C1AC706C [2C99] [UDP:[fe80::2318:d9da:4aed:2465%wifi]:41691] --- Type 0000:10 (SecureChannel:StandaloneAck) (B:34)
12:07:56.432  uart:~$ uart:~$ [00:00:50.213,000] <inf> chip: [EM]>>> [E:60750r S:15633 M:257089610 (Ack:170748956)] (S) Msg RX from 3:84E37241C1AC706C [2C99] to 0F4FCD706F8B4CFB --- Type 0000:10 (SecureChannel:StandaloneAck) (B:34)
12:07:56.462  uart:~$ uart:~$ [00:00:50.217,000] <inf> chip: [EM]>>> [E:60751r S:15633 M:257089609] (S) Msg RX from 3:84E37241C1AC706C [2C99] to 0F4FCD706F8B4CFB --- Type 0001:02 (IM:ReadRequest) (B:48)
12:07:56.728  uart:~$ uart:~$ [00:00:50.619,000] <inf> chip: [EM]<<< [E:60751r S:15633 M:170748960 (Ack:257089609)] (S) Msg TX from 0F4FCD706F8B4CFB to 3:84E37241C1AC706C [2C99] [UDP:[fe80::2318:d9da:4aed:2465%wifi]:41691] --- Type 0000:10 (SecureChannel:StandaloneAck) (B:34)
12:07:56.748  uart:~$ uart:~$ [00:00:50.665,000] <inf> chip: [EM]<<1 [E:60751r S:15633 M:170748957] (S) Msg Retransmission to 3:84E37241C1AC706C
12:07:56.778  uart:~$ uart:~$ [00:00:50.698,000] <inf> chip: [EM]??2 [E:60751r S:15633 M:170748957] (S) Msg Retransmission to 3:84E37241C1AC706C scheduled for 392ms from now [State:Active II:500 AI:300 AT:4000]
12:07:56.809  uart:~$ uart:~$ [00:00:50.700,000] <inf> chip: [EM]>>> [E:60751r S:15633 M:257089609] (S) Msg RX from 3:84E37241C1AC706C [2C99] to 0F4FCD706F8B4CFB --- Type 0001:02 (IM:ReadRequest) (B:48)
12:07:56.860  uart:~$ uart:~$ [00:00:50.784,000] <inf> chip: [EM]<<< [E:60751r S:15633 M:170748961 (Ack:257089609)] (S) Msg TX from 0F4FCD706F8B4CFB to 3:84E37241C1AC706C [2C99] [UDP:[fe80::2318:d9da:4aed:2465%wifi]:41691] --- Type 0000:10 (SecureChannel:StandaloneAck) (B:34)
12:07:56.891  uart:~$ uart:~$ [00:00:50.805,000] <inf> chip: [EM]>>> [E:60751r S:15633 M:257089609] (S) Msg RX from 3:84E37241C1AC706C [2C99] to 0F4FCD706F8B4CFB --- Type 0001:02 (IM:ReadRequest) (B:48)
12:07:56.932  uart:~$ uart:~$ [00:00:50.807,000] <inf> chip: [EM]<<< [E:60751r S:15633 M:170748962 (Ack:257089609)] (S) Msg TX from 0F4FCD706F8B4CFB to 3:84E37241C1AC706C [2C99] [UDP:[fe80::2318:d9da:4aed:2465%wifi]:41691] --- Type 0000:10 (SecureChannel:StandaloneAck) (B:34)
12:07:56.962  uart:~$ uart:~$ [00:00:50.827,000] <inf> chip: [EM]>>> [E:60750r S:15633 M:257089611 (Ack:170748956)] (S) Msg RX from 3:84E37241C1AC706C [2C99] to 0F4FCD706F8B4CFB --- Type 0000:10 (SecureChannel:StandaloneAck) (B:34)
12:07:57.002  uart:~$ uart:~$ [00:00:50.830,000] <inf> chip: [EM]>>> [E:60751r S:15633 M:257089612 (Ack:170748957)] (S) Msg RX from 3:84E37241C1AC706C [2C99] to 0F4FCD706F8B4CFB --- Type 0000:10 (SecureChannel:StandaloneAck) (B:34)
12:07:57.044  uart:~$ uart:~$ [00:00:50.833,000] <inf> chip: [EM]>>> [E:60751r S:15633 M:257089613 (Ack:170748957)] (S) Msg RX from 3:84E37241C1AC706C [2C99] to 0F4FCD706F8B4CFB --- Type 0000:10 (SecureChannel:StandaloneAck) (B:34)
12:08:12.145  ### capture end
