   0.205 ## reset, recording 150 s, cut at 15.0 s
   0.436 I: Detected ESP-PSRAM64H (ID D 5D 46 A1 21)
   0.436 I: PSRAM initialised in QPI mode, 8192 KB
   0.436 *** Using Zephyr OS build v4.4.0-12983-gb6a5e6e8aa90 ***
   0.436 I: Starting bootloader
   0.436 [m
   0.436 [1;32muart:~$ [mI: ICACHE alias: 0x02000000 -> 0x90000000 (4MB)
   0.436 I: 0x90000000..0x9000001F:
   0.436 I: 3d b8 f3 96 0 0 0 0 0 4 0 0 d8 a7 15 0
   0.436 I: 0 0 0 0 0 0 0 0 0 0 0 0 0 0 0 0
   0.436 I: Alias[0x02000000..0x0200001F]:
   0.436 I: 3d b8 f3 96 0 0 0 0 0 4 0 0 d8 a7 15 0
   0.488 I: 0 0 0 0 0 0 0 0 0 0 0 0 0 0 0 0
   0.488 I: PSRAM 0x70000000..0x7000001F:
   0.488 I: 50 62 12 2 a0 10 2 70 b0 4a 12 2 ac 10 0 70
   0.488 I: 14 4a 12 2 98 4a 12 2 0 0 0 0 c0 9d 14 2
   0.488 I: PSRAM write/read: PASS
   0.488 I: Primary image: magic=good, swap_type=0x4, copy_done=0x1, image_ok=0x1
   0.488 I: Scratch: magic=bad, swap_type=0x0, copy_done=0x2, image_ok=0x2
   0.488 I: Boot source: none
   0.488 I: Image index: 0, Swap type: test
   3.351 I: Starting swap using scratch algorithm.
  15.210 ## J-Link reset (cut)
  15.603 I: Detected ESP-PSRAM64H (ID D 5D 46 A1 21)
  15.603 I: PSRAM initialised in QPI mode, 8192 KB
  15.603 *** Using Zephyr OS build v4.4.0-12983-gb6a5e6e8aa90 ***
  15.603 I: Starting bootloader
  15.603 [m
  15.653 [1;32muart:~$ [mI: ICACHE alias: 0x02000000 -> 0x90000000 (4MB)
  15.653 I: 0x90000000..0x9000001F:
  15.653 I: 3d b8 f3 96 0 0 0 0 0 4 0 0 d8 a7 15 0
  15.653 I: 0 0 0 0 0 0 0 0 0 0 0 0 0 0 0 0
  15.653 I: Alias[0x02000000..0x0200001F]:
  15.653 I: 3d b8 f3 96 0 0 0 0 0 4 0 0 d8 a7 15 0
  15.653 I: 0 0 0 0 0 0 0 0 0 0 0 0 0 0 0 0
  15.653 I: PSRAM 0x70000000..0x7000001F:
  15.653 I: 50 62 12 2 a0 10 2 70 b0 4a 12 2 ac 10 0 70
  15.653 I: 14 4a 12 2 98 4a 12 2 0 0 0 0 c0 9d 14 2
  15.653 I: PSRAM write/read: PASS
  15.653 I: Primary image: magic=good, swap_type=0x2, copy_done=0x3, image_ok=0x3
  15.653 I: Scratch: magic=bad, swap_type=0x1, copy_done=0x2, image_ok=0x2
  15.653 I: Boot source: primary slot
  15.705 I: Starting swap using scratch algorithm.
  38.349 I: Bootloader chainload address offset: 0x0
  38.349 I: Image version: v0.0.1
  38.349 I: Jumping to the first image slot
  39.848 [m
  40.273 [1;32muart:~$ [m[8D[J[00:00:00.841,000] [0m<inf> esp_hosted_mcu_core: coprocessor priv event 34[0m
  40.273 [1;32muart:~$ [m[8D[J[1;32muart:~$ [m[8D[J[00:00:00.847,000] [0m<inf> esp_hosted_mcu_core: coprocessor firmware v3.0.6[0m
  40.323 [1;32muart:~$ [m[8D[J[1;32muart:~$ [m[8D[J[00:00:00.847,000] [1;31m<err> mb85rsxx: invalid device ID: 00 00 00 00[0m
  40.323 [1;32muart:~$ [m[8D[J[1;32muart:~$ [m[8D[J[00:00:00.847,000] [1;31m<err> mb85rsxx: Failed to initialize device, RDID check failed (err -5)[0m
  40.323 [1;32muart:~$ [m[8D[J[00:00:00.847,000] [0m<inf> eth_w5500: ETH_W5500: interrupt mode[0m
  40.323 [1;32muart:~$ [m[8D[J[00:00:00.856,000] [0m<inf> eth_w5500: W5500 Initialized[0m
  40.373 [1;32muart:~$ [m[8D[J[1;32muart:~$ [m[8D[J[1;32muart:~$ [m[8D[J[00:00:00.856,000] [0m<inf> spi_nor: SPI_FLASH: SFDP v 1.5 AP ff with 1 PH[0m
  40.373 [1;32muart:~$ [m[8D[J[1;32muart:~$ [m[8D[J[00:00:00.856,000] [0m<inf> spi_nor: PH0: ff00 rev 1.5: 16 DW @ 80[0m
  40.373 [1;32muart:~$ [m[8D[J[1;32muart:~$ [m[8D[J[00:00:00.857,000] [0m<inf> spi_nor: SPI_FLASH: 16 MiBy flash[0m
  40.424 [1;32muart:~$ [m[8D[J[1;32muart:~$ [m[8D[J[00:00:01.389,000] [1;31m<err> net_ethernet: Invalid MAC address for iface 1 (0x20004fb0)[0m
  40.424 [1;32muart:~$ [m[8D[J[1;32muart:~$ [m[8D[J[00:00:01.389,000] [0m<inf> littlefs: LittleFS version 2.11, disk version 2.1[0m
  40.424 [1;32muart:~$ [m[8D[J[1;32muart:~$ [m[8D[J[00:00:01.390,000] [0m<inf> littlefs: FS at SPI_FLASH:0xa00000 is 1280 0x1000-byte blocks with 1024 cycle[0m
  40.474 [1;32muart:~$ [m[8D[J[1;32muart:~$ [m[8D[J[00:00:01.390,000] [0m<inf> littlefs: partition sizes: rd 256 ; pr 256 ; ca 2048 ; la 256[0m
  40.474 [1;32muart:~$ [m[8D[J[1;32muart:~$ [m[8D[J*** Booting Zephyr OS build v4.4.0-12983-gb6a5e6e8aa90 ***
  40.474 [1;32muart:~$ [m[8D[J[1;32muart:~$ [m[8D[J[00:00:01.476,000] [0m<inf> shell_telnet: Telnet shell backend initialized[0m
  40.474 [1;32muart:~$ [m[8D[J[1;32muart:~$ [m[8D[J[00:00:01.477,000] [0m<inf> main_app: Start main app (build: Sep 14 2026 18:38:00) version 8[0m
  40.524 [1;32muart:~$ [m[8D[J[1;32muart:~$ [m[8D[J[00:00:01.478,000] [0m<inf> main_app: PSRAM @0x7027c898: write/read 1024 words OK[0m
  40.524 [1;32muart:~$ [m[8D[J[1;32muart:~$ [m[8D[J[00:00:01.517,000] [0m<inf> settings_registry: 10 keys registered, 0 rejected[0m
  40.524 [1;32muart:~$ [m[8D[J[00:00:01.517,000] [0m<inf> io: Start io init[0m
  40.574 [1;32muart:~$ [m[8D[J[1;32muart:~$ [m[8D[J[1;32muart:~$ [m[8D[J[00:00:01.533,000] [1;31m<err> fs: failed to create directory (-17)[0m
  40.574 [1;32muart:~$ [m[8D[J[1;32muart:~$ [m[8D[J[00:00:01.583,000] [1;31m<err> fs: file open error (-2)[0m
  40.574 [1;32muart:~$ [m[8D[J[1;32muart:~$ [m[8D[J[00:00:01.607,000] [1;31m<err> fs: failed to unlink path (-2)[0m
  40.574 [1;32muart:~$ [m[8D[J[1;32muart:~$ [m[8D[J[00:00:01.632,000] [1;31m<err> fs: file open error (-2)[0m
  40.624 [1;32muart:~$ [m[8D[J[1;32muart:~$ [m[8D[J[00:00:01.636,000] [0m<inf> io: Start io outputs task[0m
  40.624 [1;32muart:~$ [m[8D[J[1;32muart:~$ [m[8D[J[00:00:01.634,000] [0m<inf> net_init: EEPROM MAC: 80:34:28:10:6a:1d[0m
  40.624 [1;32muart:~$ [m[8D[J[1;32muart:~$ [m[8D[J[00:00:01.634,000] [0m<inf> eth_w5500: ETH_W5500 MAC set to 80:34:28:10:6a:1d[0m
  40.624 [1;32muart:~$ [m[8D[J[1;32muart:~$ [m[8D[J[00:00:01.635,000] [0m<inf> net_init: Network interface up with MAC 80:34:28:10:6a:1d[0m
  40.674 [1;32muart:~$ [m[8D[J[1;32muart:~$ [m[8D[J[00:00:01.767,000] [0m<inf> device_config_store: no stored configuration, factory defaults in force[0m
  40.674 [1;32muart:~$ [m[8D[J[1;32muart:~$ [m[8D[J[00:00:01.768,000] [0m<inf> network_service: network configuration revision 0: no stored configuration, factory defaults (130 ms)[0m
  40.674 [1;32muart:~$ [m[8D[J[00:00:01.768,000] [0m<inf> net_adapter: Ethernet found, Wi-Fi coprocessor ready[0m
  40.725 [1;32muart:~$ [m[8D[J[1;32muart:~$ [m[8D[J[00:00:01.819,000] [0m<inf> network_service: boot 1 of 5 in a row shorter than 30 s[0m
  40.725 [1;32muart:~$ [m[8D[J[1;32muart:~$ [m[8D[J[00:00:01.819,000] [0m<inf> network_service: worker stack: 4880 of 8192 bytes never used[0m
  40.779 [1;32muart:~$ [m[8D[J[1;32muart:~$ [m[8D[J[00:00:01.860,000] [0m<inf> web_server: web interface cedar-2037394c3543501200210047, firmware 4e5b8a42deba-dirty, frontend 0.1.0+4e5b8a42deba-dirty, boot_15e9382f6a4c40fe[0m
  40.779 [1;32muart:~$ [m[8D[J[00:00:01.865,000] [0m<inf> net_adapter: ethernet: DHCP[0m
  40.779 [1;32muart:~$ [m[8D[J[00:00:01.865,000] [0m<inf> net_adapter: wifi disabled[0m
  41.636 [1;32muart:~$ [m[8D[J[1;32muart:~$ [m[8D[J[1;32muart:~$ [m[8D[J[00:00:02.388,000] [0m<inf> eth_w5500: ETH_W5500: Link speed 100 Mb, full duplex[0m
  41.636 [1;32muart:~$ [m[8D[J[1;32muart:~$ [m[8D[J[00:00:02.408,000] [0m<inf> matter: IPv6 address added, starting Matter[0m
  41.686 [1;32muart:~$ [m[8D[J[00:00:02.437,000] [0m<inf> net_dhcpv4: Received: 192.168.88.13[0m
  41.686 [1;32muart:~$ [m[8D[J[1;32muart:~$ [m[8D[J[00:00:02.442,000] [0m<inf> network_manager: default route via ethernet[0m
  41.686 [1;32muart:~$ [m[8D[J[1;32muart:~$ [m[8D[J[00:00:02.444,000] [0m<inf> matter: Init CHIP stack[0m
  41.686 [1;32muart:~$ [m[8D[J[1;32muart:~$ [m[8D[J[00:00:02.889,000] [0m<inf> chip: [SVR]Initializing session resumption storage...[0m
  41.736 [1;32muart:~$ [m[8D[J[1;32muart:~$ [m[8D[J[00:00:02.891,000] [0m<inf> chip: [SVR]Server initializing...[0m
  41.736 [1;32muart:~$ [m[8D[J[1;32muart:~$ [m[8D[J[00:00:02.891,000] [0m<dbg> chip.LogV: [FP]Initializing FabricTable from persistent storage[0m
  41.736 [1;32muart:~$ [m[8D[J[1;32muart:~$ [m[8D[J[00:00:03.003,000] [0m<inf> chip: [TS]Last Known Good Time: 2026-09-14T15:01:11[0m
  41.736 [1;32muart:~$ [m[8D[J[1;32muart:~$ [m[8D[J[00:00:03.226,000] [0m<inf> chip: [DMG]AccessControl: initializing[0m
  42.110 [1;32muart:~$ [m[8D[J[1;32muart:~$ [m[8D[J[00:00:03.355,000] [0m<inf> chip: [DMG]Examples::AccessControlDelegate::Init[0m
  42.160 [1;32muart:~$ [m[8D[J[1;32muart:~$ [m[8D[J[00:00:03.363,000] [0m<inf> chip: [DMG]AccessControl: setting[0m
  42.160 [1;32muart:~$ [m[8D[J[1;32muart:~$ [m[8D[J[00:00:03.365,000] [0m<inf> chip: [DMG]DefaultAclStorage: initializing[0m
  42.160 [1;32muart:~$ [m[8D[J[1;32muart:~$ [m[8D[J[00:00:03.366,000] [0m<inf> chip: [DMG]DefaultAclStorage: 0 entries loaded[0m
  42.210 [1;32muart:~$ [m[8D[J[1;32muart:~$ [m[8D[J[00:00:03.366,000] [0m<inf> chip: [SVR]WARNING: mTestEventTriggerDelegate is null[0m
  42.210 [1;32muart:~$ [m[8D[J[1;32muart:~$ [m[8D[J[00:00:03.367,000] [0m<dbg> chip.LogV: [IN]UDP::Init bind&listen port=5540[0m
  42.210 [1;32muart:~$ [m[8D[J[1;32muart:~$ [m[8D[J[00:00:03.370,000] [0m<dbg> chip.LogV: [IN]UDP::Init bound to port=5540[0m
  42.210 [1;32muart:~$ [m[8D[J[1;32muart:~$ [m[8D[J[00:00:03.370,000] [0m<dbg> chip.LogV: [IN]TransportMgr initialized[0m
  42.264 [1;32muart:~$ [m[8D[J[1;32muart:~$ [m[8D[J[00:00:03.709,000] [0m<inf> matter: IPv6 address added, starting Matter[0m
  42.264 [1;32muart:~$ [m[8D[J[1;32muart:~$ [m[8D[J[00:00:03.710,000] [0m<inf> matter: Matter start work already submitted[0m
  44.285 [1;32muart:~$ [m[8D[J[1;32muart:~$ [m[8D[J[00:00:04.978,000] [0m<inf> chip: [ZCL]Using ZAP configuration...[0m
  44.285 [1;32muart:~$ [m[8D[J[1;32muart:~$ [m[8D[J[00:00:05.089,000] [0m<dbg> chip.LogV: [DMG]Failed to read stored attribute (1, 0x0000_0006, 0x0000_0000: a0[0m
  44.336 [1;32muart:~$ [m[8D[J[1;32muart:~$ [m[8D[J[00:00:05.198,000] [0m<dbg> chip.LogV: [DMG]Failed to read stored attribute (1, 0x0000_0006, 0x0000_4003: a0[0m
  44.336 [1;32muart:~$ [m[8D[J[1;32muart:~$ [m[8D[J[00:00:05.307,000] [0m<dbg> chip.LogV: [DMG]Failed to read stored attribute (2, 0x0000_0006, 0x0000_0000: a0[0m
  44.336 [1;32muart:~$ [m[8D[J[1;32muart:~$ [m[8D[J[00:00:05.416,000] [0m<dbg> chip.LogV: [DMG]Failed to read stored attribute (2, 0x0000_0006, 0x0000_4003: a0[0m
  44.386 [1;32muart:~$ [m[8D[J[1;32muart:~$ [m[8D[J[00:00:05.525,000] [0m<dbg> chip.LogV: [DMG]Failed to read stored attribute (3, 0x0000_0006, 0x0000_0000: a0[0m
  44.386 [1;32muart:~$ [m[8D[J[1;32muart:~$ [m[8D[J[00:00:05.634,000] [0m<dbg> chip.LogV: [DMG]Failed to read stored attribute (3, 0x0000_0006, 0x0000_4003: a0[0m
  44.386 [1;32muart:~$ [m[8D[J[1;32muart:~$ [m[8D[J[00:00:05.751,000] [0m<dbg> chip.LogV: [DMG]Failed to read stored attribute (4, 0x0000_0006, 0x0000_0000: a0[0m
  44.440 [1;32muart:~$ [m[8D[J[1;32muart:~$ [m[8D[J[00:00:05.862,000] [0m<dbg> chip.LogV: [DMG]Failed to read stored attribute (4, 0x0000_0006, 0x0000_4003: a0[0m
  44.440 [1;32muart:~$ [m[8D[J[00:00:05.866,000] [0m<dbg> chip.LogV: [DL]Boot reason: 1[0m
  44.702 [1;32muart:~$ [m[8D[J[1;32muart:~$ [m[8D[J[1;32muart:~$ [m[8D[J[00:00:06.040,000] [0m<inf> chip: [ZCL]Boot reason: 1[0m
  44.702 [1;32muart:~$ [m[8D[J[1;32muart:~$ [m[8D[J[00:00:06.041,000] [0m<inf> chip: [ZCL]Endpoint 1 On/off already set to new value[0m
  44.702 [1;32muart:~$ [m[8D[J[00:00:06.043,000] [0m<inf> chip: [ZCL]Boot reason: 1[0m
  44.752 [1;32muart:~$ [m[8D[J[1;32muart:~$ [m[8D[J[1;32muart:~$ [m[8D[J[00:00:06.044,000] [0m<inf> chip: [ZCL]Endpoint 2 On/off already set to new value[0m
  44.752 [1;32muart:~$ [m[8D[J[00:00:06.047,000] [0m<inf> chip: [ZCL]Boot reason: 1[0m
  44.752 [1;32muart:~$ [m[8D[J[1;32muart:~$ [m[8D[J[1;32muart:~$ [m[8D[J[00:00:06.047,000] [0m<inf> chip: [ZCL]Endpoint 3 On/off already set to new value[0m
  44.752 [1;32muart:~$ [m[8D[J[00:00:06.050,000] [0m<inf> chip: [ZCL]Boot reason: 1[0m
  44.802 [1;32muart:~$ [m[8D[J[1;32muart:~$ [m[8D[J[1;32muart:~$ [m[8D[J[00:00:06.051,000] [0m<inf> chip: [ZCL]Endpoint 4 On/off already set to new value[0m
  44.802 [1;32muart:~$ [m[8D[J[1;32muart:~$ [m[8D[J[00:00:06.065,000] [0m<dbg> chip.LogV: [EVL]LogEvent event number: 0x0000000000020000 priority: 2, endpoint id:  0x0 cluster id: 0x0000_0033 event id: 0x3 Sys timestamp: 0x0000000000000C63[0m
  44.802 [1;32muart:~$ [m[8D[J[00:00:06.282,000] [0m<inf> chip: [DMG]AccessControlCluster: initializing[0m
  44.852 [1;32muart:~$ [m[8D[J[1;32muart:~$ [m[8D[J[1;32muart:~$ [m[8D[J[00:00:06.429,000] [0m<inf> chip: [DIS]Updating services using commissioning mode 0[0m
  44.902 [1;32muart:~$ [m[8D[J[1;32muart:~$ [m[8D[J[00:00:06.440,000] [0m<inf> chip: [DIS]CHIP minimal mDNS started advertising.[0m
  44.902 [1;32muart:~$ [m[8D[J[1;32muart:~$ [m[8D[J[00:00:06.443,000] [0m<inf> chip: [IN]CASE Server enabling CASE session setups[0m
  44.902 [1;32muart:~$ [m[8D[J[1;32muart:~$ [m[8D[J[00:00:06.445,000] [0m<dbg> chip.LogV: [IN]SecureSession[0x700018f0]: Allocated Type:2 LSID:16193[0m
  44.902 [1;32muart:~$ [m[8D[J[1;32muart:~$ [m[8D[J[00:00:06.446,000] [0m<dbg> chip.LogV: [SC]Allocated SecureSession (0x700018f0) - waiting for Sigma1 msg[0m
  44.952 [1;32muart:~$ [m[8D[J[00:00:06.446,000] [0m<inf> chip: [SVR]Joining Multicast groups[0m
  44.952 [1;32muart:~$ [m[8D[J[1;32muart:~$ [m[8D[J[1;32muart:~$ [m[8D[J[00:00:06.447,000] [0m<dbg> chip.LogV: [ZCL]Emitting StartUp event[0m
  45.003 [1;32muart:~$ [m[8D[J[1;32muart:~$ [m[8D[J[00:00:06.450,000] [0m<dbg> chip.LogV: [EVL]LogEvent event number: 0x0000000000020001 priority: 2, endpoint id:  0x0 cluster id: 0x0000_0028 event id: 0x0 Sys timestamp: 0x0000000000000DE4[0m
  45.003 [1;32muart:~$ [m[8D[J[00:00:06.451,000] [0m<inf> chip: [SVR]Server initialization complete[0m
  45.003 [1;32muart:~$ [m[8D[J[00:00:06.451,000] [0m<inf> chip: [SVR]Server Listening...[0m
  46.017 [1;32muart:~$ [m[8D[J[1;32muart:~$ [m[8D[J[1;32muart:~$ [m[8D[J[00:00:06.588,000] [0m<inf> matter: Matter stack initialized[0m
  46.017 [1;32muart:~$ [m[8D[J[1;32muart:~$ [m[8D[J[00:00:06.596,000] [0m<inf> matter: Matter event loop started[0m
  46.017 [1;32muart:~$ [m[8D[J[1;32muart:~$ [m[8D[J[00:00:06.599,000] [0m<inf> matter_event_loop: Init io_to_matter_stream[0m
  46.017 [1;32muart:~$ [m[8D[J[1;32muart:~$ [m[8D[J[00:00:06.602,000] [0m<inf> matter_event_loop: Start io_to_matter_stream[0m
  46.067 [1;32muart:~$ [m[8D[J[00:00:06.610,000] [0m<inf> chip: [DL]CHIP task running[0m
  46.067 [1;32muart:~$ [m[8D[J[1;32muart:~$ [m[8D[J[1;32muart:~$ [m[8D[J[00:00:06.612,000] [0m<inf> chip: [DIS]Updating services using commissioning mode 0[0m
  46.067 [1;32muart:~$ [m[8D[J[1;32muart:~$ [m[8D[J[00:00:06.617,000] [0m<inf> chip: [DIS]CHIP minimal mDNS started advertising.[0m
  46.122 [1;32muart:~$ [m[8D[J[1;32muart:~$ [m[8D[J[00:00:06.841,000] [1;31m<err> chip: [DL]Long dispatch time: 220 ms, for event type 2[0m
