# 2026-09-14, board B (J-Link 000941000024). tests/esp_loader_flash_probe (read-only: connect, read_mac,
# flash_detect_size, flash_read, reset_target; no write/erase/begin). Uploaded with hw/run_image_b.py.
# zephyr.signed.bin sha256 61c07f830cc6bedd491219c518e72a37d890d8ff822a6e8336404af6ba18b15e,
# MCUboot image hash feb01185a95e851f2f31b4fe31c5469488e7b7fdfe6a9fe43fa00d9a7758bc81. Worktree cedar_p6 at 4e5b8a4 + the probe.
I: Image index: 0, Swap type: none
I: Detected ESP-PSRAM64H (ID D 5D 46 A1 21)
I: PSRAM initialised in QPI mode, 8192 KB
*** Using Zephyr OS build v4.4.0-12983-gb6a5e6e8aa90 ***
I: Starting bootloader
[m
[1;32muart:~$ [mI: ICACHE alias: 0x02000000 -> 0x90000000 (4MB)
I: 0x90000000..0x9000001F:
I: 3d b8 f3 96 0 0 0 0 0 4 0 0 8 a0 0 0
I: 0 0 0 0 0 0 0 0 0 0 0 0 0 0 0 0
I: Alias[0x02000000..0x0200001F]:
I: 3d b8 f3 96 0 0 0 0 0 4 0 0 8 a0 0 0
I: 0 0 0 0 0 0 0 0 0 0 0 0 0 0 0 0
I: PSRAM 0x70000000..0x7000001F:
I: c af 11 2 78 c9 1 70 6c 97 11 2 ec e 0 70
I: d0 96 11 2 54 97 11 2 0 0 0 0 94 c8 13 2
I: PSRAM write/read: PASS
I: Primary image: magic=unset, swap_type=0x1, copy_done=0x3, image_ok=0x3
I: Scratch: magic=unset, swap_type=0x1, copy_done=0x3, image_ok=0x3
I: Boot source: primary slot
I: Image index: 0, Swap type: none
I: Bootloader chainload address offset: 0x0
I: Image version: v0.0.0
I: Jumping to the first image slot
*** Booting Zephyr OS build v4.4.0-12983-gb6a5e6e8aa90 ***
[00:00:00.005,000] [0m<inf> esp_flash_probe: esp32-c6 flash probe (read-only)[0m
[I] esf: Connected - target: ESP32-C6
[00:00:00.534,000] [0m<inf> esp_flash_probe: connected in 522 ms, target 8 (ESP32-C6 is 8)[0m
[00:00:00.548,000] [0m<inf> esp_flash_probe: read_mac: 0, 40:4c:ca:5c:46:f8[0m
[00:00:00.595,000] [0m<inf> esp_flash_probe: flash_detect_size: 0, 4194304 bytes[0m
[I] esf: Flash size: 4 MB
REGION bootloader (0x0) addr=0x000000 len=4096 ms=594 blank=4096 crc32=f154670a
    ... 256 blank rows
REGION partition table (0x8000) addr=0x008000 len=3072 ms=418 blank=3072 crc32=bd8538d6
    ... 192 blank rows
REGION nvs head (0x9000) addr=0x009000 len=256 ms=39 blank=256 crc32=fea8a821
    ... 16 blank rows
REGION otadata[0] (0xd000) addr=0x00d000 len=64 ms=13 blank=64 crc32=0f6187ba
    ... 4 blank rows
REGION otadata[1] (0xe000) addr=0x00e000 len=64 ms=13 blank=64 crc32=0f6187ba
    ... 4 blank rows
REGION phy_init head (0xf000) addr=0x00f000 len=64 ms=13 blank=64 crc32=0f6187ba
    ... 4 blank rows
REGION ota_0 head (0x10000) addr=0x010000 len=512 ms=74 blank=512 crc32=bd7bc39f
    ... 32 blank rows
REGION ota_1 head (0x1d0000) addr=0x1d0000 len=512 ms=73 blank=512 crc32=bd7bc39f
    ... 32 blank rows
[00:00:02.047,000] [0m<inf> esp_flash_probe: target released to normal boot[0m
[00:00:02.054,000] [0m<inf> esp_flash_probe: PASS[0m
