I: Detected ESP-PSRAM64H (ID D 5D 46 A0 2F)
I: PSRAM initialised in QPI mode, 8192 KB
*** Using Zephyr OS build v4.4.0-12983-gb6a5e6e8aa90 ***
I: Starting bootloader
I: ICACHE alias: 0x02000000 -> 0x90000000 (4MB)
I: 0x90000000..0x9000001F:
I: 3d b8 f3 96 0 0 0 0 0 4 0 0 38 53 11 0
I: 0 0 0 0 0 0 0 0 0 0 0 0 0 0 0 0
I: Alias[0x02000000..0x0200001F]:
I: 3d b8 f3 96 0 0 0 0 0 4 0 0 38 53 11 0
I: 0 0 0 0 0 0 0 0 0 0 0 0 0 0 0 0
I: PSRAM 0x70000000..0x7000001F:
I: 38 f1 f 2 30 bb 1 70 98 d9 f 2 fc c 0 70
I: fc d8 f 2 80 d9 f 2 0 0 0 0 1c 7d 10 2
I: PSRAM write/read: PASS
I: Primary image: magic=good, swap_type=0x4, copy_done=0x1, image_ok=0x1
I: Scratch: magic=bad, swap_type=0x1, copy_done=0x2, image_ok=0x2
I: Boot source: none
I: Image index: 0, Swap type: none
I: Bootloader chainload address offset: 0x0
I: Image version: v0.0.0
I: Jumping to the first image slot
[m
[1;32muart:~$ [m[8D[J[00:00:00.842,000] [0m<inf> esp_hosted_mcu_core: coprocessor priv event 34[0m
[1;32muart:~$ [m[8D[J[00:00:00.846,000] [0m<inf> esp_hosted_mcu_core: coprocessor firmware v3.0.6[0m
[1;32muart:~$ [m[8D[J[00:00:00.846,000] [1;31m<err> mb85rsxx: invalid device ID: 04 7F 03 02[0m
[1;32muart:~$ [m[8D[J[00:00:00.846,000] [1;31m<err> mb85rsxx: Failed to initialize device, RDID check failed (err -5)[0m
[1;32muart:~$ [m[8D[J[00:00:00.846,000] [0m<inf> eth_w5500: ETH_W5500: interrupt mode[0m
[1;32muart:~$ [m[8D[J[00:00:00.854,000] [0m<inf> eth_w5500: W5500 Initialized[0m
[1;32muart:~$ [m[8D[J[00:00:00.855,000] [0m<inf> spi_nor: SPI_FLASH: SFDP v 1.0 AP ff with 1 PH[0m
[1;32muart:~$ [m[8D[J[00:00:00.855,000] [0m<inf> spi_nor: PH0: ff00 rev 1.0: 9 DW @ 80[0m
[1;32muart:~$ [m[8D[J[00:00:00.855,000] [0m<inf> spi_nor: SPI_FLASH: 16 MiBy flash[0m
[1;32muart:~$ [m[8D[J[00:00:01.356,000] [1;31m<err> net_ethernet: Invalid MAC address for iface 1 (0x20002c90)[0m
[1;32muart:~$ [m[8D[J[00:00:01.357,000] [0m<inf> littlefs: LittleFS version 2.11, disk version 2.1[0m
[1;32muart:~$ [m[8D[J[00:00:01.358,000] [0m<inf> littlefs: FS at SPI_FLASH:0xa00000 is 1280 0x1000-byte blocks with 1024 cycle[0m
[1;32muart:~$ [m[8D[J[00:00:01.358,000] [0m<inf> littlefs: partition sizes: rd 256 ; pr 256 ; ca 2048 ; la 256[0m
[1;32muart:~$ [m[8D[J*** Booting Zephyr OS build v4.4.0-12983-gb6a5e6e8aa90 ***
[1;32muart:~$ [m[8D[J[00:00:01.444,000] [0m<inf> shell_telnet: Telnet shell backend initialized[0m
[1;32muart:~$ [m[8D[J[00:00:01.445,000] [0m<inf> main_app: Start main app (build: Sep 12 2026 21:56:16) version 8[0m
[1;32muart:~$ [m[8D[J[00:00:01.445,000] [0m<inf> main_app: PSRAM @0x701aa890: write/read 1024 words OK[0m
[1;32muart:~$ [m[8D[J[00:00:01.484,000] [0m<inf> settings_registry: 0 keys registered, 0 rejected[0m
[1;32muart:~$ [m[8D[J[00:00:01.484,000] [0m<inf> io: Start io init[0m
[1;32muart:~$ [m[8D[J[00:00:01.682,000] [0m<inf> net_init: EEPROM MAC: 80:34:28:10:12:73[0m
[1;32muart:~$ [m[8D[J[00:00:01.682,000] [0m<inf> eth_w5500: ETH_W5500 MAC set to 80:34:28:10:12:73[0m
[1;32muart:~$ [m[8D[J[00:00:01.683,000] [0m<inf> net_init: Network interface up with MAC 80:34:28:10:12:73[0m
[1;32muart:~$ [m[8D[J[00:00:01.689,000] [0m<inf> io: Start io outputs task[0m
[1;32muart:~$ [m[8D[J[1;32muart:~$ [m[8D[J[1;32muart:~$ [m[8D[J[00:00:02.356,000] [0m<inf> eth_w5500: ETH_W5500: Link speed 100 Mb, full duplex[0m
[1;32muart:~$ [m[8D[J[00:00:02.374,000] [0m<inf> matter: Net callback IPv6 got, start matter after 5 sec[0m
[1;32muart:~$ [m[8D[J[00:00:02.383,000] [1;33m<wrn> net_dhcpv4: DHCP server provided more DNS servers than can be saved[0m
[1;32muart:~$ [m[8D[J[00:00:02.397,000] [1;33m<wrn> net_dhcpv4: DHCP server provided more DNS servers than can be saved[0m
[1;32muart:~$ [m[8D[J[00:00:02.398,000] [0m<inf> net_dhcpv4: Received: 192.168.88.14[0m
[1;32muart:~$ [m[8D[J[00:00:04.005,000] [0m<inf> REST_API_relays_state: GET /api/relays/state[0m
[1;32muart:~$ [m[8D[J[00:00:04.006,000] [0m<dbg> REST_API_relays_state.relays_state_handler: GET /api/relays/state: {"relay1": false, "relay2": false, "relay3": false, "relay4": false }[0m
[1;32muart:~$ [m[8D[J[1;31m[1;31m--- 1 messages dropped ---
[0m[m[00:00:04.013,000] [0m<inf> REST_API_relays_state: GET /api/relays/state[0m
[1;32muart:~$ [m[8D[J[1;31m[1;31m--- 1 messages dropped ---
[0m[m[00:00:04.014,000] [0m<dbg> REST_API_relays_state.relays_state_handler: GET /api/relays/state: {"relay1": false, "relay2": false, "relay3": false, "relay4": false }[0m
[1;32muart:~$ [m[8D[J[1;31m[1;31m--- 1 messages dropped ---
[0m[m[00:00:04.631,000] [0m<inf> REST_API_relays_state: GET /api/relays/state[0m
[1;32muart:~$ [m[8D[J[00:00:04.632,000] [0m<dbg> REST_API_relays_state.relays_state_handler: GET /api/relays/state: {"relay1": false, "relay2": false, "relay3": false, "relay4": false }[0m
[1;32muart:~$ [m[8D[J[1;31m[1;31m--- 1 messages dropped ---
[0m[m[00:00:04.639,000] [0m<inf> REST_API_relays_state: GET /api/relays/state[0m
[1;32muart:~$ [m[8D[J[1;31m[1;31m--- 1 messages dropped ---
[0m[m[00:00:04.639,000] [0m<dbg> REST_API_relays_state.relays_state_handler: GET /api/relays/state: {"relay1": false, "relay2": false, "relay3": false, "relay4": false }[0m
[1;32muart:~$ [m[8D[J[1;31m[1;31m--- 1 messages dropped ---
[0m[m[00:00:05.259,000] [0m<inf> REST_API_relays_state: GET /api/relays/state[0m
[1;32muart:~$ [m[8D[J[00:00:05.267,000] [0m<inf> REST_API_relays_state: GET /api/relays/state[0m
[1;32muart:~$ [m[8D[J[00:00:05.885,000] [0m<inf> REST_API_relays_state: GET /api/relays/state[0m
[1;32muart:~$ [m[8D[J[00:00:05.892,000] [0m<inf> REST_API_relays_state: GET /api/relays/state[0m
[1;32muart:~$ [m[8D[J[1;31m[1;31m--- 1 messages dropped ---
[0m[m[00:00:05.893,000] [0m<dbg> REST_API_relays_state.relays_state_handler: GET /api/relays/state: {"relay1": false, "relay2": false, "relay3": false, "relay4": false }[0m
[1;32muart:~$ [m[8D[J[1;31m[1;31m--- 1 messages dropped ---
[0m[m[00:00:06.510,000] [0m<inf> REST_API_relays_state: GET /api/relays/state[0m
[1;32muart:~$ [m[8D[J[00:00:06.517,000] [0m<inf> REST_API_relays_state: GET /api/relays/state[0m
[1;32muart:~$ [m[8D[J[00:00:06.518,000] [0m<dbg> REST_API_relays_state.relays_state_handler: GET /api/relays/state: {"relay1": false, "relay2": false, "relay3": false, "relay4": false }[0m
[1;32muart:~$ [m[8D[J[1;31m[1;31m--- 1 messages dropped ---
[0m[m[00:00:07.135,000] [0m<inf> REST_API_relays_state: GET /api/relays/state[0m
[1;32muart:~$ [m[8D[J[00:00:07.142,000] [0m<inf> REST_API_relays_state: GET /api/relays/state[0m
[1;32muart:~$ [m[8D[J[00:00:07.760,000] [0m<inf> matter: Net callback IPv6 got, start matter after 5 sec[0m
[1;32muart:~$ [m[8D[J[1;31m[1;31m--- 1 messages dropped ---
[0m[m[00:00:07.764,000] [0m<inf> REST_API_relays_state: GET /api/relays/state[0m
[1;32muart:~$ [m[8D[J[1;31m[1;31m--- 1 messages dropped ---
[0m[m[00:00:07.771,000] [0m<inf> REST_API_relays_state: GET /api/relays/state[0m
[1;32muart:~$ [m[8D[J[00:00:08.419,000] [0m<inf> REST_API_relays_state: GET /api/relays/state[0m
[1;32muart:~$ [m[8D[J[00:00:08.420,000] [0m<dbg> REST_API_relays_state.relays_state_handler: GET /api/relays/state: {"relay1": false, "relay2": false, "relay3": false, "relay4": false }[0m
[1;32muart:~$ [m[8D[J[00:00:08.426,000] [0m<inf> REST_API_relays_state: GET /api/relays/state[0m
[1;32muart:~$ [m[8D[J[1;31m[1;31m--- 1 messages dropped ---
[0m[m[00:00:09.037,000] [0m<inf> matter: Init CHIP stack[0m
[1;32muart:~$ [m[8D[J[1;31m[1;31m--- 1 messages dropped ---
[0m[m[00:00:09.067,000] [0m<inf> REST_API_relays_state: GET /api/relays/state[0m
[1;32muart:~$ [m[8D[J[00:00:09.067,000] [0m<dbg> REST_API_relays_state.relays_state_handler: GET /api/relays/state: {"relay1": false, "relay2": false, "relay3": false, "relay4": false }[0m
[1;32muart:~$ [m[8D[J[1;31m[1;31m--- 1 messages dropped ---
[0m[m[00:00:09.074,000] [0m<inf> REST_API_relays_state: GET /api/relays/state[0m
[1;32muart:~$ [m[8D[J[00:00:09.823,000] [0m<inf> REST_API_relays_state: GET /api/relays/state[0m
[1;32muart:~$ [m[8D[J[00:00:09.831,000] [0m<inf> REST_API_relays_state: GET /api/relays/state[0m
[1;32muart:~$ [m[8D[J[1;31m[1;31m--- 1 messages dropped ---
[0m[m[00:00:09.831,000] [0m<dbg> REST_API_relays_state.relays_state_handler: GET /api/relays/state: {"relay1": false, "relay2": false, "relay3": false, "relay4": false }[0m
[1;32muart:~$ [m[8D[J[1;31m[1;31m--- 1 messages dropped ---
[0m[m[00:00:10.540,000] [0m<inf> REST_API_relays_state: GET /api/relays/state[0m
[1;32muart:~$ [m[8D[J[1;31m[1;31m--- 1 messages dropped ---
[0m[m[00:00:10.541,000] [0m<dbg> REST_API_relays_state.relays_state_handler: GET /api/relays/state: {"relay1": false, "relay2": false, "relay3": false, "relay4": false }[0m
[1;32muart:~$ [m[8D[J[1;31m[1;31m--- 1 messages dropped ---
[0m[m[00:00:10.548,000] [0m<inf> REST_API_relays_state: GET /api/relays/state[0m
[1;32muart:~$ [m[8D[J[1;31m[1;31m--- 1 messages dropped ---
[0m[m[00:00:11.167,000] [0m<inf> REST_API_relays_state: GET /api/relays/state[0m
[1;32muart:~$ [m[8D[J[1;31m[1;31m--- 2 messages dropped ---
[0m[m[00:00:11.174,000] [0m<inf> REST_API_relays_state: GET /api/relays/state[0m
[1;32muart:~$ [m[8D[J[00:00:11.792,000] [0m<inf> REST_API_relays_state: GET /api/relays/state[0m
[1;32muart:~$ [m[8D[J[00:00:11.792,000] [0m<dbg> REST_API_relays_state.relays_state_handler: GET /api/relays/state: {"relay1": false, "relay2": false, "relay3": false, "relay4": false }[0m
[1;32muart:~$ [m[8D[J[1;31m[1;31m--- 1 messages dropped ---
[0m[m[00:00:11.799,000] [0m<inf> REST_API_relays_state: GET /api/relays/state[0m
[1;32muart:~$ [m[8D[J[00:00:12.422,000] [0m<inf> REST_API_relays_state: GET /api/relays/state[0m
[1;32muart:~$ [m[8D[J[1;31m[1;31m--- 1 messages dropped ---
[0m[m[00:00:12.429,000] [0m<inf> REST_API_relays_state: GET /api/relays/state[0m
[1;32muart:~$ [m[8D[J[00:00:12.430,000] [0m<dbg> REST_API_relays_state.relays_state_handler: GET /api/relays/state: {"relay1": false, "relay2": false, "relay3": false, "relay4": false }[0m
[1;32muart:~$ [m[8D[J[1;31m[1;31m--- 1 messages dropped ---
[0m[m[00:00:13.051,000] [0m<inf> REST_API_relays_state: GET /api/relays/state[0m
[1;32muart:~$ [m[8D[J[1;31m[1;31m--- 1 messages dropped ---
[0m[m[00:00:13.058,000] [0m<inf> REST_API_relays_state: GET /api/relays/state[0m
[1;32muart:~$ [m[8D[J[00:00:13.680,000] [0m<inf> REST_API_relays_state: GET /api/relays/state[0m
[1;32muart:~$ [m[8D[J[1;31m[1;31m--- 1 messages dropped ---
[0m[m[00:00:13.688,000] [0m<inf> REST_API_relays_state: GET /api/relays/state[0m
[1;32muart:~$ [m[8D[J[1;31m[1;31m--- 2 messages dropped ---
[0m[m[00:00:14.322,000] [0m<inf> REST_API_relays_state: GET /api/relays/state[0m
[1;32muart:~$ [m[8D[J[00:00:14.322,000] [0m<dbg> REST_API_relays_state.relays_state_handler: GET /api/relays/state: {"relay1": false, "relay2": false, "relay3": false, "relay4": false }[0m
[1;32muart:~$ [m[8D[J[00:00:14.330,000] [0m<dbg> REST_API_relays_state.relays_state_handler: GET /api/relays/state: {"relay1": false, "relay2": false, "relay3": false, "relay4": false }[0m
[1;32muart:~$ [m[8D[J[1;31m[1;31m--- 1 messages dropped ---
[0m[m[00:00:15.048,000] [0m<inf> REST_API_relays_state: GET /api/relays/state[0m
[1;32muart:~$ [m[8D[J[00:00:15.055,000] [0m<inf> REST_API_relays_state: GET /api/relays/state[0m
[1;32muart:~$ [m[8D[J[1;31m[1;31m--- 1 messages dropped ---
[0m[m[00:00:15.683,000] [0m<inf> REST_API_relays_state: GET /api/relays/state[0m
[1;32muart:~$ [m[8D[J[1;31m[1;31m--- 1 messages dropped ---
[0m[m[00:00:15.684,000] [0m<dbg> REST_API_relays_state.relays_state_handler: GET /api/relays/state: {"relay1": false, "relay2": false, "relay3": false, "relay4": false }[0m
[1;32muart:~$ [m[8D[J[1;31m[1;31m--- 1 messages dropped ---
[0m[m[00:00:16.315,000] [0m<inf> REST_API_relays_state: GET /api/relays/state[0m
[1;32muart:~$ [m[8D[J[1;31m[1;31m--- 1 messages dropped ---
[0m[m[00:00:16.322,000] [0m<inf> REST_API_relays_state: GET /api/relays/state[0m
[1;32muart:~$ [m[8D[J[00:00:17.083,000] [0m<inf> REST_API_relays_state: GET /api/relays/state[0m
[1;32muart:~$ [m[8D[J[1;31m[1;31m--- 1 messages dropped ---
[0m[m[00:00:17.084,000] [0m<dbg> REST_API_relays_state.relays_state_handler: GET /api/relays/state: {"relay1": false, "relay2": false, "relay3": false, "relay4": false }[0m
[1;32muart:~$ [m[8D[J[1;31m[1;31m--- 1 messages dropped ---
[0m[m[00:00:17.090,000] [0m<inf> REST_API_relays_state: GET /api/relays/state[0m
[1;32muart:~$ [m[8D[J[00:00:17.740,000] [0m<inf> REST_API_relays_state: GET /api/relays/state[0m
[1;32muart:~$ [m[8D[J[1;31m[1;31m--- 1 messages dropped ---
[0m[m[00:00:17.740,000] [0m<dbg> REST_API_relays_state.relays_state_handler: GET /api/relays/state: {"relay1": false, "relay2": false, "relay3": false, "relay4": false }[0m
[1;32muart:~$ [m[8D[J[1;31m[1;31m--- 2 messages dropped ---
[0m[m[00:00:17.747,000] [0m<inf> REST_API_relays_state: GET /api/relays/state[0m
[1;32muart:~$ [m[8D[J[1;31m[1;31m--- 1 messages dropped ---
[0m[m[00:00:18.395,000] [0m<inf> REST_API_relays_state: GET /api/relays/state[0m
[1;32muart:~$ [m[8D[J[1;31m[1;31m--- 1 messages dropped ---
[0m[m[00:00:18.402,000] [0m<inf> REST_API_relays_state: GET /api/relays/state[0m
[1;32muart:~$ [m[8D[J[1;31m[1;31m--- 1 messages dropped ---
[0m[m[00:00:19.056,000] [0m<inf> REST_API_relays_state: GET /api/relays/state[0m
[1;32muart:~$ [m[8D[J[00:00:19.063,000] [0m<inf> REST_API_relays_state: GET /api/relays/state[0m
[1;32muart:~$ [m[8D[J[1;31m[1;31m--- 1 messages dropped ---
[0m[m[00:00:19.712,000] [0m<inf> REST_API_relays_state: GET /api/relays/state[0m
[1;32muart:~$ [m[8D