I: Detected ESP-PSRAM64H (ID D 5D 46 A1 21)
I: PSRAM initialised in QPI mode, 8192 KB
*** Using Zephyr OS build v4.4.0-12983-gb6a5e6e8aa90 ***
I: Starting bootloader

uart:~$ I: ICACHE alias: 0x02000000 -> 0x90000000 (4MB)
I: 0x90000000..0x9000001F:
I: 3d b8 f3 96 0 0 0 0 0 4 0 0 f0 9b 13 0
I: 0 0 0 0 0 0 0 0 0 0 0 0 0 0 0 0
I: Alias[0x02000000..0x0200001F]:
I: 3d b8 f3 96 0 0 0 0 0 4 0 0 f0 9b 13 0
I: 0 0 0 0 0 0 0 0 0 0 0 0 0 0 0 0
I: PSRAM 0x70000000..0x7000001F:
I: 15 55 16 d1 da 55 54 ce 5d 6f 56 d4 84 4f 55 55
I: 57 58 5c d9 c5 d5 d5 55 d7 55 47 5c 55 d5 54 f5
I: PSRAM write/read: PASS
I: Primary image: magic=unset, swap_type=0x1, copy_done=0x3, image_ok=0x3
I: Scratch: magic=unset, swap_type=0x1, copy_done=0x3, image_ok=0x3
I: Boot source: primary slot
I: Image index: 0, Swap type: none
I: Bootloader chainload address offset: 0x0
I: Image version: v0.0.0
I: Jumping to the first image slot

uart:~$ [00:00:01.664,000] <wrn> esp_hosted_mcu_core: coprocessor firmware version unknown, expected v3.0.0
uart:~$ [00:00:01.664,000] <err> mb85rsxx: invalid device ID: 00 00 00 00
uart:~$ [00:00:01.665,000] <err> mb85rsxx: Failed to initialize device, RDID check failed (err -5)
uart:~$ [00:00:01.665,000] <inf> eth_w5500: ETH_W5500: interrupt mode
uart:~$ [00:00:01.674,000] <inf> eth_w5500: W5500 Initialized
uart:~$ [00:00:01.674,000] <inf> spi_nor: SPI_FLASH: SFDP v 1.5 AP ff with 1 PH
uart:~$ [00:00:01.675,000] <inf> spi_nor: PH0: ff00 rev 1.5: 16 DW @ 80
uart:~$ [00:00:01.675,000] <inf> spi_nor: SPI_FLASH: 16 MiBy flash
uart:~$ [00:00:01.776,000] <err> esp_hosted_mcu: coprocessor WifiInit failed
uart:~$ [00:00:01.780,000] <err> net_if: Iface 0x20002e48 device not ready
uart:~$ [00:00:01.781,000] <err> net_ethernet: Invalid MAC address for iface 1 (0x20002d10)
uart:~$ [00:00:01.782,000] <inf> littlefs: LittleFS version 2.11, disk version 2.1
uart:~$ [00:00:01.783,000] <inf> littlefs: FS at SPI_FLASH:0xa00000 is 1280 0x1000-byte blocks with 1024 cycle
uart:~$ [00:00:01.783,000] <inf> littlefs: partition sizes: rd 256 ; pr 256 ; ca 2048 ; la 256
uart:~$ *** Booting Zephyr OS build v4.4.0-12983-gb6a5e6e8aa90 ***
uart:~$ [00:00:01.935,000] <inf> shell_telnet: Telnet shell backend initialized
uart:~$ [00:00:01.936,000] <inf> main_app: Start main app (build: Sep 13 2026 20:09:58) version 8
uart:~$ [00:00:01.936,000] <inf> main_app: PSRAM @0x701cbe58: write/read 1024 words OK
uart:~$ [00:00:01.961,000] <inf> settings_registry: 6 keys registered, 0 rejected
uart:~$ [00:00:01.962,000] <inf> io: Start io init
uart:~$ [00:00:01.964,000] <inf> net_init: EEPROM MAC: 80:34:28:10:6a:1d
uart:~$ [00:00:01.964,000] <inf> eth_w5500: ETH_W5500 MAC set to 80:34:28:10:6a:1d
uart:~$ [00:00:01.965,000] <inf> net_init: Network interface up with MAC 80:34:28:10:6a:1d
uart:~$ [00:00:01.995,000] <wrn> web_server: no administrator yet: setup is open on the web page
uart:~$ [00:00:01.995,000] <inf> web_server: web interface cedar-2037394c3543501200210047, firmware 0cb7f6047410-dirty, frontend 0.1.0+31cfd0a7c580-dirty, boot_4b35d8a4e84ba315
uart:~$ [00:00:02.000,000] <inf> io: Start io outputs task
uart:~$ uart:~$ uart:~$ [00:00:03.281,000] <inf> eth_w5500: ETH_W5500: Link speed 100 Mb, full duplex
uart:~$ [00:00:03.494,000] <inf> matter: IPv6 address added, starting Matter
uart:~$ [00:00:03.496,000] <inf> matter: Init CHIP stack
uart:~$ [00:00:03.952,000] <inf> chip: [SVR]Initializing session resumption storage...
uart:~$ [00:00:03.953,000] <inf> chip: [SVR]Server initializing...
uart:~$ [00:00:03.954,000] <dbg> chip.LogV: [FP]Initializing FabricTable from persistent storage
uart:~$ [00:00:04.036,000] <inf> chip: [TS]Last Known Good Time: 2023-10-14T01:16:48
uart:~$ [00:00:04.170,000] <wrn> net_dhcpv4: DHCP server provided more DNS servers than can be saved
uart:~$ [00:00:04.185,000] <wrn> net_dhcpv4: DHCP server provided more DNS servers than can be saved
uart:~$ [00:00:04.186,000] <inf> net_dhcpv4: Received: 192.168.88.13
uart:~$ uart:~$ uart:~$ [00:00:04.357,000] <inf> chip: [DMG]AccessControl: initializing
uart:~$ [00:00:04.357,000] <inf> chip: [DMG]Examples::AccessControlDelegate::Init
uart:~$ [00:00:04.358,000] <inf> chip: [DMG]AccessControl: setting
uart:~$ [00:00:04.358,000] <inf> chip: [DMG]DefaultAclStorage: initializing
uart:~$ [00:00:04.359,000] <inf> chip: [DMG]DefaultAclStorage: 0 entries loaded
uart:~$ [00:00:04.359,000] <inf> chip: [SVR]WARNING: mTestEventTriggerDelegate is null
uart:~$ [00:00:04.360,000] <dbg> chip.LogV: [IN]UDP::Init bind&listen port=5540
uart:~$ [00:00:04.363,000] <dbg> chip.LogV: [IN]UDP::Init bound to port=5540
uart:~$ [00:00:04.363,000] <dbg> chip.LogV: [IN]TransportMgr initialized
uart:~$ [00:00:04.463,000] <inf> matter: IPv6 address added, starting Matter
uart:~$ [00:00:04.463,000] <inf> matter: Matter start work already submitted
uart:~$ uart:~$ uart:~$ [00:00:05.584,000] <inf> chip: [ZCL]Using ZAP configuration...
uart:~$ uart:~$ [00:00:05.657,000] <dbg> chip.LogV: [DMG]Failed to read stored attribute (1, 0x0000_0006, 0x0000_0000: a0
uart:~$ [00:00:05.728,000] <dbg> chip.LogV: [DMG]Failed to read stored attribute (1, 0x0000_0006, 0x0000_4003: a0
uart:~$ [00:00:05.799,000] <dbg> chip.LogV: [DMG]Failed to read stored attribute (2, 0x0000_0006, 0x0000_0000: a0
uart:~$ [00:00:05.892,000] <dbg> chip.LogV: [DMG]Failed to read stored attribute (2, 0x0000_0006, 0x0000_4003: a0
uart:~$ [00:00:05.963,000] <dbg> chip.LogV: [DMG]Failed to read stored attribute (3, 0x0000_0006, 0x0000_0000: a0
uart:~$ [00:00:06.033,000] <dbg> chip.LogV: [DMG]Failed to read stored attribute (3, 0x0000_0006, 0x0000_4003: a0
uart:~$ [00:00:06.104,000] <dbg> chip.LogV: [DMG]Failed to read stored attribute (4, 0x0000_0006, 0x0000_0000: a0
uart:~$ [00:00:06.175,000] <dbg> chip.LogV: [DMG]Failed to read stored attribute (4, 0x0000_0006, 0x0000_4003: a0
uart:~$ [00:00:06.179,000] <dbg> chip.LogV: [DL]Boot reason: 1
uart:~$ uart:~$ uart:~$ [00:00:06.337,000] <inf> chip: [ZCL]Boot reason: 1
uart:~$ [00:00:06.338,000] <inf> chip: [ZCL]Endpoint 1 On/off already set to new value
uart:~$ uart:~$ [00:00:06.339,000] <inf> chip: [ZCL]Boot reason: 1
uart:~$ [00:00:06.340,000] <inf> chip: [ZCL]Endpoint 2 On/off already set to new value
uart:~$ [00:00:06.342,000] <inf> chip: [ZCL]Boot reason: 1
uart:~$ [00:00:06.343,000] <inf> chip: [ZCL]Endpoint 3 On/off already set to new value
uart:~$ [00:00:06.345,000] <inf> chip: [ZCL]Boot reason: 1
uart:~$ [00:00:06.345,000] <inf> chip: [ZCL]Endpoint 4 On/off already set to new value
uart:~$ [00:00:06.357,000] <dbg> chip.LogV: [EVL]LogEvent event number: 0x0000000000020000 priority: 2, endpoint id:  0x0 cluster id: 0x0000_0033 event id: 0x3 Sys timestamp: 0x0000000000000962
uart:~$ [00:00:06.499,000] <inf> chip: [DMG]AccessControlCluster: initializing
uart:~$ uart:~$ uart:~$ [00:00:06.634,000] <inf> chip: [DIS]Updating services using commissioning mode 0
uart:~$ [00:00:06.639,000] <inf> chip: [DIS]CHIP minimal mDNS started advertising.
uart:~$ [00:00:06.643,000] <inf> chip: [IN]CASE Server enabling CASE session setups
uart:~$ [00:00:06.644,000] <dbg> chip.LogV: [IN]SecureSession[0x70001588]: Allocated Type:2 LSID:52168
uart:~$ [00:00:06.645,000] <dbg> chip.LogV: [SC]Allocated SecureSession (0x70001588) - waiting for Sigma1 msg
uart:~$ [00:00:06.646,000] <inf> chip: [SVR]Joining Multicast groups
uart:~$ [00:00:06.647,000] <dbg> chip.LogV: [ZCL]Emitting StartUp event
uart:~$ [00:00:06.650,000] <dbg> chip.LogV: [EVL]LogEvent event number: 0x0000000000020001 priority: 2, endpoint id:  0x0 cluster id: 0x0000_0028 event id: 0x0 Sys timestamp: 0x0000000000000A86
uart:~$ [00:00:06.651,000] <inf> chip: [SVR]Server initialization complete
uart:~$ [00:00:06.651,000] <inf> chip: [SVR]Server Listening...
uart:~$ uart:~$ uart:~$ [00:00:06.748,000] <inf> matter: Matter stack initialized
uart:~$ [00:00:06.792,000] <inf> matter: Matter event loop started
uart:~$ [00:00:06.792,000] <inf> matter_event_loop: Init io_to_matter_stream
uart:~$ [00:00:06.793,000] <inf> matter_event_loop: Start io_to_matter_stream
uart:~$ [00:00:06.794,000] <inf> chip: [DL]CHIP task running
uart:~$ uart:~$ uart:~$ [00:00:06.796,000] <inf> chip: [DIS]Updating services using commissioning mode 0
uart:~$ [00:00:06.801,000] <inf> chip: [DIS]CHIP minimal mDNS started advertising.
uart:~$ [00:00:06.945,000] <err> chip: [DL]Long dispatch time: 141 ms, for event type 2
uart:~$ uart:~$ uart:~$ [00:00:08.860,000] <err> os: ***** BUS FAULT *****
uart:~$ [00:00:08.860,000] <err> os:   Precise data bus error
uart:~$ [00:00:08.860,000] <err> os:   BFAR Address: 0xc
uart:~$ [00:00:08.860,000] <err> os: r0/a1:  0x7016c2b0  r1/a2:  0x000000ea  r2/a3:  0x00000000
uart:~$ [00:00:08.860,000] <err> os: r3/a4:  0x000000ea r12/ip:  0x20000914 r14/lr:  0x020623f3
uart:~$ [00:00:08.860,000] <err> os:  xpsr:  0x01000000
uart:~$ [00:00:08.860,000] <err> os: Faulting instruction address (r15/pc): 0x02062406
uart:~$ [00:00:08.860,000] <err> os: >>> ZEPHYR FATAL ERROR 25: Unknown error on CPU 0
uart:~$ [00:00:08.860,000] <err> os: Current thread: 0x20000a10 (eth_w5500)
uart:~$ [00:00:08.892,000] <err> os: Halting system
uart:~$ 